[STATUS] 8290 sec: peers=12, msgs=62841, connected=no
[DISCOVERED] Peer 1: "MacDiscovery" at 10.188.1.213:7354
[STATUS] 8300 sec: peers=13, msgs=62841, connected=no
[STATUS] 8310 sec: peers=13, msgs=62841, connected=no
[STATUS] 8320 sec: peers=13, msgs=62841, connected=no
[STATUS] 8330 sec: peers=13, msgs=62841, connected=no
[STATUS] 8340 sec: peers=13, msgs=62841, connected=no
[STATUS] 8350 sec: peers=13, msgs=62841, connected=no
[STATUS] 8360 sec: peers=13, msgs=62841, connected=no
[STATUS] 8370 sec: peers=13, msgs=62841, connected=no
[STATUS] 8380 sec: peers=13, msgs=62841, connected=no
[STATUS] 8390 sec: peers=13, msgs=62841, connected=no
[STATUS] 8400 sec: peers=13, msgs=62841, connected=no
[STATUS] 8410 sec: peers=13, msgs=62841, connected=no
[CONNECTED] Peer 2
[CAPS] Peer 2: max_msg=4096 chunk=1024 pressure=0 [FRAG]
[CAPS] Peer buffer: recv_buf=8192 optimal_chunk=2048
[CAPS] Effective max message: 4096 bytes
[CAPS] Optimal chunk for peer: 1024 bytes
[MESSAGE] From peer 2: 1024 bytes
[LOG] Detected log stream marker from peer 2 (IP 0x0ABC01D5)
[LOG] Started receiving logs from MacDiscovery (IP 0x0ABC01D5, 2477 bytes expected)
[MESSAGE] From peer 2: 1024 bytes
[LOG] Received 2048/2477 bytes
[MESSAGE] From peer 2: 429 bytes
[LOG] Received 2477/2477 bytes
[LOG] Saved 2469 bytes to plan/performance/mactcp/performa6200/discovery_20260221_160516.log

========== unknown METRICS ==========
=====================================

[STATUS] 8420 sec: peers=13, msgs=62844, connected=yes
[DISCONNECTED] Peer 2 (reason=0)
[STATUS] 8430 sec: peers=13, msgs=62844, connected=no
[STATUS] 8440 sec: peers=13, msgs=62844, connected=no
[STATUS] 8450 sec: peers=13, msgs=62844, connected=no
[STATUS] 8460 sec: peers=13, msgs=62844, connected=no
