[00000050][INF] ========================================
[00000050][INF] PeerTalk Latency Test
[00000050][INF] Version: 1.0.0
[00000050][INF] ========================================
[00000050][INF] Buffer pool: 4 buffers × 4KB
[00000050][INF] Initializing PeerTalk...
[00000150][INF] Waiting for peer...
[00000150][INF] Press any key to exit.
[00000566][INF] DISCOVERED: "PerfPartner" at 10.188.1.173:7354
[00000566][INF] Connecting to peer...
[00000783][INF] CONNECTED to peer 1
[00000783][INF] Starting latency test with size 16
[00000833][DBG] PING seq=0 size=16 sent
[00001083][DBG] PONG seq=0 rtt=15 ticks (250 ms)
[00001083][DBG] PING seq=1 size=16 sent
[00001166][DBG] PONG seq=1 rtt=5 ticks (83 ms)
[00001250][DBG] PING seq=2 size=16 sent
[00001350][DBG] PONG seq=2 rtt=6 ticks (100 ms)
[00001350][DBG] PING seq=3 size=16 sent
[00001450][DBG] PONG seq=3 rtt=6 ticks (100 ms)
[00001450][DBG] PING seq=4 size=16 sent
[00001466][DBG] PONG seq=4 rtt=1 ticks (16 ms)
[00001550][DBG] PING seq=5 size=16 sent
[00001633][DBG] PONG seq=5 rtt=5 ticks (83 ms)
[00001716][DBG] PING seq=6 size=16 sent
[00001800][DBG] PONG seq=6 rtt=5 ticks (83 ms)
[00001816][DBG] PING seq=7 size=16 sent
[00001900][DBG] PONG seq=7 rtt=5 ticks (83 ms)
[00001983][DBG] PING seq=8 size=16 sent
[00002066][DBG] PONG seq=8 rtt=5 ticks (83 ms)
[00002150][DBG] PING seq=9 size=16 sent
[00002233][DBG] PONG seq=9 rtt=5 ticks (83 ms)
[00002316][DBG] PING seq=10 size=16 sent
[00002416][DBG] PONG seq=10 rtt=6 ticks (100 ms)
[00002416][DBG] PING seq=11 size=16 sent
[00002433][DBG] PONG seq=11 rtt=1 ticks (16 ms)
[00002516][DBG] PING seq=12 size=16 sent
[00002600][DBG] PONG seq=12 rtt=5 ticks (83 ms)
[00002683][DBG] PING seq=13 size=16 sent
[00002766][DBG] PONG seq=13 rtt=5 ticks (83 ms)
[00002850][DBG] PING seq=14 size=16 sent
[00002950][DBG] PONG seq=14 rtt=6 ticks (100 ms)
[00002950][DBG] PING seq=15 size=16 sent
[00002966][DBG] PONG seq=15 rtt=1 ticks (16 ms)
[00003050][DBG] PING seq=16 size=16 sent
[00003133][DBG] PONG seq=16 rtt=5 ticks (83 ms)
[00003150][DBG] PING seq=17 size=16 sent
[00003233][DBG] PONG seq=17 rtt=5 ticks (83 ms)
[00003316][DBG] PING seq=18 size=16 sent
[00003400][DBG] PONG seq=18 rtt=5 ticks (83 ms)
[00003483][DBG] PING seq=19 size=16 sent
[00003566][DBG] PONG seq=19 rtt=5 ticks (83 ms)
[00003650][DBG] PING seq=20 size=16 sent
[00003666][DBG] PONG seq=20 rtt=1 ticks (16 ms)
[00003750][DBG] PING seq=21 size=16 sent
[00003833][DBG] PONG seq=21 rtt=5 ticks (83 ms)
[00003850][DBG] PING seq=22 size=16 sent
[00003933][DBG] PONG seq=22 rtt=5 ticks (83 ms)
[00004016][DBG] PING seq=23 size=16 sent
[00004100][DBG] PONG seq=23 rtt=5 ticks (83 ms)
[00004183][DBG] PING seq=24 size=16 sent
[00004200][DBG] PONG seq=24 rtt=1 ticks (16 ms)
[00004283][DBG] PING seq=25 size=16 sent
[00004366][DBG] PONG seq=25 rtt=5 ticks (83 ms)
[00004383][DBG] PING seq=26 size=16 sent
[00004466][DBG] PONG seq=26 rtt=5 ticks (83 ms)
[00004550][DBG] PING seq=27 size=16 sent
[00004633][DBG] PONG seq=27 rtt=5 ticks (83 ms)
[00004716][DBG] PING seq=28 size=16 sent
[00004800][DBG] PONG seq=28 rtt=5 ticks (83 ms)
[00004883][DBG] PING seq=29 size=16 sent
[00004983][DBG] PONG seq=29 rtt=6 ticks (100 ms)
[00004983][DBG] PING seq=30 size=16 sent
[00005000][DBG] PONG seq=30 rtt=1 ticks (16 ms)
[00005083][DBG] PING seq=31 size=16 sent
[00005100][DBG] PONG seq=31 rtt=1 ticks (16 ms)
[00005183][DBG] PING seq=32 size=16 sent
[00005200][DBG] PONG seq=32 rtt=1 ticks (16 ms)
[00005283][DBG] PING seq=33 size=16 sent
[00005366][DBG] PONG seq=33 rtt=5 ticks (83 ms)
[00005383][DBG] PING seq=34 size=16 sent
[00005466][DBG] PONG seq=34 rtt=5 ticks (83 ms)
[00005550][DBG] PING seq=35 size=16 sent
[00006083][DBG] PONG seq=35 rtt=32 ticks (533 ms)
[00006100][DBG] PING seq=36 size=16 sent
[00006233][DBG] PONG seq=36 rtt=9 ticks (150 ms)
[00006233][DBG] PING seq=37 size=16 sent
[00006250][DBG] PONG seq=37 rtt=1 ticks (16 ms)
[00006333][DBG] PING seq=38 size=16 sent
[00006416][DBG] PONG seq=38 rtt=5 ticks (83 ms)
[00006433][DBG] PING seq=39 size=16 sent
[00006516][DBG] PONG seq=39 rtt=5 ticks (83 ms)
[00006600][DBG] PING seq=40 size=16 sent
[00006683][DBG] PONG seq=40 rtt=5 ticks (83 ms)
[00006766][DBG] PING seq=41 size=16 sent
[00006850][DBG] PONG seq=41 rtt=5 ticks (83 ms)
[00006866][DBG] PING seq=42 size=16 sent
[00006950][DBG] PONG seq=42 rtt=5 ticks (83 ms)
[00007033][DBG] PING seq=43 size=16 sent
[00007050][DBG] PONG seq=43 rtt=1 ticks (16 ms)
[00007133][DBG] PING seq=44 size=16 sent
[00007150][DBG] PONG seq=44 rtt=1 ticks (16 ms)
[00007233][DBG] PING seq=45 size=16 sent
[00007250][DBG] PONG seq=45 rtt=1 ticks (16 ms)
[00007333][DBG] PING seq=46 size=16 sent
[00007416][DBG] PONG seq=46 rtt=5 ticks (83 ms)
[00007433][DBG] PING seq=47 size=16 sent
[00007516][DBG] PONG seq=47 rtt=5 ticks (83 ms)
[00007600][DBG] PING seq=48 size=16 sent
[00007683][DBG] PONG seq=48 rtt=5 ticks (83 ms)
[00007766][DBG] PING seq=49 size=16 sent
[00007866][DBG] PONG seq=49 rtt=6 ticks (100 ms)
[00007866][DBG] PING seq=50 size=16 sent
[00007883][DBG] PONG seq=50 rtt=1 ticks (16 ms)
[00007966][DBG] PING seq=51 size=16 sent
[00008066][DBG] PONG seq=51 rtt=6 ticks (100 ms)
[00008066][DBG] PING seq=52 size=16 sent
[00008166][DBG] PONG seq=52 rtt=6 ticks (100 ms)
[00008166][DBG] PING seq=53 size=16 sent
[00008183][DBG] PONG seq=53 rtt=1 ticks (16 ms)
[00008266][DBG] PING seq=54 size=16 sent
[00008283][DBG] PONG seq=54 rtt=1 ticks (16 ms)
[00008366][DBG] PING seq=55 size=16 sent
[00008450][DBG] PONG seq=55 rtt=5 ticks (83 ms)
[00008466][DBG] PING seq=56 size=16 sent
[00008550][DBG] PONG seq=56 rtt=5 ticks (83 ms)
[00008566][DBG] PING seq=57 size=16 sent
[00008650][DBG] PONG seq=57 rtt=5 ticks (83 ms)
[00008733][DBG] PING seq=58 size=16 sent
[00008816][DBG] PONG seq=58 rtt=5 ticks (83 ms)
[00008900][DBG] PING seq=59 size=16 sent
[00009000][DBG] PONG seq=59 rtt=6 ticks (100 ms)
[00009000][DBG] PING seq=60 size=16 sent
[00009016][DBG] PONG seq=60 rtt=1 ticks (16 ms)
[00009100][DBG] PING seq=61 size=16 sent
[00009183][DBG] PONG seq=61 rtt=5 ticks (83 ms)
[00009200][DBG] PING seq=62 size=16 sent
[00009283][DBG] PONG seq=62 rtt=5 ticks (83 ms)
[00009300][DBG] PING seq=63 size=16 sent
[00009383][DBG] PONG seq=63 rtt=5 ticks (83 ms)
[00009400][DBG] PING seq=64 size=16 sent
[00009483][DBG] PONG seq=64 rtt=5 ticks (83 ms)
[00009566][DBG] PING seq=65 size=16 sent
[00009650][DBG] PONG seq=65 rtt=5 ticks (83 ms)
[00009733][DBG] PING seq=66 size=16 sent
[00009816][DBG] PONG seq=66 rtt=5 ticks (83 ms)
[00009833][DBG] PING seq=67 size=16 sent
[00009916][DBG] PONG seq=67 rtt=5 ticks (83 ms)
[00010000][DBG] PING seq=68 size=16 sent
[00010166][DBG] PONG seq=68 rtt=10 ticks (166 ms)
[00010166][DBG] PING seq=69 size=16 sent
[00010183][DBG] PONG seq=69 rtt=1 ticks (16 ms)
[00010266][DBG] PING seq=70 size=16 sent
[00010350][DBG] PONG seq=70 rtt=5 ticks (83 ms)
[00010433][DBG] PING seq=71 size=16 sent
[00010550][INF] DISCOVERED: "PerfPartner" at 10.188.1.173:7354
[00010550][DBG] PONG seq=71 rtt=7 ticks (116 ms)
[00010550][DBG] PING seq=72 size=16 sent
[00010650][DBG] PONG seq=72 rtt=6 ticks (100 ms)
[00010650][DBG] PING seq=73 size=16 sent
[00010666][DBG] PONG seq=73 rtt=1 ticks (16 ms)
[00010750][DBG] PING seq=74 size=16 sent
[00010833][DBG] PONG seq=74 rtt=5 ticks (83 ms)
[00010916][DBG] PING seq=75 size=16 sent
[00011000][DBG] PONG seq=75 rtt=5 ticks (83 ms)
[00011083][DBG] PING seq=76 size=16 sent
[00011183][DBG] PONG seq=76 rtt=6 ticks (100 ms)
[00011183][DBG] PING seq=77 size=16 sent
[00011200][DBG] PONG seq=77 rtt=1 ticks (16 ms)
[00011283][DBG] PING seq=78 size=16 sent
[00011300][DBG] PONG seq=78 rtt=1 ticks (16 ms)
[00011433][DBG] PING seq=79 size=16 sent
[00011616][DBG] PONG seq=79 rtt=11 ticks (183 ms)
[00011616][DBG] PING seq=80 size=16 sent
[00011633][DBG] PONG seq=80 rtt=1 ticks (16 ms)
[00011716][DBG] PING seq=81 size=16 sent
[00011733][DBG] PONG seq=81 rtt=1 ticks (16 ms)
[00011816][DBG] PING seq=82 size=16 sent
[00011900][DBG] PONG seq=82 rtt=5 ticks (83 ms)
[00011983][DBG] PING seq=83 size=16 sent
[00012150][DBG] PONG seq=83 rtt=10 ticks (166 ms)
[00012150][DBG] PING seq=84 size=16 sent
[00012250][DBG] PONG seq=84 rtt=6 ticks (100 ms)
[00012250][DBG] PING seq=85 size=16 sent
[00012266][DBG] PONG seq=85 rtt=1 ticks (16 ms)
[00012350][DBG] PING seq=86 size=16 sent
[00012433][DBG] PONG seq=86 rtt=5 ticks (83 ms)
[00012516][DBG] PING seq=87 size=16 sent
[00012600][DBG] PONG seq=87 rtt=5 ticks (83 ms)
[00012616][DBG] PING seq=88 size=16 sent
[00012700][DBG] PONG seq=88 rtt=5 ticks (83 ms)
[00012716][DBG] PING seq=89 size=16 sent
[00012800][DBG] PONG seq=89 rtt=5 ticks (83 ms)
[00012883][DBG] PING seq=90 size=16 sent
[00013050][DBG] PONG seq=90 rtt=10 ticks (166 ms)
[00013050][DBG] PING seq=91 size=16 sent
[00013066][DBG] PONG seq=91 rtt=1 ticks (16 ms)
[00013150][DBG] PING seq=92 size=16 sent
[00013166][DBG] PONG seq=92 rtt=1 ticks (16 ms)
[00013250][DBG] PING seq=93 size=16 sent
[00013333][DBG] PONG seq=93 rtt=5 ticks (83 ms)
[00013350][DBG] PING seq=94 size=16 sent
[00013433][DBG] PONG seq=94 rtt=5 ticks (83 ms)
[00013516][DBG] PING seq=95 size=16 sent
[00013616][DBG] PONG seq=95 rtt=6 ticks (100 ms)
[00013616][DBG] PING seq=96 size=16 sent
[00013700][DBG] PONG seq=96 rtt=5 ticks (83 ms)
[00013783][DBG] PING seq=97 size=16 sent
[00013866][DBG] PONG seq=97 rtt=5 ticks (83 ms)
[00013950][DBG] PING seq=98 size=16 sent
[00014033][DBG] PONG seq=98 rtt=5 ticks (83 ms)
[00014050][DBG] PING seq=99 size=16 sent
[00014133][DBG] PONG seq=99 rtt=5 ticks (83 ms)
[00014133][INF] SIZE 16: min=16 max=533 avg=66 ms (sent=100 recv=100 lost=0)
[00014133][INF] Starting size 64 test
[00014150][DBG] PING seq=0 size=64 sent
[00014233][DBG] PONG seq=0 rtt=5 ticks (83 ms)
[00014316][DBG] PING seq=1 size=64 sent
[00014483][DBG] PONG seq=1 rtt=10 ticks (166 ms)
[00014483][DBG] PING seq=2 size=64 sent
[00014500][DBG] PONG seq=2 rtt=1 ticks (16 ms)
[00014583][DBG] PING seq=3 size=64 sent
[00014666][DBG] PONG seq=3 rtt=5 ticks (83 ms)
[00014683][DBG] PING seq=4 size=64 sent
[00014766][DBG] PONG seq=4 rtt=5 ticks (83 ms)
[00014783][DBG] PING seq=5 size=64 sent
[00014866][DBG] PONG seq=5 rtt=5 ticks (83 ms)
[00014950][DBG] PING seq=6 size=64 sent
[00015116][DBG] PONG seq=6 rtt=10 ticks (166 ms)
[00015116][DBG] PING seq=7 size=64 sent
[00015133][DBG] PONG seq=7 rtt=1 ticks (16 ms)
[00015216][DBG] PING seq=8 size=64 sent
[00015250][DBG] PONG seq=8 rtt=2 ticks (33 ms)
[00015333][DBG] PING seq=9 size=64 sent
[00015433][DBG] PONG seq=9 rtt=6 ticks (100 ms)
[00015433][DBG] PING seq=10 size=64 sent
[00015533][DBG] PONG seq=10 rtt=6 ticks (100 ms)
[00015533][DBG] PING seq=11 size=64 sent
[00015550][DBG] PONG seq=11 rtt=1 ticks (16 ms)
[00015633][DBG] PING seq=12 size=64 sent
[00015650][DBG] PONG seq=12 rtt=1 ticks (16 ms)
[00015733][DBG] PING seq=13 size=64 sent
[00015750][DBG] PONG seq=13 rtt=1 ticks (16 ms)
[00015833][DBG] PING seq=14 size=64 sent
[00015916][DBG] PONG seq=14 rtt=5 ticks (83 ms)
[00015933][DBG] PING seq=15 size=64 sent
[00016016][DBG] PONG seq=15 rtt=5 ticks (83 ms)
[00016100][DBG] PING seq=16 size=64 sent
[00016183][DBG] PONG seq=16 rtt=5 ticks (83 ms)
[00016266][DBG] PING seq=17 size=64 sent
[00016283][DBG] PONG seq=17 rtt=1 ticks (16 ms)
[00016366][DBG] PING seq=18 size=64 sent
[00016433][DBG] PONG seq=18 rtt=4 ticks (66 ms)
[00016533][DBG] PING seq=19 size=64 sent
[00016616][DBG] PONG seq=19 rtt=5 ticks (83 ms)
[00016700][DBG] PING seq=20 size=64 sent
[00016800][DBG] PONG seq=20 rtt=6 ticks (100 ms)
[00016800][DBG] PING seq=21 size=64 sent
[00016883][DBG] PONG seq=21 rtt=5 ticks (83 ms)
[00016966][DBG] PING seq=22 size=64 sent
[00017066][DBG] PONG seq=22 rtt=6 ticks (100 ms)
[00017066][DBG] PING seq=23 size=64 sent
[00017083][DBG] PONG seq=23 rtt=1 ticks (16 ms)
[00017166][DBG] PING seq=24 size=64 sent
[00017250][DBG] PONG seq=24 rtt=5 ticks (83 ms)
[00017266][DBG] PING seq=25 size=64 sent
[00017350][DBG] PONG seq=25 rtt=5 ticks (83 ms)
[00017366][DBG] PING seq=26 size=64 sent
[00017450][DBG] PONG seq=26 rtt=5 ticks (83 ms)
[00017466][DBG] PING seq=27 size=64 sent
[00017550][DBG] PONG seq=27 rtt=5 ticks (83 ms)
[00017633][DBG] PING seq=28 size=64 sent
[00017716][DBG] PONG seq=28 rtt=5 ticks (83 ms)
[00017800][DBG] PING seq=29 size=64 sent
[00017816][DBG] PONG seq=29 rtt=1 ticks (16 ms)
[00017900][DBG] PING seq=30 size=64 sent
[00017916][DBG] PONG seq=30 rtt=1 ticks (16 ms)
[00018000][DBG] PING seq=31 size=64 sent
[00018083][DBG] PONG seq=31 rtt=5 ticks (83 ms)
[00018166][DBG] PING seq=32 size=64 sent
[00018250][DBG] PONG seq=32 rtt=5 ticks (83 ms)
[00018333][DBG] PING seq=33 size=64 sent
[00018416][DBG] PONG seq=33 rtt=5 ticks (83 ms)
[00018500][DBG] PING seq=34 size=64 sent
[00018583][DBG] PONG seq=34 rtt=5 ticks (83 ms)
[00018600][DBG] PING seq=35 size=64 sent
[00018683][DBG] PONG seq=35 rtt=5 ticks (83 ms)
[00018766][DBG] PING seq=36 size=64 sent
[00018850][DBG] PONG seq=36 rtt=5 ticks (83 ms)
[00018866][DBG] PING seq=37 size=64 sent
[00018950][DBG] PONG seq=37 rtt=5 ticks (83 ms)
[00019033][DBG] PING seq=38 size=64 sent
[00019200][DBG] PONG seq=38 rtt=10 ticks (166 ms)
[00019200][DBG] PING seq=39 size=64 sent
[00019216][DBG] PONG seq=39 rtt=1 ticks (16 ms)
[00019300][DBG] PING seq=40 size=64 sent
[00019383][DBG] PONG seq=40 rtt=5 ticks (83 ms)
[00019400][DBG] PING seq=41 size=64 sent
[00019483][DBG] PONG seq=41 rtt=5 ticks (83 ms)
[00019566][DBG] PING seq=42 size=64 sent
[00019666][DBG] PONG seq=42 rtt=6 ticks (100 ms)
[00019666][DBG] PING seq=43 size=64 sent
[00019766][DBG] PONG seq=43 rtt=6 ticks (100 ms)
[00019766][DBG] PING seq=44 size=64 sent
[00019783][DBG] PONG seq=44 rtt=1 ticks (16 ms)
[00019866][DBG] PING seq=45 size=64 sent
[00019883][DBG] PONG seq=45 rtt=1 ticks (16 ms)
[00019966][DBG] PING seq=46 size=64 sent
[00020050][DBG] PONG seq=46 rtt=5 ticks (83 ms)
[00020133][DBG] PING seq=47 size=64 sent
[00020233][DBG] PONG seq=47 rtt=6 ticks (100 ms)
[00020233][DBG] PING seq=48 size=64 sent
[00020250][DBG] PONG seq=48 rtt=1 ticks (16 ms)
[00020333][DBG] PING seq=49 size=64 sent
[00020416][DBG] PONG seq=49 rtt=5 ticks (83 ms)
[00020433][DBG] PING seq=50 size=64 sent
[00020516][DBG] PONG seq=50 rtt=5 ticks (83 ms)
[00020616][INF] DISCOVERED: "PerfPartner" at 10.188.1.173:7354
[00020616][DBG] PING seq=51 size=64 sent
[00020716][DBG] PONG seq=51 rtt=6 ticks (100 ms)
[00020716][DBG] PING seq=52 size=64 sent
[00020816][DBG] PONG seq=52 rtt=6 ticks (100 ms)
[00020816][DBG] PING seq=53 size=64 sent
[00020833][DBG] PONG seq=53 rtt=1 ticks (16 ms)
[00020916][DBG] PING seq=54 size=64 sent
[00020933][DBG] PONG seq=54 rtt=1 ticks (16 ms)
[00021016][DBG] PING seq=55 size=64 sent
[00021100][DBG] PONG seq=55 rtt=5 ticks (83 ms)
[00021183][DBG] PING seq=56 size=64 sent
[00021266][DBG] PONG seq=56 rtt=5 ticks (83 ms)
[00021283][DBG] PING seq=57 size=64 sent
[00021366][DBG] PONG seq=57 rtt=5 ticks (83 ms)
[00021450][DBG] PING seq=58 size=64 sent
[00021583][DBG] PONG seq=58 rtt=8 ticks (133 ms)
[00021583][DBG] PING seq=59 size=64 sent
[00021600][DBG] PONG seq=59 rtt=1 ticks (16 ms)
[00021683][DBG] PING seq=60 size=64 sent
[00021766][DBG] PONG seq=60 rtt=5 ticks (83 ms)
[00021850][DBG] PING seq=61 size=64 sent
[00021933][DBG] PONG seq=61 rtt=5 ticks (83 ms)
[00021950][DBG] PING seq=62 size=64 sent
[00022033][DBG] PONG seq=62 rtt=5 ticks (83 ms)
[00022116][DBG] PING seq=63 size=64 sent
[00022133][DBG] PONG seq=63 rtt=1 ticks (16 ms)
[00022216][DBG] PING seq=64 size=64 sent
[00022233][DBG] PONG seq=64 rtt=1 ticks (16 ms)
[00022316][DBG] PING seq=65 size=64 sent
[00022400][DBG] PONG seq=65 rtt=5 ticks (83 ms)
[00022483][DBG] PING seq=66 size=64 sent
[00022566][DBG] PONG seq=66 rtt=5 ticks (83 ms)
[00022583][DBG] PING seq=67 size=64 sent
[00022666][DBG] PONG seq=67 rtt=5 ticks (83 ms)
[00022750][DBG] PING seq=68 size=64 sent
[00022916][DBG] PONG seq=68 rtt=10 ticks (166 ms)
[00022916][DBG] PING seq=69 size=64 sent
[00022933][DBG] PONG seq=69 rtt=1 ticks (16 ms)
[00023016][DBG] PING seq=70 size=64 sent
[00023100][DBG] PONG seq=70 rtt=5 ticks (83 ms)
[00023183][DBG] PING seq=71 size=64 sent
[00023266][DBG] PONG seq=71 rtt=5 ticks (83 ms)
[00023283][DBG] PING seq=72 size=64 sent
[00023366][DBG] PONG seq=72 rtt=5 ticks (83 ms)
[00023450][DBG] PING seq=73 size=64 sent
[00023633][DBG] PONG seq=73 rtt=11 ticks (183 ms)
[00023633][DBG] PING seq=74 size=64 sent
[00023650][DBG] PONG seq=74 rtt=1 ticks (16 ms)
[00023733][DBG] PING seq=75 size=64 sent
[00023816][DBG] PONG seq=75 rtt=5 ticks (83 ms)
[00023900][DBG] PING seq=76 size=64 sent
[00023983][DBG] PONG seq=76 rtt=5 ticks (83 ms)
[00024000][DBG] PING seq=77 size=64 sent
[00024083][DBG] PONG seq=77 rtt=5 ticks (83 ms)
[00024166][DBG] PING seq=78 size=64 sent
[00024333][DBG] PONG seq=78 rtt=10 ticks (166 ms)
[00024333][DBG] PING seq=79 size=64 sent
[00024350][DBG] PONG seq=79 rtt=1 ticks (16 ms)
[00024433][DBG] PING seq=80 size=64 sent
[00024450][DBG] PONG seq=80 rtt=1 ticks (16 ms)
[00024533][DBG] PING seq=81 size=64 sent
[00024616][DBG] PONG seq=81 rtt=5 ticks (83 ms)
[00024700][DBG] PING seq=82 size=64 sent
[00024716][DBG] PONG seq=82 rtt=1 ticks (16 ms)
[00024800][DBG] PING seq=83 size=64 sent
[00024883][DBG] PONG seq=83 rtt=5 ticks (83 ms)
[00024966][DBG] PING seq=84 size=64 sent
[00025066][DBG] PONG seq=84 rtt=6 ticks (100 ms)
[00025066][DBG] PING seq=85 size=64 sent
[00025083][DBG] PONG seq=85 rtt=1 ticks (16 ms)
[00025166][DBG] PING seq=86 size=64 sent
[00025250][DBG] PONG seq=86 rtt=5 ticks (83 ms)
[00025266][DBG] PING seq=87 size=64 sent
[00025350][DBG] PONG seq=87 rtt=5 ticks (83 ms)
[00025433][DBG] PING seq=88 size=64 sent
[00025516][DBG] PONG seq=88 rtt=5 ticks (83 ms)
[00025533][DBG] PING seq=89 size=64 sent
[00025550][DBG] PONG seq=89 rtt=1 ticks (16 ms)
[00025633][DBG] PING seq=90 size=64 sent
[00025716][DBG] PONG seq=90 rtt=5 ticks (83 ms)
[00025800][DBG] PING seq=91 size=64 sent
[00025883][DBG] PONG seq=91 rtt=5 ticks (83 ms)
[00025900][DBG] PING seq=92 size=64 sent
[00025983][DBG] PONG seq=92 rtt=5 ticks (83 ms)
[00026000][DBG] PING seq=93 size=64 sent
[00026083][DBG] PONG seq=93 rtt=5 ticks (83 ms)
[00026183][DBG] PING seq=94 size=64 sent
[00026200][DBG] PONG seq=94 rtt=1 ticks (16 ms)
[00026283][DBG] PING seq=95 size=64 sent
[00026366][DBG] PONG seq=95 rtt=5 ticks (83 ms)
[00026450][DBG] PING seq=96 size=64 sent
[00026466][DBG] PONG seq=96 rtt=1 ticks (16 ms)
[00026550][DBG] PING seq=97 size=64 sent
[00026616][DBG] PONG seq=97 rtt=4 ticks (66 ms)
[00026700][DBG] PING seq=98 size=64 sent
[00026783][DBG] PONG seq=98 rtt=5 ticks (83 ms)
[00026866][DBG] PING seq=99 size=64 sent
[00027033][DBG] PONG seq=99 rtt=10 ticks (166 ms)
[00027033][DBG] PING seq=100 size=64 sent
[00027033][INF] SIZE 64: min=16 max=183 avg=66 ms (sent=101 recv=100 lost=0)
[00027033][INF] Starting size 256 test
[00027133][WRN] PONG seq mismatch: got 100 expected 100
[00027133][DBG] PING seq=0 size=256 sent
[00027233][DBG] PONG seq=0 rtt=6 ticks (100 ms)
[00027233][DBG] PING seq=1 size=256 sent
[00027250][DBG] PONG seq=1 rtt=1 ticks (16 ms)
[00027333][DBG] PING seq=2 size=256 sent
[00027433][DBG] PONG seq=2 rtt=6 ticks (100 ms)
[00027433][DBG] PING seq=3 size=256 sent
[00027533][DBG] PONG seq=3 rtt=6 ticks (100 ms)
[00027533][DBG] PING seq=4 size=256 sent
[00027550][DBG] PONG seq=4 rtt=1 ticks (16 ms)
[00027650][DBG] PING seq=5 size=256 sent
[00027733][DBG] PONG seq=5 rtt=5 ticks (83 ms)
[00027816][DBG] PING seq=6 size=256 sent
[00027900][DBG] PONG seq=6 rtt=5 ticks (83 ms)
[00027983][DBG] PING seq=7 size=256 sent
[00028000][DBG] PONG seq=7 rtt=1 ticks (16 ms)
[00028083][DBG] PING seq=8 size=256 sent
[00028100][DBG] PONG seq=8 rtt=1 ticks (16 ms)
[00028183][DBG] PING seq=9 size=256 sent
[00028200][DBG] PONG seq=9 rtt=1 ticks (16 ms)
[00028283][DBG] PING seq=10 size=256 sent
[00028366][DBG] PONG seq=10 rtt=5 ticks (83 ms)
[00028450][DBG] PING seq=11 size=256 sent
[00028533][DBG] PONG seq=11 rtt=5 ticks (83 ms)
[00028616][DBG] PING seq=12 size=256 sent
[00028633][DBG] PONG seq=12 rtt=1 ticks (16 ms)
[00028716][DBG] PING seq=13 size=256 sent
[00028733][DBG] PONG seq=13 rtt=1 ticks (16 ms)
[00028816][DBG] PING seq=14 size=256 sent
[00028833][DBG] PONG seq=14 rtt=1 ticks (16 ms)
[00028916][DBG] PING seq=15 size=256 sent
[00029000][DBG] PONG seq=15 rtt=5 ticks (83 ms)
[00029083][DBG] PING seq=16 size=256 sent
[00029166][DBG] PONG seq=16 rtt=5 ticks (83 ms)
[00029250][DBG] PING seq=17 size=256 sent
[00029350][DBG] PONG seq=17 rtt=6 ticks (100 ms)
[00029350][DBG] PING seq=18 size=256 sent
[00029366][DBG] PONG seq=18 rtt=1 ticks (16 ms)
[00029450][DBG] PING seq=19 size=256 sent
[00029466][DBG] PONG seq=19 rtt=1 ticks (16 ms)
[00029550][DBG] PING seq=20 size=256 sent
[00029650][DBG] PONG seq=20 rtt=6 ticks (100 ms)
[00029650][DBG] PING seq=21 size=256 sent
[00029733][DBG] PONG seq=21 rtt=5 ticks (83 ms)
[00029816][DBG] PING seq=22 size=256 sent
[00029916][DBG] PONG seq=22 rtt=6 ticks (100 ms)
[00029916][DBG] PING seq=23 size=256 sent
[00029933][DBG] PONG seq=23 rtt=1 ticks (16 ms)
[00030016][DBG] PING seq=24 size=256 sent
[00030033][DBG] PONG seq=24 rtt=1 ticks (16 ms)
[00030116][DBG] PING seq=25 size=256 sent
[00030200][DBG] PONG seq=25 rtt=5 ticks (83 ms)
[00030300][DBG] PING seq=26 size=256 sent
[00030400][DBG] PONG seq=26 rtt=6 ticks (100 ms)
[00030400][DBG] PING seq=27 size=256 sent
[00030416][DBG] PONG seq=27 rtt=1 ticks (16 ms)
[00030500][DBG] PING seq=28 size=256 sent
[00030516][DBG] PONG seq=28 rtt=1 ticks (16 ms)
[00030600][DBG] PING seq=29 size=256 sent
[00030716][INF] DISCOVERED: "PerfPartner" at 10.188.1.173:7354
[00030716][DBG] PONG seq=29 rtt=7 ticks (116 ms)
[00030716][DBG] PING seq=30 size=256 sent
[00030816][DBG] PONG seq=30 rtt=6 ticks (100 ms)
[00030816][DBG] PING seq=31 size=256 sent
[00030833][DBG] PONG seq=31 rtt=1 ticks (16 ms)
[00030916][DBG] PING seq=32 size=256 sent
[00030933][DBG] PONG seq=32 rtt=1 ticks (16 ms)
[00031016][DBG] PING seq=33 size=256 sent
[00031100][DBG] PONG seq=33 rtt=5 ticks (83 ms)
[00031183][DBG] PING seq=34 size=256 sent
[00031200][DBG] PONG seq=34 rtt=1 ticks (16 ms)
[00031283][DBG] PING seq=35 size=256 sent
[00031300][DBG] PONG seq=35 rtt=1 ticks (16 ms)
[00031383][DBG] PING seq=36 size=256 sent
[00031400][DBG] PONG seq=36 rtt=1 ticks (16 ms)
[00031483][DBG] PING seq=37 size=256 sent
[00031500][DBG] PONG seq=37 rtt=1 ticks (16 ms)
[00031583][DBG] PING seq=38 size=256 sent
[00031633][DBG] PONG seq=38 rtt=3 ticks (50 ms)
[00031683][DBG] PING seq=39 size=256 sent
[00031700][DBG] PONG seq=39 rtt=1 ticks (16 ms)
[00031783][DBG] PING seq=40 size=256 sent
[00031866][DBG] PONG seq=40 rtt=5 ticks (83 ms)
[00031950][DBG] PING seq=41 size=256 sent
[00032033][DBG] PONG seq=41 rtt=5 ticks (83 ms)
[00032050][DBG] PING seq=42 size=256 sent
[00032133][DBG] PONG seq=42 rtt=5 ticks (83 ms)
[00032216][DBG] PING seq=43 size=256 sent
[00032300][DBG] PONG seq=43 rtt=5 ticks (83 ms)
[00032383][DBG] PING seq=44 size=256 sent
[00032400][DBG] PONG seq=44 rtt=1 ticks (16 ms)
[00032483][DBG] PING seq=45 size=256 sent
[00032500][DBG] PONG seq=45 rtt=1 ticks (16 ms)
[00032583][DBG] PING seq=46 size=256 sent
[00032600][DBG] PONG seq=46 rtt=1 ticks (16 ms)
[00032683][DBG] PING seq=47 size=256 sent
[00032766][DBG] PONG seq=47 rtt=5 ticks (83 ms)
[00032850][DBG] PING seq=48 size=256 sent
[00032933][DBG] PONG seq=48 rtt=5 ticks (83 ms)
[00033016][DBG] PING seq=49 size=256 sent
[00033116][DBG] PONG seq=49 rtt=6 ticks (100 ms)
[00033116][DBG] PING seq=50 size=256 sent
[00033133][DBG] PONG seq=50 rtt=1 ticks (16 ms)
[00033216][DBG] PING seq=51 size=256 sent
[00033233][DBG] PONG seq=51 rtt=1 ticks (16 ms)
[00033316][DBG] PING seq=52 size=256 sent
[00033400][DBG] PONG seq=52 rtt=5 ticks (83 ms)
[00033483][DBG] PING seq=53 size=256 sent
[00033583][DBG] PONG seq=53 rtt=6 ticks (100 ms)
[00033583][DBG] PING seq=54 size=256 sent
[00033683][DBG] PONG seq=54 rtt=6 ticks (100 ms)
[00033683][DBG] PING seq=55 size=256 sent
[00033700][DBG] PONG seq=55 rtt=1 ticks (16 ms)
[00033783][DBG] PING seq=56 size=256 sent
[00033800][DBG] PONG seq=56 rtt=1 ticks (16 ms)
[00033883][DBG] PING seq=57 size=256 sent
[00033900][DBG] PONG seq=57 rtt=1 ticks (16 ms)
[00033983][DBG] PING seq=58 size=256 sent
[00034000][DBG] PONG seq=58 rtt=1 ticks (16 ms)
[00034083][DBG] PING seq=59 size=256 sent
[00034100][DBG] PONG seq=59 rtt=1 ticks (16 ms)
[00034183][DBG] PING seq=60 size=256 sent
[00034200][DBG] PONG seq=60 rtt=1 ticks (16 ms)
[00034283][DBG] PING seq=61 size=256 sent
[00034300][DBG] PONG seq=61 rtt=1 ticks (16 ms)
[00034383][DBG] PING seq=62 size=256 sent
[00034400][DBG] PONG seq=62 rtt=1 ticks (16 ms)
[00034483][DBG] PING seq=63 size=256 sent
[00034500][DBG] PONG seq=63 rtt=1 ticks (16 ms)
[00034583][DBG] PING seq=64 size=256 sent
[00034600][DBG] PONG seq=64 rtt=1 ticks (16 ms)
[00034700][DBG] PING seq=65 size=256 sent
[00034783][DBG] PONG seq=65 rtt=5 ticks (83 ms)
[00034866][DBG] PING seq=66 size=256 sent
[00035033][DBG] PONG seq=66 rtt=10 ticks (166 ms)
[00035033][DBG] PING seq=67 size=256 sent
[00035050][DBG] PONG seq=67 rtt=1 ticks (16 ms)
[00035133][DBG] PING seq=68 size=256 sent
[00035150][DBG] PONG seq=68 rtt=1 ticks (16 ms)
[00035233][DBG] PING seq=69 size=256 sent
[00035250][DBG] PONG seq=69 rtt=1 ticks (16 ms)
[00035333][DBG] PING seq=70 size=256 sent
[00035350][DBG] PONG seq=70 rtt=1 ticks (16 ms)
[00035433][DBG] PING seq=71 size=256 sent
[00035450][DBG] PONG seq=71 rtt=1 ticks (16 ms)
[00035533][DBG] PING seq=72 size=256 sent
[00035550][DBG] PONG seq=72 rtt=1 ticks (16 ms)
[00035633][DBG] PING seq=73 size=256 sent
[00035650][DBG] PONG seq=73 rtt=1 ticks (16 ms)
[00035733][DBG] PING seq=74 size=256 sent
[00035750][DBG] PONG seq=74 rtt=1 ticks (16 ms)
[00035833][DBG] PING seq=75 size=256 sent
[00035850][DBG] PONG seq=75 rtt=1 ticks (16 ms)
[00035933][DBG] PING seq=76 size=256 sent
[00036016][DBG] PONG seq=76 rtt=5 ticks (83 ms)
[00036033][DBG] PING seq=77 size=256 sent
[00036116][DBG] PONG seq=77 rtt=5 ticks (83 ms)
[00036200][DBG] PING seq=78 size=256 sent
[00036366][DBG] PONG seq=78 rtt=10 ticks (166 ms)
[00036366][DBG] PING seq=79 size=256 sent
[00036383][DBG] PONG seq=79 rtt=1 ticks (16 ms)
[00036466][DBG] PING seq=80 size=256 sent
[00036483][DBG] PONG seq=80 rtt=1 ticks (16 ms)
[00036566][DBG] PING seq=81 size=256 sent
[00036583][DBG] PONG seq=81 rtt=1 ticks (16 ms)
[00036666][DBG] PING seq=82 size=256 sent
[00036766][DBG] PONG seq=82 rtt=6 ticks (100 ms)
[00036766][DBG] PING seq=83 size=256 sent
[00036933][DBG] PONG seq=83 rtt=10 ticks (166 ms)
[00036950][DBG] PING seq=84 size=256 sent
[00037033][DBG] PONG seq=84 rtt=5 ticks (83 ms)
[00037050][DBG] PING seq=85 size=256 sent
[00037133][DBG] PONG seq=85 rtt=5 ticks (83 ms)
[00037216][DBG] PING seq=86 size=256 sent
[00037383][DBG] PONG seq=86 rtt=10 ticks (166 ms)
[00037383][DBG] PING seq=87 size=256 sent
[00037400][DBG] PONG seq=87 rtt=1 ticks (16 ms)
[00037483][DBG] PING seq=88 size=256 sent
[00037566][DBG] PONG seq=88 rtt=5 ticks (83 ms)
[00037650][DBG] PING seq=89 size=256 sent
[00037750][DBG] PONG seq=89 rtt=6 ticks (100 ms)
[00037750][DBG] PING seq=90 size=256 sent
[00037766][DBG] PONG seq=90 rtt=1 ticks (16 ms)
[00037850][DBG] PING seq=91 size=256 sent
[00037933][DBG] PONG seq=91 rtt=5 ticks (83 ms)
[00038033][DBG] PING seq=92 size=256 sent
[00038200][DBG] PONG seq=92 rtt=10 ticks (166 ms)
[00038200][DBG] PING seq=93 size=256 sent
[00038216][DBG] PONG seq=93 rtt=1 ticks (16 ms)
[00038300][DBG] PING seq=94 size=256 sent
[00038316][DBG] PONG seq=94 rtt=1 ticks (16 ms)
[00038400][DBG] PING seq=95 size=256 sent
[00038483][DBG] PONG seq=95 rtt=5 ticks (83 ms)
[00038500][DBG] PING seq=96 size=256 sent
[00038583][DBG] PONG seq=96 rtt=5 ticks (83 ms)
[00038600][DBG] PING seq=97 size=256 sent
[00038683][DBG] PONG seq=97 rtt=5 ticks (83 ms)
[00038766][DBG] PING seq=98 size=256 sent
[00038850][DBG] PONG seq=98 rtt=5 ticks (83 ms)
[00038933][DBG] PING seq=99 size=256 sent
[00038950][DBG] PONG seq=99 rtt=1 ticks (16 ms)
[00038950][INF] SIZE 256: min=16 max=166 avg=50 ms (sent=100 recv=100 lost=0)
[00038950][INF] Starting size 1024 test
[00039033][DBG] PING seq=0 size=1024 sent
[00039116][DBG] PONG seq=0 rtt=5 ticks (83 ms)
[00039133][DBG] PING seq=1 size=1024 sent
[00039233][DBG] PONG seq=1 rtt=6 ticks (100 ms)
[00039233][DBG] PING seq=2 size=1024 sent
[00039333][DBG] PONG seq=2 rtt=6 ticks (100 ms)
[00039333][DBG] PING seq=3 size=1024 sent
[00039516][DBG] PONG seq=3 rtt=11 ticks (183 ms)
[00039516][DBG] PING seq=4 size=1024 sent
[00039633][DBG] PONG seq=4 rtt=7 ticks (116 ms)
[00039633][DBG] PING seq=5 size=1024 sent
[00039733][DBG] PONG seq=5 rtt=6 ticks (100 ms)
[00039733][DBG] PING seq=6 size=1024 sent
[00039833][DBG] PONG seq=6 rtt=6 ticks (100 ms)
[00039833][DBG] PING seq=7 size=1024 sent
[00039933][DBG] PONG seq=7 rtt=6 ticks (100 ms)
[00039933][DBG] PING seq=8 size=1024 sent
[00040116][DBG] PONG seq=8 rtt=11 ticks (183 ms)
[00040116][DBG] PING seq=9 size=1024 sent
[00040216][DBG] PONG seq=9 rtt=6 ticks (100 ms)
[00040216][DBG] PING seq=10 size=1024 sent
[00040316][DBG] PONG seq=10 rtt=6 ticks (100 ms)
[00040316][DBG] PING seq=11 size=1024 sent
[00040433][DBG] PONG seq=11 rtt=7 ticks (116 ms)
[00040433][DBG] PING seq=12 size=1024 sent
[00040533][INF] DISCOVERED: "PerfPartner" at 10.188.1.173:7354
[00040633][DBG] PONG seq=12 rtt=12 ticks (200 ms)
[00040633][DBG] PING seq=13 size=1024 sent
[00040850][DBG] PONG seq=13 rtt=13 ticks (216 ms)
[00040850][DBG] PING seq=14 size=1024 sent
[00041016][DBG] PONG seq=14 rtt=10 ticks (166 ms)
[00041016][DBG] PING seq=15 size=1024 sent
[00041200][DBG] PONG seq=15 rtt=11 ticks (183 ms)
[00041200][DBG] PING seq=16 size=1024 sent
[00041300][DBG] PONG seq=16 rtt=6 ticks (100 ms)
[00041300][DBG] PING seq=17 size=1024 sent
[00041400][DBG] PONG seq=17 rtt=6 ticks (100 ms)
[00041400][DBG] PING seq=18 size=1024 sent
[00041500][DBG] PONG seq=18 rtt=6 ticks (100 ms)
[00041500][DBG] PING seq=19 size=1024 sent
[00041600][DBG] PONG seq=19 rtt=6 ticks (100 ms)
[00041600][DBG] PING seq=20 size=1024 sent
[00041700][DBG] PONG seq=20 rtt=6 ticks (100 ms)
[00041700][DBG] PING seq=21 size=1024 sent
[00041883][DBG] PONG seq=21 rtt=11 ticks (183 ms)
[00041883][DBG] PING seq=22 size=1024 sent
[00041983][DBG] PONG seq=22 rtt=6 ticks (100 ms)
[00041983][DBG] PING seq=23 size=1024 sent
[00042116][DBG] PONG seq=23 rtt=8 ticks (133 ms)
[00042116][DBG] PING seq=24 size=1024 sent
[00042216][DBG] PONG seq=24 rtt=6 ticks (100 ms)
[00042216][DBG] PING seq=25 size=1024 sent
[00042400][DBG] PONG seq=25 rtt=11 ticks (183 ms)
[00042400][DBG] PING seq=26 size=1024 sent
[00042500][DBG] PONG seq=26 rtt=6 ticks (100 ms)
[00042500][DBG] PING seq=27 size=1024 sent
[00042600][DBG] PONG seq=27 rtt=6 ticks (100 ms)
[00042600][DBG] PING seq=28 size=1024 sent
[00042783][DBG] PONG seq=28 rtt=11 ticks (183 ms)
[00042783][DBG] PING seq=29 size=1024 sent
[00042900][DBG] PONG seq=29 rtt=7 ticks (116 ms)
[00042900][DBG] PING seq=30 size=1024 sent
[00043083][DBG] PONG seq=30 rtt=11 ticks (183 ms)
[00043083][DBG] PING seq=31 size=1024 sent
[00043183][DBG] PONG seq=31 rtt=6 ticks (100 ms)
[00043183][DBG] PING seq=32 size=1024 sent
[00043283][DBG] PONG seq=32 rtt=6 ticks (100 ms)
[00043283][DBG] PING seq=33 size=1024 sent
[00043466][DBG] PONG seq=33 rtt=11 ticks (183 ms)
[00043466][DBG] PING seq=34 size=1024 sent
[00043650][DBG] PONG seq=34 rtt=11 ticks (183 ms)
[00043650][DBG] PING seq=35 size=1024 sent
[00043766][DBG] PONG seq=35 rtt=7 ticks (116 ms)
[00043766][DBG] PING seq=36 size=1024 sent
[00043866][DBG] PONG seq=36 rtt=6 ticks (100 ms)
[00043866][DBG] PING seq=37 size=1024 sent
[00043900][DBG] PONG seq=37 rtt=2 ticks (33 ms)
[00043983][DBG] PING seq=38 size=1024 sent
[00044083][DBG] PONG seq=38 rtt=6 ticks (100 ms)
[00044083][DBG] PING seq=39 size=1024 sent
[00044183][DBG] PONG seq=39 rtt=6 ticks (100 ms)
[00044183][DBG] PING seq=40 size=1024 sent
[00044283][DBG] PONG seq=40 rtt=6 ticks (100 ms)
[00044283][DBG] PING seq=41 size=1024 sent
[00044383][DBG] PONG seq=41 rtt=6 ticks (100 ms)
[00044383][DBG] PING seq=42 size=1024 sent
[00044483][DBG] PONG seq=42 rtt=6 ticks (100 ms)
[00044483][DBG] PING seq=43 size=1024 sent
[00044666][DBG] PONG seq=43 rtt=11 ticks (183 ms)
[00044666][DBG] PING seq=44 size=1024 sent
[00044766][DBG] PONG seq=44 rtt=6 ticks (100 ms)
[00044766][DBG] PING seq=45 size=1024 sent
[00044950][DBG] PONG seq=45 rtt=11 ticks (183 ms)
[00044950][DBG] PING seq=46 size=1024 sent
[00045050][DBG] PONG seq=46 rtt=6 ticks (100 ms)
[00045050][DBG] PING seq=47 size=1024 sent
[00045150][DBG] PONG seq=47 rtt=6 ticks (100 ms)
[00045150][DBG] PING seq=48 size=1024 sent
[00045333][DBG] PONG seq=48 rtt=11 ticks (183 ms)
[00045350][DBG] PING seq=49 size=1024 sent
[00045533][DBG] PONG seq=49 rtt=11 ticks (183 ms)
[00045533][DBG] PING seq=50 size=1024 sent
[00045650][DBG] PONG seq=50 rtt=7 ticks (116 ms)
[00045650][DBG] PING seq=51 size=1024 sent
[00045816][DBG] PONG seq=51 rtt=10 ticks (166 ms)
[00045816][DBG] PING seq=52 size=1024 sent
[00046000][DBG] PONG seq=52 rtt=11 ticks (183 ms)
[00046000][DBG] PING seq=53 size=1024 sent
[00046116][DBG] PONG seq=53 rtt=7 ticks (116 ms)
[00046116][DBG] PING seq=54 size=1024 sent
[00046283][DBG] PONG seq=54 rtt=10 ticks (166 ms)
[00046283][DBG] PING seq=55 size=1024 sent
[00046466][DBG] PONG seq=55 rtt=11 ticks (183 ms)
[00046466][DBG] PING seq=56 size=1024 sent
[00046650][DBG] PONG seq=56 rtt=11 ticks (183 ms)
[00046650][DBG] PING seq=57 size=1024 sent
[00046750][DBG] PONG seq=57 rtt=6 ticks (100 ms)
[00046750][DBG] PING seq=58 size=1024 sent
[00046866][DBG] PONG seq=58 rtt=7 ticks (116 ms)
[00046866][DBG] PING seq=59 size=1024 sent
[00047033][DBG] PONG seq=59 rtt=10 ticks (166 ms)
[00047033][DBG] PING seq=60 size=1024 sent
[00047200][DBG] PONG seq=60 rtt=10 ticks (166 ms)
[00047200][DBG] PING seq=61 size=1024 sent
[00047300][DBG] PONG seq=61 rtt=6 ticks (100 ms)
[00047300][DBG] PING seq=62 size=1024 sent
[00047400][DBG] PONG seq=62 rtt=6 ticks (100 ms)
[00047400][DBG] PING seq=63 size=1024 sent
[00047500][DBG] PONG seq=63 rtt=6 ticks (100 ms)
[00047500][DBG] PING seq=64 size=1024 sent
[00047616][DBG] PONG seq=64 rtt=7 ticks (116 ms)
[00047616][DBG] PING seq=65 size=1024 sent
[00047733][DBG] PONG seq=65 rtt=7 ticks (116 ms)
[00047733][DBG] PING seq=66 size=1024 sent
[00047916][DBG] PONG seq=66 rtt=11 ticks (183 ms)
[00047916][DBG] PING seq=67 size=1024 sent
[00048016][DBG] PONG seq=67 rtt=6 ticks (100 ms)
[00048016][DBG] PING seq=68 size=1024 sent
[00048133][DBG] PONG seq=68 rtt=7 ticks (116 ms)
[00048133][DBG] PING seq=69 size=1024 sent
[00048316][DBG] PONG seq=69 rtt=11 ticks (183 ms)
[00048316][DBG] PING seq=70 size=1024 sent
[00048500][DBG] PONG seq=70 rtt=11 ticks (183 ms)
[00048500][DBG] PING seq=71 size=1024 sent
[00048600][DBG] PONG seq=71 rtt=6 ticks (100 ms)
[00048600][DBG] PING seq=72 size=1024 sent
[00048700][DBG] PONG seq=72 rtt=6 ticks (100 ms)
[00048700][DBG] PING seq=73 size=1024 sent
[00048883][DBG] PONG seq=73 rtt=11 ticks (183 ms)
[00048883][DBG] PING seq=74 size=1024 sent
[00049066][DBG] PONG seq=74 rtt=11 ticks (183 ms)
[00049066][DBG] PING seq=75 size=1024 sent
[00049183][DBG] PONG seq=75 rtt=7 ticks (116 ms)
[00049183][DBG] PING seq=76 size=1024 sent
[00049350][DBG] PONG seq=76 rtt=10 ticks (166 ms)
[00049350][DBG] PING seq=77 size=1024 sent
[00049533][DBG] PONG seq=77 rtt=11 ticks (183 ms)
[00049533][DBG] PING seq=78 size=1024 sent
[00049650][DBG] PONG seq=78 rtt=7 ticks (116 ms)
[00049650][DBG] PING seq=79 size=1024 sent
[00049816][DBG] PONG seq=79 rtt=10 ticks (166 ms)
[00049816][DBG] PING seq=80 size=1024 sent
[00050000][DBG] PONG seq=80 rtt=11 ticks (183 ms)
[00050000][DBG] PING seq=81 size=1024 sent
[00050183][DBG] PONG seq=81 rtt=11 ticks (183 ms)
[00050183][DBG] PING seq=82 size=1024 sent
[00050216][DBG] PONG seq=82 rtt=2 ticks (33 ms)
[00050300][DBG] PING seq=83 size=1024 sent
[00050400][DBG] PONG seq=83 rtt=6 ticks (100 ms)
[00050400][DBG] PING seq=84 size=1024 sent
[00050500][DBG] PONG seq=84 rtt=6 ticks (100 ms)
[00050500][DBG] PING seq=85 size=1024 sent
[00050616][INF] DISCOVERED: "PerfPartner" at 10.188.1.173:7354
[00050633][DBG] PONG seq=85 rtt=8 ticks (133 ms)
[00050633][DBG] PING seq=86 size=1024 sent
[00050800][DBG] PONG seq=86 rtt=10 ticks (166 ms)
[00050800][DBG] PING seq=87 size=1024 sent
[00050983][DBG] PONG seq=87 rtt=11 ticks (183 ms)
[00050983][DBG] PING seq=88 size=1024 sent
[00051083][DBG] PONG seq=88 rtt=6 ticks (100 ms)
[00051083][DBG] PING seq=89 size=1024 sent
[00051183][DBG] PONG seq=89 rtt=6 ticks (100 ms)
[00051183][DBG] PING seq=90 size=1024 sent
[00051216][DBG] PONG seq=90 rtt=2 ticks (33 ms)
[00051300][DBG] PING seq=91 size=1024 sent
[00051466][DBG] PONG seq=91 rtt=10 ticks (166 ms)
[00051466][DBG] PING seq=92 size=1024 sent
[00051650][DBG] PONG seq=92 rtt=11 ticks (183 ms)
[00051650][DBG] PING seq=93 size=1024 sent
[00051750][DBG] PONG seq=93 rtt=6 ticks (100 ms)
[00051750][DBG] PING seq=94 size=1024 sent
[00051950][DBG] PONG seq=94 rtt=12 ticks (200 ms)
[00051950][DBG] PING seq=95 size=1024 sent
[00052050][DBG] PONG seq=95 rtt=6 ticks (100 ms)
[00052050][DBG] PING seq=96 size=1024 sent
[00052150][DBG] PONG seq=96 rtt=6 ticks (100 ms)
[00052150][DBG] PING seq=97 size=1024 sent
[00052283][DBG] PONG seq=97 rtt=8 ticks (133 ms)
[00052283][DBG] PING seq=98 size=1024 sent
[00052316][DBG] PONG seq=98 rtt=2 ticks (33 ms)
[00052400][DBG] PING seq=99 size=1024 sent
[00052500][DBG] PONG seq=99 rtt=6 ticks (100 ms)
[00052500][DBG] PING seq=100 size=1024 sent
[00052500][INF] SIZE 1024: min=33 max=216 avg=116 ms (sent=101 recv=100 lost=0)
[00052500][INF] Starting size 4096 test
[00052616][DBG] PING seq=0 size=4096 sent
[00052700][WRN] PONG seq mismatch: got 100 expected 0
[00052816][DBG] PONG seq=0 rtt=13 ticks (216 ms)
[00052816][DBG] PING seq=1 size=4096 sent
[00053100][DBG] PONG seq=1 rtt=17 ticks (283 ms)
[00053100][DBG] PING seq=2 size=4096 sent
[00053383][DBG] PONG seq=2 rtt=17 ticks (283 ms)
[00053400][DBG] PING seq=3 size=4096 sent
[00053666][DBG] PONG seq=3 rtt=17 ticks (283 ms)
[00053666][DBG] PING seq=4 size=4096 sent
[00053883][DBG] PONG seq=4 rtt=13 ticks (216 ms)
[00053883][DBG] PING seq=5 size=4096 sent
[00054166][DBG] PONG seq=5 rtt=17 ticks (283 ms)
[00054166][DBG] PING seq=6 size=4096 sent
[00054450][DBG] PONG seq=6 rtt=17 ticks (283 ms)
[00054450][DBG] PING seq=7 size=4096 sent
[00054666][DBG] PONG seq=7 rtt=13 ticks (216 ms)
[00054683][DBG] PING seq=8 size=4096 sent
[00054950][DBG] PONG seq=8 rtt=17 ticks (283 ms)
[00054966][DBG] PING seq=9 size=4096 sent
[00055166][DBG] PONG seq=9 rtt=13 ticks (216 ms)
[00055183][DBG] PING seq=10 size=4096 sent
[00055450][DBG] PONG seq=10 rtt=17 ticks (283 ms)
[00055450][DBG] PING seq=11 size=4096 sent
[00055666][DBG] PONG seq=11 rtt=13 ticks (216 ms)
[00055666][DBG] PING seq=12 size=4096 sent
[00055883][DBG] PONG seq=12 rtt=13 ticks (216 ms)
[00055883][DBG] PING seq=13 size=4096 sent
[00056150][DBG] PONG seq=13 rtt=16 ticks (266 ms)
[00056166][DBG] PING seq=14 size=4096 sent
[00056433][DBG] PONG seq=14 rtt=17 ticks (283 ms)
[00056450][DBG] PING seq=15 size=4096 sent
[00056650][DBG] PONG seq=15 rtt=13 ticks (216 ms)
[00056650][DBG] PING seq=16 size=4096 sent
[00056866][DBG] PONG seq=16 rtt=13 ticks (216 ms)
[00056883][DBG] PING seq=17 size=4096 sent
[00057150][DBG] PONG seq=17 rtt=16 ticks (266 ms)
[00057150][DBG] PING seq=18 size=4096 sent
[00057416][DBG] PONG seq=18 rtt=16 ticks (266 ms)
[00057416][DBG] PING seq=19 size=4096 sent
[00057633][DBG] PONG seq=19 rtt=13 ticks (216 ms)
[00057650][DBG] PING seq=20 size=4096 sent
[00057916][DBG] PONG seq=20 rtt=17 ticks (283 ms)
[00057916][DBG] PING seq=21 size=4096 sent
[00058116][DBG] PONG seq=21 rtt=12 ticks (200 ms)
[00058133][DBG] PING seq=22 size=4096 sent
[00058400][DBG] PONG seq=22 rtt=17 ticks (283 ms)
[00058416][DBG] PING seq=23 size=4096 sent
[00058683][DBG] PONG seq=23 rtt=17 ticks (283 ms)
[00058700][DBG] PING seq=24 size=4096 sent
[00058900][DBG] PONG seq=24 rtt=13 ticks (216 ms)
[00058916][DBG] PING seq=25 size=4096 sent
[00059183][DBG] PONG seq=25 rtt=17 ticks (283 ms)
[00059183][DBG] PING seq=26 size=4096 sent
[00059533][DBG] PONG seq=26 rtt=21 ticks (350 ms)
[00059533][DBG] PING seq=27 size=4096 sent
[00059750][DBG] PONG seq=27 rtt=13 ticks (216 ms)
[00059750][DBG] PING seq=28 size=4096 sent
[00060033][DBG] PONG seq=28 rtt=17 ticks (283 ms)
[00060033][DBG] PING seq=29 size=4096 sent
[00060316][DBG] PONG seq=29 rtt=17 ticks (283 ms)
[00060333][DBG] PING seq=30 size=4096 sent
[00060550][DBG] PONG seq=30 rtt=14 ticks (233 ms)
[00060550][DBG] PING seq=31 size=4096 sent
[00060666][INF] DISCOVERED: "PerfPartner" at 10.188.1.173:7354
[00060850][DBG] PONG seq=31 rtt=18 ticks (300 ms)
[00060866][DBG] PING seq=32 size=4096 sent
[00061150][DBG] PONG seq=32 rtt=18 ticks (300 ms)
[00061166][DBG] PING seq=33 size=4096 sent
[00061433][DBG] PONG seq=33 rtt=17 ticks (283 ms)
[00061433][DBG] PING seq=34 size=4096 sent
[00061650][DBG] PONG seq=34 rtt=13 ticks (216 ms)
[00061666][DBG] PING seq=35 size=4096 sent
[00061933][DBG] PONG seq=35 rtt=17 ticks (283 ms)
[00061933][DBG] PING seq=36 size=4096 sent
[00062066][DBG] PONG seq=36 rtt=8 ticks (133 ms)
[00062083][DBG] PING seq=37 size=4096 sent
[00062283][DBG] PONG seq=37 rtt=13 ticks (216 ms)
[00062283][DBG] PING seq=38 size=4096 sent
[00062516][DBG] PONG seq=38 rtt=14 ticks (233 ms)
[00062533][DBG] PING seq=39 size=4096 sent
[00062733][DBG] PONG seq=39 rtt=13 ticks (216 ms)
[00062750][DBG] PING seq=40 size=4096 sent
[00063016][DBG] PONG seq=40 rtt=17 ticks (283 ms)
[00063016][DBG] PING seq=41 size=4096 sent
[00063316][DBG] PONG seq=41 rtt=18 ticks (300 ms)
[00063333][DBG] PING seq=42 size=4096 sent
[00063600][DBG] PONG seq=42 rtt=17 ticks (283 ms)
[00063600][DBG] PING seq=43 size=4096 sent
[00063816][DBG] PONG seq=43 rtt=13 ticks (216 ms)
[00063816][DBG] PING seq=44 size=4096 sent
[00064100][DBG] PONG seq=44 rtt=17 ticks (283 ms)
[00064100][DBG] PING seq=45 size=4096 sent
[00064450][DBG] PONG seq=45 rtt=21 ticks (350 ms)
[00064450][DBG] PING seq=46 size=4096 sent
[00064733][DBG] PONG seq=46 rtt=17 ticks (283 ms)
[00064750][DBG] PING seq=47 size=4096 sent
[00065016][DBG] PONG seq=47 rtt=17 ticks (283 ms)
[00065016][DBG] PING seq=48 size=4096 sent
[00065233][DBG] PONG seq=48 rtt=13 ticks (216 ms)
[00065233][DBG] PING seq=49 size=4096 sent
[00065516][DBG] PONG seq=49 rtt=17 ticks (283 ms)
[00065516][DBG] PING seq=50 size=4096 sent
[00065800][DBG] PONG seq=50 rtt=17 ticks (283 ms)
[00065816][DBG] PING seq=51 size=4096 sent
[00066083][DBG] PONG seq=51 rtt=17 ticks (283 ms)
[00066100][DBG] PING seq=52 size=4096 sent
[00066366][DBG] PONG seq=52 rtt=17 ticks (283 ms)
[00066366][DBG] PING seq=53 size=4096 sent
[00066583][DBG] PONG seq=53 rtt=13 ticks (216 ms)
[00066600][DBG] PING seq=54 size=4096 sent
[00066866][DBG] PONG seq=54 rtt=17 ticks (283 ms)
[00066866][DBG] PING seq=55 size=4096 sent
[00067150][DBG] PONG seq=55 rtt=17 ticks (283 ms)
[00067150][DBG] PING seq=56 size=4096 sent
[00067366][DBG] PONG seq=56 rtt=13 ticks (216 ms)
[00067383][DBG] PING seq=57 size=4096 sent
[00067633][DBG] PONG seq=57 rtt=16 ticks (266 ms)
[00067633][DBG] PING seq=58 size=4096 sent
[00067916][DBG] PONG seq=58 rtt=17 ticks (283 ms)
[00067933][DBG] PING seq=59 size=4096 sent
[00068133][DBG] PONG seq=59 rtt=13 ticks (216 ms)
[00068133][DBG] PING seq=60 size=4096 sent
[00068416][DBG] PONG seq=60 rtt=17 ticks (283 ms)
[00068416][DBG] PING seq=61 size=4096 sent
[00068700][DBG] PONG seq=61 rtt=17 ticks (283 ms)
[00068716][DBG] PING seq=62 size=4096 sent
[00068916][DBG] PONG seq=62 rtt=13 ticks (216 ms)
[00068916][DBG] PING seq=63 size=4096 sent
[00069200][DBG] PONG seq=63 rtt=17 ticks (283 ms)
[00069200][DBG] PING seq=64 size=4096 sent
[00069483][DBG] PONG seq=64 rtt=17 ticks (283 ms)
[00069483][DBG] PING seq=65 size=4096 sent
[00069766][DBG] PONG seq=65 rtt=17 ticks (283 ms)
[00069766][DBG] PING seq=66 size=4096 sent
[00070050][DBG] PONG seq=66 rtt=17 ticks (283 ms)
[00070066][DBG] PING seq=67 size=4096 sent
[00070266][DBG] PONG seq=67 rtt=13 ticks (216 ms)
[00070283][DBG] PING seq=68 size=4096 sent
[00070550][DBG] PONG seq=68 rtt=17 ticks (283 ms)
[00070550][DBG] PING seq=69 size=4096 sent
[00070750][INF] DISCOVERED: "PerfPartner" at 10.188.1.173:7354
[00070850][DBG] PONG seq=69 rtt=18 ticks (300 ms)
[00070850][DBG] PING seq=70 size=4096 sent
[00071066][DBG] PONG seq=70 rtt=13 ticks (216 ms)
[00071066][DBG] PING seq=71 size=4096 sent
[00071350][DBG] PONG seq=71 rtt=17 ticks (283 ms)
[00071350][DBG] PING seq=72 size=4096 sent
[00071633][DBG] PONG seq=72 rtt=17 ticks (283 ms)
[00071633][DBG] PING seq=73 size=4096 sent
[00072016][DBG] PONG seq=73 rtt=23 ticks (383 ms)
[00072033][DBG] PING seq=74 size=4096 sent
[00072233][DBG] PONG seq=74 rtt=13 ticks (216 ms)
[00072233][DBG] PING seq=75 size=4096 sent
[00072516][DBG] PONG seq=75 rtt=17 ticks (283 ms)
[00072533][DBG] PING seq=76 size=4096 sent
[00072800][DBG] PONG seq=76 rtt=17 ticks (283 ms)
[00072800][DBG] PING seq=77 size=4096 sent
[00073083][DBG] PONG seq=77 rtt=17 ticks (283 ms)
[00073100][DBG] PING seq=78 size=4096 sent
[00073300][DBG] PONG seq=78 rtt=13 ticks (216 ms)
[00073316][DBG] PING seq=79 size=4096 sent
[00073583][DBG] PONG seq=79 rtt=17 ticks (283 ms)
[00073583][DBG] PING seq=80 size=4096 sent
[00073933][DBG] PONG seq=80 rtt=21 ticks (350 ms)
[00073933][DBG] PING seq=81 size=4096 sent
[00074216][DBG] PONG seq=81 rtt=17 ticks (283 ms)
[00074216][DBG] PING seq=82 size=4096 sent
[00074500][DBG] PONG seq=82 rtt=17 ticks (283 ms)
[00074516][DBG] PING seq=83 size=4096 sent
[00074716][DBG] PONG seq=83 rtt=13 ticks (216 ms)
[00074733][DBG] PING seq=84 size=4096 sent
[00075000][DBG] PONG seq=84 rtt=17 ticks (283 ms)
[00075016][DBG] PING seq=85 size=4096 sent
[00075216][DBG] PONG seq=85 rtt=13 ticks (216 ms)
[00075216][DBG] PING seq=86 size=4096 sent
[00075500][DBG] PONG seq=86 rtt=17 ticks (283 ms)
[00075500][DBG] PING seq=87 size=4096 sent
[00075800][DBG] PONG seq=87 rtt=18 ticks (300 ms)
[00075800][DBG] PING seq=88 size=4096 sent
[00076016][DBG] PONG seq=88 rtt=13 ticks (216 ms)
[00076033][DBG] PING seq=89 size=4096 sent
[00076300][DBG] PONG seq=89 rtt=17 ticks (283 ms)
[00076316][DBG] PING seq=90 size=4096 sent
[00076516][DBG] PONG seq=90 rtt=13 ticks (216 ms)
[00076516][DBG] PING seq=91 size=4096 sent
[00076800][DBG] PONG seq=91 rtt=17 ticks (283 ms)
[00076816][DBG] PING seq=92 size=4096 sent
[00077016][DBG] PONG seq=92 rtt=13 ticks (216 ms)
[00077016][DBG] PING seq=93 size=4096 sent
[00077300][DBG] PONG seq=93 rtt=17 ticks (283 ms)
[00077316][DBG] PING seq=94 size=4096 sent
[00077516][DBG] PONG seq=94 rtt=13 ticks (216 ms)
[00077516][DBG] PING seq=95 size=4096 sent
[00077766][DBG] PONG seq=95 rtt=15 ticks (250 ms)
[00077766][DBG] PING seq=96 size=4096 sent
[00078050][DBG] PONG seq=96 rtt=17 ticks (283 ms)
[00078066][DBG] PING seq=97 size=4096 sent
[00078333][DBG] PONG seq=97 rtt=17 ticks (283 ms)
[00078333][DBG] PING seq=98 size=4096 sent
[00078550][DBG] PONG seq=98 rtt=13 ticks (216 ms)
[00078566][DBG] PING seq=99 size=4096 sent
[00078833][DBG] PONG seq=99 rtt=17 ticks (283 ms)
[00078850][DBG] PING seq=100 size=4096 sent
[00078850][INF] SIZE 4096: min=133 max=383 avg=250 ms (sent=101 recv=100 lost=0)
[00078850][INF] All latency tests complete
[00078850][INF] ========================================
[00078850][INF] LATENCY TEST RESULTS
[00078850][INF] ========================================
[00078850][INF]   16 bytes: min= 16 avg= 66 max=533 ms (loss=0%)
[00078850][INF]   64 bytes: min= 16 avg= 66 max=183 ms (loss=0%)
[00078866][INF]  256 bytes: min= 16 avg= 50 max=166 ms (loss=0%)
[00078866][INF] 1024 bytes: min= 33 avg=116 max=216 ms (loss=0%)
[00078866][INF] 4096 bytes: min=133 avg=250 max=383 ms (loss=0%)
[00078866][INF] ========================================
[00078866][INF] Streaming 32003 bytes of logs to partner...
[00079316][WRN] PONG seq mismatch: got 100 expected 100
[00080700][INF] Log streaming complete: 32056 bytes sent
[00080700][INF] ========================================
[00080716][INF] TEST EXITING - cleaning up...
[00080716][INF] ========================================
[00000016][INF] ========================================
[00000016][INF] PeerTalk Latency Test
[00000016][INF] Version: 1.0.0
[00000016][INF] ========================================
[00000016][INF] Buffer pool: 4 buffers × 4KB
[00000016][INF] Initializing PeerTalk...
[00000100][INF] Waiting for peer...
[00000100][INF] Press any key to exit.
[00005450][INF] DISCOVERED: "PerfPartner" at 10.188.1.173:7354
[00005450][INF] Connecting to peer...
[00005550][INF] CONNECTED to peer 1
[00005550][INF] Starting latency test with size 16
[00005583][DBG] PING seq=0 size=16 sent
[00005616][DBG] PONG seq=0 rtt=2 ticks (33 ms)
[00005683][DBG] PING seq=1 size=16 sent
[00005683][DBG] PONG seq=1 rtt=0 ticks (0 ms)
[00005783][DBG] PING seq=2 size=16 sent
[00005800][DBG] PONG seq=2 rtt=0 ticks (0 ms)
[00005883][DBG] PING seq=3 size=16 sent
[00005883][DBG] PONG seq=3 rtt=0 ticks (0 ms)
[00005983][DBG] PING seq=4 size=16 sent
[00005983][DBG] PONG seq=4 rtt=0 ticks (0 ms)
[00006083][DBG] PING seq=5 size=16 sent
[00006083][DBG] PONG seq=5 rtt=0 ticks (0 ms)
[00006183][DBG] PING seq=6 size=16 sent
[00006183][DBG] PONG seq=6 rtt=0 ticks (0 ms)
[00006283][DBG] PING seq=7 size=16 sent
[00006283][DBG] PONG seq=7 rtt=0 ticks (0 ms)
[00006383][DBG] PING seq=8 size=16 sent
[00006400][DBG] PONG seq=8 rtt=1 ticks (16 ms)
[00006483][DBG] PING seq=9 size=16 sent
[00006483][DBG] PONG seq=9 rtt=0 ticks (0 ms)
[00006583][DBG] PING seq=10 size=16 sent
[00006583][DBG] PONG seq=10 rtt=0 ticks (0 ms)
[00006683][DBG] PING seq=11 size=16 sent
[00006683][DBG] PONG seq=11 rtt=0 ticks (0 ms)
[00006783][DBG] PING seq=12 size=16 sent
[00006783][DBG] PONG seq=12 rtt=0 ticks (0 ms)
[00006883][DBG] PING seq=13 size=16 sent
[00006883][DBG] PONG seq=13 rtt=0 ticks (0 ms)
[00006983][DBG] PING seq=14 size=16 sent
[00007000][DBG] PONG seq=14 rtt=1 ticks (16 ms)
[00007083][DBG] PING seq=15 size=16 sent
[00007100][DBG] PONG seq=15 rtt=1 ticks (16 ms)
[00007183][DBG] PING seq=16 size=16 sent
[00007200][DBG] PONG seq=16 rtt=1 ticks (16 ms)
[00007283][DBG] PING seq=17 size=16 sent
[00007283][DBG] PONG seq=17 rtt=0 ticks (0 ms)
[00007383][DBG] PING seq=18 size=16 sent
[00007400][DBG] PONG seq=18 rtt=1 ticks (16 ms)
[00007483][DBG] PING seq=19 size=16 sent
[00007483][DBG] PONG seq=19 rtt=0 ticks (0 ms)
[00007583][DBG] PING seq=20 size=16 sent
[00007583][DBG] PONG seq=20 rtt=0 ticks (0 ms)
[00007683][DBG] PING seq=21 size=16 sent
[00007700][DBG] PONG seq=21 rtt=1 ticks (16 ms)
[00007783][DBG] PING seq=22 size=16 sent
[00007783][DBG] PONG seq=22 rtt=0 ticks (0 ms)
[00007883][DBG] PING seq=23 size=16 sent
[00007883][DBG] PONG seq=23 rtt=0 ticks (0 ms)
[00007983][DBG] PING seq=24 size=16 sent
[00008000][DBG] PONG seq=24 rtt=1 ticks (16 ms)
[00008083][DBG] PING seq=25 size=16 sent
[00008083][DBG] PONG seq=25 rtt=0 ticks (0 ms)
[00008183][DBG] PING seq=26 size=16 sent
[00008183][DBG] PONG seq=26 rtt=0 ticks (0 ms)
[00008283][DBG] PING seq=27 size=16 sent
[00008300][DBG] PONG seq=27 rtt=1 ticks (16 ms)
[00008383][DBG] PING seq=28 size=16 sent
[00008400][DBG] PONG seq=28 rtt=1 ticks (16 ms)
[00008483][DBG] PING seq=29 size=16 sent
[00008500][DBG] PONG seq=29 rtt=1 ticks (16 ms)
[00008583][DBG] PING seq=30 size=16 sent
[00008616][DBG] PONG seq=30 rtt=2 ticks (33 ms)
[00008683][DBG] PING seq=31 size=16 sent
[00008683][DBG] PONG seq=31 rtt=0 ticks (0 ms)
[00008783][DBG] PING seq=32 size=16 sent
[00008800][DBG] PONG seq=32 rtt=1 ticks (16 ms)
[00008883][DBG] PING seq=33 size=16 sent
[00008916][DBG] PONG seq=33 rtt=2 ticks (33 ms)
[00008983][DBG] PING seq=34 size=16 sent
[00008983][DBG] PONG seq=34 rtt=0 ticks (0 ms)
[00009083][DBG] PING seq=35 size=16 sent
[00009100][DBG] PONG seq=35 rtt=1 ticks (16 ms)
[00009183][DBG] PING seq=36 size=16 sent
[00009200][DBG] PONG seq=36 rtt=1 ticks (16 ms)
[00009283][DBG] PING seq=37 size=16 sent
[00009300][DBG] PONG seq=37 rtt=1 ticks (16 ms)
[00009383][DBG] PING seq=38 size=16 sent
[00009400][DBG] PONG seq=38 rtt=1 ticks (16 ms)
[00009483][DBG] PING seq=39 size=16 sent
[00009483][DBG] PONG seq=39 rtt=0 ticks (0 ms)
[00009583][DBG] PING seq=40 size=16 sent
[00009583][DBG] PONG seq=40 rtt=0 ticks (0 ms)
[00009683][DBG] PING seq=41 size=16 sent
[00009700][DBG] PONG seq=41 rtt=1 ticks (16 ms)
[00009783][DBG] PING seq=42 size=16 sent
[00009800][DBG] PONG seq=42 rtt=1 ticks (16 ms)
[00009883][DBG] PING seq=43 size=16 sent
[00009900][DBG] PONG seq=43 rtt=1 ticks (16 ms)
[00009983][DBG] PING seq=44 size=16 sent
[00010000][DBG] PONG seq=44 rtt=1 ticks (16 ms)
[00010083][DBG] PING seq=45 size=16 sent
[00010083][DBG] PONG seq=45 rtt=0 ticks (0 ms)
[00010183][DBG] PING seq=46 size=16 sent
[00010183][DBG] PONG seq=46 rtt=0 ticks (0 ms)
[00010283][DBG] PING seq=47 size=16 sent
[00010300][DBG] PONG seq=47 rtt=1 ticks (16 ms)
[00010383][DBG] PING seq=48 size=16 sent
[00010383][DBG] PONG seq=48 rtt=0 ticks (0 ms)
[00010483][DBG] PING seq=49 size=16 sent
[00010483][DBG] PONG seq=49 rtt=0 ticks (0 ms)
[00010583][DBG] PING seq=50 size=16 sent
[00010600][DBG] PONG seq=50 rtt=1 ticks (16 ms)
[00010683][DBG] PING seq=51 size=16 sent
[00010683][DBG] PONG seq=51 rtt=0 ticks (0 ms)
[00010783][DBG] PING seq=52 size=16 sent
[00010783][DBG] PONG seq=52 rtt=0 ticks (0 ms)
[00010883][DBG] PING seq=53 size=16 sent
[00010883][DBG] PONG seq=53 rtt=0 ticks (0 ms)
[00010983][DBG] PING seq=54 size=16 sent
[00010983][DBG] PONG seq=54 rtt=0 ticks (0 ms)
[00011083][DBG] PING seq=55 size=16 sent
[00011083][DBG] PONG seq=55 rtt=0 ticks (0 ms)
[00011183][DBG] PING seq=56 size=16 sent
[00011183][DBG] PONG seq=56 rtt=0 ticks (0 ms)
[00011283][DBG] PING seq=57 size=16 sent
[00011283][DBG] PONG seq=57 rtt=0 ticks (0 ms)
[00011383][DBG] PING seq=58 size=16 sent
[00011383][DBG] PONG seq=58 rtt=0 ticks (0 ms)
[00011483][DBG] PING seq=59 size=16 sent
[00011483][DBG] PONG seq=59 rtt=0 ticks (0 ms)
[00011583][DBG] PING seq=60 size=16 sent
[00011600][DBG] PONG seq=60 rtt=1 ticks (16 ms)
[00011683][DBG] PING seq=61 size=16 sent
[00011700][DBG] PONG seq=61 rtt=1 ticks (16 ms)
[00011783][DBG] PING seq=62 size=16 sent
[00011783][DBG] PONG seq=62 rtt=0 ticks (0 ms)
[00011883][DBG] PING seq=63 size=16 sent
[00011900][DBG] PONG seq=63 rtt=1 ticks (16 ms)
[00011983][DBG] PING seq=64 size=16 sent
[00011983][DBG] PONG seq=64 rtt=0 ticks (0 ms)
[00012083][DBG] PING seq=65 size=16 sent
[00012083][DBG] PONG seq=65 rtt=0 ticks (0 ms)
[00012183][DBG] PING seq=66 size=16 sent
[00012200][DBG] PONG seq=66 rtt=1 ticks (16 ms)
[00012283][DBG] PING seq=67 size=16 sent
[00012283][DBG] PONG seq=67 rtt=0 ticks (0 ms)
[00012383][DBG] PING seq=68 size=16 sent
[00012400][DBG] PONG seq=68 rtt=1 ticks (16 ms)
[00012483][DBG] PING seq=69 size=16 sent
[00012483][DBG] PONG seq=69 rtt=0 ticks (0 ms)
[00012583][DBG] PING seq=70 size=16 sent
[00012600][DBG] PONG seq=70 rtt=1 ticks (16 ms)
[00012683][DBG] PING seq=71 size=16 sent
[00012683][DBG] PONG seq=71 rtt=0 ticks (0 ms)
[00012783][DBG] PING seq=72 size=16 sent
[00012800][DBG] PONG seq=72 rtt=1 ticks (16 ms)
[00012883][DBG] PING seq=73 size=16 sent
[00012883][DBG] PONG seq=73 rtt=0 ticks (0 ms)
[00012983][DBG] PING seq=74 size=16 sent
[00012983][DBG] PONG seq=74 rtt=0 ticks (0 ms)
[00013083][DBG] PING seq=75 size=16 sent
[00013083][DBG] PONG seq=75 rtt=0 ticks (0 ms)
[00013183][DBG] PING seq=76 size=16 sent
[00013200][DBG] PONG seq=76 rtt=1 ticks (16 ms)
[00013283][DBG] PING seq=77 size=16 sent
[00013283][DBG] PONG seq=77 rtt=0 ticks (0 ms)
[00013383][DBG] PING seq=78 size=16 sent
[00013400][DBG] PONG seq=78 rtt=1 ticks (16 ms)
[00013483][DBG] PING seq=79 size=16 sent
[00013483][DBG] PONG seq=79 rtt=0 ticks (0 ms)
[00013583][DBG] PING seq=80 size=16 sent
[00013583][DBG] PONG seq=80 rtt=0 ticks (0 ms)
[00013683][DBG] PING seq=81 size=16 sent
[00013683][DBG] PONG seq=81 rtt=0 ticks (0 ms)
[00013783][DBG] PING seq=82 size=16 sent
[00013783][DBG] PONG seq=82 rtt=0 ticks (0 ms)
[00013883][DBG] PING seq=83 size=16 sent
[00013883][DBG] PONG seq=83 rtt=0 ticks (0 ms)
[00013983][DBG] PING seq=84 size=16 sent
[00013983][DBG] PONG seq=84 rtt=0 ticks (0 ms)
[00014083][DBG] PING seq=85 size=16 sent
[00014083][DBG] PONG seq=85 rtt=0 ticks (0 ms)
[00014183][DBG] PING seq=86 size=16 sent
[00014183][DBG] PONG seq=86 rtt=0 ticks (0 ms)
[00014283][DBG] PING seq=87 size=16 sent
[00014300][DBG] PONG seq=87 rtt=1 ticks (16 ms)
[00014383][DBG] PING seq=88 size=16 sent
[00014383][DBG] PONG seq=88 rtt=0 ticks (0 ms)
[00014483][DBG] PING seq=89 size=16 sent
[00014483][DBG] PONG seq=89 rtt=0 ticks (0 ms)
[00014583][DBG] PING seq=90 size=16 sent
[00014600][DBG] PONG seq=90 rtt=1 ticks (16 ms)
[00014683][DBG] PING seq=91 size=16 sent
[00014683][DBG] PONG seq=91 rtt=0 ticks (0 ms)
[00014783][DBG] PING seq=92 size=16 sent
[00014783][DBG] PONG seq=92 rtt=0 ticks (0 ms)
[00014883][DBG] PING seq=93 size=16 sent
[00014883][DBG] PONG seq=93 rtt=0 ticks (0 ms)
[00014983][DBG] PING seq=94 size=16 sent
[00014983][DBG] PONG seq=94 rtt=0 ticks (0 ms)
[00015083][DBG] PING seq=95 size=16 sent
[00015100][DBG] PONG seq=95 rtt=1 ticks (16 ms)
[00015183][DBG] PING seq=96 size=16 sent
[00015183][DBG] PONG seq=96 rtt=0 ticks (0 ms)
[00015283][DBG] PING seq=97 size=16 sent
[00015283][DBG] PONG seq=97 rtt=0 ticks (0 ms)
[00015383][DBG] PING seq=98 size=16 sent
[00015383][DBG] PONG seq=98 rtt=0 ticks (0 ms)
[00015483][DBG] PING seq=99 size=16 sent
[00015500][DBG] PONG seq=99 rtt=0 ticks (0 ms)
[00015516][INF] SIZE 16: min=0 max=33 avg=0 ms (sent=100 recv=100 lost=0)
[00015516][INF] Starting size 64 test
[00015533][INF] DISCOVERED: "PerfPartner" at 10.188.1.173:7354
[00015583][DBG] PING seq=0 size=64 sent
[00015600][DBG] PONG seq=0 rtt=1 ticks (16 ms)
[00015683][DBG] PING seq=1 size=64 sent
[00015683][DBG] PONG seq=1 rtt=0 ticks (0 ms)
[00015783][DBG] PING seq=2 size=64 sent
[00015783][DBG] PONG seq=2 rtt=0 ticks (0 ms)
[00015883][DBG] PING seq=3 size=64 sent
[00015883][DBG] PONG seq=3 rtt=0 ticks (0 ms)
[00015983][DBG] PING seq=4 size=64 sent
[00015983][DBG] PONG seq=4 rtt=0 ticks (0 ms)
[00016083][DBG] PING seq=5 size=64 sent
[00016083][DBG] PONG seq=5 rtt=0 ticks (0 ms)
[00016183][DBG] PING seq=6 size=64 sent
[00016200][DBG] PONG seq=6 rtt=1 ticks (16 ms)
[00016283][DBG] PING seq=7 size=64 sent
[00016283][DBG] PONG seq=7 rtt=0 ticks (0 ms)
[00016383][DBG] PING seq=8 size=64 sent
[00016383][DBG] PONG seq=8 rtt=0 ticks (0 ms)
[00016483][DBG] PING seq=9 size=64 sent
[00016483][DBG] PONG seq=9 rtt=0 ticks (0 ms)
[00016583][DBG] PING seq=10 size=64 sent
[00016600][DBG] PONG seq=10 rtt=1 ticks (16 ms)
[00016683][DBG] PING seq=11 size=64 sent
[00016683][DBG] PONG seq=11 rtt=0 ticks (0 ms)
[00016783][DBG] PING seq=12 size=64 sent
[00016800][DBG] PONG seq=12 rtt=1 ticks (16 ms)
[00016883][DBG] PING seq=13 size=64 sent
[00016883][DBG] PONG seq=13 rtt=0 ticks (0 ms)
[00016983][DBG] PING seq=14 size=64 sent
[00017000][DBG] PONG seq=14 rtt=1 ticks (16 ms)
[00017083][DBG] PING seq=15 size=64 sent
[00017083][DBG] PONG seq=15 rtt=0 ticks (0 ms)
[00017183][DBG] PING seq=16 size=64 sent
[00017183][DBG] PONG seq=16 rtt=0 ticks (0 ms)
[00017283][DBG] PING seq=17 size=64 sent
[00017283][DBG] PONG seq=17 rtt=0 ticks (0 ms)
[00017383][DBG] PING seq=18 size=64 sent
[00017383][DBG] PONG seq=18 rtt=0 ticks (0 ms)
[00017483][DBG] PING seq=19 size=64 sent
[00017483][DBG] PONG seq=19 rtt=0 ticks (0 ms)
[00017583][DBG] PING seq=20 size=64 sent
[00017600][DBG] PONG seq=20 rtt=1 ticks (16 ms)
[00017683][DBG] PING seq=21 size=64 sent
[00017683][DBG] PONG seq=21 rtt=0 ticks (0 ms)
[00017783][DBG] PING seq=22 size=64 sent
[00017783][DBG] PONG seq=22 rtt=0 ticks (0 ms)
[00017883][DBG] PING seq=23 size=64 sent
[00017883][DBG] PONG seq=23 rtt=0 ticks (0 ms)
[00017983][DBG] PING seq=24 size=64 sent
[00017983][DBG] PONG seq=24 rtt=0 ticks (0 ms)
[00018083][DBG] PING seq=25 size=64 sent
[00018083][DBG] PONG seq=25 rtt=0 ticks (0 ms)
[00018183][DBG] PING seq=26 size=64 sent
[00018183][DBG] PONG seq=26 rtt=0 ticks (0 ms)
[00018283][DBG] PING seq=27 size=64 sent
[00018283][DBG] PONG seq=27 rtt=0 ticks (0 ms)
[00018383][DBG] PING seq=28 size=64 sent
[00018400][DBG] PONG seq=28 rtt=1 ticks (16 ms)
[00018483][DBG] PING seq=29 size=64 sent
[00018483][DBG] PONG seq=29 rtt=0 ticks (0 ms)
[00018583][DBG] PING seq=30 size=64 sent
[00018583][DBG] PONG seq=30 rtt=0 ticks (0 ms)
[00018683][DBG] PING seq=31 size=64 sent
[00018683][DBG] PONG seq=31 rtt=0 ticks (0 ms)
[00018783][DBG] PING seq=32 size=64 sent
[00018783][DBG] PONG seq=32 rtt=0 ticks (0 ms)
[00018883][DBG] PING seq=33 size=64 sent
[00018900][DBG] PONG seq=33 rtt=1 ticks (16 ms)
[00018983][DBG] PING seq=34 size=64 sent
[00018983][DBG] PONG seq=34 rtt=0 ticks (0 ms)
[00019083][DBG] PING seq=35 size=64 sent
[00019083][DBG] PONG seq=35 rtt=0 ticks (0 ms)
[00019183][DBG] PING seq=36 size=64 sent
[00019200][DBG] PONG seq=36 rtt=1 ticks (16 ms)
[00019283][DBG] PING seq=37 size=64 sent
[00019283][DBG] PONG seq=37 rtt=0 ticks (0 ms)
[00019383][DBG] PING seq=38 size=64 sent
[00019383][DBG] PONG seq=38 rtt=0 ticks (0 ms)
[00019483][DBG] PING seq=39 size=64 sent
[00019483][DBG] PONG seq=39 rtt=0 ticks (0 ms)
[00019583][DBG] PING seq=40 size=64 sent
[00019583][DBG] PONG seq=40 rtt=0 ticks (0 ms)
[00019683][DBG] PING seq=41 size=64 sent
[00019683][DBG] PONG seq=41 rtt=0 ticks (0 ms)
[00019783][DBG] PING seq=42 size=64 sent
[00019800][DBG] PONG seq=42 rtt=1 ticks (16 ms)
[00019883][DBG] PING seq=43 size=64 sent
[00019900][DBG] PONG seq=43 rtt=1 ticks (16 ms)
[00019983][DBG] PING seq=44 size=64 sent
[00020083][DBG] PONG seq=44 rtt=6 ticks (100 ms)
[00020083][DBG] PING seq=45 size=64 sent
[00020183][DBG] PONG seq=45 rtt=6 ticks (100 ms)
[00020183][DBG] PING seq=46 size=64 sent
[00020350][DBG] PONG seq=46 rtt=10 ticks (166 ms)
[00020366][DBG] PING seq=47 size=64 sent
[00020383][DBG] PONG seq=47 rtt=2 ticks (33 ms)
[00020450][DBG] PING seq=48 size=64 sent
[00020466][DBG] PONG seq=48 rtt=1 ticks (16 ms)
[00020550][DBG] PING seq=49 size=64 sent
[00020566][DBG] PONG seq=49 rtt=1 ticks (16 ms)
[00020650][DBG] PING seq=50 size=64 sent
[00020666][DBG] PONG seq=50 rtt=1 ticks (16 ms)
[00020750][DBG] PING seq=51 size=64 sent
[00020750][DBG] PONG seq=51 rtt=0 ticks (0 ms)
[00020850][DBG] PING seq=52 size=64 sent
[00020866][DBG] PONG seq=52 rtt=1 ticks (16 ms)
[00020950][DBG] PING seq=53 size=64 sent
[00020950][DBG] PONG seq=53 rtt=0 ticks (0 ms)
[00021050][DBG] PING seq=54 size=64 sent
[00021066][DBG] PONG seq=54 rtt=0 ticks (0 ms)
[00021150][DBG] PING seq=55 size=64 sent
[00021150][DBG] PONG seq=55 rtt=0 ticks (0 ms)
[00021250][DBG] PING seq=56 size=64 sent
[00021266][DBG] PONG seq=56 rtt=1 ticks (16 ms)
[00021350][DBG] PING seq=57 size=64 sent
[00021366][DBG] PONG seq=57 rtt=1 ticks (16 ms)
[00021450][DBG] PING seq=58 size=64 sent
[00021466][DBG] PONG seq=58 rtt=1 ticks (16 ms)
[00021550][DBG] PING seq=59 size=64 sent
[00021550][DBG] PONG seq=59 rtt=0 ticks (0 ms)
[00021650][DBG] PING seq=60 size=64 sent
[00021666][DBG] PONG seq=60 rtt=1 ticks (16 ms)
[00021750][DBG] PING seq=61 size=64 sent
[00021750][DBG] PONG seq=61 rtt=0 ticks (0 ms)
[00021850][DBG] PING seq=62 size=64 sent
[00021866][DBG] PONG seq=62 rtt=1 ticks (16 ms)
[00021950][DBG] PING seq=63 size=64 sent
[00021966][DBG] PONG seq=63 rtt=1 ticks (16 ms)
[00022050][DBG] PING seq=64 size=64 sent
[00022066][DBG] PONG seq=64 rtt=1 ticks (16 ms)
[00022150][DBG] PING seq=65 size=64 sent
[00022150][DBG] PONG seq=65 rtt=0 ticks (0 ms)
[00022250][DBG] PING seq=66 size=64 sent
[00022250][DBG] PONG seq=66 rtt=0 ticks (0 ms)
[00022350][DBG] PING seq=67 size=64 sent
[00022350][DBG] PONG seq=67 rtt=0 ticks (0 ms)
[00022450][DBG] PING seq=68 size=64 sent
[00022466][DBG] PONG seq=68 rtt=0 ticks (0 ms)
[00022550][DBG] PING seq=69 size=64 sent
[00022550][DBG] PONG seq=69 rtt=0 ticks (0 ms)
[00022650][DBG] PING seq=70 size=64 sent
[00022650][DBG] PONG seq=70 rtt=0 ticks (0 ms)
[00022750][DBG] PING seq=71 size=64 sent
[00022750][DBG] PONG seq=71 rtt=0 ticks (0 ms)
[00022850][DBG] PING seq=72 size=64 sent
[00022850][DBG] PONG seq=72 rtt=0 ticks (0 ms)
[00022950][DBG] PING seq=73 size=64 sent
[00022950][DBG] PONG seq=73 rtt=0 ticks (0 ms)
[00023050][DBG] PING seq=74 size=64 sent
[00023050][DBG] PONG seq=74 rtt=0 ticks (0 ms)
[00023150][DBG] PING seq=75 size=64 sent
[00023150][DBG] PONG seq=75 rtt=0 ticks (0 ms)
[00023250][DBG] PING seq=76 size=64 sent
[00023250][DBG] PONG seq=76 rtt=0 ticks (0 ms)
[00023350][DBG] PING seq=77 size=64 sent
[00023350][DBG] PONG seq=77 rtt=0 ticks (0 ms)
[00023450][DBG] PING seq=78 size=64 sent
[00023450][DBG] PONG seq=78 rtt=0 ticks (0 ms)
[00023550][DBG] PING seq=79 size=64 sent
[00023550][DBG] PONG seq=79 rtt=0 ticks (0 ms)
[00023650][DBG] PING seq=80 size=64 sent
[00023650][DBG] PONG seq=80 rtt=0 ticks (0 ms)
[00023750][DBG] PING seq=81 size=64 sent
[00023750][DBG] PONG seq=81 rtt=0 ticks (0 ms)
[00023850][DBG] PING seq=82 size=64 sent
[00023850][DBG] PONG seq=82 rtt=0 ticks (0 ms)
[00023950][DBG] PING seq=83 size=64 sent
[00023950][DBG] PONG seq=83 rtt=0 ticks (0 ms)
[00024050][DBG] PING seq=84 size=64 sent
[00024050][DBG] PONG seq=84 rtt=0 ticks (0 ms)
[00024150][DBG] PING seq=85 size=64 sent
[00024150][DBG] PONG seq=85 rtt=0 ticks (0 ms)
[00024250][DBG] PING seq=86 size=64 sent
[00024250][DBG] PONG seq=86 rtt=0 ticks (0 ms)
[00024350][DBG] PING seq=87 size=64 sent
[00024366][DBG] PONG seq=87 rtt=1 ticks (16 ms)
[00024450][DBG] PING seq=88 size=64 sent
[00024450][DBG] PONG seq=88 rtt=0 ticks (0 ms)
[00024550][DBG] PING seq=89 size=64 sent
[00024550][DBG] PONG seq=89 rtt=0 ticks (0 ms)
[00024650][DBG] PING seq=90 size=64 sent
[00024650][DBG] PONG seq=90 rtt=0 ticks (0 ms)
[00024750][DBG] PING seq=91 size=64 sent
[00024750][DBG] PONG seq=91 rtt=0 ticks (0 ms)
[00024850][DBG] PING seq=92 size=64 sent
[00024850][DBG] PONG seq=92 rtt=0 ticks (0 ms)
[00024950][DBG] PING seq=93 size=64 sent
[00024966][DBG] PONG seq=93 rtt=1 ticks (16 ms)
[00025050][DBG] PING seq=94 size=64 sent
[00025050][DBG] PONG seq=94 rtt=0 ticks (0 ms)
[00025150][DBG] PING seq=95 size=64 sent
[00025150][DBG] PONG seq=95 rtt=0 ticks (0 ms)
[00025250][DBG] PING seq=96 size=64 sent
[00025266][DBG] PONG seq=96 rtt=1 ticks (16 ms)
[00025350][DBG] PING seq=97 size=64 sent
[00025350][DBG] PONG seq=97 rtt=0 ticks (0 ms)
[00025450][DBG] PING seq=98 size=64 sent
[00025450][DBG] PONG seq=98 rtt=0 ticks (0 ms)
[00025550][DBG] PING seq=99 size=64 sent
[00025566][INF] DISCOVERED: "PerfPartner" at 10.188.1.173:7354
[00025583][DBG] PONG seq=99 rtt=2 ticks (33 ms)
[00025600][INF] SIZE 64: min=0 max=166 avg=0 ms (sent=100 recv=100 lost=0)
[00025600][INF] Starting size 256 test
[00025650][DBG] PING seq=0 size=256 sent
[00025666][DBG] PONG seq=0 rtt=1 ticks (16 ms)
[00025750][DBG] PING seq=1 size=256 sent
[00025766][DBG] PONG seq=1 rtt=1 ticks (16 ms)
[00025850][DBG] PING seq=2 size=256 sent
[00025850][DBG] PONG seq=2 rtt=0 ticks (0 ms)
[00025950][DBG] PING seq=3 size=256 sent
[00025966][DBG] PONG seq=3 rtt=1 ticks (16 ms)
[00026050][DBG] PING seq=4 size=256 sent
[00026050][DBG] PONG seq=4 rtt=0 ticks (0 ms)
[00026150][DBG] PING seq=5 size=256 sent
[00026150][DBG] PONG seq=5 rtt=0 ticks (0 ms)
[00026250][DBG] PING seq=6 size=256 sent
[00026266][DBG] PONG seq=6 rtt=1 ticks (16 ms)
[00026350][DBG] PING seq=7 size=256 sent
[00026350][DBG] PONG seq=7 rtt=0 ticks (0 ms)
[00026450][DBG] PING seq=8 size=256 sent
[00026450][DBG] PONG seq=8 rtt=0 ticks (0 ms)
[00026550][DBG] PING seq=9 size=256 sent
[00026550][DBG] PONG seq=9 rtt=0 ticks (0 ms)
[00026650][DBG] PING seq=10 size=256 sent
[00026650][DBG] PONG seq=10 rtt=0 ticks (0 ms)
[00026750][DBG] PING seq=11 size=256 sent
[00026750][DBG] PONG seq=11 rtt=0 ticks (0 ms)
[00026850][DBG] PING seq=12 size=256 sent
[00026850][DBG] PONG seq=12 rtt=0 ticks (0 ms)
[00026950][DBG] PING seq=13 size=256 sent
[00026950][DBG] PONG seq=13 rtt=0 ticks (0 ms)
[00027050][DBG] PING seq=14 size=256 sent
[00027050][DBG] PONG seq=14 rtt=0 ticks (0 ms)
[00027150][DBG] PING seq=15 size=256 sent
[00027150][DBG] PONG seq=15 rtt=0 ticks (0 ms)
[00027250][DBG] PING seq=16 size=256 sent
[00027250][DBG] PONG seq=16 rtt=0 ticks (0 ms)
[00027350][DBG] PING seq=17 size=256 sent
[00027350][DBG] PONG seq=17 rtt=0 ticks (0 ms)
[00027450][DBG] PING seq=18 size=256 sent
[00027450][DBG] PONG seq=18 rtt=0 ticks (0 ms)
[00027550][DBG] PING seq=19 size=256 sent
[00027550][DBG] PONG seq=19 rtt=0 ticks (0 ms)
[00027650][DBG] PING seq=20 size=256 sent
[00027650][DBG] PONG seq=20 rtt=0 ticks (0 ms)
[00027750][DBG] PING seq=21 size=256 sent
[00027766][DBG] PONG seq=21 rtt=1 ticks (16 ms)
[00027850][DBG] PING seq=22 size=256 sent
[00027850][DBG] PONG seq=22 rtt=0 ticks (0 ms)
[00027950][DBG] PING seq=23 size=256 sent
[00027950][DBG] PONG seq=23 rtt=0 ticks (0 ms)
[00028050][DBG] PING seq=24 size=256 sent
[00028066][DBG] PONG seq=24 rtt=1 ticks (16 ms)
[00028150][DBG] PING seq=25 size=256 sent
[00028166][DBG] PONG seq=25 rtt=1 ticks (16 ms)
[00028250][DBG] PING seq=26 size=256 sent
[00028283][DBG] PONG seq=26 rtt=2 ticks (33 ms)
[00028350][DBG] PING seq=27 size=256 sent
[00028350][DBG] PONG seq=27 rtt=0 ticks (0 ms)
[00028450][DBG] PING seq=28 size=256 sent
[00028450][DBG] PONG seq=28 rtt=0 ticks (0 ms)
[00028550][DBG] PING seq=29 size=256 sent
[00028583][DBG] PONG seq=29 rtt=2 ticks (33 ms)
[00028650][DBG] PING seq=30 size=256 sent
[00028650][DBG] PONG seq=30 rtt=0 ticks (0 ms)
[00028750][DBG] PING seq=31 size=256 sent
[00028750][DBG] PONG seq=31 rtt=0 ticks (0 ms)
[00028850][DBG] PING seq=32 size=256 sent
[00028883][DBG] PONG seq=32 rtt=2 ticks (33 ms)
[00028950][DBG] PING seq=33 size=256 sent
[00028950][DBG] PONG seq=33 rtt=0 ticks (0 ms)
[00029050][DBG] PING seq=34 size=256 sent
[00029050][DBG] PONG seq=34 rtt=0 ticks (0 ms)
[00029150][DBG] PING seq=35 size=256 sent
[00029166][DBG] PONG seq=35 rtt=1 ticks (16 ms)
[00029250][DBG] PING seq=36 size=256 sent
[00029250][DBG] PONG seq=36 rtt=0 ticks (0 ms)
[00029350][DBG] PING seq=37 size=256 sent
[00029366][DBG] PONG seq=37 rtt=1 ticks (16 ms)
[00029450][DBG] PING seq=38 size=256 sent
[00029466][DBG] PONG seq=38 rtt=1 ticks (16 ms)
[00029550][DBG] PING seq=39 size=256 sent
[00029550][DBG] PONG seq=39 rtt=0 ticks (0 ms)
[00029650][DBG] PING seq=40 size=256 sent
[00029650][DBG] PONG seq=40 rtt=0 ticks (0 ms)
[00029750][DBG] PING seq=41 size=256 sent
[00029750][DBG] PONG seq=41 rtt=0 ticks (0 ms)
[00029850][DBG] PING seq=42 size=256 sent
[00029850][DBG] PONG seq=42 rtt=0 ticks (0 ms)
[00029950][DBG] PING seq=43 size=256 sent
[00029950][DBG] PONG seq=43 rtt=0 ticks (0 ms)
[00030050][DBG] PING seq=44 size=256 sent
[00030050][DBG] PONG seq=44 rtt=0 ticks (0 ms)
[00030150][DBG] PING seq=45 size=256 sent
[00030150][DBG] PONG seq=45 rtt=0 ticks (0 ms)
[00030250][DBG] PING seq=46 size=256 sent
[00030250][DBG] PONG seq=46 rtt=0 ticks (0 ms)
[00030350][DBG] PING seq=47 size=256 sent
[00030350][DBG] PONG seq=47 rtt=0 ticks (0 ms)
[00030450][DBG] PING seq=48 size=256 sent
[00030466][DBG] PONG seq=48 rtt=1 ticks (16 ms)
[00030550][DBG] PING seq=49 size=256 sent
[00030550][DBG] PONG seq=49 rtt=0 ticks (0 ms)
[00030650][DBG] PING seq=50 size=256 sent
[00030650][DBG] PONG seq=50 rtt=0 ticks (0 ms)
[00030750][DBG] PING seq=51 size=256 sent
[00030750][DBG] PONG seq=51 rtt=0 ticks (0 ms)
[00030850][DBG] PING seq=52 size=256 sent
[00030850][DBG] PONG seq=52 rtt=0 ticks (0 ms)
[00030950][DBG] PING seq=53 size=256 sent
[00030950][DBG] PONG seq=53 rtt=0 ticks (0 ms)
[00031050][DBG] PING seq=54 size=256 sent
[00031066][DBG] PONG seq=54 rtt=1 ticks (16 ms)
[00031150][DBG] PING seq=55 size=256 sent
[00031150][DBG] PONG seq=55 rtt=0 ticks (0 ms)
[00031250][DBG] PING seq=56 size=256 sent
[00031250][DBG] PONG seq=56 rtt=0 ticks (0 ms)
[00031350][DBG] PING seq=57 size=256 sent
[00031350][DBG] PONG seq=57 rtt=0 ticks (0 ms)
[00031450][DBG] PING seq=58 size=256 sent
[00031466][DBG] PONG seq=58 rtt=1 ticks (16 ms)
[00031550][DBG] PING seq=59 size=256 sent
[00031566][DBG] PONG seq=59 rtt=1 ticks (16 ms)
[00031666][DBG] PING seq=60 size=256 sent
[00031666][DBG] PONG seq=60 rtt=1 ticks (16 ms)
[00031750][DBG] PING seq=61 size=256 sent
[00031750][DBG] PONG seq=61 rtt=0 ticks (0 ms)
[00031850][DBG] PING seq=62 size=256 sent
[00031850][DBG] PONG seq=62 rtt=0 ticks (0 ms)
[00031950][DBG] PING seq=63 size=256 sent
[00031950][DBG] PONG seq=63 rtt=0 ticks (0 ms)
[00032050][DBG] PING seq=64 size=256 sent
[00032050][DBG] PONG seq=64 rtt=0 ticks (0 ms)
[00032150][DBG] PING seq=65 size=256 sent
[00032150][DBG] PONG seq=65 rtt=0 ticks (0 ms)
[00032250][DBG] PING seq=66 size=256 sent
[00032250][DBG] PONG seq=66 rtt=0 ticks (0 ms)
[00032350][DBG] PING seq=67 size=256 sent
[00032366][DBG] PONG seq=67 rtt=1 ticks (16 ms)
[00032450][DBG] PING seq=68 size=256 sent
[00032466][DBG] PONG seq=68 rtt=1 ticks (16 ms)
[00032550][DBG] PING seq=69 size=256 sent
[00032550][DBG] PONG seq=69 rtt=0 ticks (0 ms)
[00032650][DBG] PING seq=70 size=256 sent
[00032666][DBG] PONG seq=70 rtt=1 ticks (16 ms)
[00032750][DBG] PING seq=71 size=256 sent
[00032750][DBG] PONG seq=71 rtt=0 ticks (0 ms)
[00032850][DBG] PING seq=72 size=256 sent
[00032850][DBG] PONG seq=72 rtt=0 ticks (0 ms)
[00032950][DBG] PING seq=73 size=256 sent
[00032966][DBG] PONG seq=73 rtt=1 ticks (16 ms)
[00033050][DBG] PING seq=74 size=256 sent
[00033066][DBG] PONG seq=74 rtt=1 ticks (16 ms)
[00033150][DBG] PING seq=75 size=256 sent
[00033150][DBG] PONG seq=75 rtt=0 ticks (0 ms)
[00033250][DBG] PING seq=76 size=256 sent
[00033250][DBG] PONG seq=76 rtt=0 ticks (0 ms)
[00033350][DBG] PING seq=77 size=256 sent
[00033350][DBG] PONG seq=77 rtt=0 ticks (0 ms)
[00033450][DBG] PING seq=78 size=256 sent
[00033466][DBG] PONG seq=78 rtt=1 ticks (16 ms)
[00033550][DBG] PING seq=79 size=256 sent
[00033550][DBG] PONG seq=79 rtt=0 ticks (0 ms)
[00033650][DBG] PING seq=80 size=256 sent
[00033666][DBG] PONG seq=80 rtt=1 ticks (16 ms)
[00033750][DBG] PING seq=81 size=256 sent
[00033750][DBG] PONG seq=81 rtt=0 ticks (0 ms)
[00033850][DBG] PING seq=82 size=256 sent
[00033850][DBG] PONG seq=82 rtt=0 ticks (0 ms)
[00033950][DBG] PING seq=83 size=256 sent
[00033950][DBG] PONG seq=83 rtt=0 ticks (0 ms)
[00034050][DBG] PING seq=84 size=256 sent
[00034050][DBG] PONG seq=84 rtt=0 ticks (0 ms)
[00034150][DBG] PING seq=85 size=256 sent
[00034150][DBG] PONG seq=85 rtt=0 ticks (0 ms)
[00034250][DBG] PING seq=86 size=256 sent
[00034250][DBG] PONG seq=86 rtt=0 ticks (0 ms)
[00034350][DBG] PING seq=87 size=256 sent
[00034350][DBG] PONG seq=87 rtt=0 ticks (0 ms)
[00034450][DBG] PING seq=88 size=256 sent
[00034466][DBG] PONG seq=88 rtt=1 ticks (16 ms)
[00034550][DBG] PING seq=89 size=256 sent
[00034566][DBG] PONG seq=89 rtt=1 ticks (16 ms)
[00034700][DBG] PING seq=90 size=256 sent
[00034800][DBG] PONG seq=90 rtt=6 ticks (100 ms)
[00034800][DBG] PING seq=91 size=256 sent
[00034800][DBG] PONG seq=91 rtt=0 ticks (0 ms)
[00034900][DBG] PING seq=92 size=256 sent
[00034900][DBG] PONG seq=92 rtt=0 ticks (0 ms)
[00035000][DBG] PING seq=93 size=256 sent
[00035000][DBG] PONG seq=93 rtt=0 ticks (0 ms)
[00035100][DBG] PING seq=94 size=256 sent
[00035100][DBG] PONG seq=94 rtt=0 ticks (0 ms)
[00035200][DBG] PING seq=95 size=256 sent
[00035216][DBG] PONG seq=95 rtt=1 ticks (16 ms)
[00035300][DBG] PING seq=96 size=256 sent
[00035300][DBG] PONG seq=96 rtt=0 ticks (0 ms)
[00035400][DBG] PING seq=97 size=256 sent
[00035400][DBG] PONG seq=97 rtt=0 ticks (0 ms)
[00035500][DBG] PING seq=98 size=256 sent
[00035500][DBG] PONG seq=98 rtt=0 ticks (0 ms)
[00035600][DBG] PING seq=99 size=256 sent
[00035600][DBG] PONG seq=99 rtt=0 ticks (0 ms)
[00035633][INF] SIZE 256: min=0 max=100 avg=0 ms (sent=100 recv=100 lost=0)
[00035633][INF] Starting size 1024 test
[00035700][DBG] PING seq=0 size=1024 sent
[00035716][DBG] PONG seq=0 rtt=1 ticks (16 ms)
[00035800][DBG] PING seq=1 size=1024 sent
[00035816][DBG] PONG seq=1 rtt=1 ticks (16 ms)
[00035900][DBG] PING seq=2 size=1024 sent
[00035916][DBG] PONG seq=2 rtt=1 ticks (16 ms)
[00036000][DBG] PING seq=3 size=1024 sent
[00036016][DBG] PONG seq=3 rtt=1 ticks (16 ms)
[00036100][DBG] PING seq=4 size=1024 sent
[00036116][DBG] PONG seq=4 rtt=1 ticks (16 ms)
[00036200][DBG] PING seq=5 size=1024 sent
[00036216][DBG] PONG seq=5 rtt=1 ticks (16 ms)
[00036300][DBG] PING seq=6 size=1024 sent
[00036316][DBG] PONG seq=6 rtt=1 ticks (16 ms)
[00036400][DBG] PING seq=7 size=1024 sent
[00036416][DBG] PONG seq=7 rtt=1 ticks (16 ms)
[00036500][DBG] PING seq=8 size=1024 sent
[00036516][DBG] PONG seq=8 rtt=1 ticks (16 ms)
[00036600][DBG] PING seq=9 size=1024 sent
[00036616][DBG] PONG seq=9 rtt=1 ticks (16 ms)
[00036700][DBG] PING seq=10 size=1024 sent
[00036716][DBG] PONG seq=10 rtt=1 ticks (16 ms)
[00036800][DBG] PING seq=11 size=1024 sent
[00036816][DBG] PONG seq=11 rtt=1 ticks (16 ms)
[00036900][DBG] PING seq=12 size=1024 sent
[00036916][DBG] PONG seq=12 rtt=1 ticks (16 ms)
[00037000][DBG] PING seq=13 size=1024 sent
[00037016][DBG] PONG seq=13 rtt=1 ticks (16 ms)
[00037100][DBG] PING seq=14 size=1024 sent
[00037116][DBG] PONG seq=14 rtt=1 ticks (16 ms)
[00037200][DBG] PING seq=15 size=1024 sent
[00037216][DBG] PONG seq=15 rtt=1 ticks (16 ms)
[00037300][DBG] PING seq=16 size=1024 sent
[00037333][DBG] PONG seq=16 rtt=2 ticks (33 ms)
[00037400][DBG] PING seq=17 size=1024 sent
[00037416][DBG] PONG seq=17 rtt=1 ticks (16 ms)
[00037500][DBG] PING seq=18 size=1024 sent
[00037516][DBG] PONG seq=18 rtt=1 ticks (16 ms)
[00037600][DBG] PING seq=19 size=1024 sent
[00037616][DBG] PONG seq=19 rtt=1 ticks (16 ms)
[00037700][DBG] PING seq=20 size=1024 sent
[00037733][DBG] PONG seq=20 rtt=2 ticks (33 ms)
[00037800][DBG] PING seq=21 size=1024 sent
[00037816][DBG] PONG seq=21 rtt=1 ticks (16 ms)
[00037900][DBG] PING seq=22 size=1024 sent
[00037916][DBG] PONG seq=22 rtt=1 ticks (16 ms)
[00038000][DBG] PING seq=23 size=1024 sent
[00038016][DBG] PONG seq=23 rtt=1 ticks (16 ms)
[00038100][DBG] PING seq=24 size=1024 sent
[00038116][DBG] PONG seq=24 rtt=1 ticks (16 ms)
[00038200][DBG] PING seq=25 size=1024 sent
[00038216][DBG] PONG seq=25 rtt=1 ticks (16 ms)
[00038300][DBG] PING seq=26 size=1024 sent
[00038316][DBG] PONG seq=26 rtt=1 ticks (16 ms)
[00038400][DBG] PING seq=27 size=1024 sent
[00038416][DBG] PONG seq=27 rtt=1 ticks (16 ms)
[00038500][DBG] PING seq=28 size=1024 sent
[00038516][DBG] PONG seq=28 rtt=1 ticks (16 ms)
[00038600][DBG] PING seq=29 size=1024 sent
[00038633][DBG] PONG seq=29 rtt=2 ticks (33 ms)
[00038700][DBG] PING seq=30 size=1024 sent
[00038716][DBG] PONG seq=30 rtt=1 ticks (16 ms)
[00038800][DBG] PING seq=31 size=1024 sent
[00038816][DBG] PONG seq=31 rtt=1 ticks (16 ms)
[00038900][DBG] PING seq=32 size=1024 sent
[00038933][DBG] PONG seq=32 rtt=2 ticks (33 ms)
[00039000][DBG] PING seq=33 size=1024 sent
[00039016][DBG] PONG seq=33 rtt=1 ticks (16 ms)
[00039100][DBG] PING seq=34 size=1024 sent
[00039116][DBG] PONG seq=34 rtt=1 ticks (16 ms)
[00039200][DBG] PING seq=35 size=1024 sent
[00039233][DBG] PONG seq=35 rtt=2 ticks (33 ms)
[00039300][DBG] PING seq=36 size=1024 sent
[00039316][DBG] PONG seq=36 rtt=1 ticks (16 ms)
[00039400][DBG] PING seq=37 size=1024 sent
[00039416][DBG] PONG seq=37 rtt=1 ticks (16 ms)
[00039500][DBG] PING seq=38 size=1024 sent
[00039533][DBG] PONG seq=38 rtt=2 ticks (33 ms)
[00039600][DBG] PING seq=39 size=1024 sent
[00039616][DBG] PONG seq=39 rtt=1 ticks (16 ms)
[00039700][DBG] PING seq=40 size=1024 sent
[00039716][DBG] PONG seq=40 rtt=1 ticks (16 ms)
[00039800][DBG] PING seq=41 size=1024 sent
[00039816][DBG] PONG seq=41 rtt=1 ticks (16 ms)
[00039900][DBG] PING seq=42 size=1024 sent
[00039916][DBG] PONG seq=42 rtt=1 ticks (16 ms)
[00040000][DBG] PING seq=43 size=1024 sent
[00040066][DBG] PONG seq=43 rtt=4 ticks (66 ms)
[00040100][DBG] PING seq=44 size=1024 sent
[00040116][DBG] PONG seq=44 rtt=1 ticks (16 ms)
[00040200][DBG] PING seq=45 size=1024 sent
[00040216][DBG] PONG seq=45 rtt=1 ticks (16 ms)
[00040300][DBG] PING seq=46 size=1024 sent
[00040316][DBG] PONG seq=46 rtt=1 ticks (16 ms)
[00040400][DBG] PING seq=47 size=1024 sent
[00040416][DBG] PONG seq=47 rtt=1 ticks (16 ms)
[00040500][DBG] PING seq=48 size=1024 sent
[00040516][DBG] PONG seq=48 rtt=1 ticks (16 ms)
[00040600][DBG] PING seq=49 size=1024 sent
[00040616][DBG] PONG seq=49 rtt=1 ticks (16 ms)
[00040700][DBG] PING seq=50 size=1024 sent
[00040716][DBG] PONG seq=50 rtt=1 ticks (16 ms)
[00040800][DBG] PING seq=51 size=1024 sent
[00040816][DBG] PONG seq=51 rtt=1 ticks (16 ms)
[00040900][DBG] PING seq=52 size=1024 sent
[00040916][DBG] PONG seq=52 rtt=1 ticks (16 ms)
[00041000][DBG] PING seq=53 size=1024 sent
[00041016][DBG] PONG seq=53 rtt=1 ticks (16 ms)
[00041100][DBG] PING seq=54 size=1024 sent
[00041116][DBG] PONG seq=54 rtt=1 ticks (16 ms)
[00041200][DBG] PING seq=55 size=1024 sent
[00041216][DBG] PONG seq=55 rtt=1 ticks (16 ms)
[00041300][DBG] PING seq=56 size=1024 sent
[00041316][DBG] PONG seq=56 rtt=1 ticks (16 ms)
[00041400][DBG] PING seq=57 size=1024 sent
[00041416][DBG] PONG seq=57 rtt=1 ticks (16 ms)
[00041500][DBG] PING seq=58 size=1024 sent
[00041516][DBG] PONG seq=58 rtt=1 ticks (16 ms)
[00041600][DBG] PING seq=59 size=1024 sent
[00041616][DBG] PONG seq=59 rtt=1 ticks (16 ms)
[00041700][DBG] PING seq=60 size=1024 sent
[00041716][DBG] PONG seq=60 rtt=1 ticks (16 ms)
[00041800][DBG] PING seq=61 size=1024 sent
[00041816][DBG] PONG seq=61 rtt=1 ticks (16 ms)
[00041900][DBG] PING seq=62 size=1024 sent
[00041916][DBG] PONG seq=62 rtt=1 ticks (16 ms)
[00042000][DBG] PING seq=63 size=1024 sent
[00042050][DBG] PONG seq=63 rtt=3 ticks (50 ms)
[00042100][DBG] PING seq=64 size=1024 sent
[00042116][DBG] PONG seq=64 rtt=1 ticks (16 ms)
[00042200][DBG] PING seq=65 size=1024 sent
[00042216][DBG] PONG seq=65 rtt=1 ticks (16 ms)
[00042300][DBG] PING seq=66 size=1024 sent
[00042333][DBG] PONG seq=66 rtt=2 ticks (33 ms)
[00042400][DBG] PING seq=67 size=1024 sent
[00042416][DBG] PONG seq=67 rtt=1 ticks (16 ms)
[00042500][DBG] PING seq=68 size=1024 sent
[00042516][DBG] PONG seq=68 rtt=1 ticks (16 ms)
[00042600][DBG] PING seq=69 size=1024 sent
[00042616][DBG] PONG seq=69 rtt=1 ticks (16 ms)
[00042700][DBG] PING seq=70 size=1024 sent
[00042716][DBG] PONG seq=70 rtt=1 ticks (16 ms)
[00042800][DBG] PING seq=71 size=1024 sent
[00042816][DBG] PONG seq=71 rtt=1 ticks (16 ms)
[00042900][DBG] PING seq=72 size=1024 sent
[00042916][DBG] PONG seq=72 rtt=1 ticks (16 ms)
[00043000][DBG] PING seq=73 size=1024 sent
[00043016][DBG] PONG seq=73 rtt=1 ticks (16 ms)
[00043100][DBG] PING seq=74 size=1024 sent
[00043116][DBG] PONG seq=74 rtt=1 ticks (16 ms)
[00043200][DBG] PING seq=75 size=1024 sent
[00043216][DBG] PONG seq=75 rtt=1 ticks (16 ms)
[00043300][DBG] PING seq=76 size=1024 sent
[00043316][DBG] PONG seq=76 rtt=1 ticks (16 ms)
[00043400][DBG] PING seq=77 size=1024 sent
[00043416][DBG] PONG seq=77 rtt=1 ticks (16 ms)
[00043500][DBG] PING seq=78 size=1024 sent
[00043516][DBG] PONG seq=78 rtt=1 ticks (16 ms)
[00043600][DBG] PING seq=79 size=1024 sent
[00043616][DBG] PONG seq=79 rtt=1 ticks (16 ms)
[00043700][DBG] PING seq=80 size=1024 sent
[00043716][DBG] PONG seq=80 rtt=1 ticks (16 ms)
[00043800][DBG] PING seq=81 size=1024 sent
[00043816][DBG] PONG seq=81 rtt=1 ticks (16 ms)
[00043900][DBG] PING seq=82 size=1024 sent
[00043916][DBG] PONG seq=82 rtt=1 ticks (16 ms)
[00044000][DBG] PING seq=83 size=1024 sent
[00044016][DBG] PONG seq=83 rtt=1 ticks (16 ms)
[00044100][DBG] PING seq=84 size=1024 sent
[00044116][DBG] PONG seq=84 rtt=1 ticks (16 ms)
[00044200][DBG] PING seq=85 size=1024 sent
[00044233][DBG] PONG seq=85 rtt=2 ticks (33 ms)
[00044300][DBG] PING seq=86 size=1024 sent
[00044316][DBG] PONG seq=86 rtt=1 ticks (16 ms)
[00044400][DBG] PING seq=87 size=1024 sent
[00044466][DBG] PONG seq=87 rtt=4 ticks (66 ms)
[00044500][DBG] PING seq=88 size=1024 sent
[00044516][DBG] PONG seq=88 rtt=1 ticks (16 ms)
[00044600][DBG] PING seq=89 size=1024 sent
[00044683][DBG] PONG seq=89 rtt=5 ticks (83 ms)
[00044700][DBG] PING seq=90 size=1024 sent
[00044733][DBG] PONG seq=90 rtt=2 ticks (33 ms)
[00044800][DBG] PING seq=91 size=1024 sent
[00044816][DBG] PONG seq=91 rtt=1 ticks (16 ms)
[00044900][DBG] PING seq=92 size=1024 sent
[00044916][DBG] PONG seq=92 rtt=1 ticks (16 ms)
[00045000][DBG] PING seq=93 size=1024 sent
[00045016][DBG] PONG seq=93 rtt=1 ticks (16 ms)
[00045100][DBG] PING seq=94 size=1024 sent
[00045133][DBG] PONG seq=94 rtt=2 ticks (33 ms)
[00045200][DBG] PING seq=95 size=1024 sent
[00045216][DBG] PONG seq=95 rtt=1 ticks (16 ms)
[00045300][DBG] PING seq=96 size=1024 sent
[00045316][DBG] PONG seq=96 rtt=1 ticks (16 ms)
[00045400][DBG] PING seq=97 size=1024 sent
[00045433][DBG] PONG seq=97 rtt=2 ticks (33 ms)
[00045500][DBG] PING seq=98 size=1024 sent
[00045516][DBG] PONG seq=98 rtt=1 ticks (16 ms)
[00045600][DBG] PING seq=99 size=1024 sent
[00045616][DBG] PONG seq=99 rtt=1 ticks (16 ms)
[00045633][INF] SIZE 1024: min=16 max=83 avg=16 ms (sent=100 recv=100 lost=0)
[00045633][INF] Starting size 4096 test
[00045700][INF] DISCOVERED: "PerfPartner" at 10.188.1.173:7354
[00045700][DBG] PING seq=0 size=4096 sent
[00045766][DBG] PONG seq=0 rtt=4 ticks (66 ms)
[00045800][DBG] PING seq=1 size=4096 sent
[00045866][DBG] PONG seq=1 rtt=4 ticks (66 ms)
[00045900][DBG] PING seq=2 size=4096 sent
[00045950][DBG] PONG seq=2 rtt=3 ticks (50 ms)
[00046000][DBG] PING seq=3 size=4096 sent
[00046050][DBG] PONG seq=3 rtt=3 ticks (50 ms)
[00046100][DBG] PING seq=4 size=4096 sent
[00046150][DBG] PONG seq=4 rtt=3 ticks (50 ms)
[00046200][DBG] PING seq=5 size=4096 sent
[00046250][DBG] PONG seq=5 rtt=3 ticks (50 ms)
[00046300][DBG] PING seq=6 size=4096 sent
[00046366][DBG] PONG seq=6 rtt=4 ticks (66 ms)
[00046400][DBG] PING seq=7 size=4096 sent
[00046450][DBG] PONG seq=7 rtt=3 ticks (50 ms)
[00046500][DBG] PING seq=8 size=4096 sent
[00046550][DBG] PONG seq=8 rtt=3 ticks (50 ms)
[00046600][DBG] PING seq=9 size=4096 sent
[00046666][DBG] PONG seq=9 rtt=4 ticks (66 ms)
[00046700][DBG] PING seq=10 size=4096 sent
[00046750][DBG] PONG seq=10 rtt=3 ticks (50 ms)
[00046800][DBG] PING seq=11 size=4096 sent
[00046850][DBG] PONG seq=11 rtt=3 ticks (50 ms)
[00046900][DBG] PING seq=12 size=4096 sent
[00046950][DBG] PONG seq=12 rtt=3 ticks (50 ms)
[00047000][DBG] PING seq=13 size=4096 sent
[00047066][DBG] PONG seq=13 rtt=4 ticks (66 ms)
[00047100][DBG] PING seq=14 size=4096 sent
[00047150][DBG] PONG seq=14 rtt=3 ticks (50 ms)
[00047200][DBG] PING seq=15 size=4096 sent
[00047266][DBG] PONG seq=15 rtt=4 ticks (66 ms)
[00047300][DBG] PING seq=16 size=4096 sent
[00047350][DBG] PONG seq=16 rtt=3 ticks (50 ms)
[00047400][DBG] PING seq=17 size=4096 sent
[00047450][DBG] PONG seq=17 rtt=3 ticks (50 ms)
[00047500][DBG] PING seq=18 size=4096 sent
[00047550][DBG] PONG seq=18 rtt=3 ticks (50 ms)
[00047600][DBG] PING seq=19 size=4096 sent
[00047666][DBG] PONG seq=19 rtt=4 ticks (66 ms)
[00047700][DBG] PING seq=20 size=4096 sent
[00047750][DBG] PONG seq=20 rtt=3 ticks (50 ms)
[00047800][DBG] PING seq=21 size=4096 sent
[00047850][DBG] PONG seq=21 rtt=3 ticks (50 ms)
[00047900][DBG] PING seq=22 size=4096 sent
[00047950][DBG] PONG seq=22 rtt=3 ticks (50 ms)
[00048000][DBG] PING seq=23 size=4096 sent
[00048050][DBG] PONG seq=23 rtt=3 ticks (50 ms)
[00048100][DBG] PING seq=24 size=4096 sent
[00048150][DBG] PONG seq=24 rtt=3 ticks (50 ms)
[00048200][DBG] PING seq=25 size=4096 sent
[00048250][DBG] PONG seq=25 rtt=3 ticks (50 ms)
[00048300][DBG] PING seq=26 size=4096 sent
[00048350][DBG] PONG seq=26 rtt=3 ticks (50 ms)
[00048400][DBG] PING seq=27 size=4096 sent
[00048450][DBG] PONG seq=27 rtt=3 ticks (50 ms)
[00048500][DBG] PING seq=28 size=4096 sent
[00048550][DBG] PONG seq=28 rtt=3 ticks (50 ms)
[00048600][DBG] PING seq=29 size=4096 sent
[00048666][DBG] PONG seq=29 rtt=4 ticks (66 ms)
[00048700][DBG] PING seq=30 size=4096 sent
[00048750][DBG] PONG seq=30 rtt=3 ticks (50 ms)
[00048800][DBG] PING seq=31 size=4096 sent
[00048916][DBG] PONG seq=31 rtt=7 ticks (116 ms)
[00048916][DBG] PING seq=32 size=4096 sent
[00048966][DBG] PONG seq=32 rtt=3 ticks (50 ms)
[00049016][DBG] PING seq=33 size=4096 sent
[00049066][DBG] PONG seq=33 rtt=3 ticks (50 ms)
[00049116][DBG] PING seq=34 size=4096 sent
[00049183][DBG] PONG seq=34 rtt=4 ticks (66 ms)
[00049216][DBG] PING seq=35 size=4096 sent
[00049266][DBG] PONG seq=35 rtt=3 ticks (50 ms)
[00049316][DBG] PING seq=36 size=4096 sent
[00049366][DBG] PONG seq=36 rtt=3 ticks (50 ms)
[00049416][DBG] PING seq=37 size=4096 sent
[00049466][DBG] PONG seq=37 rtt=3 ticks (50 ms)
[00049516][DBG] PING seq=38 size=4096 sent
[00049583][DBG] PONG seq=38 rtt=4 ticks (66 ms)
[00049616][DBG] PING seq=39 size=4096 sent
[00049666][DBG] PONG seq=39 rtt=3 ticks (50 ms)
[00049716][DBG] PING seq=40 size=4096 sent
[00049766][DBG] PONG seq=40 rtt=3 ticks (50 ms)
[00049816][DBG] PING seq=41 size=4096 sent
[00049866][DBG] PONG seq=41 rtt=3 ticks (50 ms)
[00049916][DBG] PING seq=42 size=4096 sent
[00049966][DBG] PONG seq=42 rtt=3 ticks (50 ms)
[00050016][DBG] PING seq=43 size=4096 sent
[00050083][DBG] PONG seq=43 rtt=4 ticks (66 ms)
[00050116][DBG] PING seq=44 size=4096 sent
[00050183][DBG] PONG seq=44 rtt=4 ticks (66 ms)
[00050216][DBG] PING seq=45 size=4096 sent
[00050266][DBG] PONG seq=45 rtt=3 ticks (50 ms)
[00050316][DBG] PING seq=46 size=4096 sent
[00050366][DBG] PONG seq=46 rtt=3 ticks (50 ms)
[00050416][DBG] PING seq=47 size=4096 sent
[00050466][DBG] PONG seq=47 rtt=3 ticks (50 ms)
[00050516][DBG] PING seq=48 size=4096 sent
[00050566][DBG] PONG seq=48 rtt=3 ticks (50 ms)
[00050616][DBG] PING seq=49 size=4096 sent
[00050683][DBG] PONG seq=49 rtt=4 ticks (66 ms)
[00050716][DBG] PING seq=50 size=4096 sent
[00050766][DBG] PONG seq=50 rtt=3 ticks (50 ms)
[00050816][DBG] PING seq=51 size=4096 sent
[00050866][DBG] PONG seq=51 rtt=3 ticks (50 ms)
[00050916][DBG] PING seq=52 size=4096 sent
[00050966][DBG] PONG seq=52 rtt=3 ticks (50 ms)
[00051016][DBG] PING seq=53 size=4096 sent
[00051066][DBG] PONG seq=53 rtt=3 ticks (50 ms)
[00051116][DBG] PING seq=54 size=4096 sent
[00051166][DBG] PONG seq=54 rtt=3 ticks (50 ms)
[00051216][DBG] PING seq=55 size=4096 sent
[00051266][DBG] PONG seq=55 rtt=3 ticks (50 ms)
[00051316][DBG] PING seq=56 size=4096 sent
[00051383][DBG] PONG seq=56 rtt=4 ticks (66 ms)
[00051416][DBG] PING seq=57 size=4096 sent
[00051466][DBG] PONG seq=57 rtt=3 ticks (50 ms)
[00051516][DBG] PING seq=58 size=4096 sent
[00051566][DBG] PONG seq=58 rtt=3 ticks (50 ms)
[00051616][DBG] PING seq=59 size=4096 sent
[00051666][DBG] PONG seq=59 rtt=3 ticks (50 ms)
[00051716][DBG] PING seq=60 size=4096 sent
[00051766][DBG] PONG seq=60 rtt=3 ticks (50 ms)
[00051816][DBG] PING seq=61 size=4096 sent
[00051866][DBG] PONG seq=61 rtt=3 ticks (50 ms)
[00051916][DBG] PING seq=62 size=4096 sent
[00051966][DBG] PONG seq=62 rtt=3 ticks (50 ms)
[00052016][DBG] PING seq=63 size=4096 sent
[00052083][DBG] PONG seq=63 rtt=4 ticks (66 ms)
[00052116][DBG] PING seq=64 size=4096 sent
[00052166][DBG] PONG seq=64 rtt=3 ticks (50 ms)
[00052216][DBG] PING seq=65 size=4096 sent
[00052266][DBG] PONG seq=65 rtt=3 ticks (50 ms)
[00052316][DBG] PING seq=66 size=4096 sent
[00052366][DBG] PONG seq=66 rtt=3 ticks (50 ms)
[00052416][DBG] PING seq=67 size=4096 sent
[00052466][DBG] PONG seq=67 rtt=3 ticks (50 ms)
[00052516][DBG] PING seq=68 size=4096 sent
[00052566][DBG] PONG seq=68 rtt=3 ticks (50 ms)
[00052616][DBG] PING seq=69 size=4096 sent
[00052666][DBG] PONG seq=69 rtt=3 ticks (50 ms)
[00052716][DBG] PING seq=70 size=4096 sent
[00052766][DBG] PONG seq=70 rtt=3 ticks (50 ms)
[00052816][DBG] PING seq=71 size=4096 sent
[00052866][DBG] PONG seq=71 rtt=3 ticks (50 ms)
[00052916][DBG] PING seq=72 size=4096 sent
[00052966][DBG] PONG seq=72 rtt=3 ticks (50 ms)
[00053016][DBG] PING seq=73 size=4096 sent
[00053083][DBG] PONG seq=73 rtt=4 ticks (66 ms)
[00053116][DBG] PING seq=74 size=4096 sent
[00053216][DBG] PONG seq=74 rtt=6 ticks (100 ms)
[00053233][DBG] PING seq=75 size=4096 sent
[00053283][DBG] PONG seq=75 rtt=4 ticks (66 ms)
[00053316][DBG] PING seq=76 size=4096 sent
[00053366][DBG] PONG seq=76 rtt=3 ticks (50 ms)
[00053416][DBG] PING seq=77 size=4096 sent
[00053466][DBG] PONG seq=77 rtt=3 ticks (50 ms)
[00053516][DBG] PING seq=78 size=4096 sent
[00053566][DBG] PONG seq=78 rtt=3 ticks (50 ms)
[00053616][DBG] PING seq=79 size=4096 sent
[00053666][DBG] PONG seq=79 rtt=3 ticks (50 ms)
[00053716][DBG] PING seq=80 size=4096 sent
[00053783][DBG] PONG seq=80 rtt=4 ticks (66 ms)
[00053816][DBG] PING seq=81 size=4096 sent
[00053866][DBG] PONG seq=81 rtt=3 ticks (50 ms)
[00053916][DBG] PING seq=82 size=4096 sent
[00053966][DBG] PONG seq=82 rtt=3 ticks (50 ms)
[00054016][DBG] PING seq=83 size=4096 sent
[00054066][DBG] PONG seq=83 rtt=3 ticks (50 ms)
[00054116][DBG] PING seq=84 size=4096 sent
[00054183][DBG] PONG seq=84 rtt=4 ticks (66 ms)
[00054216][DBG] PING seq=85 size=4096 sent
[00054266][DBG] PONG seq=85 rtt=3 ticks (50 ms)
[00054316][DBG] PING seq=86 size=4096 sent
[00054366][DBG] PONG seq=86 rtt=3 ticks (50 ms)
[00054416][DBG] PING seq=87 size=4096 sent
[00054466][DBG] PONG seq=87 rtt=3 ticks (50 ms)
[00054516][DBG] PING seq=88 size=4096 sent
[00054583][DBG] PONG seq=88 rtt=4 ticks (66 ms)
[00054616][DBG] PING seq=89 size=4096 sent
[00054683][DBG] PONG seq=89 rtt=4 ticks (66 ms)
[00054716][DBG] PING seq=90 size=4096 sent
[00054766][DBG] PONG seq=90 rtt=3 ticks (50 ms)
[00054816][DBG] PING seq=91 size=4096 sent
[00054866][DBG] PONG seq=91 rtt=3 ticks (50 ms)
[00054916][DBG] PING seq=92 size=4096 sent
[00054966][DBG] PONG seq=92 rtt=3 ticks (50 ms)
[00055016][DBG] PING seq=93 size=4096 sent
[00055066][DBG] PONG seq=93 rtt=3 ticks (50 ms)
[00055116][DBG] PING seq=94 size=4096 sent
[00055166][DBG] PONG seq=94 rtt=3 ticks (50 ms)
[00055216][DBG] PING seq=95 size=4096 sent
[00055283][DBG] PONG seq=95 rtt=4 ticks (66 ms)
[00055316][DBG] PING seq=96 size=4096 sent
[00055366][DBG] PONG seq=96 rtt=3 ticks (50 ms)
[00055416][DBG] PING seq=97 size=4096 sent
[00055466][DBG] PONG seq=97 rtt=3 ticks (50 ms)
[00055516][DBG] PING seq=98 size=4096 sent
[00055550][INF] DISCOVERED: "PerfPartner" at 10.188.1.173:7354
[00055600][DBG] PONG seq=98 rtt=5 ticks (83 ms)
[00055616][DBG] PING seq=99 size=4096 sent
[00055666][DBG] PONG seq=99 rtt=3 ticks (50 ms)
[00055683][INF] SIZE 4096: min=50 max=116 avg=50 ms (sent=100 recv=100 lost=0)
[00055683][INF] All latency tests complete
[00055683][INF] ========================================
[00055683][INF] LATENCY TEST RESULTS
[00055683][INF] ========================================
[00055683][INF]   16 bytes: min=  0 avg=  0 max= 33 ms (loss=0%)
[00055700][INF]   64 bytes: min=  0 avg=  0 max=166 ms (loss=0%)
[00055700][INF]  256 bytes: min=  0 avg=  0 max=100 ms (loss=0%)
[00055700][INF] 1024 bytes: min= 16 avg= 16 max= 83 ms (loss=0%)
[00055700][INF] 4096 bytes: min= 50 avg= 50 max=116 ms (loss=0%)
[00055700][INF] ========================================
[00055716][INF] Streaming 31077 bytes of logs to partner...
[00056200][INF] Log streaming complete: 31130 bytes sent
[00056200][INF] ========================================
[00056200][INF] TEST EXITING - cleaning up...
[00056200][INF] ========================================
