========================================
PeerTalk Stress Test
Version: 1.0.0
Target: 5 cycles
========================================
Buffer pool: 4 buffers × 32KB (25% threshold=8192B)
Initializing PeerTalk...
Waiting for peer...
Press any key to abort.
DISCOVERED: "PerfPartner" at 10.188.1.59:7354
Selected peer 1 as stress test target
Initial: MaxBlock=2080640 (+0) FreeMem=2082928 (+0)
Cycle 1: Connecting to peer 1...
State: DISCOVERING -> CONNECTING
CONNECTED to peer 1 (cycle 1)
State: CONNECTING -> CONNECTED
Sent test message
Cycle 1: Disconnecting...
State: CONNECTED -> DISCONNECTING
DISCONNECTED from peer 1 (reason=0)
State: DISCONNECTING -> WAITING
Cycle 2: Connecting to peer 1...
State: WAITING -> CONNECTING
CONNECTED to peer 1 (cycle 2)
State: CONNECTING -> CONNECTED
Sent test message
Cycle 2: Disconnecting...
State: CONNECTED -> DISCONNECTING
DISCONNECTED from peer 1 (reason=0)
State: DISCONNECTING -> WAITING
Cycle 3: Connecting to peer 1...
State: WAITING -> CONNECTING
CONNECTED to peer 1 (cycle 3)
State: CONNECTING -> CONNECTED
Sent test message
Cycle 3: Disconnecting...
State: CONNECTED -> DISCONNECTING
DISCONNECTED from peer 1 (reason=0)
State: DISCONNECTING -> WAITING
Cycle 4: Connecting to peer 1...
State: WAITING -> CONNECTING
CONNECTED to peer 1 (cycle 4)
State: CONNECTING -> CONNECTED
Sent test message
Cycle 4: Disconnecting...
State: CONNECTED -> DISCONNECTING
DISCONNECTED from peer 1 (reason=0)
State: DISCONNECTING -> WAITING
Cycle 5: Connecting to peer 1...
State: WAITING -> CONNECTING
CONNECTED to peer 1 (cycle 5)
State: CONNECTING -> CONNECTED
Sent test message
Cycle 5: Disconnecting...
State: CONNECTED -> DISCONNECTING
DISCONNECTED from peer 1 (reason=0)
State: DISCONNECTING -> COMPLETE
========================================
STRESS TEST RESULTS
========================================
Connection Cycles: 5
  Successes: 5
  Failures: 0
  Disconnects: 5
  Success rate: 100%
Messages: sent=5 recv=0

Memory Analysis:
  Initial MaxBlock: 2080640
  Final MaxBlock:   2019360 (+0)
  Min MaxBlock:     2019360
  Initial FreeMem:  2082928
  Final FreeMem:    2019360 (+0)
  Min FreeMem:      2019360

VERDICT: PASS - No significant memory leaks detected
========================================
Reconnecting for log stream...
CONNECTED to peer 1 (cycle 6)
State: COMPLETE -> CONNECTED
Streaming logs to test partner...
