[00000033][INF] ========================================
[00000033][INF] PeerTalk One-Way Stream Test
[00000033][INF] Version: 1.0.0
[00000033][INF] ========================================
[00000033][INF] Memory after pool alloc: FreeMem=2783472 MaxBlock=2781760
[00000033][INF] Buffer pool: 4 buffers × 32KB
[00000033][INF] Initializing PeerTalk...
[00000116][INF] Waiting for peer...
[00000116][INF] Press any key to exit.
[00001866][INF] DISCOVERED: "PerfPartner" at 10.188.1.173:7354
[00001866][INF] Connecting to peer...
[00001983][INF] CONNECTED to peer 1
[00001983][INF] Peer capabilities: max_msg=4096 recv_buf=8192
[00002000][INF] === SEND PHASE: 256 bytes ===
[00002016][DBG] Sent control: cmd=1 size=256 duration=30000
[00002100][DBG] MSG during ACK wait: len=12 bytes=[53 54 52 4D ...]
[00002100][DBG] Control msg: cmd=4 size=0 duration=0
[00002100][INF] Received ACK from partner
[00007133][INF] SEND 256: 35 KB/s (710 msgs) errs=0
[00011716][INF] DISCOVERED: "PerfPartner" at 10.188.1.173:7354
[00012133][INF] SEND 256: 35 KB/s (1423 msgs) errs=0
[00017150][INF] SEND 256: 35 KB/s (2133 msgs) errs=0
[00021800][INF] DISCOVERED: "PerfPartner" at 10.188.1.173:7354
[00022150][INF] SEND 256: 32 KB/s (2593 msgs) errs=0
[00027150][INF] SEND 256: 32 KB/s (3279 msgs) errs=0
[00031833][INF] DISCOVERED: "PerfPartner" at 10.188.1.173:7354
[00032100][INF] SEND COMPLETE 256 bytes: 33 KB/s (3966 msgs, 0 errors)
[00032100][DBG] Sent control: cmd=3 size=0 duration=0
[00032100][DBG] Draining for 2 seconds...
[00032133][DBG] Control msg: cmd=4 size=0 duration=0
[00032133][INF] Received ACK from partner
[00041900][INF] DISCOVERED: "PerfPartner" at 10.188.1.173:7354
[00042100][INF] === RECV PHASE: 256 bytes ===
[00042100][DBG] Sent control: cmd=2 size=256 duration=30000
[00042216][DBG] MSG during ACK wait: len=12 bytes=[53 54 52 4D ...]
[00042233][DBG] Control msg: cmd=4 size=0 duration=0
[00042233][INF] Received ACK from partner
[00047233][INF] RECV 256: 22 KB/s (449 msgs)
[00051966][INF] DISCOVERED: "PerfPartner" at 10.188.1.173:7354
[00052233][INF] RECV 256: 22 KB/s (895 msgs)
[00057233][INF] RECV 256: 22 KB/s (1339 msgs)
[00062016][INF] DISCOVERED: "PerfPartner" at 10.188.1.173:7354
[00062233][INF] RECV 256: 22 KB/s (1785 msgs)
[00067233][INF] RECV 256: 22 KB/s (2229 msgs)
[00072083][INF] DISCOVERED: "PerfPartner" at 10.188.1.173:7354
[00072233][INF] RECV 256: 22 KB/s (2675 msgs)
[00072250][INF] RECV COMPLETE 256 bytes: 22 KB/s (2675 msgs)
[00072266][DBG] Sent control: cmd=3 size=0 duration=0
[00072283][INF] Draining for 10 seconds...
[00072283][DBG] Control msg: cmd=4 size=0 duration=0
[00072283][INF] Received ACK from partner
[00081933][INF] DISCOVERED: "PerfPartner" at 10.188.1.173:7354
[00082233][INF] === SEND PHASE: 512 bytes ===
[00082233][DBG] Sent control: cmd=1 size=512 duration=30000
[00082250][DBG] MSG during ACK wait: len=12 bytes=[53 54 52 4D ...]
[00082266][DBG] Control msg: cmd=4 size=0 duration=0
[00082266][INF] Received ACK from partner
[00087266][INF] SEND 512: 92 KB/s (925 msgs) errs=0
[00091983][INF] DISCOVERED: "PerfPartner" at 10.188.1.173:7354
[00092266][INF] SEND 512: 93 KB/s (1872 msgs) errs=0
[00097266][INF] SEND 512: 93 KB/s (2813 msgs) errs=0
[00102050][INF] DISCOVERED: "PerfPartner" at 10.188.1.173:7354
[00102266][INF] SEND 512: 93 KB/s (3740 msgs) errs=0
[00107266][INF] SEND 512: 93 KB/s (4666 msgs) errs=0
[00112266][INF] SEND 512: 93 KB/s (5605 msgs) errs=0
[00112300][INF] SEND COMPLETE 512 bytes: 93 KB/s (5605 msgs, 0 errors)
[00112300][DBG] Sent control: cmd=3 size=0 duration=0
[00112300][DBG] Draining for 2 seconds...
[00112333][DBG] Control msg: cmd=4 size=0 duration=0
[00112333][INF] Received ACK from partner
[00122183][INF] DISCOVERED: "PerfPartner" at 10.188.1.173:7354
[00122266][INF] === RECV PHASE: 512 bytes ===
[00122266][DBG] Sent control: cmd=2 size=512 duration=30000
[00122300][DBG] MSG during ACK wait: len=12 bytes=[53 54 52 4D ...]
[00122300][DBG] Control msg: cmd=4 size=0 duration=0
[00122300][INF] Received ACK from partner
[00127300][INF] RECV 512: 22 KB/s (223 msgs)
[00132250][INF] DISCOVERED: "PerfPartner" at 10.188.1.173:7354
[00132300][INF] RECV 512: 22 KB/s (446 msgs)
[00137300][INF] RECV 512: 22 KB/s (668 msgs)
[00142083][INF] DISCOVERED: "PerfPartner" at 10.188.1.173:7354
[00142300][INF] RECV 512: 22 KB/s (891 msgs)
[00147300][INF] RECV 512: 22 KB/s (1114 msgs)
[00152150][INF] DISCOVERED: "PerfPartner" at 10.188.1.173:7354
[00152300][INF] RECV 512: 22 KB/s (1336 msgs)
[00152316][INF] RECV COMPLETE 512 bytes: 22 KB/s (1336 msgs)
[00152316][DBG] Sent control: cmd=3 size=0 duration=0
[00152333][INF] Draining for 15 seconds...
[00152350][DBG] Control msg: cmd=4 size=0 duration=0
[00152350][INF] Received ACK from partner
[00162216][INF] DISCOVERED: "PerfPartner" at 10.188.1.173:7354
[00172283][INF] DISCOVERED: "PerfPartner" at 10.188.1.173:7354
[00172300][INF] === SEND PHASE: 1024 bytes ===
[00172300][DBG] Sent control: cmd=1 size=1024 duration=30000
[00172383][DBG] MSG during ACK wait: len=12 bytes=[53 54 52 4D ...]
[00172383][DBG] Control msg: cmd=4 size=0 duration=0
[00172383][INF] Received ACK from partner
[00177400][INF] SEND 1024: 181 KB/s (906 msgs) errs=0
[00182333][INF] DISCOVERED: "PerfPartner" at 10.188.1.173:7354
[00182416][INF] SEND 1024: 177 KB/s (1777 msgs) errs=0
[00187416][INF] SEND 1024: 177 KB/s (2667 msgs) errs=0
[00192383][INF] DISCOVERED: "PerfPartner" at 10.188.1.173:7354
[00192416][INF] SEND 1024: 178 KB/s (3567 msgs) errs=0
[00197416][INF] SEND 1024: 178 KB/s (4466 msgs) errs=0
[00202400][INF] SEND COMPLETE 1024 bytes: 178 KB/s (5359 msgs, 0 errors)
[00202400][DBG] Sent control: cmd=3 size=0 duration=0
[00202400][DBG] Draining for 2 seconds...
[00202433][DBG] Control msg: cmd=4 size=0 duration=0
[00202433][INF] Received ACK from partner
[00202466][INF] DISCOVERED: "PerfPartner" at 10.188.1.173:7354
[00212400][INF] === RECV PHASE: 1024 bytes ===
[00212400][DBG] Sent control: cmd=2 size=1024 duration=30000
[00212433][DBG] MSG during ACK wait: len=12 bytes=[53 54 52 4D ...]
[00212433][DBG] Control msg: cmd=4 size=0 duration=0
[00212433][INF] Received ACK from partner
[00212500][INF] DISCOVERED: "PerfPartner" at 10.188.1.173:7354
[00217433][INF] RECV 1024: 44 KB/s (223 msgs)
[00222366][INF] DISCOVERED: "PerfPartner" at 10.188.1.173:7354
[00222433][INF] RECV 1024: 44 KB/s (445 msgs)
[00227433][INF] RECV 1024: 44 KB/s (668 msgs)
[00232416][INF] DISCOVERED: "PerfPartner" at 10.188.1.173:7354
[00232433][INF] RECV 1024: 44 KB/s (891 msgs)
[00237433][INF] RECV 1024: 44 KB/s (1114 msgs)
[00242433][INF] RECV 1024: 44 KB/s (1336 msgs)
[00242450][INF] RECV COMPLETE 1024 bytes: 44 KB/s (1336 msgs)
[00242466][DBG] Sent control: cmd=3 size=0 duration=0
[00242483][INF] Draining for 15 seconds...
[00242500][INF] DISCOVERED: "PerfPartner" at 10.188.1.173:7354
[00242500][DBG] Control msg: cmd=4 size=0 duration=0
[00242516][INF] Received ACK from partner
[00252550][INF] DISCOVERED: "PerfPartner" at 10.188.1.173:7354
[00262433][INF] === SEND PHASE: 2048 bytes ===
[00262433][DBG] Sent control: cmd=1 size=2048 duration=30000
[00262533][DBG] MSG during ACK wait: len=12 bytes=[53 54 52 4D ...]
[00262533][DBG] Control msg: cmd=4 size=0 duration=0
[00262533][INF] Received ACK from partner
[00262616][INF] DISCOVERED: "PerfPartner" at 10.188.1.173:7354
[00267533][INF] SEND 2048: 293 KB/s (733 msgs) errs=0
[00272533][INF] SEND 2048: 298 KB/s (1492 msgs) errs=0
[00272666][INF] DISCOVERED: "PerfPartner" at 10.188.1.173:7354
[00277533][INF] SEND 2048: 299 KB/s (2248 msgs) errs=0
[00282516][INF] DISCOVERED: "PerfPartner" at 10.188.1.173:7354
[00282533][INF] SEND 2048: 300 KB/s (3002 msgs) errs=0
[00287533][INF] SEND 2048: 300 KB/s (3756 msgs) errs=0
[00292550][INF] SEND 2048: 300 KB/s (4506 msgs) errs=0
[00292583][INF] SEND COMPLETE 2048 bytes: 299 KB/s (4506 msgs, 0 errors)
[00292583][DBG] Sent control: cmd=3 size=0 duration=0
[00292583][DBG] Draining for 2 seconds...
[00292616][INF] DISCOVERED: "PerfPartner" at 10.188.1.173:7354
[00292633][DBG] Control msg: cmd=4 size=0 duration=0
[00292633][INF] Received ACK from partner
[00302533][INF] === RECV PHASE: 2048 bytes ===
[00302533][DBG] Sent control: cmd=2 size=2048 duration=30000
[00302550][DBG] MSG during ACK wait: len=12 bytes=[53 54 52 4D ...]
[00302566][DBG] Control msg: cmd=4 size=0 duration=0
[00302566][INF] Received ACK from partner
[00302650][INF] DISCOVERED: "PerfPartner" at 10.188.1.173:7354
[00307566][INF] RECV 2048: 59 KB/s (149 msgs)
[00312566][INF] RECV 2048: 59 KB/s (298 msgs)
[00312716][INF] DISCOVERED: "PerfPartner" at 10.188.1.173:7354
[00317566][INF] RECV 2048: 59 KB/s (446 msgs)
[00322566][INF] RECV 2048: 59 KB/s (595 msgs)
[00322766][INF] DISCOVERED: "PerfPartner" at 10.188.1.173:7354
[00327566][INF] RECV 2048: 59 KB/s (743 msgs)
[00332566][INF] RECV 2048: 59 KB/s (892 msgs)
[00332583][INF] RECV COMPLETE 2048 bytes: 59 KB/s (892 msgs)
[00332600][DBG] Sent control: cmd=3 size=0 duration=0
[00332616][INF] Draining for 15 seconds...
[00332616][DBG] Control msg: cmd=4 size=0 duration=0
[00332616][INF] Received ACK from partner
[00332816][INF] DISCOVERED: "PerfPartner" at 10.188.1.173:7354
[00342900][INF] DISCOVERED: "PerfPartner" at 10.188.1.173:7354
[00352566][INF] === SEND PHASE: 4096 bytes ===
[00352566][DBG] Sent control: cmd=1 size=4096 duration=30000
[00352633][DBG] MSG during ACK wait: len=12 bytes=[53 54 52 4D ...]
[00352633][DBG] Control msg: cmd=4 size=0 duration=0
[00352633][INF] Received ACK from partner
[00357633][INF] SEND 4096: 479 KB/s (599 msgs) errs=0
[00362650][INF] SEND 4096: 426 KB/s (1069 msgs) errs=0
[00362783][INF] DISCOVERED: "PerfPartner" at 10.188.1.173:7354
[00367633][INF] SEND 4096: 446 KB/s (1676 msgs) errs=0
[00372650][INF] SEND 4096: 457 KB/s (2289 msgs) errs=0
[00372866][INF] DISCOVERED: "PerfPartner" at 10.188.1.173:7354
[00377633][INF] SEND 4096: 463 KB/s (2894 msgs) errs=0
[00382633][INF] SEND 4096: 466 KB/s (3498 msgs) errs=0
[00382666][INF] SEND COMPLETE 4096 bytes: 465 KB/s (3498 msgs, 0 errors)
[00382666][DBG] Sent control: cmd=3 size=0 duration=0
[00382666][DBG] Draining for 2 seconds...
[00382800][DBG] Control msg: cmd=4 size=0 duration=0
[00382816][INF] Received ACK from partner
[00382916][INF] DISCOVERED: "PerfPartner" at 10.188.1.173:7354
[00392633][INF] === RECV PHASE: 4096 bytes ===
[00392633][DBG] Sent control: cmd=2 size=4096 duration=30000
[00392683][DBG] MSG during ACK wait: len=12 bytes=[53 54 52 4D ...]
[00392683][DBG] Control msg: cmd=4 size=0 duration=0
[00392683][INF] Received ACK from partner
[00392983][INF] DISCOVERED: "PerfPartner" at 10.188.1.173:7354
[00397683][INF] RECV 4096: 119 KB/s (149 msgs)
[00402683][INF] RECV 4096: 118 KB/s (297 msgs)
[00403050][INF] DISCOVERED: "PerfPartner" at 10.188.1.173:7354
[00407683][INF] RECV 4096: 118 KB/s (446 msgs)
[00412683][INF] RECV 4096: 118 KB/s (594 msgs)
[00413100][INF] DISCOVERED: "PerfPartner" at 10.188.1.173:7354
[00417683][INF] RECV 4096: 118 KB/s (743 msgs)
[00422683][INF] RECV 4096: 118 KB/s (891 msgs)
[00422700][INF] RECV COMPLETE 4096 bytes: 118 KB/s (891 msgs)
[00422716][DBG] Sent control: cmd=3 size=0 duration=0
[00422716][INF] All stream tests complete
[00422733][INF] ========================================
[00422733][INF] ONE-WAY STREAMING TEST RESULTS
[00422733][INF] ========================================
[00422733][INF]  256 bytes: SEND   33 KB/s  RECV   22 KB/s
[00422733][INF]  512 bytes: SEND   93 KB/s  RECV   22 KB/s
[00422733][INF] 1024 bytes: SEND  178 KB/s  RECV   44 KB/s
[00422733][INF] 2048 bytes: SEND  299 KB/s  RECV   59 KB/s
[00422750][INF] 4096 bytes: SEND  465 KB/s  RECV  118 KB/s
[00422750][INF] ========================================
[00422750][INF] Memory: FreeMem=2573152 MaxBlock=2571664
[00422750][INF] Streaming 8467 bytes of logs to partner...
[00422766][WRN] Log streaming timed out after 30s, exiting
[00422766][INF] ========================================
[00422766][INF] TEST EXITING - cleaning up...
[00422766][INF] ========================================
