[00000016][INF] ========================================
[00000016][INF] PeerTalk One-Way Stream Test
[00000016][INF] Version: 1.0.0
[00000016][INF] ========================================
[00000033][INF] Memory after pool alloc: FreeMem=2781872 MaxBlock=2780192
[00000033][INF] Buffer pool: 4 buffers × 32KB
[00000033][INF] Initializing PeerTalk...
[00000116][INF] Waiting for peer...
[00000116][INF] Press any key to exit.
[00010100][INF] DISCOVERED: "PerfPartner" at 10.188.1.59:7354
[00010100][INF] Connecting to peer...
[00010133][INF] CONNECTED to peer 1
[00010150][INF] Peer capabilities: max_msg=4096 recv_buf=8192
[00010166][INF] === SEND PHASE: 256 bytes ===
[00010166][DBG] Sent control: cmd=1 size=256 duration=30000
[00010266][DBG] MSG during ACK wait: len=12 bytes=[53 54 52 4D ...]
[00010266][DBG] Control msg: cmd=4 size=0 duration=0
[00010266][INF] Received ACK from partner
[00015300][INF] SEND 256: 34 KB/s (698 msgs) errs=0
[00020116][INF] DISCOVERED: "PerfPartner" at 10.188.1.59:7354
[00020300][INF] SEND 256: 34 KB/s (1386 msgs) errs=0
[00025300][INF] SEND 256: 34 KB/s (2062 msgs) errs=0
[00030183][INF] DISCOVERED: "PerfPartner" at 10.188.1.59:7354
[00030300][INF] SEND 256: 33 KB/s (2663 msgs) errs=0
[00035300][INF] SEND 256: 32 KB/s (3297 msgs) errs=0
[00040166][INF] DISCOVERED: "PerfPartner" at 10.188.1.59:7354
[00040266][INF] SEND COMPLETE 256 bytes: 32 KB/s (3906 msgs, 0 errors)
[00040283][DBG] Sent control: cmd=3 size=0 duration=0
[00040283][DBG] Draining for 2 seconds...
[00040333][DBG] Control msg: cmd=4 size=0 duration=0
[00040333][INF] Received ACK from partner
[00050233][INF] DISCOVERED: "PerfPartner" at 10.188.1.59:7354
[00050266][INF] === RECV PHASE: 256 bytes ===
[00050266][DBG] Sent control: cmd=2 size=256 duration=30000
[00050300][DBG] MSG during ACK wait: len=12 bytes=[53 54 52 4D ...]
[00050300][DBG] Control msg: cmd=4 size=0 duration=0
[00050300][INF] Received ACK from partner
[00055300][INF] RECV 256: 22 KB/s (449 msgs)
[00060250][INF] DISCOVERED: "PerfPartner" at 10.188.1.59:7354
[00060300][INF] RECV 256: 22 KB/s (891 msgs)
[00065300][INF] RECV 256: 22 KB/s (1335 msgs)
[00070283][INF] DISCOVERED: "PerfPartner" at 10.188.1.59:7354
[00070300][INF] RECV 256: 22 KB/s (1779 msgs)
[00075300][INF] RECV 256: 22 KB/s (2221 msgs)
[00080300][INF] DISCOVERED: "PerfPartner" at 10.188.1.59:7354
[00080316][INF] RECV 256: 22 KB/s (2667 msgs)
[00080366][INF] RECV COMPLETE 256 bytes: 22 KB/s (2667 msgs)
[00080366][DBG] Sent control: cmd=3 size=0 duration=0
[00080400][INF] Draining for 10 seconds...
[00080400][DBG] Control msg: cmd=3 size=0 duration=0
[00080400][DBG] Control msg: cmd=4 size=0 duration=0
[00080400][INF] Received ACK from partner
[00090316][INF] === SEND PHASE: 512 bytes ===
[00090316][DBG] Sent control: cmd=1 size=512 duration=30000
[00090350][INF] DISCOVERED: "PerfPartner" at 10.188.1.59:7354
[00090366][DBG] MSG during ACK wait: len=12 bytes=[53 54 52 4D ...]
[00090366][DBG] Control msg: cmd=4 size=0 duration=0
[00090366][INF] Received ACK from partner
[00095400][INF] SEND 512: 92 KB/s (931 msgs) errs=0
[00100350][INF] DISCOVERED: "PerfPartner" at 10.188.1.59:7354
[00100383][INF] SEND 512: 94 KB/s (1895 msgs) errs=0
[00105383][INF] SEND 512: 96 KB/s (2886 msgs) errs=0
[00110366][INF] DISCOVERED: "PerfPartner" at 10.188.1.59:7354
[00110383][INF] SEND 512: 97 KB/s (3896 msgs) errs=0
[00115383][INF] SEND 512: 97 KB/s (4866 msgs) errs=0
[00120366][INF] SEND COMPLETE 512 bytes: 97 KB/s (5867 msgs, 0 errors)
[00120366][DBG] Sent control: cmd=3 size=0 duration=0
[00120366][DBG] Draining for 2 seconds...
[00120416][INF] DISCOVERED: "PerfPartner" at 10.188.1.59:7354
[00120416][DBG] Control msg: cmd=4 size=0 duration=0
[00120416][INF] Received ACK from partner
[00130366][INF] === RECV PHASE: 512 bytes ===
[00130366][DBG] Sent control: cmd=2 size=512 duration=30000
[00130433][INF] DISCOVERED: "PerfPartner" at 10.188.1.59:7354
[00130450][DBG] MSG during ACK wait: len=12 bytes=[53 54 52 4D ...]
[00130450][DBG] Control msg: cmd=4 size=0 duration=0
[00130450][INF] Received ACK from partner
[00135450][INF] RECV 512: 22 KB/s (222 msgs)
[00140450][INF] RECV 512: 22 KB/s (444 msgs)
[00140516][INF] DISCOVERED: "PerfPartner" at 10.188.1.59:7354
[00145450][INF] RECV 512: 22 KB/s (666 msgs)
[00150450][INF] RECV 512: 22 KB/s (889 msgs)
[00150500][INF] DISCOVERED: "PerfPartner" at 10.188.1.59:7354
[00155450][INF] RECV 512: 22 KB/s (1107 msgs)
[00160450][INF] RECV 512: 22 KB/s (1327 msgs)
[00160483][INF] RECV COMPLETE 512 bytes: 22 KB/s (1327 msgs)
[00160500][DBG] Sent control: cmd=3 size=0 duration=0
[00160516][INF] Draining for 15 seconds...
[00160550][INF] DISCOVERED: "PerfPartner" at 10.188.1.59:7354
[00160550][DBG] Control msg: cmd=3 size=0 duration=0
[00160550][DBG] Control msg: cmd=4 size=0 duration=0
[00160550][INF] Received ACK from partner
[00170566][INF] DISCOVERED: "PerfPartner" at 10.188.1.59:7354
[00180450][INF] === SEND PHASE: 1024 bytes ===
[00180450][DBG] Sent control: cmd=1 size=1024 duration=30000
[00180483][DBG] MSG during ACK wait: len=12 bytes=[53 54 52 4D ...]
[00180483][DBG] Control msg: cmd=4 size=0 duration=0
[00180483][INF] Received ACK from partner
[00180600][INF] DISCOVERED: "PerfPartner" at 10.188.1.59:7354
[00185483][INF] SEND 1024: 188 KB/s (940 msgs) errs=0
[00190483][INF] SEND 1024: 188 KB/s (1889 msgs) errs=0
[00190633][INF] DISCOVERED: "PerfPartner" at 10.188.1.59:7354
[00195483][INF] SEND 1024: 189 KB/s (2849 msgs) errs=0
[00200483][INF] SEND 1024: 190 KB/s (3816 msgs) errs=0
[00200650][INF] DISCOVERED: "PerfPartner" at 10.188.1.59:7354
[00205483][INF] SEND 1024: 190 KB/s (4772 msgs) errs=0
[00210483][INF] SEND 1024: 190 KB/s (5724 msgs) errs=0
[00210516][INF] SEND COMPLETE 1024 bytes: 190 KB/s (5724 msgs, 0 errors)
[00210516][DBG] Sent control: cmd=3 size=0 duration=0
[00210516][DBG] Draining for 2 seconds...
[00210566][DBG] Control msg: cmd=4 size=0 duration=0
[00210566][INF] Received ACK from partner
[00210683][INF] DISCOVERED: "PerfPartner" at 10.188.1.59:7354
[00220483][INF] === RECV PHASE: 1024 bytes ===
[00220483][DBG] Sent control: cmd=2 size=1024 duration=30000
[00220650][DBG] MSG during ACK wait: len=12 bytes=[53 54 52 4D ...]
[00220650][DBG] Control msg: cmd=4 size=0 duration=0
[00220666][INF] Received ACK from partner
[00220716][INF] DISCOVERED: "PerfPartner" at 10.188.1.59:7354
[00225666][INF] RECV 1024: 44 KB/s (222 msgs)
[00230666][INF] RECV 1024: 44 KB/s (444 msgs)
[00230733][INF] DISCOVERED: "PerfPartner" at 10.188.1.59:7354
[00235666][INF] RECV 1024: 44 KB/s (666 msgs)
[00240666][INF] RECV 1024: 44 KB/s (888 msgs)
[00240766][INF] DISCOVERED: "PerfPartner" at 10.188.1.59:7354
[00245666][INF] RECV 1024: 44 KB/s (1110 msgs)
[00250666][INF] RECV 1024: 44 KB/s (1332 msgs)
[00250700][INF] RECV COMPLETE 1024 bytes: 44 KB/s (1332 msgs)
[00250700][DBG] Sent control: cmd=3 size=0 duration=0
[00250733][INF] Draining for 15 seconds...
[00250750][DBG] Control msg: cmd=4 size=0 duration=0
[00250750][INF] Received ACK from partner
[00250800][INF] DISCOVERED: "PerfPartner" at 10.188.1.59:7354
[00260833][INF] DISCOVERED: "PerfPartner" at 10.188.1.59:7354
[00270666][INF] === SEND PHASE: 2048 bytes ===
[00270666][DBG] Sent control: cmd=1 size=2048 duration=30000
[00270750][DBG] MSG during ACK wait: len=12 bytes=[53 54 52 4D ...]
[00270750][DBG] Control msg: cmd=4 size=0 duration=0
[00270750][INF] Received ACK from partner
[00270850][INF] DISCOVERED: "PerfPartner" at 10.188.1.59:7354
[00275766][INF] SEND 2048: 325 KB/s (816 msgs) errs=0
[00280750][INF] SEND 2048: 321 KB/s (1608 msgs) errs=0
[00280866][INF] DISCOVERED: "PerfPartner" at 10.188.1.59:7354
[00285750][INF] SEND 2048: 322 KB/s (2418 msgs) errs=0
[00290750][INF] SEND 2048: 322 KB/s (3223 msgs) errs=0
[00290883][INF] DISCOVERED: "PerfPartner" at 10.188.1.59:7354
[00295750][INF] SEND 2048: 323 KB/s (4045 msgs) errs=0
[00300750][INF] SEND 2048: 321 KB/s (4828 msgs) errs=0
[00300783][INF] SEND COMPLETE 2048 bytes: 321 KB/s (4828 msgs, 0 errors)
[00300783][DBG] Sent control: cmd=3 size=0 duration=0
[00300783][DBG] Draining for 2 seconds...
[00300833][DBG] Control msg: cmd=4 size=0 duration=0
[00300850][INF] Received ACK from partner
[00300933][INF] DISCOVERED: "PerfPartner" at 10.188.1.59:7354
[00310750][INF] === RECV PHASE: 2048 bytes ===
[00310750][DBG] Sent control: cmd=2 size=2048 duration=30000
[00310783][DBG] MSG during ACK wait: len=12 bytes=[53 54 52 4D ...]
[00310783][DBG] Control msg: cmd=4 size=0 duration=0
[00310783][INF] Received ACK from partner
[00310966][INF] DISCOVERED: "PerfPartner" at 10.188.1.59:7354
[00315783][INF] RECV 2048: 59 KB/s (149 msgs)
[00320783][INF] RECV 2048: 59 KB/s (297 msgs)
[00321000][INF] DISCOVERED: "PerfPartner" at 10.188.1.59:7354
[00325783][INF] RECV 2048: 59 KB/s (445 msgs)
[00330783][INF] RECV 2048: 59 KB/s (593 msgs)
[00331033][INF] DISCOVERED: "PerfPartner" at 10.188.1.59:7354
[00335783][INF] RECV 2048: 59 KB/s (742 msgs)
[00340783][INF] RECV 2048: 59 KB/s (890 msgs)
[00340816][INF] RECV COMPLETE 2048 bytes: 59 KB/s (890 msgs)
[00340816][DBG] Sent control: cmd=3 size=0 duration=0
[00340850][INF] Draining for 15 seconds...
[00340850][DBG] Control msg: cmd=4 size=0 duration=0
[00340866][INF] Received ACK from partner
[00341066][INF] DISCOVERED: "PerfPartner" at 10.188.1.59:7354
[00351083][INF] DISCOVERED: "PerfPartner" at 10.188.1.59:7354
[00360783][INF] === SEND PHASE: 4096 bytes ===
[00360783][DBG] Sent control: cmd=1 size=4096 duration=30000
[00360816][DBG] MSG during ACK wait: len=12 bytes=[53 54 52 4D ...]
[00360816][DBG] Control msg: cmd=4 size=0 duration=0
[00360816][INF] Received ACK from partner
[00361133][INF] DISCOVERED: "PerfPartner" at 10.188.1.59:7354
[00365816][INF] SEND 4096: 484 KB/s (606 msgs) errs=0
[00370816][INF] SEND 4096: 494 KB/s (1236 msgs) errs=0
[00371133][INF] DISCOVERED: "PerfPartner" at 10.188.1.59:7354
[00375833][INF] SEND 4096: 497 KB/s (1867 msgs) errs=0
[00380833][INF] SEND 4096: 497 KB/s (2490 msgs) errs=0
[00381216][INF] DISCOVERED: "PerfPartner" at 10.188.1.59:7354
[00385850][INF] SEND 4096: 498 KB/s (3122 msgs) errs=0
[00390816][INF] SEND COMPLETE 4096 bytes: 497 KB/s (3734 msgs, 0 errors)
[00390833][DBG] Sent control: cmd=3 size=0 duration=0
[00390833][DBG] Draining for 2 seconds...
[00390883][DBG] Control msg: cmd=4 size=0 duration=0
[00390883][INF] Received ACK from partner
[00391200][INF] DISCOVERED: "PerfPartner" at 10.188.1.59:7354
[00400816][INF] === RECV PHASE: 4096 bytes ===
[00400816][DBG] Sent control: cmd=2 size=4096 duration=30000
[00400916][DBG] MSG during ACK wait: len=12 bytes=[53 54 52 4D ...]
[00400916][DBG] Control msg: cmd=4 size=0 duration=0
[00400916][INF] Received ACK from partner
[00401233][INF] DISCOVERED: "PerfPartner" at 10.188.1.59:7354
[00405916][INF] RECV 4096: 118 KB/s (148 msgs)
[00410916][INF] RECV 4096: 118 KB/s (296 msgs)
[00411266][INF] DISCOVERED: "PerfPartner" at 10.188.1.59:7354
[00415916][INF] RECV 4096: 118 KB/s (443 msgs)
[00420916][INF] RECV 4096: 118 KB/s (590 msgs)
[00421283][INF] DISCOVERED: "PerfPartner" at 10.188.1.59:7354
[00425916][INF] RECV 4096: 117 KB/s (736 msgs)
[00430916][INF] RECV 4096: 117 KB/s (883 msgs)
[00430950][INF] RECV COMPLETE 4096 bytes: 117 KB/s (883 msgs)
[00430966][DBG] Sent control: cmd=3 size=0 duration=0
[00430966][INF] All stream tests complete
[00431000][INF] Draining TCP buffers for 20s before log streaming...
[00431000][DBG] Control msg: cmd=4 size=0 duration=0
[00431000][INF] Received ACK from partner
[00431333][INF] DISCOVERED: "PerfPartner" at 10.188.1.59:7354
[00441350][INF] DISCOVERED: "PerfPartner" at 10.188.1.59:7354
[00450916][INF] ========================================
[00450916][INF] ONE-WAY STREAMING TEST RESULTS
[00450916][INF] ========================================
[00450916][INF]  256 bytes: SEND   32 KB/s  RECV   22 KB/s
[00450916][INF]  512 bytes: SEND   97 KB/s  RECV   22 KB/s
[00450916][INF] 1024 bytes: SEND  190 KB/s  RECV   44 KB/s
[00450916][INF] 2048 bytes: SEND  321 KB/s  RECV   59 KB/s
[00450916][INF] 4096 bytes: SEND  497 KB/s  RECV  117 KB/s
[00450916][INF] ========================================
[00450933][INF] Memory: FreeMem=2571472 MaxBlock=2569984
[00450950][INF] Streaming 8772 bytes of logs to partner...
[00451383][INF] DISCOVERED: "PerfPartner" at 10.188.1.59:7354
[00461116][INF] Log streaming complete: 8824 bytes sent
[00461116][INF] ========================================
[00461116][INF] TEST EXITING - cleaning up...
[00461116][INF] ========================================
