========================================
PeerTalk One-Way Stream Test
Version: 1.0.0
========================================
Memory after pool alloc: FreeMem=2781872 MaxBlock=2780192
Buffer pool: 4 buffers × 32KB
Initializing PeerTalk...
Waiting for peer...
Press any key to exit.
DISCOVERED: "PerfPartner" at 10.188.1.59:7354
Connecting to peer...
CONNECTED to peer 1
Peer capabilities: max_msg=4096 recv_buf=8192
=== SEND PHASE: 256 bytes ===
Sent control: cmd=1 size=256 duration=30000
MSG during ACK wait: len=12 bytes=[53 54 52 4D ...]
Control msg: cmd=4 size=0 duration=0
Received ACK from partner
SEND 256: 35 KB/s (709 msgs) errs=0
DISCOVERED: "PerfPartner" at 10.188.1.59:7354
SEND 256: 34 KB/s (1404 msgs) errs=0
SEND 256: 34 KB/s (2072 msgs) errs=0
DISCOVERED: "PerfPartner" at 10.188.1.59:7354
SEND 256: 34 KB/s (2747 msgs) errs=0
SEND 256: 34 KB/s (3437 msgs) errs=0
DISCOVERED: "PerfPartner" at 10.188.1.59:7354
SEND COMPLETE 256 bytes: 34 KB/s (4090 msgs, 0 errors)
Sent control: cmd=3 size=0 duration=0
Draining for 2 seconds...
Control msg: cmd=4 size=0 duration=0
Received ACK from partner
DISCOVERED: "PerfPartner" at 10.188.1.59:7354
=== RECV PHASE: 256 bytes ===
Sent control: cmd=2 size=256 duration=30000
MSG during ACK wait: len=12 bytes=[53 54 52 4D ...]
Control msg: cmd=4 size=0 duration=0
Received ACK from partner
RECV 256: 22 KB/s (447 msgs)
DISCOVERED: "PerfPartner" at 10.188.1.59:7354
RECV 256: 22 KB/s (889 msgs)
RECV 256: 22 KB/s (1331 msgs)
DISCOVERED: "PerfPartner" at 10.188.1.59:7354
RECV 256: 22 KB/s (1775 msgs)
RECV 256: 22 KB/s (2217 msgs)
DISCOVERED: "PerfPartner" at 10.188.1.59:7354
RECV 256: 22 KB/s (2661 msgs)
RECV COMPLETE 256 bytes: 22 KB/s (2661 msgs)
Sent control: cmd=3 size=0 duration=0
Draining for 10 seconds...
Control msg: cmd=3 size=0 duration=0
Control msg: cmd=4 size=0 duration=0
Received ACK from partner
=== SEND PHASE: 512 bytes ===
Sent control: cmd=1 size=512 duration=30000
DISCOVERED: "PerfPartner" at 10.188.1.59:7354
MSG during ACK wait: len=12 bytes=[53 54 52 4D ...]
Control msg: cmd=4 size=0 duration=0
Received ACK from partner
SEND 512: 95 KB/s (954 msgs) errs=0
DISCOVERED: "PerfPartner" at 10.188.1.59:7354
SEND 512: 96 KB/s (1937 msgs) errs=0
SEND 512: 97 KB/s (2920 msgs) errs=0
SEND 512: 97 KB/s (3901 msgs) errs=0
DISCOVERED: "PerfPartner" at 10.188.1.59:7354
SEND 512: 97 KB/s (4888 msgs) errs=0
SEND COMPLETE 512 bytes: 98 KB/s (5886 msgs, 0 errors)
Sent control: cmd=3 size=0 duration=0
Draining for 2 seconds...
DISCOVERED: "PerfPartner" at 10.188.1.59:7354
Control msg: cmd=4 size=0 duration=0
Received ACK from partner
=== RECV PHASE: 512 bytes ===
Sent control: cmd=2 size=512 duration=30000
DISCOVERED: "PerfPartner" at 10.188.1.59:7354
MSG during ACK wait: len=12 bytes=[53 54 52 4D ...]
Control msg: cmd=4 size=0 duration=0
Received ACK from partner
RECV 512: 22 KB/s (223 msgs)
RECV 512: 22 KB/s (444 msgs)
DISCOVERED: "PerfPartner" at 10.188.1.59:7354
RECV 512: 22 KB/s (666 msgs)
RECV 512: 22 KB/s (887 msgs)
DISCOVERED: "PerfPartner" at 10.188.1.59:7354
RECV 512: 22 KB/s (1108 msgs)
RECV 512: 22 KB/s (1330 msgs)
RECV COMPLETE 512 bytes: 22 KB/s (1330 msgs)
Sent control: cmd=3 size=0 duration=0
Draining for 15 seconds...
Control msg: cmd=4 size=0 duration=0
Received ACK from partner
DISCOVERED: "PerfPartner" at 10.188.1.59:7354
DISCOVERED: "PerfPartner" at 10.188.1.59:7354
=== SEND PHASE: 1024 bytes ===
Sent control: cmd=1 size=1024 duration=30000
MSG during ACK wait: len=12 bytes=[53 54 52 4D ...]
Control msg: cmd=4 size=0 duration=0
Received ACK from partner
DISCOVERED: "PerfPartner" at 10.188.1.59:7354
SEND 1024: 180 KB/s (902 msgs) errs=0
SEND 1024: 183 KB/s (1837 msgs) errs=0
DISCOVERED: "PerfPartner" at 10.188.1.59:7354
SEND 1024: 184 KB/s (2774 msgs) errs=0
SEND 1024: 183 KB/s (3675 msgs) errs=0
DISCOVERED: "PerfPartner" at 10.188.1.59:7354
SEND 1024: 183 KB/s (4583 msgs) errs=0
SEND 1024: 183 KB/s (5515 msgs) errs=0
SEND COMPLETE 1024 bytes: 183 KB/s (5515 msgs, 0 errors)
Sent control: cmd=3 size=0 duration=0
Draining for 2 seconds...
Control msg: cmd=4 size=0 duration=0
Received ACK from partner
DISCOVERED: "PerfPartner" at 10.188.1.59:7354
=== RECV PHASE: 1024 bytes ===
Sent control: cmd=2 size=1024 duration=30000
MSG during ACK wait: len=12 bytes=[53 54 52 4D ...]
Control msg: cmd=4 size=0 duration=0
Received ACK from partner
DISCOVERED: "PerfPartner" at 10.188.1.59:7354
RECV 1024: 44 KB/s (221 msgs)
RECV 1024: 44 KB/s (443 msgs)
DISCOVERED: "PerfPartner" at 10.188.1.59:7354
RECV 1024: 44 KB/s (664 msgs)
RECV 1024: 44 KB/s (885 msgs)
DISCOVERED: "PerfPartner" at 10.188.1.59:7354
RECV 1024: 44 KB/s (1106 msgs)
RECV 1024: 44 KB/s (1327 msgs)
RECV COMPLETE 1024 bytes: 44 KB/s (1327 msgs)
Sent control: cmd=3 size=0 duration=0
Draining for 15 seconds...
Control msg: cmd=4 size=0 duration=0
Received ACK from partner
DISCOVERED: "PerfPartner" at 10.188.1.59:7354
DISCOVERED: "PerfPartner" at 10.188.1.59:7354
=== SEND PHASE: 2048 bytes ===
Sent control: cmd=1 size=2048 duration=30000
DISCOVERED: "PerfPartner" at 10.188.1.59:7354
MSG during ACK wait: len=12 bytes=[53 54 52 4D ...]
Control msg: cmd=4 size=0 duration=0
Received ACK from partner
SEND 2048: 276 KB/s (692 msgs) errs=0
DISCOVERED: "PerfPartner" at 10.188.1.59:7354
SEND 2048: 294 KB/s (1476 msgs) errs=0
SEND 2048: 297 KB/s (2234 msgs) errs=0
SEND 2048: 301 KB/s (3020 msgs) errs=0
DISCOVERED: "PerfPartner" at 10.188.1.59:7354
SEND 2048: 304 KB/s (3810 msgs) errs=0
SEND COMPLETE 2048 bytes: 304 KB/s (4568 msgs, 0 errors)
Sent control: cmd=3 size=0 duration=0
Draining for 2 seconds...
DISCOVERED: "PerfPartner" at 10.188.1.59:7354
Control msg: cmd=4 size=0 duration=0
Received ACK from partner
=== RECV PHASE: 2048 bytes ===
Sent control: cmd=2 size=2048 duration=30000
DISCOVERED: "PerfPartner" at 10.188.1.59:7354
MSG during ACK wait: len=12 bytes=[53 54 52 4D ...]
Control msg: cmd=4 size=0 duration=0
Received ACK from partner
RECV 2048: 59 KB/s (148 msgs)
RECV 2048: 59 KB/s (296 msgs)
DISCOVERED: "PerfPartner" at 10.188.1.59:7354
RECV 2048: 59 KB/s (444 msgs)
RECV 2048: 59 KB/s (591 msgs)
DISCOVERED: "PerfPartner" at 10.188.1.59:7354
RECV 2048: 59 KB/s (739 msgs)
RECV 2048: 59 KB/s (886 msgs)
RECV COMPLETE 2048 bytes: 59 KB/s (886 msgs)
Sent control: cmd=3 size=0 duration=0
Draining for 15 seconds...
DISCOVERED: "PerfPartner" at 10.188.1.59:7354
Control msg: cmd=3 size=0 duration=0
Control msg: cmd=4 size=0 duration=0
Received ACK from partner
DISCOVERED: "PerfPartner" at 10.188.1.59:7354
=== SEND PHASE: 4096 bytes ===
Sent control: cmd=1 size=4096 duration=30000
DISCOVERED: "PerfPartner" at 10.188.1.59:7354
MSG during ACK wait: len=12 bytes=[53 54 52 4D ...]
Control msg: cmd=4 size=0 duration=0
Received ACK from partner
SEND 4096: 143 KB/s (187 msgs) errs=0
DISCOVERED: "PerfPartner" at 10.188.1.59:7354
SEND 4096: 313 KB/s (799 msgs) errs=0
SEND 4096: 372 KB/s (1417 msgs) errs=0
DISCOVERED: "PerfPartner" at 10.188.1.59:7354
SEND 4096: 400 KB/s (2027 msgs) errs=0
SEND 4096: 418 KB/s (2637 msgs) errs=0
DISCOVERED: "PerfPartner" at 10.188.1.59:7354
SEND COMPLETE 4096 bytes: 429 KB/s (3218 msgs, 0 errors)
Sent control: cmd=3 size=0 duration=0
Draining for 2 seconds...
Control msg: cmd=4 size=0 duration=0
Received ACK from partner
=== RECV PHASE: 4096 bytes ===
Sent control: cmd=2 size=4096 duration=30000
DISCOVERED: "PerfPartner" at 10.188.1.59:7354
MSG during ACK wait: len=12 bytes=[53 54 52 4D ...]
Control msg: cmd=4 size=0 duration=0
Received ACK from partner
RECV 4096: 119 KB/s (149 msgs)
DISCOVERED: "PerfPartner" at 10.188.1.59:7354
RECV 4096: 118 KB/s (296 msgs)
RECV 4096: 117 KB/s (442 msgs)
DISCOVERED: "PerfPartner" at 10.188.1.59:7354
RECV 4096: 118 KB/s (591 msgs)
RECV 4096: 117 KB/s (737 msgs)
RECV COMPLETE 4096 bytes: 117 KB/s (884 msgs)
Sent control: cmd=3 size=0 duration=0
All stream tests complete
Draining TCP buffers for 20s before log streaming...
DISCOVERED: "PerfPartner" at 10.188.1.59:7354
Control msg: cmd=4 size=0 duration=0
Received ACK from partner
DISCOVERED: "PerfPartner" at 10.188.1.59:7354
========================================
ONE-WAY STREAMING TEST RESULTS
========================================
 256 bytes: SEND   34 KB/s  RECV   22 KB/s
 512 bytes: SEND   98 KB/s  RECV   22 KB/s
1024 bytes: SEND  183 KB/s  RECV   44 KB/s
2048 bytes: SEND  304 KB/s  RECV   59 KB/s
4096 bytes: SEND  429 KB/s  RECV  117 KB/s
========================================
Memory: FreeMem=2571472 MaxBlock=2569984
Streaming 8699 bytes of logs to partner...
