========================================
PeerTalk One-Way Stream Test
Version: 1.0.0
========================================
Memory after pool alloc: FreeMem=2782096 MaxBlock=2780416
Buffer pool: 4 buffers × 32KB
Initializing PeerTalk...
Waiting for peer...
Press any key to exit.
DISCOVERED: "PerfPartner" at 10.188.1.59:7354
Connecting to peer...
CONNECTED to peer 1
Peer capabilities: max_msg=4096 recv_buf=8192
=== SEND PHASE: 256 bytes ===
Sent control: cmd=1 size=256 duration=30000
MSG during ACK wait: len=12 bytes=[53 54 52 4D ...]
Control msg: cmd=4 size=0 duration=0
Received ACK from partner
SEND 256: 26 KB/s (539 msgs) errs=0
SEND 256: 25 KB/s (1025 msgs) errs=0
SEND 256: 25 KB/s (1511 msgs) errs=0
DISCOVERED: "PerfPartner" at 10.188.1.59:7354
SEND 256: 24 KB/s (1956 msgs) errs=0
SEND 256: 24 KB/s (2435 msgs) errs=0
DISCOVERED: "PerfPartner" at 10.188.1.59:7354
SEND COMPLETE 256 bytes: 24 KB/s (2940 msgs, 0 errors)
Sent control: cmd=3 size=0 duration=0
Draining for 2 seconds...
Control msg: cmd=4 size=0 duration=0
Received ACK from partner
DISCOVERED: "PerfPartner" at 10.188.1.59:7354
=== RECV PHASE: 256 bytes ===
Sent control: cmd=2 size=256 duration=30000
MSG during ACK wait: len=12 bytes=[53 54 52 4D ...]
Control msg: cmd=4 size=0 duration=0
Received ACK from partner
RECV 256: 22 KB/s (445 msgs)
DISCOVERED: "PerfPartner" at 10.188.1.59:7354
RECV 256: 22 KB/s (887 msgs)
RECV 256: 22 KB/s (1327 msgs)
DISCOVERED: "PerfPartner" at 10.188.1.59:7354
RECV 256: 22 KB/s (1773 msgs)
RECV 256: 22 KB/s (2217 msgs)
DISCOVERED: "PerfPartner" at 10.188.1.59:7354
RECV 256: 22 KB/s (2659 msgs)
RECV COMPLETE 256 bytes: 22 KB/s (2659 msgs)
Sent control: cmd=3 size=0 duration=0
Draining for 10 seconds...
Control msg: cmd=4 size=0 duration=0
Received ACK from partner
DISCOVERED: "PerfPartner" at 10.188.1.59:7354
=== SEND PHASE: 512 bytes ===
Sent control: cmd=1 size=512 duration=30000
MSG during ACK wait: len=12 bytes=[53 54 52 4D ...]
Control msg: cmd=4 size=0 duration=0
Received ACK from partner
SEND 512: 76 KB/s (764 msgs) errs=0
SEND 512: 75 KB/s (1522 msgs) errs=0
DISCOVERED: "PerfPartner" at 10.188.1.59:7354
SEND 512: 59 KB/s (1809 msgs) errs=0
DISCOVERED: "PerfPartner" at 10.188.1.59:7354
SEND 512: 61 KB/s (2502 msgs) errs=0
SEND 512: 65 KB/s (3286 msgs) errs=0
SEND COMPLETE 512 bytes: 67 KB/s (4049 msgs, 0 errors)
Sent control: cmd=3 size=0 duration=0
Draining for 2 seconds...
DISCOVERED: "PerfPartner" at 10.188.1.59:7354
Control msg: cmd=4 size=0 duration=0
Received ACK from partner
=== RECV PHASE: 512 bytes ===
Sent control: cmd=2 size=512 duration=30000
DISCOVERED: "PerfPartner" at 10.188.1.59:7354
MSG during ACK wait: len=12 bytes=[53 54 52 4D ...]
Control msg: cmd=4 size=0 duration=0
Received ACK from partner
RECV 512: 22 KB/s (222 msgs)
RECV 512: 21 KB/s (439 msgs)
DISCOVERED: "PerfPartner" at 10.188.1.59:7354
RECV 512: 22 KB/s (664 msgs)
RECV 512: 22 KB/s (886 msgs)
DISCOVERED: "PerfPartner" at 10.188.1.59:7354
RECV 512: 22 KB/s (1107 msgs)
RECV 512: 22 KB/s (1329 msgs)
RECV COMPLETE 512 bytes: 22 KB/s (1329 msgs)
Sent control: cmd=3 size=0 duration=0
Draining for 15 seconds...
DISCOVERED: "PerfPartner" at 10.188.1.59:7354
Control msg: cmd=4 size=0 duration=0
Received ACK from partner
DISCOVERED: "PerfPartner" at 10.188.1.59:7354
=== SEND PHASE: 1024 bytes ===
Sent control: cmd=1 size=1024 duration=30000
MSG during ACK wait: len=12 bytes=[53 54 52 4D ...]
Control msg: cmd=4 size=0 duration=0
Received ACK from partner
DISCOVERED: "PerfPartner" at 10.188.1.59:7354
SEND 1024: 149 KB/s (748 msgs) errs=0
SEND 1024: 157 KB/s (1575 msgs) errs=0
DISCOVERED: "PerfPartner" at 10.188.1.59:7354
SEND 1024: 157 KB/s (2367 msgs) errs=0
SEND 1024: 158 KB/s (3177 msgs) errs=0
DISCOVERED: "PerfPartner" at 10.188.1.59:7354
SEND 1024: 160 KB/s (4016 msgs) errs=0
SEND COMPLETE 1024 bytes: 161 KB/s (4833 msgs, 0 errors)
Sent control: cmd=3 size=0 duration=0
Draining for 2 seconds...
Control msg: cmd=4 size=0 duration=0
Received ACK from partner
DISCOVERED: "PerfPartner" at 10.188.1.59:7354
=== RECV PHASE: 1024 bytes ===
Sent control: cmd=2 size=1024 duration=30000
MSG during ACK wait: len=12 bytes=[53 54 52 4D ...]
Control msg: cmd=4 size=0 duration=0
Received ACK from partner
DISCOVERED: "PerfPartner" at 10.188.1.59:7354
RECV 1024: 44 KB/s (222 msgs)
RECV 1024: 44 KB/s (444 msgs)
DISCOVERED: "PerfPartner" at 10.188.1.59:7354
RECV 1024: 44 KB/s (665 msgs)
RECV 1024: 44 KB/s (887 msgs)
DISCOVERED: "PerfPartner" at 10.188.1.59:7354
RECV 1024: 44 KB/s (1108 msgs)
RECV 1024: 44 KB/s (1322 msgs)
RECV COMPLETE 1024 bytes: 43 KB/s (1322 msgs)
Sent control: cmd=3 size=0 duration=0
Draining for 15 seconds...
Control msg: cmd=3 size=0 duration=0
Control msg: cmd=4 size=0 duration=0
Received ACK from partner
DISCOVERED: "PerfPartner" at 10.188.1.59:7354
DISCOVERED: "PerfPartner" at 10.188.1.59:7354
=== SEND PHASE: 2048 bytes ===
Sent control: cmd=1 size=2048 duration=30000
MSG during ACK wait: len=12 bytes=[53 54 52 4D ...]
Control msg: cmd=4 size=0 duration=0
Received ACK from partner
DISCOVERED: "PerfPartner" at 10.188.1.59:7354
SEND 2048: 254 KB/s (639 msgs) errs=0
SEND 2048: 267 KB/s (1340 msgs) errs=0
DISCOVERED: "PerfPartner" at 10.188.1.59:7354
SEND 2048: 267 KB/s (2007 msgs) errs=0
SEND 2048: 225 KB/s (2264 msgs) errs=0
DISCOVERED: "PerfPartner" at 10.188.1.59:7354
SEND 2048: 223 KB/s (2805 msgs) errs=0
SEND COMPLETE 2048 bytes: 231 KB/s (3473 msgs, 0 errors)
Sent control: cmd=3 size=0 duration=0
Draining for 2 seconds...
Control msg: cmd=4 size=0 duration=0
Received ACK from partner
DISCOVERED: "PerfPartner" at 10.188.1.59:7354
=== RECV PHASE: 2048 bytes ===
Sent control: cmd=2 size=2048 duration=30000
MSG during ACK wait: len=12 bytes=[53 54 52 4D ...]
Control msg: cmd=4 size=0 duration=0
Received ACK from partner
DISCOVERED: "PerfPartner" at 10.188.1.59:7354
RECV 2048: 59 KB/s (148 msgs)
RECV 2048: 59 KB/s (295 msgs)
DISCOVERED: "PerfPartner" at 10.188.1.59:7354
RECV 2048: 58 KB/s (440 msgs)
RECV 2048: 59 KB/s (591 msgs)
DISCOVERED: "PerfPartner" at 10.188.1.59:7354
RECV 2048: 59 KB/s (738 msgs)
RECV 2048: 59 KB/s (886 msgs)
RECV COMPLETE 2048 bytes: 59 KB/s (886 msgs)
Sent control: cmd=3 size=0 duration=0
Draining for 15 seconds...
Control msg: cmd=4 size=0 duration=0
Received ACK from partner
DISCOVERED: "PerfPartner" at 10.188.1.59:7354
DISCOVERED: "PerfPartner" at 10.188.1.59:7354
=== SEND PHASE: 4096 bytes ===
Sent control: cmd=1 size=4096 duration=30000
MSG during ACK wait: len=12 bytes=[53 54 52 4D ...]
Control msg: cmd=4 size=0 duration=0
Received ACK from partner
DISCOVERED: "PerfPartner" at 10.188.1.59:7354
SEND 4096: 138 KB/s (174 msgs) errs=0
SEND 4096: 281 KB/s (706 msgs) errs=0
DISCOVERED: "PerfPartner" at 10.188.1.59:7354
SEND 4096: 339 KB/s (1273 msgs) errs=0
SEND 4096: 367 KB/s (1842 msgs) errs=0
DISCOVERED: "PerfPartner" at 10.188.1.59:7354
SEND 4096: 385 KB/s (2417 msgs) errs=0
SEND COMPLETE 4096 bytes: 397 KB/s (2986 msgs, 0 errors)
Sent control: cmd=3 size=0 duration=0
Draining for 2 seconds...
Control msg: cmd=4 size=0 duration=0
Received ACK from partner
DISCOVERED: "PerfPartner" at 10.188.1.59:7354
=== RECV PHASE: 4096 bytes ===
Sent control: cmd=2 size=4096 duration=30000
DISCOVERED: "PerfPartner" at 10.188.1.59:7354
MSG during ACK wait: len=12 bytes=[53 54 52 4D ...]
Control msg: cmd=4 size=0 duration=0
Received ACK from partner
RECV 4096: 77 KB/s (97 msgs)
DISCOVERED: "PerfPartner" at 10.188.1.59:7354
RECV 4096: 82 KB/s (206 msgs)
RECV 4096: 86 KB/s (325 msgs)
DISCOVERED: "PerfPartner" at 10.188.1.59:7354
RECV 4096: 89 KB/s (448 msgs)
RECV 4096: 93 KB/s (586 msgs)
DISCOVERED: "PerfPartner" at 10.188.1.59:7354
RECV 4096: 92 KB/s (697 msgs)
RECV COMPLETE 4096 bytes: 92 KB/s (697 msgs)
Sent control: cmd=3 size=0 duration=0
All stream tests complete
Draining TCP buffers for 20s before log streaming...
Control msg: cmd=3 size=0 duration=0
Control msg: cmd=4 size=0 duration=0
Received ACK from partner
DISCOVERED: "PerfPartner" at 10.188.1.59:7354
DISCOVERED: "PerfPartner" at 10.188.1.59:7354
========================================
ONE-WAY STREAMING TEST RESULTS
========================================
 256 bytes: SEND   24 KB/s  RECV   22 KB/s
 512 bytes: SEND   67 KB/s  RECV   22 KB/s
1024 bytes: SEND  161 KB/s  RECV   43 KB/s
2048 bytes: SEND  231 KB/s  RECV   59 KB/s
4096 bytes: SEND  397 KB/s  RECV   92 KB/s
========================================
Memory: FreeMem=2571696 MaxBlock=2570208
Streaming 8683 bytes of logs to partner...
