[00000050][INF] ========================================

[00000050][INF] PeerTalk One-Way Stream Test

[00000050][INF] Version: 1.0.0

[00000050][INF] ========================================

[00000050][INF] Memory after pool alloc: FreeMem=2782256 MaxBlock=2780576

[00000066][INF] Buffer pool: 4 buffers × 32KB

[00000066][INF] Initializing PeerTalk...

[00000183][INF] Waiting for peer...

[00000183][INF] Press any key to exit.

[00010033][INF] DISCOVERED: "PerfPartner" at 10.188.1.59:7354

[00010033][INF] Connecting to peer...

[00010083][INF] CONNECTED to peer 1

[00010083][INF] Peer capabilities: max_msg=4096 recv_buf=8192

[00010100][INF] === SEND PHASE: 256 bytes ===

[00010100][DBG] Sent control: cmd=1 size=256 duration=30000

[00010200][DBG] MSG during ACK wait: len=12 bytes=[53 54 52 4D ...]

[00010200][DBG] Control msg: cmd=4 size=0 duration=0

[00010200][INF] Received ACK from partner

[00015200][INF] SEND 256: 40 KB/s (808 msgs) errs=0

[00020033][INF] DISCOVERED: "PerfPartner" at 10.188.1.59:7354

[00020216][INF] SEND 256: 39 KB/s (1599 msgs) errs=0

[00025250][INF] SEND 256: 40 KB/s (2419 msgs) errs=0

[00030083][INF] DISCOVERED: "PerfPartner" at 10.188.1.59:7354

[00030250][INF] SEND 256: 40 KB/s (3244 msgs) errs=0

[00035250][INF] SEND 256: 40 KB/s (4084 msgs) errs=0

[00040100][INF] DISCOVERED: "PerfPartner" at 10.188.1.59:7354

[00040200][INF] SEND COMPLETE 256 bytes: 40 KB/s (4901 msgs, 0 errors)

[00040216][DBG] Sent control: cmd=3 size=0 duration=0

[00040216][DBG] Draining for 2 seconds...

[00040266][DBG] Control msg: cmd=4 size=0 duration=0

[00040266][INF] Received ACK from partner

[00050200][INF] === RECV PHASE: 256 bytes ===

[00050200][DBG] Sent control: cmd=2 size=256 duration=30000

[00050250][INF] DISCOVERED: "PerfPartner" at 10.188.1.59:7354

[00050250][DBG] MSG during ACK wait: len=12 bytes=[53 54 52 4D ...]

[00050250][DBG] Control msg: cmd=4 size=0 duration=0

[00050250][INF] Received ACK from partner

[00055250][INF] RECV 256: 22 KB/s (447 msgs)

[00060250][INF] RECV 256: 22 KB/s (891 msgs)

[00060316][INF] DISCOVERED: "PerfPartner" at 10.188.1.59:7354

[00065250][INF] RECV 256: 22 KB/s (1333 msgs)

[00070266][INF] DISCOVERED: "PerfPartner" at 10.188.1.59:7354

[00070266][INF] RECV 256: 22 KB/s (1779 msgs)

[00075266][INF] RECV 256: 22 KB/s (2221 msgs)

[00080233][INF] DISCOVERED: "PerfPartner" at 10.188.1.59:7354

[00080250][INF] RECV COMPLETE 256 bytes: 22 KB/s (2663 msgs)

[00080250][DBG] Sent control: cmd=3 size=0 duration=0

[00080283][INF] Draining for 10 seconds...

[00080283][DBG] Control msg: cmd=4 size=0 duration=0

[00080283][INF] Received ACK from partner

[00090250][INF] === SEND PHASE: 512 bytes ===

[00090250][DBG] Sent control: cmd=1 size=512 duration=30000

[00090400][INF] DISCOVERED: "PerfPartner" at 10.188.1.59:7354

[00090400][DBG] MSG during ACK wait: len=12 bytes=[53 54 52 4D ...]

[00090400][DBG] Control msg: cmd=4 size=0 duration=0

[00090400][INF] Received ACK from partner

[00095416][INF] SEND 512: 52 KB/s (521 msgs) errs=0

[00100266][INF] DISCOVERED: "PerfPartner" at 10.188.1.59:7354

[00100416][INF] SEND 512: 75 KB/s (1500 msgs) errs=0

[00105433][INF] SEND 512: 82 KB/s (2484 msgs) errs=0

[00110300][INF] DISCOVERED: "PerfPartner" at 10.188.1.59:7354

[00110433][INF] SEND 512: 86 KB/s (3461 msgs) errs=0

[00115433][INF] SEND 512: 88 KB/s (4452 msgs) errs=0

[00120333][INF] DISCOVERED: "PerfPartner" at 10.188.1.59:7354

[00120483][INF] SEND 512: 79 KB/s (4793 msgs) errs=0

[00120516][INF] SEND COMPLETE 512 bytes: 79 KB/s (4793 msgs, 0 errors)

[00120516][DBG] Sent control: cmd=3 size=0 duration=0

[00120533][DBG] Draining for 2 seconds...

[00120683][DBG] Control msg: cmd=4 size=0 duration=0

[00120700][INF] Received ACK from partner

[00130366][INF] DISCOVERED: "PerfPartner" at 10.188.1.59:7354

[00130483][INF] === RECV PHASE: 512 bytes ===

[00130483][DBG] Sent control: cmd=2 size=512 duration=30000

[00130666][DBG] MSG during ACK wait: len=12 bytes=[53 54 52 4D ...]

[00130666][DBG] Control msg: cmd=4 size=0 duration=0

[00130666][INF] Received ACK from partner

[00135666][INF] RECV 512: 22 KB/s (221 msgs)

[00140483][INF] DISCOVERED: "PerfPartner" at 10.188.1.59:7354

[00140666][INF] RECV 512: 22 KB/s (443 msgs)

[00145666][INF] RECV 512: 22 KB/s (664 msgs)

[00150416][INF] DISCOVERED: "PerfPartner" at 10.188.1.59:7354

[00150666][INF] RECV 512: 22 KB/s (886 msgs)

[00155666][INF] RECV 512: 22 KB/s (1101 msgs)

[00160450][INF] DISCOVERED: "PerfPartner" at 10.188.1.59:7354

[00160666][INF] RECV 512: 22 KB/s (1329 msgs)

[00160700][INF] RECV COMPLETE 512 bytes: 22 KB/s (1329 msgs)

[00160700][DBG] Sent control: cmd=3 size=0 duration=0

[00160733][INF] Draining for 15 seconds...

[00160750][DBG] Control msg: cmd=4 size=0 duration=0

[00160750][INF] Received ACK from partner

[00170483][INF] DISCOVERED: "PerfPartner" at 10.188.1.59:7354

[00180583][INF] DISCOVERED: "PerfPartner" at 10.188.1.59:7354

[00180666][INF] === SEND PHASE: 1024 bytes ===

[00180666][DBG] Sent control: cmd=1 size=1024 duration=30000

[00180933][DBG] MSG during ACK wait: len=12 bytes=[53 54 52 4D ...]

[00180933][DBG] Control msg: cmd=4 size=0 duration=0

[00180933][INF] Received ACK from partner

[00185950][INF] SEND 1024: 182 KB/s (916 msgs) errs=0

[00190666][INF] DISCOVERED: "PerfPartner" at 10.188.1.59:7354

[00191033][INF] SEND 1024: 170 KB/s (1717 msgs) errs=0

[00196033][INF] SEND 1024: 133 KB/s (2014 msgs) errs=0

[00200600][INF] DISCOVERED: "PerfPartner" at 10.188.1.59:7354

[00201033][INF] SEND 1024: 142 KB/s (2858 msgs) errs=0

[00206033][INF] SEND 1024: 151 KB/s (3794 msgs) errs=0

[00210616][INF] DISCOVERED: "PerfPartner" at 10.188.1.59:7354

[00210933][INF] SEND COMPLETE 1024 bytes: 156 KB/s (4707 msgs, 0 errors)

[00210933][DBG] Sent control: cmd=3 size=0 duration=0

[00210933][DBG] Draining for 2 seconds...

[00210983][DBG] Control msg: cmd=4 size=0 duration=0

[00210983][INF] Received ACK from partner

[00220650][INF] DISCOVERED: "PerfPartner" at 10.188.1.59:7354

[00220933][INF] === RECV PHASE: 1024 bytes ===

[00220933][DBG] Sent control: cmd=2 size=1024 duration=30000

[00221033][DBG] MSG during ACK wait: len=12 bytes=[53 54 52 4D ...]

[00221033][DBG] Control msg: cmd=4 size=0 duration=0

[00221033][INF] Received ACK from partner

[00226033][INF] RECV 1024: 44 KB/s (222 msgs)

[00230683][INF] DISCOVERED: "PerfPartner" at 10.188.1.59:7354

[00231033][INF] RECV 1024: 44 KB/s (443 msgs)

[00236033][INF] RECV 1024: 44 KB/s (664 msgs)

[00240700][INF] DISCOVERED: "PerfPartner" at 10.188.1.59:7354

[00241033][INF] RECV 1024: 44 KB/s (886 msgs)

[00246033][INF] RECV 1024: 44 KB/s (1108 msgs)

[00250733][INF] DISCOVERED: "PerfPartner" at 10.188.1.59:7354

[00251033][INF] RECV 1024: 44 KB/s (1329 msgs)

[00251066][INF] RECV COMPLETE 1024 bytes: 44 KB/s (1329 msgs)

[00251083][DBG] Sent control: cmd=3 size=0 duration=0

[00251100][INF] Draining for 15 seconds...

[00251116][DBG] Control msg: cmd=4 size=0 duration=0

[00251116][INF] Received ACK from partner

[00260783][INF] DISCOVERED: "PerfPartner" at 10.188.1.59:7354

[00270800][INF] DISCOVERED: "PerfPartner" at 10.188.1.59:7354

[00271033][INF] === SEND PHASE: 2048 bytes ===

[00271033][DBG] Sent control: cmd=1 size=2048 duration=30000

[00271116][DBG] MSG during ACK wait: len=12 bytes=[53 54 52 4D ...]

[00271116][DBG] Control msg: cmd=4 size=0 duration=0

[00271116][INF] Received ACK from partner

[00276133][INF] SEND 2048: 305 KB/s (764 msgs) errs=0

[00280816][INF] DISCOVERED: "PerfPartner" at 10.188.1.59:7354

[00281150][INF] SEND 2048: 305 KB/s (1531 msgs) errs=0

[00286150][INF] SEND 2048: 307 KB/s (2307 msgs) errs=0

[00291133][INF] SEND 2048: 308 KB/s (3084 msgs) errs=0

[00296133][INF] SEND 2048: 308 KB/s (3850 msgs) errs=0

[00300900][INF] DISCOVERED: "PerfPartner" at 10.188.1.59:7354

[00301133][INF] SEND 2048: 306 KB/s (4594 msgs) errs=0

[00301183][INF] SEND COMPLETE 2048 bytes: 305 KB/s (4594 msgs, 0 errors)

[00301183][DBG] Sent control: cmd=3 size=0 duration=0

[00301183][DBG] Draining for 2 seconds...

[00301233][DBG] Control msg: cmd=4 size=0 duration=0

[00301233][INF] Received ACK from partner

[00310966][INF] DISCOVERED: "PerfPartner" at 10.188.1.59:7354

[00311133][INF] === RECV PHASE: 2048 bytes ===

[00311133][DBG] Sent control: cmd=2 size=2048 duration=30000

[00311166][DBG] MSG during ACK wait: len=12 bytes=[53 54 52 4D ...]

[00311166][DBG] Control msg: cmd=4 size=0 duration=0

[00311166][INF] Received ACK from partner

[00316166][INF] RECV 2048: 59 KB/s (148 msgs)

[00320966][INF] DISCOVERED: "PerfPartner" at 10.188.1.59:7354

[00321166][INF] RECV 2048: 59 KB/s (296 msgs)

[00326166][INF] RECV 2048: 59 KB/s (443 msgs)

[00330966][INF] DISCOVERED: "PerfPartner" at 10.188.1.59:7354

[00331166][INF] RECV 2048: 59 KB/s (591 msgs)

[00336166][INF] RECV 2048: 59 KB/s (739 msgs)

[00341000][INF] DISCOVERED: "PerfPartner" at 10.188.1.59:7354

[00341166][INF] RECV 2048: 59 KB/s (886 msgs)

[00341200][INF] RECV COMPLETE 2048 bytes: 59 KB/s (886 msgs)

[00341200][DBG] Sent control: cmd=3 size=0 duration=0

[00341233][INF] Draining for 15 seconds...

[00341383][DBG] Control msg: cmd=4 size=0 duration=0

[00341383][INF] Received ACK from partner

[00351033][INF] DISCOVERED: "PerfPartner" at 10.188.1.59:7354

[00361050][INF] DISCOVERED: "PerfPartner" at 10.188.1.59:7354

[00361166][INF] === SEND PHASE: 4096 bytes ===

[00361166][DBG] Sent control: cmd=1 size=4096 duration=30000

[00361266][DBG] MSG during ACK wait: len=12 bytes=[53 54 52 4D ...]

[00361266][DBG] Control msg: cmd=4 size=0 duration=0

[00361266][INF] Received ACK from partner

[00366300][INF] SEND 4096: 474 KB/s (597 msgs) errs=0

[00371066][INF] DISCOVERED: "PerfPartner" at 10.188.1.59:7354

[00371283][INF] SEND 4096: 483 KB/s (1211 msgs) errs=0

[00376333][INF] SEND 4096: 461 KB/s (1740 msgs) errs=0

[00381183][INF] DISCOVERED: "PerfPartner" at 10.188.1.59:7354

[00381350][INF] SEND 4096: 387 KB/s (1947 msgs) errs=0

[00386350][INF] SEND 4096: 403 KB/s (2532 msgs) errs=0

[00391283][INF] SEND COMPLETE 4096 bytes: 416 KB/s (3128 msgs, 0 errors)

[00391283][DBG] Sent control: cmd=3 size=0 duration=0

[00391283][DBG] Draining for 2 seconds...

[00391350][DBG] Control msg: cmd=4 size=0 duration=0

[00391350][INF] Received ACK from partner

[00401183][INF] DISCOVERED: "PerfPartner" at 10.188.1.59:7354

[00401266][INF] === RECV PHASE: 4096 bytes ===

[00401266][DBG] Sent control: cmd=2 size=4096 duration=30000

[00401300][DBG] MSG during ACK wait: len=12 bytes=[53 54 52 4D ...]

[00401300][DBG] Control msg: cmd=4 size=0 duration=0

[00401300][INF] Received ACK from partner

[00406300][INF] RECV 4096: 118 KB/s (148 msgs)

[00411200][INF] DISCOVERED: "PerfPartner" at 10.188.1.59:7354

[00411300][INF] RECV 4096: 118 KB/s (296 msgs)

[00416300][INF] RECV 4096: 115 KB/s (433 msgs)

[00421300][INF] RECV 4096: 117 KB/s (586 msgs)

[00421350][INF] DISCOVERED: "PerfPartner" at 10.188.1.59:7354

[00426300][INF] RECV 4096: 117 KB/s (734 msgs)

[00431266][INF] DISCOVERED: "PerfPartner" at 10.188.1.59:7354

[00431300][INF] RECV 4096: 117 KB/s (882 msgs)

[00431333][INF] RECV COMPLETE 4096 bytes: 117 KB/s (882 msgs)

[00431350][DBG] Sent control: cmd=3 size=0 duration=0

[00431350][INF] All stream tests complete

[00431366][INF] ========================================

[00431366][INF] ONE-WAY STREAMING TEST RESULTS

[00431366][INF] ========================================

[00431366][INF]  256 bytes: SEND   40 KB/s  RECV   22 KB/s

[00431366][INF]  512 bytes: SEND   79 KB/s  RECV   22 KB/s

[00431383][INF] 1024 bytes: SEND  156 KB/s  RECV   44 KB/s

[00431383][INF] 2048 bytes: SEND  305 KB/s  RECV   59 KB/s

[00431383][INF] 4096 bytes: SEND  416 KB/s  RECV  117 KB/s

[00431383][INF] ========================================

[00431383][INF] Memory: FreeMem=2571872 MaxBlock=2570384

[00431400][INF] Streaming 8403 bytes of logs to partner...

[00431416][DBG] Control msg: cmd=3 size=0 duration=0

[00431416][DBG] Control msg: cmd=4 size=0 duration=0

[00431416][INF] Received ACK from partner

[00659566][INF] ========================================

[00659566][INF] TEST EXITING - cleaning up...

[00659566][INF] ========================================

