========================================
PeerTalk Throughput Test
Version: 1.0.0
========================================
Memory after pool alloc: FreeMem=2783984 MaxBlock=2782208
Buffer pool: 4 buffers × 32KB (25% threshold=8192B)
Initializing PeerTalk...
Waiting for peer...
Press any key to exit.
DISCOVERED: "PerfPartner" at 10.188.1.173:7354
Connecting to peer...
CONNECTED to peer 1
Peer capabilities: max_msg=4096 chunk=1024 pressure=0
Peer buffer info: recv_buf=8192 optimal_chunk=2048
Effective max message size: 4096 bytes
Optimal chunk for peer: 1024 bytes
Starting throughput test with buffer size 256 (window=4)
BUF 256: sent=17 KB/s (353 msgs) recv=17 KB/s (349 msgs) inflight=4
BUF 256: sent=17 KB/s (696 msgs) recv=17 KB/s (692 msgs) inflight=4
DISCOVERED: "PerfPartner" at 10.188.1.173:7354
BUF 256: sent=16 KB/s (1013 msgs) recv=16 KB/s (1009 msgs) inflight=4
BUF 256: sent=16 KB/s (1363 msgs) recv=16 KB/s (1359 msgs) inflight=4
DISCOVERED: "PerfPartner" at 10.188.1.173:7354
BUF 256: sent=16 KB/s (1709 msgs) recv=16 KB/s (1705 msgs) inflight=4
COMPLETE 256 bytes: SEND=17 KB/s (2046 msgs) RECV=16 KB/s (2042 msgs)
Starting buffer size 512 test
DISCOVERED: "PerfPartner" at 10.188.1.173:7354
BUF 512: sent=20 KB/s (4 msgs) recv=7 KB/s (3 msgs) inflight=4
BUF 512: sent=33 KB/s (342 msgs) recv=33 KB/s (342 msgs) inflight=4
DISCOVERED: "PerfPartner" at 10.188.1.173:7354
BUF 512: sent=33 KB/s (678 msgs) recv=33 KB/s (678 msgs) inflight=4
BUF 512: sent=31 KB/s (946 msgs) recv=31 KB/s (946 msgs) inflight=4
DISCOVERED: "PerfPartner" at 10.188.1.173:7354
BUF 512: sent=31 KB/s (1260 msgs) recv=31 KB/s (1260 msgs) inflight=4
BUF 512: sent=31 KB/s (1609 msgs) recv=31 KB/s (1609 msgs) inflight=4
COMPLETE 512 bytes: SEND=32 KB/s (1946 msgs) RECV=32 KB/s (1946 msgs)
Starting buffer size 1024 test
DISCOVERED: "PerfPartner" at 10.188.1.173:7354
BUF 1024: sent=40 KB/s (8 msgs) recv=30 KB/s (8 msgs) inflight=4
BUF 1024: sent=59 KB/s (309 msgs) recv=58 KB/s (309 msgs) inflight=4
DISCOVERED: "PerfPartner" at 10.188.1.173:7354
BUF 1024: sent=61 KB/s (633 msgs) recv=61 KB/s (633 msgs) inflight=4
BUF 1024: sent=62 KB/s (957 msgs) recv=62 KB/s (957 msgs) inflight=4
DISCOVERED: "PerfPartner" at 10.188.1.173:7354
BUF 1024: sent=56 KB/s (1135 msgs) recv=55 KB/s (1135 msgs) inflight=4
BUF 1024: sent=57 KB/s (1462 msgs) recv=57 KB/s (1462 msgs) inflight=4
COMPLETE 1024 bytes: SEND=59 KB/s (1772 msgs) RECV=58 KB/s (1772 msgs)
Starting buffer size 2048 test
DISCOVERED: "PerfPartner" at 10.188.1.173:7354
BUF 2048: sent=93 KB/s (14 msgs) recv=80 KB/s (14 msgs) inflight=4
BUF 2048: sent=83 KB/s (222 msgs) recv=83 KB/s (222 msgs) inflight=4
DISCOVERED: "PerfPartner" at 10.188.1.173:7354
BUF 2048: sent=92 KB/s (478 msgs) recv=92 KB/s (478 msgs) inflight=4
BUF 2048: sent=94 KB/s (726 msgs) recv=94 KB/s (726 msgs) inflight=4
DISCOVERED: "PerfPartner" at 10.188.1.173:7354
BUF 2048: sent=92 KB/s (945 msgs) recv=92 KB/s (945 msgs) inflight=4
BUF 2048: sent=93 KB/s (1192 msgs) recv=93 KB/s (1192 msgs) inflight=4
COMPLETE 2048 bytes: SEND=93 KB/s (1407 msgs) RECV=93 KB/s (1407 msgs)
Starting buffer size 4096 test
DISCOVERED: "PerfPartner" at 10.188.1.173:7354
BUF 4096: sent=70 KB/s (5 msgs) recv=42 KB/s (5 msgs) inflight=4
BUF 4096: sent=42 KB/s (60 msgs) recv=40 KB/s (60 msgs) inflight=4
DISCOVERED: "PerfPartner" at 10.188.1.173:7354
BUF 4096: sent=59 KB/s (159 msgs) recv=58 KB/s (159 msgs) inflight=4
BUF 4096: sent=40 KB/s (159 msgs) recv=40 KB/s (159 msgs) inflight=4
DISCOVERED: "PerfPartner" at 10.188.1.173:7354
BUF 4096: sent=30 KB/s (159 msgs) recv=30 KB/s (159 msgs) inflight=4
BUF 4096: sent=24 KB/s (159 msgs) recv=24 KB/s (159 msgs) inflight=4
COMPLETE 4096 bytes: SEND=21 KB/s (159 msgs) RECV=20 KB/s (159 msgs)
All throughput tests complete
========================================
THROUGHPUT TEST RESULTS
========================================
 256 bytes: SEND   17 KB/s  RECV   16 KB/s  (errs=0)
 512 bytes: SEND   32 KB/s  RECV   32 KB/s  (errs=0)
1024 bytes: SEND   59 KB/s  RECV   58 KB/s  (errs=0)
2048 bytes: SEND   93 KB/s  RECV   93 KB/s  (errs=0)
4096 bytes: SEND   21 KB/s  RECV   20 KB/s  (errs=0)
========================================
Memory: FreeMem=2573600 MaxBlock=2572112
Streaming 4310 bytes of logs to partner...
