========================================
PeerTalk Throughput Test
Version: 1.0.0
========================================
Memory after pool alloc: FreeMem=2783856 MaxBlock=2782096
Buffer pool: 4 buffers × 32KB (25% threshold=8192B)
Initializing PeerTalk...
Waiting for peer...
Press any key to exit.
DISCOVERED: "PerfPartner" at 10.188.1.59:7354
Connecting to peer...
CONNECTED to peer 1
Peer capabilities: max_msg=4096 chunk=1024 pressure=0
Peer buffer info: recv_buf=8192 optimal_chunk=2048
Effective max message size: 4096 bytes
Optimal chunk for peer: 1024 bytes
Starting throughput test with buffer size 256 (window=4)
BUF 256: sent=17 KB/s (353 msgs) recv=17 KB/s (349 msgs) inflight=4
DISCOVERED: "PerfPartner" at 10.188.1.59:7354
BUF 256: sent=17 KB/s (684 msgs) recv=16 KB/s (680 msgs) inflight=4
BUF 256: sent=16 KB/s (988 msgs) recv=16 KB/s (984 msgs) inflight=4
BUF 256: sent=13 KB/s (1096 msgs) recv=13 KB/s (1092 msgs) inflight=4
DISCOVERED: "PerfPartner" at 10.188.1.59:7354
BUF 256: sent=14 KB/s (1410 msgs) recv=14 KB/s (1406 msgs) inflight=4
COMPLETE 256 bytes: SEND=14 KB/s (1754 msgs) RECV=14 KB/s (1750 msgs)
Starting buffer size 512 test
BUF 512: sent=30 KB/s (4 msgs) recv=15 KB/s (4 msgs) inflight=4
DISCOVERED: "PerfPartner" at 10.188.1.59:7354
BUF 512: sent=34 KB/s (346 msgs) recv=33 KB/s (346 msgs) inflight=4
BUF 512: sent=33 KB/s (682 msgs) recv=33 KB/s (682 msgs) inflight=4
DISCOVERED: "PerfPartner" at 10.188.1.59:7354
BUF 512: sent=33 KB/s (1018 msgs) recv=33 KB/s (1019 msgs) inflight=3
DISCOVERED: "PerfPartner" at 10.188.1.59:7354
BUF 512: sent=33 KB/s (1344 msgs) recv=33 KB/s (1344 msgs) inflight=4
BUF 512: sent=30 KB/s (1528 msgs) recv=30 KB/s (1528 msgs) inflight=4
COMPLETE 512 bytes: SEND=29 KB/s (1761 msgs) RECV=29 KB/s (1761 msgs)
Starting buffer size 1024 test
BUF 1024: sent=42 KB/s (10 msgs) recv=30 KB/s (9 msgs) inflight=4
DISCOVERED: "PerfPartner" at 10.188.1.59:7354
BUF 1024: sent=56 KB/s (296 msgs) recv=56 KB/s (296 msgs) inflight=4
DISCOVERED: "PerfPartner" at 10.188.1.59:7354
BUF 1024: sent=59 KB/s (608 msgs) recv=58 KB/s (608 msgs) inflight=4
BUF 1024: sent=60 KB/s (931 msgs) recv=60 KB/s (931 msgs) inflight=4
DISCOVERED: "PerfPartner" at 10.188.1.59:7354
BUF 1024: sent=61 KB/s (1253 msgs) recv=61 KB/s (1253 msgs) inflight=4
BUF 1024: sent=61 KB/s (1569 msgs) recv=61 KB/s (1569 msgs) inflight=4
COMPLETE 1024 bytes: SEND=60 KB/s (1808 msgs) RECV=60 KB/s (1808 msgs)
Starting buffer size 2048 test
DISCOVERED: "PerfPartner" at 10.188.1.59:7354
BUF 2048: sent=36 KB/s (10 msgs) recv=29 KB/s (10 msgs) inflight=4
BUF 2048: sent=48 KB/s (135 msgs) recv=47 KB/s (135 msgs) inflight=4
BUF 2048: sent=68 KB/s (359 msgs) recv=67 KB/s (359 msgs) inflight=4
BUF 2048: sent=76 KB/s (600 msgs) recv=76 KB/s (600 msgs) inflight=4
DISCOVERED: "PerfPartner" at 10.188.1.59:7354
BUF 2048: sent=80 KB/s (829 msgs) recv=80 KB/s (829 msgs) inflight=4
BUF 2048: sent=84 KB/s (1076 msgs) recv=83 KB/s (1076 msgs) inflight=4
COMPLETE 2048 bytes: SEND=86 KB/s (1295 msgs) RECV=86 KB/s (1295 msgs)
Starting buffer size 4096 test
DISCOVERED: "PerfPartner" at 10.188.1.59:7354
BUF 4096: sent=139 KB/s (18 msgs) recv=108 KB/s (16 msgs) inflight=4
BUF 4096: sent=27 KB/s (42 msgs) recv=25 KB/s (40 msgs) inflight=4
DISCOVERED: "PerfPartner" at 10.188.1.59:7354
BUF 4096: sent=17 KB/s (47 msgs) recv=15 KB/s (45 msgs) inflight=4
BUF 4096: sent=11 KB/s (47 msgs) recv=10 KB/s (45 msgs) inflight=4
DISCOVERED: "PerfPartner" at 10.188.1.59:7354
BUF 4096: sent=8 KB/s (47 msgs) recv=8 KB/s (45 msgs) inflight=4
BUF 4096: sent=7 KB/s (47 msgs) recv=6 KB/s (45 msgs) inflight=4
COMPLETE 4096 bytes: SEND=6 KB/s (47 msgs) RECV=5 KB/s (45 msgs)
All throughput tests complete
========================================
THROUGHPUT TEST RESULTS
========================================
 256 bytes: SEND   14 KB/s  RECV   14 KB/s  (errs=0)
 512 bytes: SEND   29 KB/s  RECV   29 KB/s  (errs=0)
1024 bytes: SEND   60 KB/s  RECV   60 KB/s  (errs=0)
2048 bytes: SEND   86 KB/s  RECV   86 KB/s  (errs=0)
4096 bytes: SEND    6 KB/s  RECV    5 KB/s  (errs=0)
========================================
Memory: FreeMem=2573472 MaxBlock=2571984
Streaming 4238 bytes of logs to partner...
