========================================
PeerTalk Throughput Test
Version: 1.0.0
========================================
Memory after pool alloc: FreeMem=2783856 MaxBlock=2782096
Buffer pool: 4 buffers × 32KB (25% threshold=8192B)
Initializing PeerTalk...
Waiting for peer...
Press any key to exit.
DISCOVERED: "PerfPartner" at 10.188.1.173:7354
Connecting to peer...
CONNECTED to peer 1
Peer capabilities: max_msg=4096 chunk=1024 pressure=0
Peer buffer info: recv_buf=8192 optimal_chunk=2048
Effective max message size: 4096 bytes
Optimal chunk for peer: 1024 bytes
Starting throughput test with buffer size 256 (window=4)
BUF 256: sent=17 KB/s (356 msgs) recv=17 KB/s (352 msgs) inflight=4
DISCOVERED: "PerfPartner" at 10.188.1.173:7354
BUF 256: sent=17 KB/s (698 msgs) recv=17 KB/s (694 msgs) inflight=4
BUF 256: sent=17 KB/s (1049 msgs) recv=17 KB/s (1045 msgs) inflight=4
DISCOVERED: "PerfPartner" at 10.188.1.173:7354
BUF 256: sent=17 KB/s (1398 msgs) recv=17 KB/s (1394 msgs) inflight=4
BUF 256: sent=17 KB/s (1741 msgs) recv=17 KB/s (1737 msgs) inflight=4
DISCOVERED: "PerfPartner" at 10.188.1.173:7354
COMPLETE 256 bytes: SEND=17 KB/s (2044 msgs) RECV=16 KB/s (2040 msgs)
Starting buffer size 512 test
BUF 512: sent=30 KB/s (6 msgs) recv=20 KB/s (6 msgs) inflight=4
BUF 512: sent=31 KB/s (326 msgs) recv=31 KB/s (326 msgs) inflight=4
DISCOVERED: "PerfPartner" at 10.188.1.173:7354
BUF 512: sent=32 KB/s (667 msgs) recv=32 KB/s (667 msgs) inflight=4
BUF 512: sent=33 KB/s (1007 msgs) recv=33 KB/s (1007 msgs) inflight=4
DISCOVERED: "PerfPartner" at 10.188.1.173:7354
BUF 512: sent=33 KB/s (1343 msgs) recv=33 KB/s (1343 msgs) inflight=4
BUF 512: sent=33 KB/s (1682 msgs) recv=33 KB/s (1682 msgs) inflight=4
DISCOVERED: "PerfPartner" at 10.188.1.173:7354
COMPLETE 512 bytes: SEND=33 KB/s (2009 msgs) RECV=33 KB/s (2010 msgs)
Starting buffer size 1024 test
BUF 1024: sent=55 KB/s (12 msgs) recv=39 KB/s (10 msgs) inflight=4
BUF 1024: sent=53 KB/s (277 msgs) recv=52 KB/s (276 msgs) inflight=4
DISCOVERED: "PerfPartner" at 10.188.1.173:7354
BUF 1024: sent=56 KB/s (579 msgs) recv=56 KB/s (578 msgs) inflight=4
BUF 1024: sent=59 KB/s (914 msgs) recv=59 KB/s (913 msgs) inflight=4
BUF 1024: sent=61 KB/s (1241 msgs) recv=61 KB/s (1240 msgs) inflight=4
BUF 1024: sent=61 KB/s (1569 msgs) recv=61 KB/s (1568 msgs) inflight=4
DISCOVERED: "PerfPartner" at 10.188.1.173:7354
COMPLETE 1024 bytes: SEND=62 KB/s (1873 msgs) RECV=62 KB/s (1872 msgs)
Starting buffer size 2048 test
BUF 2048: sent=86 KB/s (13 msgs) recv=73 KB/s (13 msgs) inflight=4
BUF 2048: sent=96 KB/s (259 msgs) recv=95 KB/s (259 msgs) inflight=4
DISCOVERED: "PerfPartner" at 10.188.1.173:7354
BUF 2048: sent=97 KB/s (508 msgs) recv=97 KB/s (509 msgs) inflight=3
BUF 2048: sent=97 KB/s (749 msgs) recv=97 KB/s (750 msgs) inflight=3
DISCOVERED: "PerfPartner" at 10.188.1.173:7354
BUF 2048: sent=92 KB/s (940 msgs) recv=92 KB/s (941 msgs) inflight=3
BUF 2048: sent=91 KB/s (1160 msgs) recv=91 KB/s (1160 msgs) inflight=4
COMPLETE 2048 bytes: SEND=91 KB/s (1377 msgs) RECV=91 KB/s (1377 msgs)
Starting buffer size 4096 test
DISCOVERED: "PerfPartner" at 10.188.1.173:7354
BUF 4096: sent=114 KB/s (10 msgs) recv=80 KB/s (9 msgs) inflight=4
BUF 4096: sent=30 KB/s (40 msgs) recv=27 KB/s (39 msgs) inflight=4
DISCOVERED: "PerfPartner" at 10.188.1.173:7354
BUF 4096: sent=15 KB/s (40 msgs) recv=14 KB/s (39 msgs) inflight=4
BUF 4096: sent=10 KB/s (40 msgs) recv=9 KB/s (39 msgs) inflight=4
DISCOVERED: "PerfPartner" at 10.188.1.173:7354
BUF 4096: sent=7 KB/s (40 msgs) recv=7 KB/s (39 msgs) inflight=4
BUF 4096: sent=6 KB/s (40 msgs) recv=5 KB/s (39 msgs) inflight=4
DISCOVERED: "PerfPartner" at 10.188.1.173:7354
COMPLETE 4096 bytes: SEND=5 KB/s (40 msgs) RECV=4 KB/s (39 msgs)
All throughput tests complete
========================================
THROUGHPUT TEST RESULTS
========================================
 256 bytes: SEND   17 KB/s  RECV   16 KB/s  (errs=0)
 512 bytes: SEND   33 KB/s  RECV   33 KB/s  (errs=0)
1024 bytes: SEND   62 KB/s  RECV   62 KB/s  (errs=0)
2048 bytes: SEND   91 KB/s  RECV   91 KB/s  (errs=0)
4096 bytes: SEND    5 KB/s  RECV    4 KB/s  (errs=0)
========================================
Memory: FreeMem=2573472 MaxBlock=2571984
Streaming 4300 bytes of logs to partner...
