========================================
PeerTalk Throughput Test
Version: 1.0.0
========================================
Memory after pool alloc: FreeMem=2791984 MaxBlock=2790032
Buffer pool: 4 buffers × 32KB (25% threshold=8192B)
Initializing PeerTalk...
Waiting for peer...
Press any key to exit.
DISCOVERED: "PerfPartner" at 10.188.1.173:7354
Connecting to peer...
CONNECTED to peer 1
Peer capabilities: max_msg=4096 chunk=1024 pressure=0
Effective max message size: 4096 bytes
Starting throughput test with buffer size 256
BUF 256: sent=16 KB/s (334 msgs) recv=16 KB/s (329 msgs) errs=0
DISCOVERED: "PerfPartner" at 10.188.1.173:7354
BUF 256: sent=16 KB/s (656 msgs) recv=16 KB/s (651 msgs) errs=0
BUF 256: sent=16 KB/s (984 msgs) recv=16 KB/s (979 msgs) errs=0
DISCOVERED: "PerfPartner" at 10.188.1.173:7354
BUF 256: sent=16 KB/s (1307 msgs) recv=16 KB/s (1302 msgs) errs=0
BUF 256: sent=15 KB/s (1610 msgs) recv=15 KB/s (1604 msgs) errs=0
COMPLETE 256 bytes: SEND=15 KB/s (1879 msgs) RECV=15 KB/s (1874 msgs)
Starting buffer size 512 test
DISCOVERED: "PerfPartner" at 10.188.1.173:7354
BUF 512: sent=32 KB/s (32 msgs) recv=29 KB/s (32 msgs) errs=0
BUF 512: sent=33 KB/s (368 msgs) recv=33 KB/s (368 msgs) errs=0
DISCOVERED: "PerfPartner" at 10.188.1.173:7354
BUF 512: sent=33 KB/s (696 msgs) recv=33 KB/s (697 msgs) errs=0
BUF 512: sent=32 KB/s (1024 msgs) recv=32 KB/s (1024 msgs) errs=0
DISCOVERED: "PerfPartner" at 10.188.1.173:7354
BUF 512: sent=32 KB/s (1353 msgs) recv=32 KB/s (1353 msgs) errs=0
BUF 512: sent=33 KB/s (1687 msgs) recv=32 KB/s (1687 msgs) errs=0
COMPLETE 512 bytes: SEND=32 KB/s (1939 msgs) RECV=32 KB/s (1939 msgs)
Starting buffer size 1024 test
DISCOVERED: "PerfPartner" at 10.188.1.173:7354
BUF 1024: sent=60 KB/s (30 msgs) recv=57 KB/s (31 msgs) errs=0
BUF 1024: sent=63 KB/s (349 msgs) recv=62 KB/s (349 msgs) errs=0
DISCOVERED: "PerfPartner" at 10.188.1.173:7354
BUF 1024: sent=63 KB/s (667 msgs) recv=62 KB/s (667 msgs) errs=0
BUF 1024: sent=63 KB/s (986 msgs) recv=63 KB/s (986 msgs) errs=0
DISCOVERED: "PerfPartner" at 10.188.1.173:7354
BUF 1024: sent=63 KB/s (1305 msgs) recv=63 KB/s (1305 msgs) errs=0
BUF 1024: sent=63 KB/s (1623 msgs) recv=63 KB/s (1623 msgs) errs=0
COMPLETE 1024 bytes: SEND=63 KB/s (1901 msgs) RECV=63 KB/s (1901 msgs)
Starting buffer size 2048 test
DISCOVERED: "PerfPartner" at 10.188.1.173:7354
BUF 2048: sent=96 KB/s (29 msgs) recv=58 KB/s (20 msgs) errs=0
BUF 2048: sent=99 KB/s (283 msgs) recv=55 KB/s (161 msgs) errs=0
DISCOVERED: "PerfPartner" at 10.188.1.173:7354
BUF 2048: sent=103 KB/s (552 msgs) recv=51 KB/s (280 msgs) errs=0
BUF 2048: sent=102 KB/s (805 msgs) recv=53 KB/s (420 msgs) errs=0
DISCOVERED: "PerfPartner" at 10.188.1.173:7354
BUF 2048: sent=102 KB/s (1062 msgs) recv=53 KB/s (553 msgs) errs=0
BUF 2048: sent=101 KB/s (1311 msgs) recv=53 KB/s (695 msgs) errs=0
COMPLETE 2048 bytes: SEND=101 KB/s (1527 msgs) RECV=53 KB/s (803 msgs)
Starting buffer size 4096 test
DISCOVERED: "PerfPartner" at 10.188.1.173:7354
BUF 4096: sent=240 KB/s (41 msgs) recv=23 KB/s (6 msgs) errs=0
BUF 4096: sent=200 KB/s (283 msgs) recv=13 KB/s (21 msgs) errs=0
DISCOVERED: "PerfPartner" at 10.188.1.173:7354
BUF 4096: sent=180 KB/s (485 msgs) recv=14 KB/s (40 msgs) errs=0
BUF 4096: sent=171 KB/s (677 msgs) recv=16 KB/s (67 msgs) errs=0
DISCOVERED: "PerfPartner" at 10.188.1.173:7354
BUF 4096: sent=179 KB/s (933 msgs) recv=16 KB/s (86 msgs) errs=0
BUF 4096: sent=22 KB/s (1195 msgs) recv=14 KB/s (97 msgs) errs=0
COMPLETE 4096 bytes: SEND=47 KB/s (1408 msgs) RECV=15 KB/s (119 msgs)
All throughput tests complete
========================================
THROUGHPUT TEST RESULTS
========================================
 256 bytes: SEND   15 KB/s  RECV   15 KB/s  (errs=0)
 512 bytes: SEND   32 KB/s  RECV   32 KB/s  (errs=0)
1024 bytes: SEND   63 KB/s  RECV   63 KB/s  (errs=0)
2048 bytes: SEND  101 KB/s  RECV   53 KB/s  (errs=0)
4096 bytes: SEND   47 KB/s  RECV   15 KB/s  (errs=0)
========================================
Memory: FreeMem=2646960 MaxBlock=2645728
Streaming 4109 bytes of logs to partner...
