========================================
PeerTalk Throughput Test
Version: 1.0.0
========================================
Memory after pool alloc: FreeMem=2791600 MaxBlock=2789648
Buffer pool: 4 buffers × 32KB (25% threshold=8192B)
Initializing PeerTalk...
Waiting for peer...
Press any key to exit.
DISCOVERED: "PerfPartner" at 10.188.1.173:7354
Connecting to peer...
CONNECTED to peer 1
Peer capabilities: max_msg=4096 chunk=1024 pressure=0
Peer buffer info: recv_buf=8192 optimal_chunk=2048
Effective max message size: 4096 bytes
Optimal chunk for peer: 1024 bytes
Starting throughput test with buffer size 256
BUF 256: sent=16 KB/s (327 msgs) recv=15 KB/s (322 msgs) errs=0
DISCOVERED: "PerfPartner" at 10.188.1.173:7354
BUF 256: sent=16 KB/s (647 msgs) recv=15 KB/s (642 msgs) errs=0
BUF 256: sent=15 KB/s (965 msgs) recv=15 KB/s (961 msgs) errs=0
DISCOVERED: "PerfPartner" at 10.188.1.173:7354
BUF 256: sent=15 KB/s (1286 msgs) recv=15 KB/s (1281 msgs) errs=0
BUF 256: sent=15 KB/s (1607 msgs) recv=15 KB/s (1602 msgs) errs=0
DISCOVERED: "PerfPartner" at 10.188.1.173:7354
COMPLETE 256 bytes: SEND=15 KB/s (1916 msgs) RECV=15 KB/s (1911 msgs)
Starting buffer size 512 test
BUF 512: sent=30 KB/s (8 msgs) recv=20 KB/s (8 msgs) errs=0
BUF 512: sent=33 KB/s (341 msgs) recv=32 KB/s (341 msgs) errs=0
DISCOVERED: "PerfPartner" at 10.188.1.173:7354
BUF 512: sent=33 KB/s (672 msgs) recv=32 KB/s (672 msgs) errs=0
BUF 512: sent=33 KB/s (1005 msgs) recv=33 KB/s (1005 msgs) errs=0
DISCOVERED: "PerfPartner" at 10.188.1.173:7354
BUF 512: sent=32 KB/s (1329 msgs) recv=32 KB/s (1329 msgs) errs=0
BUF 512: sent=33 KB/s (1664 msgs) recv=33 KB/s (1664 msgs) errs=0
COMPLETE 512 bytes: SEND=33 KB/s (1984 msgs) RECV=32 KB/s (1984 msgs)
Starting buffer size 1024 test
DISCOVERED: "PerfPartner" at 10.188.1.173:7354
BUF 1024: sent=60 KB/s (8 msgs) recv=41 KB/s (8 msgs) errs=0
BUF 1024: sent=62 KB/s (325 msgs) recv=62 KB/s (325 msgs) errs=0
DISCOVERED: "PerfPartner" at 10.188.1.173:7354
BUF 1024: sent=60 KB/s (619 msgs) recv=60 KB/s (619 msgs) errs=0
BUF 1024: sent=61 KB/s (927 msgs) recv=60 KB/s (927 msgs) errs=0
BUF 1024: sent=61 KB/s (1244 msgs) recv=61 KB/s (1244 msgs) errs=0
DISCOVERED: "PerfPartner" at 10.188.1.173:7354
BUF 1024: sent=61 KB/s (1559 msgs) recv=61 KB/s (1559 msgs) errs=0
COMPLETE 1024 bytes: SEND=62 KB/s (1866 msgs) RECV=62 KB/s (1866 msgs)
Starting buffer size 2048 test
BUF 2048: sent=103 KB/s (12 msgs) recv=72 KB/s (11 msgs) errs=0
DISCOVERED: "PerfPartner" at 10.188.1.173:7354
BUF 2048: sent=101 KB/s (268 msgs) recv=52 KB/s (141 msgs) errs=0
DISCOVERED: "PerfPartner" at 10.188.1.173:7354
BUF 2048: sent=101 KB/s (522 msgs) recv=50 KB/s (261 msgs) errs=0
BUF 2048: sent=104 KB/s (798 msgs) recv=47 KB/s (369 msgs) errs=0
DISCOVERED: "PerfPartner" at 10.188.1.173:7354
BUF 2048: sent=104 KB/s (1061 msgs) recv=48 KB/s (496 msgs) errs=0
BUF 2048: sent=103 KB/s (1311 msgs) recv=50 KB/s (646 msgs) errs=0
COMPLETE 2048 bytes: SEND=102 KB/s (1547 msgs) RECV=50 KB/s (767 msgs)
Starting buffer size 4096 test
DISCOVERED: "PerfPartner" at 10.188.1.173:7354
BUF 4096: sent=194 KB/s (17 msgs) recv=45 KB/s (6 msgs) errs=0
BUF 4096: sent=207 KB/s (277 msgs) recv=16 KB/s (24 msgs) errs=0
DISCOVERED: "PerfPartner" at 10.188.1.173:7354
BUF 4096: sent=202 KB/s (528 msgs) recv=21 KB/s (58 msgs) errs=0
BUF 4096: sent=195 KB/s (753 msgs) recv=23 KB/s (91 msgs) errs=0
DISCOVERED: "PerfPartner" at 10.188.1.173:7354
BUF 4096: sent=198 KB/s (1019 msgs) recv=20 KB/s (107 msgs) errs=0
BUF 4096: sent=32 KB/s (1257 msgs) recv=22 KB/s (145 msgs) errs=0
COMPLETE 4096 bytes: SEND=59 KB/s (1495 msgs) RECV=22 KB/s (170 msgs)
All throughput tests complete
========================================
THROUGHPUT TEST RESULTS
========================================
 256 bytes: SEND   15 KB/s  RECV   15 KB/s  (errs=0)
 512 bytes: SEND   33 KB/s  RECV   32 KB/s  (errs=0)
1024 bytes: SEND   62 KB/s  RECV   62 KB/s  (errs=0)
2048 bytes: SEND  102 KB/s  RECV   50 KB/s  (errs=0)
4096 bytes: SEND   59 KB/s  RECV   22 KB/s  (errs=0)
========================================
Memory: FreeMem=2646576 MaxBlock=2645344
Streaming 4198 bytes of logs to partner...
