========================================
PeerTalk Throughput Test
Version: 1.0.0
========================================
Memory after pool alloc: FreeMem=2784224 MaxBlock=2782464
Buffer pool: 4 buffers × 32KB (25% threshold=8192B)
Initializing PeerTalk...
Waiting for peer...
Press any key to exit.
DISCOVERED: "PerfPartner" at 10.188.1.59:7354
Connecting to peer...
CONNECTED to peer 1
Peer capabilities: max_msg=4096 chunk=1024 pressure=0
Peer buffer info: recv_buf=8192 optimal_chunk=2048
Effective max message size: 4096 bytes
Optimal chunk for peer: 1024 bytes
Starting throughput test with buffer size 256 (window=4)
BUF 256: sent=17 KB/s (353 msgs) recv=17 KB/s (349 msgs) inflight=4
DISCOVERED: "PerfPartner" at 10.188.1.59:7354
BUF 256: sent=17 KB/s (705 msgs) recv=17 KB/s (701 msgs) inflight=4
BUF 256: sent=17 KB/s (1052 msgs) recv=17 KB/s (1048 msgs) inflight=4
DISCOVERED: "PerfPartner" at 10.188.1.59:7354
BUF 256: sent=17 KB/s (1398 msgs) recv=17 KB/s (1394 msgs) inflight=4
BUF 256: sent=17 KB/s (1747 msgs) recv=17 KB/s (1743 msgs) inflight=4
COMPLETE 256 bytes: SEND=15 KB/s (1913 msgs) RECV=15 KB/s (1909 msgs)
Starting buffer size 512 test
BUF 512: sent=6 KB/s (2 msgs) recv=0 KB/s (0 msgs) inflight=2
DISCOVERED: "PerfPartner" at 10.188.1.59:7354
BUF 512: sent=22 KB/s (230 msgs) recv=22 KB/s (230 msgs) inflight=4
DISCOVERED: "PerfPartner" at 10.188.1.59:7354
BUF 512: sent=28 KB/s (569 msgs) recv=27 KB/s (569 msgs) inflight=4
BUF 512: sent=29 KB/s (910 msgs) recv=29 KB/s (910 msgs) inflight=4
BUF 512: sent=30 KB/s (1250 msgs) recv=30 KB/s (1250 msgs) inflight=4
DISCOVERED: "PerfPartner" at 10.188.1.59:7354
BUF 512: sent=31 KB/s (1585 msgs) recv=31 KB/s (1585 msgs) inflight=4
COMPLETE 512 bytes: SEND=31 KB/s (1914 msgs) RECV=31 KB/s (1914 msgs)
Starting buffer size 1024 test
BUF 1024: sent=38 KB/s (11 msgs) recv=31 KB/s (11 msgs) inflight=4
DISCOVERED: "PerfPartner" at 10.188.1.59:7354
BUF 1024: sent=63 KB/s (340 msgs) recv=63 KB/s (340 msgs) inflight=4
DISCOVERED: "PerfPartner" at 10.188.1.59:7354
BUF 1024: sent=63 KB/s (657 msgs) recv=63 KB/s (657 msgs) inflight=4
BUF 1024: sent=63 KB/s (981 msgs) recv=63 KB/s (981 msgs) inflight=4
DISCOVERED: "PerfPartner" at 10.188.1.59:7354
BUF 1024: sent=64 KB/s (1308 msgs) recv=64 KB/s (1308 msgs) inflight=4
BUF 1024: sent=64 KB/s (1636 msgs) recv=64 KB/s (1636 msgs) inflight=4
COMPLETE 1024 bytes: SEND=64 KB/s (1942 msgs) RECV=64 KB/s (1942 msgs)
Starting buffer size 2048 test
DISCOVERED: "PerfPartner" at 10.188.1.59:7354
BUF 2048: sent=60 KB/s (11 msgs) recv=49 KB/s (11 msgs) inflight=4
BUF 2048: sent=87 KB/s (237 msgs) recv=87 KB/s (237 msgs) inflight=4
DISCOVERED: "PerfPartner" at 10.188.1.59:7354
BUF 2048: sent=90 KB/s (474 msgs) recv=90 KB/s (474 msgs) inflight=4
BUF 2048: sent=94 KB/s (733 msgs) recv=94 KB/s (733 msgs) inflight=4
DISCOVERED: "PerfPartner" at 10.188.1.59:7354
BUF 2048: sent=96 KB/s (983 msgs) recv=95 KB/s (983 msgs) inflight=4
BUF 2048: sent=96 KB/s (1235 msgs) recv=96 KB/s (1235 msgs) inflight=4
COMPLETE 2048 bytes: SEND=97 KB/s (1468 msgs) RECV=97 KB/s (1468 msgs)
Starting buffer size 4096 test
DISCOVERED: "PerfPartner" at 10.188.1.59:7354
BUF 4096: sent=80 KB/s (9 msgs) recv=44 KB/s (7 msgs) inflight=4
BUF 4096: sent=13 KB/s (19 msgs) recv=10 KB/s (17 msgs) inflight=4
DISCOVERED: "PerfPartner" at 10.188.1.59:7354
BUF 4096: sent=9 KB/s (24 msgs) recv=7 KB/s (22 msgs) inflight=4
BUF 4096: sent=6 KB/s (24 msgs) recv=5 KB/s (22 msgs) inflight=4
DISCOVERED: "PerfPartner" at 10.188.1.59:7354
BUF 4096: sent=4 KB/s (24 msgs) recv=3 KB/s (22 msgs) inflight=4
BUF 4096: sent=3 KB/s (24 msgs) recv=3 KB/s (22 msgs) inflight=4
COMPLETE 4096 bytes: SEND=3 KB/s (24 msgs) RECV=2 KB/s (22 msgs)
All throughput tests complete
========================================
THROUGHPUT TEST RESULTS
========================================
 256 bytes: SEND   15 KB/s  RECV   15 KB/s  (errs=0)
 512 bytes: SEND   31 KB/s  RECV   31 KB/s  (errs=0)
1024 bytes: SEND   64 KB/s  RECV   64 KB/s  (errs=0)
2048 bytes: SEND   97 KB/s  RECV   97 KB/s  (errs=0)
4096 bytes: SEND    3 KB/s  RECV    2 KB/s  (errs=0)
========================================
Memory: FreeMem=2573840 MaxBlock=2572352
Streaming 4276 bytes of logs to partner...
