========================================
PeerTalk Throughput Test
Version: 1.0.0
========================================
Memory after pool alloc: FreeMem=2785408 MaxBlock=2783616
Buffer pool: 4 buffers × 32KB (25% threshold=8192B)
Initializing PeerTalk...
Waiting for peer...
Press any key to exit.
DISCOVERED: "PerfPartner" at 10.188.1.173:7354
Connecting to peer...
CONNECTED to peer 1
Peer capabilities: max_msg=4096 chunk=1024 pressure=0
Peer buffer info: recv_buf=8192 optimal_chunk=2048
Effective max message size: 4096 bytes
Optimal chunk for peer: 1024 bytes
Starting throughput test with buffer size 256 (window=4)
BUF 256: sent=17 KB/s (354 msgs) recv=17 KB/s (350 msgs) inflight=4
DISCOVERED: "PerfPartner" at 10.188.1.173:7354
BUF 256: sent=17 KB/s (693 msgs) recv=17 KB/s (689 msgs) inflight=4
BUF 256: sent=17 KB/s (1043 msgs) recv=17 KB/s (1039 msgs) inflight=4
DISCOVERED: "PerfPartner" at 10.188.1.173:7354
BUF 256: sent=17 KB/s (1391 msgs) recv=17 KB/s (1387 msgs) inflight=4
BUF 256: sent=17 KB/s (1731 msgs) recv=17 KB/s (1727 msgs) inflight=4
DISCOVERED: "PerfPartner" at 10.188.1.173:7354
BUF 256: sent=17 KB/s (2071 msgs) recv=17 KB/s (2067 msgs) inflight=4
COMPLETE 256 bytes: SEND=17 KB/s (2071 msgs) RECV=17 KB/s (2067 msgs)
Starting buffer size 512 test
BUF 512: sent=34 KB/s (344 msgs) recv=34 KB/s (344 msgs) inflight=4
DISCOVERED: "PerfPartner" at 10.188.1.173:7354
BUF 512: sent=34 KB/s (687 msgs) recv=34 KB/s (687 msgs) inflight=4
BUF 512: sent=34 KB/s (1034 msgs) recv=34 KB/s (1034 msgs) inflight=4
DISCOVERED: "PerfPartner" at 10.188.1.173:7354
BUF 512: sent=34 KB/s (1379 msgs) recv=34 KB/s (1379 msgs) inflight=4
BUF 512: sent=34 KB/s (1721 msgs) recv=34 KB/s (1721 msgs) inflight=4
DISCOVERED: "PerfPartner" at 10.188.1.173:7354
BUF 512: sent=34 KB/s (2065 msgs) recv=34 KB/s (2065 msgs) inflight=4
COMPLETE 512 bytes: SEND=34 KB/s (2069 msgs) RECV=34 KB/s (2069 msgs)
Starting buffer size 1024 test
BUF 1024: sent=64 KB/s (318 msgs) recv=64 KB/s (318 msgs) inflight=4
DISCOVERED: "PerfPartner" at 10.188.1.173:7354
BUF 1024: sent=64 KB/s (643 msgs) recv=64 KB/s (643 msgs) inflight=4
BUF 1024: sent=63 KB/s (951 msgs) recv=63 KB/s (952 msgs) inflight=3
DISCOVERED: "PerfPartner" at 10.188.1.173:7354
BUF 1024: sent=62 KB/s (1255 msgs) recv=62 KB/s (1255 msgs) inflight=4
BUF 1024: sent=63 KB/s (1581 msgs) recv=63 KB/s (1581 msgs) inflight=4
DISCOVERED: "PerfPartner" at 10.188.1.173:7354
BUF 1024: sent=63 KB/s (1908 msgs) recv=63 KB/s (1908 msgs) inflight=4
COMPLETE 1024 bytes: SEND=63 KB/s (1908 msgs) RECV=63 KB/s (1908 msgs)
Starting buffer size 2048 test
BUF 2048: sent=99 KB/s (248 msgs) recv=98 KB/s (249 msgs) inflight=3
DISCOVERED: "PerfPartner" at 10.188.1.173:7354
BUF 2048: sent=100 KB/s (502 msgs) recv=99 KB/s (502 msgs) inflight=4
BUF 2048: sent=100 KB/s (759 msgs) recv=100 KB/s (759 msgs) inflight=4
DISCOVERED: "PerfPartner" at 10.188.1.173:7354
BUF 2048: sent=101 KB/s (1021 msgs) recv=101 KB/s (1021 msgs) inflight=4
BUF 2048: sent=99 KB/s (1255 msgs) recv=99 KB/s (1255 msgs) inflight=4
DISCOVERED: "PerfPartner" at 10.188.1.173:7354
COMPLETE 2048 bytes: SEND=99 KB/s (1491 msgs) RECV=99 KB/s (1491 msgs)
Starting buffer size 4096 test
BUF 4096: sent=192 KB/s (4 msgs) recv=96 KB/s (4 msgs) inflight=4
BUF 4096: sent=27 KB/s (35 msgs) recv=26 KB/s (35 msgs) inflight=4
DISCOVERED: "PerfPartner" at 10.188.1.173:7354
BUF 4096: sent=13 KB/s (35 msgs) recv=13 KB/s (35 msgs) inflight=4
BUF 4096: sent=9 KB/s (35 msgs) recv=8 KB/s (35 msgs) inflight=4
DISCOVERED: "PerfPartner" at 10.188.1.173:7354
BUF 4096: sent=6 KB/s (35 msgs) recv=6 KB/s (35 msgs) inflight=4
BUF 4096: sent=5 KB/s (35 msgs) recv=5 KB/s (35 msgs) inflight=4
DISCOVERED: "PerfPartner" at 10.188.1.173:7354
COMPLETE 4096 bytes: SEND=4 KB/s (35 msgs) RECV=4 KB/s (35 msgs)
All throughput tests complete
========================================
THROUGHPUT TEST RESULTS
========================================
 256 bytes: SEND   17 KB/s  RECV   17 KB/s  (errs=0)
 512 bytes: SEND   34 KB/s  RECV   34 KB/s  (errs=0)
1024 bytes: SEND   63 KB/s  RECV   63 KB/s  (errs=0)
2048 bytes: SEND   99 KB/s  RECV   99 KB/s  (errs=0)
4096 bytes: SEND    4 KB/s  RECV    4 KB/s  (errs=0)
========================================
Memory: FreeMem=2575088 MaxBlock=2573600
Streaming 4366 bytes of logs to partner...
