========================================
PeerTalk Throughput Test
Version: 1.0.0
========================================
Memory after pool alloc: FreeMem=2784368 MaxBlock=2782608
Buffer pool: 4 buffers × 32KB (25% threshold=8192B)
Initializing PeerTalk...
Waiting for peer...
Press any key to exit.
DISCOVERED: "PerfPartner" at 10.188.1.59:7354
Connecting to peer...
CONNECTED to peer 1
Peer capabilities: max_msg=4096 chunk=1024 pressure=0
Peer buffer info: recv_buf=8192 optimal_chunk=2048
Effective max message size: 4096 bytes
Optimal chunk for peer: 1024 bytes
Starting throughput test with buffer size 256 (window=4)
BUF 256: sent=16 KB/s (329 msgs) recv=16 KB/s (325 msgs) inflight=4
DISCOVERED: "PerfPartner" at 10.188.1.59:7354
BUF 256: sent=16 KB/s (662 msgs) recv=16 KB/s (658 msgs) inflight=4
BUF 256: sent=16 KB/s (980 msgs) recv=16 KB/s (976 msgs) inflight=4
DISCOVERED: "PerfPartner" at 10.188.1.59:7354
BUF 256: sent=16 KB/s (1334 msgs) recv=16 KB/s (1330 msgs) inflight=4
BUF 256: sent=16 KB/s (1688 msgs) recv=16 KB/s (1684 msgs) inflight=4
DISCOVERED: "PerfPartner" at 10.188.1.59:7354
COMPLETE 256 bytes: SEND=16 KB/s (2036 msgs) RECV=16 KB/s (2032 msgs)
Starting buffer size 512 test
BUF 512: sent=34 KB/s (8 msgs) recv=21 KB/s (7 msgs) inflight=4
BUF 512: sent=33 KB/s (348 msgs) recv=33 KB/s (348 msgs) inflight=4
DISCOVERED: "PerfPartner" at 10.188.1.59:7354
BUF 512: sent=32 KB/s (656 msgs) recv=32 KB/s (656 msgs) inflight=4
BUF 512: sent=26 KB/s (808 msgs) recv=26 KB/s (808 msgs) inflight=4
DISCOVERED: "PerfPartner" at 10.188.1.59:7354
BUF 512: sent=27 KB/s (1116 msgs) recv=27 KB/s (1116 msgs) inflight=4
BUF 512: sent=29 KB/s (1461 msgs) recv=28 KB/s (1461 msgs) inflight=4
DISCOVERED: "PerfPartner" at 10.188.1.59:7354
COMPLETE 512 bytes: SEND=29 KB/s (1791 msgs) RECV=29 KB/s (1791 msgs)
Starting buffer size 1024 test
BUF 1024: sent=46 KB/s (7 msgs) recv=40 KB/s (8 msgs) inflight=3
BUF 1024: sent=64 KB/s (336 msgs) recv=64 KB/s (336 msgs) inflight=4
DISCOVERED: "PerfPartner" at 10.188.1.59:7354
BUF 1024: sent=64 KB/s (659 msgs) recv=64 KB/s (659 msgs) inflight=4
BUF 1024: sent=64 KB/s (978 msgs) recv=63 KB/s (978 msgs) inflight=4
DISCOVERED: "PerfPartner" at 10.188.1.59:7354
BUF 1024: sent=58 KB/s (1183 msgs) recv=58 KB/s (1183 msgs) inflight=4
BUF 1024: sent=55 KB/s (1399 msgs) recv=55 KB/s (1399 msgs) inflight=4
DISCOVERED: "PerfPartner" at 10.188.1.59:7354
COMPLETE 1024 bytes: SEND=56 KB/s (1705 msgs) RECV=56 KB/s (1705 msgs)
Starting buffer size 2048 test
BUF 2048: sent=69 KB/s (11 msgs) recv=56 KB/s (11 msgs) inflight=4
BUF 2048: sent=96 KB/s (258 msgs) recv=96 KB/s (258 msgs) inflight=4
DISCOVERED: "PerfPartner" at 10.188.1.59:7354
BUF 2048: sent=95 KB/s (497 msgs) recv=95 KB/s (497 msgs) inflight=4
BUF 2048: sent=97 KB/s (751 msgs) recv=97 KB/s (751 msgs) inflight=4
DISCOVERED: "PerfPartner" at 10.188.1.59:7354
BUF 2048: sent=98 KB/s (1004 msgs) recv=98 KB/s (1004 msgs) inflight=4
BUF 2048: sent=95 KB/s (1211 msgs) recv=95 KB/s (1211 msgs) inflight=4
COMPLETE 2048 bytes: SEND=87 KB/s (1309 msgs) RECV=87 KB/s (1309 msgs)
Starting buffer size 4096 test
BUF 4096: sent=127 KB/s (17 msgs) recv=105 KB/s (16 msgs) inflight=4
BUF 4096: sent=18 KB/s (25 msgs) recv=16 KB/s (24 msgs) inflight=4
DISCOVERED: "PerfPartner" at 10.188.1.59:7354
BUF 4096: sent=9 KB/s (25 msgs) recv=8 KB/s (24 msgs) inflight=4
BUF 4096: sent=6 KB/s (25 msgs) recv=5 KB/s (24 msgs) inflight=4
DISCOVERED: "PerfPartner" at 10.188.1.59:7354
BUF 4096: sent=4 KB/s (25 msgs) recv=4 KB/s (24 msgs) inflight=4
BUF 4096: sent=3 KB/s (25 msgs) recv=3 KB/s (24 msgs) inflight=4
DISCOVERED: "PerfPartner" at 10.188.1.59:7354
COMPLETE 4096 bytes: SEND=3 KB/s (25 msgs) RECV=2 KB/s (24 msgs)
All throughput tests complete
========================================
THROUGHPUT TEST RESULTS
========================================
 256 bytes: SEND   16 KB/s  RECV   16 KB/s  (errs=0)
 512 bytes: SEND   29 KB/s  RECV   29 KB/s  (errs=0)
1024 bytes: SEND   56 KB/s  RECV   56 KB/s  (errs=0)
2048 bytes: SEND   87 KB/s  RECV   87 KB/s  (errs=0)
4096 bytes: SEND    3 KB/s  RECV    2 KB/s  (errs=0)
========================================
Memory: FreeMem=2573984 MaxBlock=2572496
Streaming 4280 bytes of logs to partner...
