========================================
PeerTalk Throughput Test
Version: 1.0.0
========================================
Memory after pool alloc: FreeMem=2785408 MaxBlock=2783616
Buffer pool: 4 buffers × 32KB (25% threshold=8192B)
Initializing PeerTalk...
Waiting for peer...
Press any key to exit.
DISCOVERED: "PerfPartner" at 10.188.1.173:7354
Connecting to peer...
CONNECTED to peer 1
Peer capabilities: max_msg=4096 chunk=1024 pressure=0
Peer buffer info: recv_buf=8192 optimal_chunk=2048
Effective max message size: 4096 bytes
Optimal chunk for peer: 1024 bytes
Starting throughput test with buffer size 256 (window=4)
BUF 256: sent=17 KB/s (356 msgs) recv=17 KB/s (352 msgs) inflight=4
DISCOVERED: "PerfPartner" at 10.188.1.173:7354
BUF 256: sent=17 KB/s (705 msgs) recv=17 KB/s (701 msgs) inflight=4
BUF 256: sent=17 KB/s (1046 msgs) recv=17 KB/s (1042 msgs) inflight=4
DISCOVERED: "PerfPartner" at 10.188.1.173:7354
BUF 256: sent=16 KB/s (1333 msgs) recv=16 KB/s (1329 msgs) inflight=4
BUF 256: sent=16 KB/s (1685 msgs) recv=16 KB/s (1681 msgs) inflight=4
DISCOVERED: "PerfPartner" at 10.188.1.173:7354
COMPLETE 256 bytes: SEND=16 KB/s (2023 msgs) RECV=16 KB/s (2019 msgs)
Starting buffer size 512 test
BUF 512: sent=34 KB/s (8 msgs) recv=25 KB/s (8 msgs) inflight=4
BUF 512: sent=33 KB/s (347 msgs) recv=33 KB/s (347 msgs) inflight=4
DISCOVERED: "PerfPartner" at 10.188.1.173:7354
BUF 512: sent=34 KB/s (689 msgs) recv=33 KB/s (689 msgs) inflight=4
BUF 512: sent=34 KB/s (1037 msgs) recv=34 KB/s (1037 msgs) inflight=4
DISCOVERED: "PerfPartner" at 10.188.1.173:7354
BUF 512: sent=34 KB/s (1380 msgs) recv=34 KB/s (1380 msgs) inflight=4
BUF 512: sent=34 KB/s (1731 msgs) recv=34 KB/s (1731 msgs) inflight=4
DISCOVERED: "PerfPartner" at 10.188.1.173:7354
COMPLETE 512 bytes: SEND=34 KB/s (2063 msgs) RECV=34 KB/s (2063 msgs)
Starting buffer size 1024 test
BUF 1024: sent=48 KB/s (8 msgs) recv=36 KB/s (8 msgs) inflight=4
BUF 1024: sent=61 KB/s (321 msgs) recv=61 KB/s (321 msgs) inflight=4
DISCOVERED: "PerfPartner" at 10.188.1.173:7354
BUF 1024: sent=63 KB/s (649 msgs) recv=63 KB/s (649 msgs) inflight=4
BUF 1024: sent=64 KB/s (979 msgs) recv=64 KB/s (979 msgs) inflight=4
DISCOVERED: "PerfPartner" at 10.188.1.173:7354
BUF 1024: sent=64 KB/s (1308 msgs) recv=64 KB/s (1308 msgs) inflight=4
BUF 1024: sent=64 KB/s (1639 msgs) recv=64 KB/s (1639 msgs) inflight=4
DISCOVERED: "PerfPartner" at 10.188.1.173:7354
COMPLETE 1024 bytes: SEND=64 KB/s (1951 msgs) RECV=64 KB/s (1951 msgs)
Starting buffer size 2048 test
BUF 2048: sent=87 KB/s (8 msgs) recv=65 KB/s (8 msgs) inflight=4
BUF 2048: sent=64 KB/s (166 msgs) recv=63 KB/s (166 msgs) inflight=4
DISCOVERED: "PerfPartner" at 10.188.1.173:7354
BUF 2048: sent=63 KB/s (324 msgs) recv=63 KB/s (325 msgs) inflight=3
BUF 2048: sent=63 KB/s (487 msgs) recv=63 KB/s (487 msgs) inflight=4
DISCOVERED: "PerfPartner" at 10.188.1.173:7354
BUF 2048: sent=63 KB/s (649 msgs) recv=63 KB/s (650 msgs) inflight=3
BUF 2048: sent=64 KB/s (810 msgs) recv=63 KB/s (810 msgs) inflight=4
COMPLETE 2048 bytes: SEND=69 KB/s (1045 msgs) RECV=69 KB/s (1045 msgs)
Starting buffer size 4096 test
DISCOVERED: "PerfPartner" at 10.188.1.173:7354
BUF 4096: sent=120 KB/s (8 msgs) recv=90 KB/s (8 msgs) inflight=4
BUF 4096: sent=8 KB/s (11 msgs) recv=6 KB/s (11 msgs) inflight=4
DISCOVERED: "PerfPartner" at 10.188.1.173:7354
BUF 4096: sent=4 KB/s (11 msgs) recv=3 KB/s (11 msgs) inflight=4
BUF 4096: sent=2 KB/s (11 msgs) recv=2 KB/s (11 msgs) inflight=4
DISCOVERED: "PerfPartner" at 10.188.1.173:7354
BUF 4096: sent=2 KB/s (11 msgs) recv=1 KB/s (11 msgs) inflight=4
BUF 4096: sent=1 KB/s (11 msgs) recv=1 KB/s (11 msgs) inflight=4
COMPLETE 4096 bytes: SEND=1 KB/s (11 msgs) RECV=1 KB/s (11 msgs)
All throughput tests complete
========================================
THROUGHPUT TEST RESULTS
========================================
 256 bytes: SEND   16 KB/s  RECV   16 KB/s  (errs=0)
 512 bytes: SEND   34 KB/s  RECV   34 KB/s  (errs=0)
1024 bytes: SEND   64 KB/s  RECV   64 KB/s  (errs=0)
2048 bytes: SEND   69 KB/s  RECV   69 KB/s  (errs=0)
4096 bytes: SEND    1 KB/s  RECV    1 KB/s  (errs=0)
========================================
Memory: FreeMem=2575088 MaxBlock=2573600
Streaming 4288 bytes of logs to partner...
