========================================
PeerTalk Throughput Test
Version: 1.0.0
========================================
Memory after pool alloc: FreeMem=2791056 MaxBlock=2789152
Buffer pool: 4 buffers × 32KB (25% threshold=8192B)
Initializing PeerTalk...
Waiting for peer...
Press any key to exit.
DISCOVERED: "PerfPartner" at 10.188.1.173:7354
Connecting to peer...
CONNECTED to peer 1
Peer capabilities: max_msg=4096 chunk=1024 pressure=0
Peer buffer info: recv_buf=8192 optimal_chunk=2048
Effective max message size: 4096 bytes
Optimal chunk for peer: 1024 bytes
Starting throughput test with buffer size 256 (window=4)
BUF 256: sent=18 KB/s (368 msgs) recv=18 KB/s (364 msgs) inflight=4
DISCOVERED: "PerfPartner" at 10.188.1.173:7354
BUF 256: sent=18 KB/s (733 msgs) recv=18 KB/s (730 msgs) inflight=3
BUF 256: sent=18 KB/s (1089 msgs) recv=18 KB/s (1085 msgs) inflight=4
DISCOVERED: "PerfPartner" at 10.188.1.173:7354
BUF 256: sent=18 KB/s (1453 msgs) recv=18 KB/s (1449 msgs) inflight=4
BUF 256: sent=18 KB/s (1812 msgs) recv=18 KB/s (1808 msgs) inflight=4
COMPLETE 256 bytes: SEND=18 KB/s (2169 msgs) RECV=18 KB/s (2165 msgs)
Starting buffer size 512 test
BUF 512: sent=40 KB/s (4 msgs) recv=15 KB/s (3 msgs) inflight=4
DISCOVERED: "PerfPartner" at 10.188.1.173:7354
BUF 512: sent=34 KB/s (350 msgs) recv=34 KB/s (350 msgs) inflight=4
BUF 512: sent=34 KB/s (697 msgs) recv=34 KB/s (697 msgs) inflight=4
DISCOVERED: "PerfPartner" at 10.188.1.173:7354
BUF 512: sent=34 KB/s (1049 msgs) recv=34 KB/s (1049 msgs) inflight=4
BUF 512: sent=34 KB/s (1403 msgs) recv=34 KB/s (1403 msgs) inflight=4
DISCOVERED: "PerfPartner" at 10.188.1.173:7354
BUF 512: sent=35 KB/s (1757 msgs) recv=34 KB/s (1757 msgs) inflight=4
DISCOVERED: "PerfPartner" at 10.188.1.173:7354
COMPLETE 512 bytes: SEND=34 KB/s (2056 msgs) RECV=34 KB/s (2056 msgs)
Starting buffer size 1024 test
BUF 1024: sent=60 KB/s (4 msgs) recv=30 KB/s (4 msgs) inflight=4
BUF 1024: sent=66 KB/s (337 msgs) recv=65 KB/s (337 msgs) inflight=4
DISCOVERED: "PerfPartner" at 10.188.1.173:7354
BUF 1024: sent=65 KB/s (665 msgs) recv=65 KB/s (665 msgs) inflight=4
BUF 1024: sent=65 KB/s (993 msgs) recv=65 KB/s (993 msgs) inflight=4
DISCOVERED: "PerfPartner" at 10.188.1.173:7354
BUF 1024: sent=66 KB/s (1333 msgs) recv=66 KB/s (1333 msgs) inflight=4
BUF 1024: sent=66 KB/s (1667 msgs) recv=66 KB/s (1668 msgs) inflight=3
COMPLETE 1024 bytes: SEND=65 KB/s (1959 msgs) RECV=65 KB/s (1959 msgs)
Starting buffer size 2048 test
DISCOVERED: "PerfPartner" at 10.188.1.173:7354
BUF 2048: sent=93 KB/s (7 msgs) recv=66 KB/s (7 msgs) inflight=4
BUF 2048: sent=92 KB/s (239 msgs) recv=92 KB/s (239 msgs) inflight=4
DISCOVERED: "PerfPartner" at 10.188.1.173:7354
BUF 2048: sent=92 KB/s (473 msgs) recv=92 KB/s (473 msgs) inflight=4
BUF 2048: sent=93 KB/s (709 msgs) recv=92 KB/s (709 msgs) inflight=4
DISCOVERED: "PerfPartner" at 10.188.1.173:7354
BUF 2048: sent=93 KB/s (942 msgs) recv=92 KB/s (942 msgs) inflight=4
BUF 2048: sent=92 KB/s (1172 msgs) recv=92 KB/s (1172 msgs) inflight=4
COMPLETE 2048 bytes: SEND=92 KB/s (1390 msgs) RECV=92 KB/s (1390 msgs)
Starting buffer size 4096 test
DISCOVERED: "PerfPartner" at 10.188.1.173:7354
BUF 4096: sent=129 KB/s (7 msgs) recv=74 KB/s (5 msgs) inflight=4
BUF 4096: sent=127 KB/s (166 msgs) recv=125 KB/s (164 msgs) inflight=4
DISCOVERED: "PerfPartner" at 10.188.1.173:7354
BUF 4096: sent=128 KB/s (327 msgs) recv=127 KB/s (325 msgs) inflight=4
BUF 4096: sent=128 KB/s (487 msgs) recv=127 KB/s (485 msgs) inflight=4
DISCOVERED: "PerfPartner" at 10.188.1.173:7354
BUF 4096: sent=128 KB/s (648 msgs) recv=127 KB/s (646 msgs) inflight=4
BUF 4096: sent=128 KB/s (809 msgs) recv=127 KB/s (807 msgs) inflight=4
COMPLETE 4096 bytes: SEND=128 KB/s (967 msgs) RECV=128 KB/s (965 msgs)
All throughput tests complete
========================================
THROUGHPUT TEST RESULTS
========================================
 256 bytes: SEND   18 KB/s  RECV   18 KB/s  (errs=0)
 512 bytes: SEND   34 KB/s  RECV   34 KB/s  (errs=0)
1024 bytes: SEND   65 KB/s  RECV   65 KB/s  (errs=0)
2048 bytes: SEND   92 KB/s  RECV   92 KB/s  (errs=0)
4096 bytes: SEND  128 KB/s  RECV  128 KB/s  (errs=0)
========================================
Memory: FreeMem=2646032 MaxBlock=2644800
Streaming 4326 bytes of logs to partner...
