========================================
PeerTalk Throughput Test
Version: 1.0.0
========================================
Memory after pool alloc: FreeMem=2785456 MaxBlock=2783648
Buffer pool: 4 buffers × 32KB (25% threshold=8192B)
Initializing PeerTalk...
Waiting for peer...
Press any key to exit.
DISCOVERED: "PerfPartner" at 10.188.1.173:7354
Connecting to peer...
CONNECTED to peer 1
Peer capabilities: max_msg=4096 chunk=1024 pressure=0
Peer buffer info: recv_buf=8192 optimal_chunk=2048
Effective max message size: 4096 bytes
Optimal chunk for peer: 1024 bytes
Starting throughput test with buffer size 256 (window=4)
BUF 256: sent=18 KB/s (376 msgs) recv=18 KB/s (372 msgs) inflight=4
DISCOVERED: "PerfPartner" at 10.188.1.173:7354
BUF 256: sent=18 KB/s (741 msgs) recv=18 KB/s (737 msgs) inflight=4
BUF 256: sent=18 KB/s (1109 msgs) recv=18 KB/s (1105 msgs) inflight=4
DISCOVERED: "PerfPartner" at 10.188.1.173:7354
BUF 256: sent=18 KB/s (1474 msgs) recv=18 KB/s (1470 msgs) inflight=4
BUF 256: sent=18 KB/s (1832 msgs) recv=18 KB/s (1828 msgs) inflight=4
COMPLETE 256 bytes: SEND=17 KB/s (2156 msgs) RECV=17 KB/s (2152 msgs)
Starting buffer size 512 test
BUF 512: sent=4 KB/s (4 msgs) recv=0 KB/s (0 msgs) inflight=4
DISCOVERED: "PerfPartner" at 10.188.1.173:7354
BUF 512: sent=26 KB/s (286 msgs) recv=26 KB/s (286 msgs) inflight=4
DISCOVERED: "PerfPartner" at 10.188.1.173:7354
BUF 512: sent=30 KB/s (640 msgs) recv=30 KB/s (640 msgs) inflight=4
BUF 512: sent=32 KB/s (1002 msgs) recv=32 KB/s (1002 msgs) inflight=4
DISCOVERED: "PerfPartner" at 10.188.1.173:7354
BUF 512: sent=33 KB/s (1359 msgs) recv=33 KB/s (1359 msgs) inflight=4
BUF 512: sent=33 KB/s (1715 msgs) recv=33 KB/s (1715 msgs) inflight=4
COMPLETE 512 bytes: SEND=33 KB/s (2043 msgs) RECV=33 KB/s (2043 msgs)
Starting buffer size 1024 test
DISCOVERED: "PerfPartner" at 10.188.1.173:7354
BUF 1024: sent=60 KB/s (31 msgs) recv=56 KB/s (31 msgs) inflight=4
BUF 1024: sent=61 KB/s (338 msgs) recv=60 KB/s (338 msgs) inflight=4
DISCOVERED: "PerfPartner" at 10.188.1.173:7354
BUF 1024: sent=63 KB/s (663 msgs) recv=62 KB/s (663 msgs) inflight=4
BUF 1024: sent=64 KB/s (998 msgs) recv=64 KB/s (1000 msgs) inflight=2
DISCOVERED: "PerfPartner" at 10.188.1.173:7354
BUF 1024: sent=65 KB/s (1336 msgs) recv=64 KB/s (1336 msgs) inflight=4
BUF 1024: sent=65 KB/s (1678 msgs) recv=65 KB/s (1678 msgs) inflight=4
COMPLETE 1024 bytes: SEND=65 KB/s (1976 msgs) RECV=65 KB/s (1976 msgs)
Starting buffer size 2048 test
DISCOVERED: "PerfPartner" at 10.188.1.173:7354
BUF 2048: sent=80 KB/s (22 msgs) recv=69 KB/s (21 msgs) inflight=4
BUF 2048: sent=63 KB/s (175 msgs) recv=62 KB/s (174 msgs) inflight=4
DISCOVERED: "PerfPartner" at 10.188.1.173:7354
BUF 2048: sent=71 KB/s (378 msgs) recv=71 KB/s (377 msgs) inflight=4
BUF 2048: sent=74 KB/s (577 msgs) recv=73 KB/s (576 msgs) inflight=4
DISCOVERED: "PerfPartner" at 10.188.1.173:7354
BUF 2048: sent=75 KB/s (780 msgs) recv=75 KB/s (779 msgs) inflight=4
BUF 2048: sent=76 KB/s (983 msgs) recv=76 KB/s (982 msgs) inflight=4
COMPLETE 2048 bytes: SEND=77 KB/s (1162 msgs) RECV=77 KB/s (1161 msgs)
Starting buffer size 4096 test
DISCOVERED: "PerfPartner" at 10.188.1.173:7354
BUF 4096: sent=142 KB/s (19 msgs) recv=116 KB/s (16 msgs) inflight=4
BUF 4096: sent=133 KB/s (185 msgs) recv=131 KB/s (182 msgs) inflight=4
DISCOVERED: "PerfPartner" at 10.188.1.173:7354
BUF 4096: sent=134 KB/s (354 msgs) recv=132 KB/s (351 msgs) inflight=4
BUF 4096: sent=134 KB/s (524 msgs) recv=133 KB/s (521 msgs) inflight=4
DISCOVERED: "PerfPartner" at 10.188.1.173:7354
BUF 4096: sent=135 KB/s (695 msgs) recv=134 KB/s (692 msgs) inflight=4
BUF 4096: sent=131 KB/s (842 msgs) recv=131 KB/s (839 msgs) inflight=4
COMPLETE 4096 bytes: SEND=132 KB/s (994 msgs) RECV=131 KB/s (991 msgs)
All throughput tests complete
========================================
THROUGHPUT TEST RESULTS
========================================
 256 bytes: SEND   17 KB/s  RECV   17 KB/s  (errs=0)
 512 bytes: SEND   33 KB/s  RECV   33 KB/s  (errs=0)
1024 bytes: SEND   65 KB/s  RECV   65 KB/s  (errs=0)
2048 bytes: SEND   77 KB/s  RECV   77 KB/s  (errs=0)
4096 bytes: SEND  132 KB/s  RECV  131 KB/s  (errs=0)
========================================
Memory: FreeMem=2640432 MaxBlock=2639200
Streaming 4330 bytes of logs to partner...
