========================================
PeerTalk Throughput Test
Version: 1.0.0
========================================
Memory after pool alloc: FreeMem=2783856 MaxBlock=2782096
Buffer pool: 4 buffers × 32KB (25% threshold=8192B)
Initializing PeerTalk...
Waiting for peer...
Press any key to exit.
DISCOVERED: "PerfPartner" at 10.188.1.173:7354
Connecting to peer...
CONNECTED to peer 1
Peer capabilities: max_msg=4096 chunk=1024 pressure=0
Peer buffer info: recv_buf=8192 optimal_chunk=2048
Effective max message size: 4096 bytes
Optimal chunk for peer: 1024 bytes
Starting throughput test with buffer size 256 (window=4)
BUF 256: sent=12 KB/s (241 msgs) recv=11 KB/s (237 msgs) inflight=4
DISCOVERED: "PerfPartner" at 10.188.1.173:7354
BUF 256: sent=12 KB/s (498 msgs) recv=12 KB/s (494 msgs) inflight=4
BUF 256: sent=12 KB/s (769 msgs) recv=12 KB/s (765 msgs) inflight=4
DISCOVERED: "PerfPartner" at 10.188.1.173:7354
BUF 256: sent=12 KB/s (1029 msgs) recv=12 KB/s (1025 msgs) inflight=4
BUF 256: sent=12 KB/s (1295 msgs) recv=12 KB/s (1291 msgs) inflight=4
DISCOVERED: "PerfPartner" at 10.188.1.173:7354
COMPLETE 256 bytes: SEND=12 KB/s (1534 msgs) RECV=12 KB/s (1530 msgs)
Starting buffer size 512 test
BUF 512: sent=21 KB/s (10 msgs) recv=15 KB/s (9 msgs) inflight=4
BUF 512: sent=24 KB/s (256 msgs) recv=24 KB/s (256 msgs) inflight=4
DISCOVERED: "PerfPartner" at 10.188.1.173:7354
BUF 512: sent=24 KB/s (507 msgs) recv=24 KB/s (507 msgs) inflight=4
BUF 512: sent=24 KB/s (755 msgs) recv=24 KB/s (755 msgs) inflight=4
DISCOVERED: "PerfPartner" at 10.188.1.173:7354
BUF 512: sent=24 KB/s (1016 msgs) recv=24 KB/s (1016 msgs) inflight=4
BUF 512: sent=24 KB/s (1271 msgs) recv=24 KB/s (1272 msgs) inflight=3
DISCOVERED: "PerfPartner" at 10.188.1.173:7354
COMPLETE 512 bytes: SEND=25 KB/s (1508 msgs) RECV=25 KB/s (1510 msgs)
Starting buffer size 1024 test
BUF 1024: sent=40 KB/s (19 msgs) recv=32 KB/s (16 msgs) inflight=4
BUF 1024: sent=44 KB/s (241 msgs) recv=43 KB/s (239 msgs) inflight=4
DISCOVERED: "PerfPartner" at 10.188.1.173:7354
BUF 1024: sent=46 KB/s (485 msgs) recv=45 KB/s (483 msgs) inflight=4
BUF 1024: sent=46 KB/s (729 msgs) recv=46 KB/s (727 msgs) inflight=4
DISCOVERED: "PerfPartner" at 10.188.1.173:7354
BUF 1024: sent=47 KB/s (983 msgs) recv=47 KB/s (981 msgs) inflight=4
BUF 1024: sent=48 KB/s (1243 msgs) recv=48 KB/s (1241 msgs) inflight=4
DISCOVERED: "PerfPartner" at 10.188.1.173:7354
COMPLETE 1024 bytes: SEND=48 KB/s (1463 msgs) RECV=48 KB/s (1461 msgs)
Starting buffer size 2048 test
BUF 2048: sent=48 KB/s (14 msgs) recv=41 KB/s (14 msgs) inflight=4
BUF 2048: sent=67 KB/s (190 msgs) recv=66 KB/s (190 msgs) inflight=4
DISCOVERED: "PerfPartner" at 10.188.1.173:7354
BUF 2048: sent=73 KB/s (390 msgs) recv=72 KB/s (390 msgs) inflight=4
BUF 2048: sent=75 KB/s (589 msgs) recv=74 KB/s (589 msgs) inflight=4
DISCOVERED: "PerfPartner" at 10.188.1.173:7354
BUF 2048: sent=77 KB/s (797 msgs) recv=76 KB/s (797 msgs) inflight=4
BUF 2048: sent=76 KB/s (990 msgs) recv=76 KB/s (990 msgs) inflight=4
DISCOVERED: "PerfPartner" at 10.188.1.173:7354
COMPLETE 2048 bytes: SEND=77 KB/s (1163 msgs) RECV=77 KB/s (1163 msgs)
Starting buffer size 4096 test
BUF 4096: sent=74 KB/s (14 msgs) recv=58 KB/s (13 msgs) inflight=4
BUF 4096: sent=19 KB/s (29 msgs) recv=17 KB/s (28 msgs) inflight=4
DISCOVERED: "PerfPartner" at 10.188.1.173:7354
BUF 4096: sent=11 KB/s (34 msgs) recv=10 KB/s (33 msgs) inflight=4
BUF 4096: sent=12 KB/s (52 msgs) recv=11 KB/s (51 msgs) inflight=4
BUF 4096: sent=9 KB/s (52 msgs) recv=9 KB/s (51 msgs) inflight=4
BUF 4096: sent=7 KB/s (52 msgs) recv=7 KB/s (51 msgs) inflight=4
DISCOVERED: "PerfPartner" at 10.188.1.173:7354
COMPLETE 4096 bytes: SEND=6 KB/s (52 msgs) RECV=6 KB/s (51 msgs)
All throughput tests complete
========================================
THROUGHPUT TEST RESULTS
========================================
 256 bytes: SEND   12 KB/s  RECV   12 KB/s  (errs=0)
 512 bytes: SEND   25 KB/s  RECV   25 KB/s  (errs=0)
1024 bytes: SEND   48 KB/s  RECV   48 KB/s  (errs=0)
2048 bytes: SEND   77 KB/s  RECV   77 KB/s  (errs=0)
4096 bytes: SEND    6 KB/s  RECV    6 KB/s  (errs=0)
========================================
Memory: FreeMem=2573472 MaxBlock=2571984
Streaming 4294 bytes of logs to partner...
