========================================
PeerTalk Throughput Test
Version: 1.0.0
========================================
Memory after pool alloc: FreeMem=2784032 MaxBlock=2782288
Buffer pool: 4 buffers × 32KB (25% threshold=8192B)
Initializing PeerTalk...
Waiting for peer...
Press any key to exit.
DISCOVERED: "PerfPartner" at 10.188.1.59:7354
Connecting to peer...
CONNECTED to peer 1
Peer capabilities: max_msg=4096 chunk=1024 pressure=0
Peer buffer info: recv_buf=8192 optimal_chunk=2048
Effective max message size: 4096 bytes
Optimal chunk for peer: 1024 bytes
Starting throughput test with buffer size 256 (window=4)
BUF 256: sent=17 KB/s (361 msgs) recv=17 KB/s (357 msgs) inflight=4
DISCOVERED: "PerfPartner" at 10.188.1.59:7354
BUF 256: sent=17 KB/s (707 msgs) recv=17 KB/s (703 msgs) inflight=4
BUF 256: sent=17 KB/s (1056 msgs) recv=17 KB/s (1052 msgs) inflight=4
DISCOVERED: "PerfPartner" at 10.188.1.59:7354
BUF 256: sent=17 KB/s (1406 msgs) recv=17 KB/s (1402 msgs) inflight=4
BUF 256: sent=17 KB/s (1758 msgs) recv=17 KB/s (1754 msgs) inflight=4
DISCOVERED: "PerfPartner" at 10.188.1.59:7354
COMPLETE 256 bytes: SEND=17 KB/s (2099 msgs) RECV=17 KB/s (2095 msgs)
Starting buffer size 512 test
BUF 512: sent=30 KB/s (4 msgs) recv=15 KB/s (4 msgs) inflight=4
BUF 512: sent=32 KB/s (331 msgs) recv=32 KB/s (331 msgs) inflight=4
DISCOVERED: "PerfPartner" at 10.188.1.59:7354
BUF 512: sent=33 KB/s (663 msgs) recv=32 KB/s (663 msgs) inflight=4
BUF 512: sent=32 KB/s (989 msgs) recv=32 KB/s (990 msgs) inflight=3
DISCOVERED: "PerfPartner" at 10.188.1.59:7354
BUF 512: sent=33 KB/s (1333 msgs) recv=33 KB/s (1333 msgs) inflight=4
BUF 512: sent=33 KB/s (1682 msgs) recv=33 KB/s (1682 msgs) inflight=4
DISCOVERED: "PerfPartner" at 10.188.1.59:7354
COMPLETE 512 bytes: SEND=33 KB/s (2020 msgs) RECV=33 KB/s (2020 msgs)
Starting buffer size 1024 test
BUF 1024: sent=80 KB/s (4 msgs) recv=40 KB/s (4 msgs) inflight=4
BUF 1024: sent=51 KB/s (266 msgs) recv=51 KB/s (266 msgs) inflight=4
DISCOVERED: "PerfPartner" at 10.188.1.59:7354
BUF 1024: sent=57 KB/s (586 msgs) recv=57 KB/s (586 msgs) inflight=4
BUF 1024: sent=60 KB/s (917 msgs) recv=60 KB/s (917 msgs) inflight=4
DISCOVERED: "PerfPartner" at 10.188.1.59:7354
BUF 1024: sent=61 KB/s (1242 msgs) recv=61 KB/s (1242 msgs) inflight=4
BUF 1024: sent=62 KB/s (1570 msgs) recv=62 KB/s (1570 msgs) inflight=4
COMPLETE 1024 bytes: SEND=62 KB/s (1889 msgs) RECV=62 KB/s (1889 msgs)
Starting buffer size 2048 test
DISCOVERED: "PerfPartner" at 10.188.1.59:7354
BUF 2048: sent=74 KB/s (8 msgs) recv=55 KB/s (8 msgs) inflight=4
BUF 2048: sent=88 KB/s (232 msgs) recv=87 KB/s (232 msgs) inflight=4
BUF 2048: sent=87 KB/s (446 msgs) recv=86 KB/s (446 msgs) inflight=4
BUF 2048: sent=88 KB/s (678 msgs) recv=88 KB/s (678 msgs) inflight=4
DISCOVERED: "PerfPartner" at 10.188.1.59:7354
BUF 2048: sent=87 KB/s (888 msgs) recv=87 KB/s (888 msgs) inflight=4
BUF 2048: sent=87 KB/s (1109 msgs) recv=87 KB/s (1109 msgs) inflight=4
COMPLETE 2048 bytes: SEND=87 KB/s (1314 msgs) RECV=87 KB/s (1314 msgs)
Starting buffer size 4096 test
DISCOVERED: "PerfPartner" at 10.188.1.59:7354
BUF 4096: sent=113 KB/s (9 msgs) recv=75 KB/s (8 msgs) inflight=4
BUF 4096: sent=48 KB/s (65 msgs) recv=46 KB/s (64 msgs) inflight=4
DISCOVERED: "PerfPartner" at 10.188.1.59:7354
BUF 4096: sent=40 KB/s (105 msgs) recv=39 KB/s (104 msgs) inflight=4
BUF 4096: sent=47 KB/s (183 msgs) recv=46 KB/s (182 msgs) inflight=4
DISCOVERED: "PerfPartner" at 10.188.1.59:7354
BUF 4096: sent=57 KB/s (292 msgs) recv=56 KB/s (291 msgs) inflight=4
BUF 4096: sent=55 KB/s (357 msgs) recv=55 KB/s (356 msgs) inflight=4
COMPLETE 4096 bytes: SEND=51 KB/s (389 msgs) RECV=51 KB/s (388 msgs)
All throughput tests complete
========================================
THROUGHPUT TEST RESULTS
========================================
 256 bytes: SEND   17 KB/s  RECV   17 KB/s  (errs=0)
 512 bytes: SEND   33 KB/s  RECV   33 KB/s  (errs=0)
1024 bytes: SEND   62 KB/s  RECV   62 KB/s  (errs=0)
2048 bytes: SEND   87 KB/s  RECV   87 KB/s  (errs=0)
4096 bytes: SEND   51 KB/s  RECV   51 KB/s  (errs=0)
========================================
Memory: FreeMem=2573632 MaxBlock=2572144
Streaming 4248 bytes of logs to partner...
