========================================
PeerTalk Throughput Test
Version: 1.0.0
========================================
Memory after pool alloc: FreeMem=2784032 MaxBlock=2782256
Buffer pool: 4 buffers × 32KB (25% threshold=8192B)
Initializing PeerTalk...
Waiting for peer...
Press any key to exit.
DISCOVERED: "PerfPartner" at 10.188.1.173:7354
Connecting to peer...
CONNECTED to peer 1
Peer capabilities: max_msg=4096 chunk=1024 pressure=0
Peer buffer info: recv_buf=8192 optimal_chunk=2048
Effective max message size: 4096 bytes
Optimal chunk for peer: 1024 bytes
Starting throughput test with buffer size 256 (window=4)
BUF 256: sent=17 KB/s (349 msgs) recv=17 KB/s (345 msgs) inflight=4
DISCOVERED: "PerfPartner" at 10.188.1.173:7354
BUF 256: sent=17 KB/s (700 msgs) recv=17 KB/s (696 msgs) inflight=4
BUF 256: sent=17 KB/s (1054 msgs) recv=17 KB/s (1050 msgs) inflight=4
DISCOVERED: "PerfPartner" at 10.188.1.173:7354
BUF 256: sent=17 KB/s (1409 msgs) recv=17 KB/s (1405 msgs) inflight=4
BUF 256: sent=17 KB/s (1765 msgs) recv=17 KB/s (1761 msgs) inflight=4
DISCOVERED: "PerfPartner" at 10.188.1.173:7354
COMPLETE 256 bytes: SEND=17 KB/s (2103 msgs) RECV=17 KB/s (2099 msgs)
Starting buffer size 512 test
BUF 512: sent=20 KB/s (2 msgs) recv=0 KB/s (0 msgs) inflight=2
BUF 512: sent=33 KB/s (342 msgs) recv=33 KB/s (342 msgs) inflight=4
DISCOVERED: "PerfPartner" at 10.188.1.173:7354
BUF 512: sent=31 KB/s (632 msgs) recv=31 KB/s (632 msgs) inflight=4
BUF 512: sent=31 KB/s (966 msgs) recv=31 KB/s (966 msgs) inflight=4
DISCOVERED: "PerfPartner" at 10.188.1.173:7354
BUF 512: sent=32 KB/s (1309 msgs) recv=32 KB/s (1309 msgs) inflight=4
BUF 512: sent=32 KB/s (1658 msgs) recv=32 KB/s (1658 msgs) inflight=4
COMPLETE 512 bytes: SEND=32 KB/s (1980 msgs) RECV=32 KB/s (1980 msgs)
Starting buffer size 1024 test
DISCOVERED: "PerfPartner" at 10.188.1.173:7354
BUF 1024: sent=43 KB/s (8 msgs) recv=32 KB/s (8 msgs) inflight=4
BUF 1024: sent=51 KB/s (267 msgs) recv=51 KB/s (267 msgs) inflight=4
DISCOVERED: "PerfPartner" at 10.188.1.173:7354
BUF 1024: sent=58 KB/s (600 msgs) recv=58 KB/s (600 msgs) inflight=4
BUF 1024: sent=60 KB/s (930 msgs) recv=60 KB/s (930 msgs) inflight=4
DISCOVERED: "PerfPartner" at 10.188.1.173:7354
BUF 1024: sent=62 KB/s (1257 msgs) recv=61 KB/s (1257 msgs) inflight=4
BUF 1024: sent=62 KB/s (1581 msgs) recv=62 KB/s (1581 msgs) inflight=4
DISCOVERED: "PerfPartner" at 10.188.1.173:7354
COMPLETE 1024 bytes: SEND=61 KB/s (1837 msgs) RECV=61 KB/s (1837 msgs)
Starting buffer size 2048 test
BUF 2048: sent=90 KB/s (12 msgs) recv=75 KB/s (12 msgs) inflight=4
BUF 2048: sent=91 KB/s (241 msgs) recv=90 KB/s (241 msgs) inflight=4
DISCOVERED: "PerfPartner" at 10.188.1.173:7354
BUF 2048: sent=95 KB/s (490 msgs) recv=95 KB/s (490 msgs) inflight=4
BUF 2048: sent=97 KB/s (743 msgs) recv=96 KB/s (743 msgs) inflight=4
DISCOVERED: "PerfPartner" at 10.188.1.173:7354
BUF 2048: sent=95 KB/s (969 msgs) recv=95 KB/s (969 msgs) inflight=4
BUF 2048: sent=96 KB/s (1227 msgs) recv=96 KB/s (1227 msgs) inflight=4
COMPLETE 2048 bytes: SEND=94 KB/s (1420 msgs) RECV=94 KB/s (1420 msgs)
Starting buffer size 4096 test
DISCOVERED: "PerfPartner" at 10.188.1.173:7354
BUF 4096: sent=74 KB/s (4 msgs) recv=37 KB/s (4 msgs) inflight=4
BUF 4096: sent=52 KB/s (68 msgs) recv=50 KB/s (68 msgs) inflight=4
BUF 4096: sent=26 KB/s (68 msgs) recv=25 KB/s (68 msgs) inflight=4
BUF 4096: sent=17 KB/s (68 msgs) recv=17 KB/s (68 msgs) inflight=4
DISCOVERED: "PerfPartner" at 10.188.1.173:7354
BUF 4096: sent=13 KB/s (68 msgs) recv=13 KB/s (68 msgs) inflight=4
BUF 4096: sent=10 KB/s (68 msgs) recv=10 KB/s (68 msgs) inflight=4
DISCOVERED: "PerfPartner" at 10.188.1.173:7354
COMPLETE 4096 bytes: SEND=9 KB/s (68 msgs) RECV=8 KB/s (68 msgs)
All throughput tests complete
========================================
THROUGHPUT TEST RESULTS
========================================
 256 bytes: SEND   17 KB/s  RECV   17 KB/s  (errs=0)
 512 bytes: SEND   32 KB/s  RECV   32 KB/s  (errs=0)
1024 bytes: SEND   61 KB/s  RECV   61 KB/s  (errs=0)
2048 bytes: SEND   94 KB/s  RECV   94 KB/s  (errs=0)
4096 bytes: SEND    9 KB/s  RECV    8 KB/s  (errs=0)
========================================
Memory: FreeMem=2573648 MaxBlock=2572160
Streaming 4298 bytes of logs to partner...
