========================================
PeerTalk Throughput Test
Version: 1.0.0
========================================
Memory after pool alloc: FreeMem=2784368 MaxBlock=2782608
Buffer pool: 4 buffers × 32KB (25% threshold=8192B)
Initializing PeerTalk...
Waiting for peer...
Press any key to exit.
DISCOVERED: "PerfPartner" at 10.188.1.59:7354
Connecting to peer...
CONNECTED to peer 1
Peer capabilities: max_msg=4096 chunk=1024 pressure=0
Peer buffer info: recv_buf=8192 optimal_chunk=2048
Effective max message size: 4096 bytes
Optimal chunk for peer: 1024 bytes
Starting throughput test with buffer size 256 (window=4)
BUF 256: sent=17 KB/s (356 msgs) recv=17 KB/s (352 msgs) inflight=4
DISCOVERED: "PerfPartner" at 10.188.1.59:7354
BUF 256: sent=17 KB/s (703 msgs) recv=17 KB/s (699 msgs) inflight=4
BUF 256: sent=17 KB/s (1053 msgs) recv=17 KB/s (1049 msgs) inflight=4
DISCOVERED: "PerfPartner" at 10.188.1.59:7354
BUF 256: sent=17 KB/s (1401 msgs) recv=17 KB/s (1397 msgs) inflight=4
BUF 256: sent=16 KB/s (1654 msgs) recv=16 KB/s (1650 msgs) inflight=4
COMPLETE 256 bytes: SEND=15 KB/s (1828 msgs) RECV=15 KB/s (1824 msgs)
Starting buffer size 512 test
DISCOVERED: "PerfPartner" at 10.188.1.59:7354
BUF 512: sent=23 KB/s (7 msgs) recv=16 KB/s (7 msgs) inflight=3
BUF 512: sent=33 KB/s (350 msgs) recv=33 KB/s (350 msgs) inflight=4
DISCOVERED: "PerfPartner" at 10.188.1.59:7354
BUF 512: sent=33 KB/s (693 msgs) recv=33 KB/s (693 msgs) inflight=4
BUF 512: sent=33 KB/s (1036 msgs) recv=33 KB/s (1036 msgs) inflight=4
DISCOVERED: "PerfPartner" at 10.188.1.59:7354
BUF 512: sent=34 KB/s (1390 msgs) recv=34 KB/s (1390 msgs) inflight=4
BUF 512: sent=34 KB/s (1733 msgs) recv=34 KB/s (1733 msgs) inflight=4
COMPLETE 512 bytes: SEND=34 KB/s (2052 msgs) RECV=34 KB/s (2052 msgs)
Starting buffer size 1024 test
DISCOVERED: "PerfPartner" at 10.188.1.59:7354
BUF 1024: sent=40 KB/s (12 msgs) recv=33 KB/s (12 msgs) inflight=4
BUF 1024: sent=63 KB/s (338 msgs) recv=63 KB/s (338 msgs) inflight=4
DISCOVERED: "PerfPartner" at 10.188.1.59:7354
BUF 1024: sent=64 KB/s (663 msgs) recv=64 KB/s (664 msgs) inflight=3
BUF 1024: sent=64 KB/s (992 msgs) recv=64 KB/s (992 msgs) inflight=4
DISCOVERED: "PerfPartner" at 10.188.1.59:7354
BUF 1024: sent=62 KB/s (1268 msgs) recv=62 KB/s (1268 msgs) inflight=4
BUF 1024: sent=62 KB/s (1598 msgs) recv=62 KB/s (1598 msgs) inflight=4
COMPLETE 1024 bytes: SEND=63 KB/s (1898 msgs) RECV=63 KB/s (1898 msgs)
Starting buffer size 2048 test
DISCOVERED: "PerfPartner" at 10.188.1.59:7354
BUF 2048: sent=78 KB/s (17 msgs) recv=69 KB/s (17 msgs) inflight=4
BUF 2048: sent=86 KB/s (237 msgs) recv=86 KB/s (239 msgs) inflight=2
DISCOVERED: "PerfPartner" at 10.188.1.59:7354
BUF 2048: sent=93 KB/s (494 msgs) recv=93 KB/s (494 msgs) inflight=4
BUF 2048: sent=96 KB/s (752 msgs) recv=96 KB/s (752 msgs) inflight=4
DISCOVERED: "PerfPartner" at 10.188.1.59:7354
BUF 2048: sent=97 KB/s (1006 msgs) recv=97 KB/s (1006 msgs) inflight=4
BUF 2048: sent=98 KB/s (1254 msgs) recv=98 KB/s (1256 msgs) inflight=2
COMPLETE 2048 bytes: SEND=98 KB/s (1478 msgs) RECV=98 KB/s (1478 msgs)
Starting buffer size 4096 test
DISCOVERED: "PerfPartner" at 10.188.1.59:7354
BUF 4096: sent=124 KB/s (16 msgs) recv=108 KB/s (16 msgs) inflight=4
BUF 4096: sent=98 KB/s (136 msgs) recv=97 KB/s (136 msgs) inflight=4
DISCOVERED: "PerfPartner" at 10.188.1.59:7354
BUF 4096: sent=51 KB/s (136 msgs) recv=51 KB/s (136 msgs) inflight=4
BUF 4096: sent=35 KB/s (136 msgs) recv=34 KB/s (136 msgs) inflight=4
DISCOVERED: "PerfPartner" at 10.188.1.59:7354
BUF 4096: sent=26 KB/s (136 msgs) recv=26 KB/s (136 msgs) inflight=4
BUF 4096: sent=21 KB/s (136 msgs) recv=21 KB/s (136 msgs) inflight=4
COMPLETE 4096 bytes: SEND=18 KB/s (136 msgs) RECV=17 KB/s (136 msgs)
All throughput tests complete
========================================
THROUGHPUT TEST RESULTS
========================================
 256 bytes: SEND   15 KB/s  RECV   15 KB/s  (errs=0)
 512 bytes: SEND   34 KB/s  RECV   34 KB/s  (errs=0)
1024 bytes: SEND   63 KB/s  RECV   63 KB/s  (errs=0)
2048 bytes: SEND   98 KB/s  RECV   98 KB/s  (errs=0)
4096 bytes: SEND   18 KB/s  RECV   17 KB/s  (errs=0)
========================================
Memory: FreeMem=2573984 MaxBlock=2572496
Streaming 4308 bytes of logs to partner...
