========================================
PeerTalk Throughput Test
Version: 1.0.0
========================================
Memory after pool alloc: FreeMem=2784224 MaxBlock=2782464
Buffer pool: 4 buffers × 32KB (25% threshold=8192B)
Initializing PeerTalk...
Waiting for peer...
Press any key to exit.
DISCOVERED: "PerfPartner" at 10.188.1.59:7354
Connecting to peer...
CONNECTED to peer 1
Peer capabilities: max_msg=4096 chunk=1024 pressure=0
Peer buffer info: recv_buf=8192 optimal_chunk=2048
Effective max message size: 4096 bytes
Optimal chunk for peer: 1024 bytes
Starting throughput test with buffer size 256 (window=4)
BUF 256: sent=16 KB/s (335 msgs) recv=16 KB/s (331 msgs) inflight=4
DISCOVERED: "PerfPartner" at 10.188.1.59:7354
BUF 256: sent=16 KB/s (669 msgs) recv=16 KB/s (665 msgs) inflight=4
BUF 256: sent=16 KB/s (1004 msgs) recv=16 KB/s (1000 msgs) inflight=4
DISCOVERED: "PerfPartner" at 10.188.1.59:7354
BUF 256: sent=16 KB/s (1345 msgs) recv=16 KB/s (1341 msgs) inflight=4
BUF 256: sent=16 KB/s (1689 msgs) recv=16 KB/s (1685 msgs) inflight=4
DISCOVERED: "PerfPartner" at 10.188.1.59:7354
COMPLETE 256 bytes: SEND=16 KB/s (2009 msgs) RECV=16 KB/s (2005 msgs)
Starting buffer size 512 test
BUF 512: sent=37 KB/s (5 msgs) recv=15 KB/s (4 msgs) inflight=4
BUF 512: sent=33 KB/s (336 msgs) recv=32 KB/s (336 msgs) inflight=4
DISCOVERED: "PerfPartner" at 10.188.1.59:7354
BUF 512: sent=33 KB/s (677 msgs) recv=33 KB/s (677 msgs) inflight=4
BUF 512: sent=33 KB/s (1013 msgs) recv=33 KB/s (1013 msgs) inflight=4
DISCOVERED: "PerfPartner" at 10.188.1.59:7354
BUF 512: sent=33 KB/s (1350 msgs) recv=33 KB/s (1350 msgs) inflight=4
BUF 512: sent=31 KB/s (1591 msgs) recv=31 KB/s (1591 msgs) inflight=4
DISCOVERED: "PerfPartner" at 10.188.1.59:7354
COMPLETE 512 bytes: SEND=29 KB/s (1761 msgs) RECV=29 KB/s (1761 msgs)
Starting buffer size 1024 test
BUF 1024: sent=51 KB/s (12 msgs) recv=38 KB/s (11 msgs) inflight=4
BUF 1024: sent=61 KB/s (322 msgs) recv=60 KB/s (322 msgs) inflight=4
DISCOVERED: "PerfPartner" at 10.188.1.59:7354
BUF 1024: sent=63 KB/s (648 msgs) recv=63 KB/s (648 msgs) inflight=4
BUF 1024: sent=63 KB/s (968 msgs) recv=63 KB/s (968 msgs) inflight=4
BUF 1024: sent=63 KB/s (1289 msgs) recv=63 KB/s (1289 msgs) inflight=4
BUF 1024: sent=63 KB/s (1618 msgs) recv=63 KB/s (1618 msgs) inflight=4
DISCOVERED: "PerfPartner" at 10.188.1.59:7354
COMPLETE 1024 bytes: SEND=63 KB/s (1912 msgs) RECV=63 KB/s (1912 msgs)
Starting buffer size 2048 test
BUF 2048: sent=87 KB/s (16 msgs) recv=76 KB/s (16 msgs) inflight=4
BUF 2048: sent=82 KB/s (222 msgs) recv=82 KB/s (223 msgs) inflight=3
DISCOVERED: "PerfPartner" at 10.188.1.59:7354
BUF 2048: sent=90 KB/s (468 msgs) recv=89 KB/s (468 msgs) inflight=4
BUF 2048: sent=90 KB/s (695 msgs) recv=90 KB/s (695 msgs) inflight=4
DISCOVERED: "PerfPartner" at 10.188.1.59:7354
BUF 2048: sent=92 KB/s (943 msgs) recv=92 KB/s (943 msgs) inflight=4
BUF 2048: sent=93 KB/s (1192 msgs) recv=93 KB/s (1193 msgs) inflight=3
DISCOVERED: "PerfPartner" at 10.188.1.59:7354
COMPLETE 2048 bytes: SEND=92 KB/s (1394 msgs) RECV=92 KB/s (1394 msgs)
Starting buffer size 4096 test
BUF 4096: sent=131 KB/s (12 msgs) recv=98 KB/s (11 msgs) inflight=4
BUF 4096: sent=36 KB/s (49 msgs) recv=34 KB/s (48 msgs) inflight=4
DISCOVERED: "PerfPartner" at 10.188.1.59:7354
BUF 4096: sent=18 KB/s (49 msgs) recv=17 KB/s (48 msgs) inflight=4
BUF 4096: sent=12 KB/s (49 msgs) recv=12 KB/s (48 msgs) inflight=4
DISCOVERED: "PerfPartner" at 10.188.1.59:7354
BUF 4096: sent=9 KB/s (49 msgs) recv=9 KB/s (48 msgs) inflight=4
BUF 4096: sent=7 KB/s (49 msgs) recv=7 KB/s (48 msgs) inflight=4
DISCOVERED: "PerfPartner" at 10.188.1.59:7354
COMPLETE 4096 bytes: SEND=6 KB/s (49 msgs) RECV=6 KB/s (48 msgs)
All throughput tests complete
========================================
THROUGHPUT TEST RESULTS
========================================
 256 bytes: SEND   16 KB/s  RECV   16 KB/s  (errs=0)
 512 bytes: SEND   29 KB/s  RECV   29 KB/s  (errs=0)
1024 bytes: SEND   63 KB/s  RECV   63 KB/s  (errs=0)
2048 bytes: SEND   92 KB/s  RECV   92 KB/s  (errs=0)
4096 bytes: SEND    6 KB/s  RECV    6 KB/s  (errs=0)
========================================
Memory: FreeMem=2573840 MaxBlock=2572352
Streaming 4287 bytes of logs to partner...
