========================================
PeerTalk Throughput Test
Version: 1.0.0
========================================
Memory after pool alloc: FreeMem=2791056 MaxBlock=2789152
Buffer pool: 4 buffers × 32KB (25% threshold=8192B)
Initializing PeerTalk...
Waiting for peer...
Press any key to exit.
DISCOVERED: "PerfPartner" at 10.188.1.173:7354
Connecting to peer...
CONNECTED to peer 1
Peer capabilities: max_msg=4096 chunk=1024 pressure=0
Peer buffer info: recv_buf=8192 optimal_chunk=2048
Effective max message size: 4096 bytes
Optimal chunk for peer: 1024 bytes
Starting throughput test with buffer size 256 (window=4)
BUF 256: sent=18 KB/s (369 msgs) recv=18 KB/s (365 msgs) inflight=4
DISCOVERED: "PerfPartner" at 10.188.1.173:7354
BUF 256: sent=18 KB/s (728 msgs) recv=18 KB/s (724 msgs) inflight=4
BUF 256: sent=18 KB/s (1094 msgs) recv=18 KB/s (1090 msgs) inflight=4
DISCOVERED: "PerfPartner" at 10.188.1.173:7354
BUF 256: sent=17 KB/s (1450 msgs) recv=17 KB/s (1446 msgs) inflight=4
BUF 256: sent=18 KB/s (1817 msgs) recv=18 KB/s (1813 msgs) inflight=4
COMPLETE 256 bytes: SEND=18 KB/s (2167 msgs) RECV=18 KB/s (2163 msgs)
Starting buffer size 512 test
DISCOVERED: "PerfPartner" at 10.188.1.173:7354
BUF 512: sent=30 KB/s (8 msgs) recv=18 KB/s (7 msgs) inflight=4
BUF 512: sent=34 KB/s (358 msgs) recv=34 KB/s (360 msgs) inflight=2
DISCOVERED: "PerfPartner" at 10.188.1.173:7354
BUF 512: sent=35 KB/s (715 msgs) recv=35 KB/s (715 msgs) inflight=4
BUF 512: sent=35 KB/s (1073 msgs) recv=35 KB/s (1073 msgs) inflight=4
DISCOVERED: "PerfPartner" at 10.188.1.173:7354
BUF 512: sent=35 KB/s (1425 msgs) recv=35 KB/s (1425 msgs) inflight=4
BUF 512: sent=35 KB/s (1779 msgs) recv=35 KB/s (1779 msgs) inflight=4
DISCOVERED: "PerfPartner" at 10.188.1.173:7354
COMPLETE 512 bytes: SEND=35 KB/s (2126 msgs) RECV=35 KB/s (2126 msgs)
Starting buffer size 1024 test
BUF 1024: sent=80 KB/s (8 msgs) recv=60 KB/s (8 msgs) inflight=4
BUF 1024: sent=67 KB/s (344 msgs) recv=66 KB/s (344 msgs) inflight=4
DISCOVERED: "PerfPartner" at 10.188.1.173:7354
BUF 1024: sent=66 KB/s (676 msgs) recv=66 KB/s (676 msgs) inflight=4
BUF 1024: sent=66 KB/s (1009 msgs) recv=66 KB/s (1009 msgs) inflight=4
DISCOVERED: "PerfPartner" at 10.188.1.173:7354
BUF 1024: sent=66 KB/s (1334 msgs) recv=66 KB/s (1334 msgs) inflight=4
BUF 1024: sent=66 KB/s (1668 msgs) recv=66 KB/s (1668 msgs) inflight=4
COMPLETE 1024 bytes: SEND=66 KB/s (1994 msgs) RECV=66 KB/s (1994 msgs)
Starting buffer size 2048 test
DISCOVERED: "PerfPartner" at 10.188.1.173:7354
BUF 2048: sent=105 KB/s (7 msgs) recv=75 KB/s (7 msgs) inflight=4
BUF 2048: sent=80 KB/s (204 msgs) recv=79 KB/s (204 msgs) inflight=4
DISCOVERED: "PerfPartner" at 10.188.1.173:7354
BUF 2048: sent=79 KB/s (401 msgs) recv=78 KB/s (401 msgs) inflight=4
BUF 2048: sent=79 KB/s (601 msgs) recv=79 KB/s (601 msgs) inflight=4
BUF 2048: sent=78 KB/s (792 msgs) recv=78 KB/s (792 msgs) inflight=4
DISCOVERED: "PerfPartner" at 10.188.1.173:7354
BUF 2048: sent=78 KB/s (990 msgs) recv=78 KB/s (990 msgs) inflight=4
DISCOVERED: "PerfPartner" at 10.188.1.173:7354
COMPLETE 2048 bytes: SEND=78 KB/s (1176 msgs) RECV=78 KB/s (1176 msgs)
Starting buffer size 4096 test
BUF 4096: sent=200 KB/s (5 msgs) recv=60 KB/s (2 msgs) inflight=4
BUF 4096: sent=129 KB/s (165 msgs) recv=126 KB/s (162 msgs) inflight=4
DISCOVERED: "PerfPartner" at 10.188.1.173:7354
BUF 4096: sent=130 KB/s (329 msgs) recv=128 KB/s (326 msgs) inflight=4
BUF 4096: sent=129 KB/s (491 msgs) recv=129 KB/s (488 msgs) inflight=4
DISCOVERED: "PerfPartner" at 10.188.1.173:7354
BUF 4096: sent=130 KB/s (656 msgs) recv=129 KB/s (653 msgs) inflight=4
BUF 4096: sent=130 KB/s (817 msgs) recv=129 KB/s (814 msgs) inflight=4
COMPLETE 4096 bytes: SEND=130 KB/s (980 msgs) RECV=130 KB/s (977 msgs)
All throughput tests complete
========================================
THROUGHPUT TEST RESULTS
========================================
 256 bytes: SEND   18 KB/s  RECV   18 KB/s  (errs=0)
 512 bytes: SEND   35 KB/s  RECV   35 KB/s  (errs=0)
1024 bytes: SEND   66 KB/s  RECV   66 KB/s  (errs=0)
2048 bytes: SEND   78 KB/s  RECV   78 KB/s  (errs=0)
4096 bytes: SEND  130 KB/s  RECV  130 KB/s  (errs=0)
========================================
Memory: FreeMem=2646032 MaxBlock=2644800
Streaming 4327 bytes of logs to partner...
