========================================
PeerTalk Throughput Test
Version: 1.0.0
========================================
Memory after pool alloc: FreeMem=2791664 MaxBlock=2789712
Buffer pool: 4 buffers × 32KB (25% threshold=8192B)
Initializing PeerTalk...
Waiting for peer...
Press any key to exit.
DISCOVERED: "PerfPartner" at 10.188.1.173:7354
Connecting to peer...
CONNECTED to peer 1
Peer capabilities: max_msg=4096 chunk=1024 pressure=0
Peer buffer info: recv_buf=0 optimal_chunk=0
Effective max message size: 4096 bytes
Optimal chunk for peer: 1024 bytes
Starting throughput test with buffer size 256
BUF 256: sent=14 KB/s (312 msgs) recv=14 KB/s (306 msgs) errs=0
DISCOVERED: "PerfPartner" at 10.188.1.173:7354
BUF 256: sent=15 KB/s (638 msgs) recv=15 KB/s (633 msgs) errs=0
BUF 256: sent=15 KB/s (963 msgs) recv=15 KB/s (958 msgs) errs=0
DISCOVERED: "PerfPartner" at 10.188.1.173:7354
BUF 256: sent=15 KB/s (1291 msgs) recv=15 KB/s (1286 msgs) errs=0
BUF 256: sent=15 KB/s (1611 msgs) recv=15 KB/s (1606 msgs) errs=0
DISCOVERED: "PerfPartner" at 10.188.1.173:7354
COMPLETE 256 bytes: SEND=15 KB/s (1900 msgs) RECV=15 KB/s (1895 msgs)
Starting buffer size 512 test
BUF 512: sent=34 KB/s (32 msgs) recv=31 KB/s (32 msgs) errs=0
BUF 512: sent=33 KB/s (372 msgs) recv=33 KB/s (372 msgs) errs=0
BUF 512: sent=7 KB/s (562 msgs) recv=7 KB/s (561 msgs) errs=0
COMPLETE 512 bytes: SEND=7 KB/s (562 msgs) RECV=7 KB/s (561 msgs)
Starting buffer size 1024 test
DISCOVERED: "PerfPartner" at 10.188.1.173:7354
DISCOVERED: "PerfPartner" at 10.188.1.173:7354
DISCOVERED: "PerfPartner" at 10.188.1.173:7354
DISCONNECTED from peer 1 (reason=0)
DISCOVERED: "PerfPartner" at 10.188.1.173:7354
Connecting to peer...
Connect failed: -10 (attempt 1/5)
CONNECTED to peer 1
Peer capabilities: max_msg=8192 chunk=1024 pressure=0
Peer buffer info: recv_buf=65535 optimal_chunk=1024
Effective max message size: 8192 bytes
Optimal chunk for peer: 1024 bytes
Starting throughput test with buffer size 256
BUF 1024: sent=38 KB/s (325 msgs) recv=38 KB/s (321 msgs) errs=1
DISCOVERED: "PerfPartner" at 10.188.1.173:7354
BUF 1024: sent=47 KB/s (643 msgs) recv=47 KB/s (639 msgs) errs=1
BUF 1024: sent=52 KB/s (967 msgs) recv=52 KB/s (963 msgs) errs=1
DISCOVERED: "PerfPartner" at 10.188.1.173:7354
BUF 1024: sent=54 KB/s (1282 msgs) recv=54 KB/s (1278 msgs) errs=1
BUF 1024: sent=56 KB/s (1605 msgs) recv=56 KB/s (1601 msgs) errs=1
COMPLETE 1024 bytes: SEND=56 KB/s (1702 msgs) RECV=56 KB/s (1698 msgs)
Starting buffer size 2048 test
DISCOVERED: "PerfPartner" at 10.188.1.173:7354
BUF 2048: sent=96 KB/s (168 msgs) recv=55 KB/s (99 msgs) errs=0
BUF 2048: sent=97 KB/s (415 msgs) recv=57 KB/s (249 msgs) errs=0
DISCOVERED: "PerfPartner" at 10.188.1.173:7354
BUF 2048: sent=99 KB/s (674 msgs) recv=55 KB/s (379 msgs) errs=0
BUF 2048: sent=99 KB/s (929 msgs) recv=50 KB/s (473 msgs) errs=0
DISCOVERED: "PerfPartner" at 10.188.1.173:7354
BUF 2048: sent=102 KB/s (1215 msgs) recv=47 KB/s (570 msgs) errs=0
BUF 2048: sent=101 KB/s (1467 msgs) recv=49 KB/s (716 msgs) errs=0
COMPLETE 2048 bytes: SEND=101 KB/s (1532 msgs) RECV=49 KB/s (751 msgs)
Starting buffer size 4096 test
DISCOVERED: "PerfPartner" at 10.188.1.173:7354
BUF 4096: sent=175 KB/s (163 msgs) recv=6 KB/s (7 msgs) errs=0
BUF 4096: sent=194 KB/s (422 msgs) recv=10 KB/s (24 msgs) errs=0
DISCOVERED: "PerfPartner" at 10.188.1.173:7354
BUF 4096: sent=196 KB/s (679 msgs) recv=13 KB/s (48 msgs) errs=0
BUF 4096: sent=195 KB/s (923 msgs) recv=15 KB/s (74 msgs) errs=0
DISCOVERED: "PerfPartner" at 10.188.1.173:7354
BUF 4096: sent=18 KB/s (1160 msgs) recv=17 KB/s (103 msgs) errs=0
BUF 4096: sent=52 KB/s (1427 msgs) recv=17 KB/s (126 msgs) errs=0
COMPLETE 4096 bytes: SEND=58 KB/s (1487 msgs) RECV=17 KB/s (130 msgs)
All throughput tests complete
========================================
THROUGHPUT TEST RESULTS
========================================
 256 bytes: SEND    0 KB/s  RECV    0 KB/s  (errs=0)
 512 bytes: SEND    7 KB/s  RECV    7 KB/s  (errs=0)
1024 bytes: SEND   56 KB/s  RECV   56 KB/s  (errs=1)
2048 bytes: SEND  101 KB/s  RECV   49 KB/s  (errs=0)
4096 bytes: SEND   58 KB/s  RECV   17 KB/s  (errs=0)
========================================
Memory: FreeMem=2637232 MaxBlock=2636800
Streaming 4316 bytes of logs to partner...
