========================================
PeerTalk Throughput Test
Version: 1.0.0
========================================
Memory after pool alloc: FreeMem=2784032 MaxBlock=2782288
Buffer pool: 4 buffers × 32KB (25% threshold=8192B)
Initializing PeerTalk...
Waiting for peer...
Press any key to exit.
DISCOVERED: "PerfPartner" at 10.188.1.59:7354
Connecting to peer...
CONNECTED to peer 1
Peer capabilities: max_msg=4096 chunk=1024 pressure=0
Peer buffer info: recv_buf=8192 optimal_chunk=2048
Effective max message size: 4096 bytes
Optimal chunk for peer: 1024 bytes
Starting throughput test with buffer size 256 (window=4)
BUF 256: sent=17 KB/s (346 msgs) recv=16 KB/s (342 msgs) inflight=4
DISCOVERED: "PerfPartner" at 10.188.1.59:7354
BUF 256: sent=16 KB/s (683 msgs) recv=16 KB/s (679 msgs) inflight=4
BUF 256: sent=16 KB/s (1021 msgs) recv=16 KB/s (1017 msgs) inflight=4
DISCOVERED: "PerfPartner" at 10.188.1.59:7354
BUF 256: sent=16 KB/s (1331 msgs) recv=16 KB/s (1327 msgs) inflight=4
BUF 256: sent=16 KB/s (1653 msgs) recv=16 KB/s (1649 msgs) inflight=4
DISCOVERED: "PerfPartner" at 10.188.1.59:7354
COMPLETE 256 bytes: SEND=16 KB/s (1958 msgs) RECV=16 KB/s (1954 msgs)
Starting buffer size 512 test
BUF 512: sent=30 KB/s (6 msgs) recv=25 KB/s (7 msgs) inflight=2
BUF 512: sent=32 KB/s (334 msgs) recv=32 KB/s (334 msgs) inflight=4
DISCOVERED: "PerfPartner" at 10.188.1.59:7354
BUF 512: sent=32 KB/s (669 msgs) recv=32 KB/s (669 msgs) inflight=4
BUF 512: sent=30 KB/s (927 msgs) recv=30 KB/s (927 msgs) inflight=4
DISCOVERED: "PerfPartner" at 10.188.1.59:7354
BUF 512: sent=31 KB/s (1262 msgs) recv=31 KB/s (1262 msgs) inflight=4
BUF 512: sent=31 KB/s (1600 msgs) recv=31 KB/s (1600 msgs) inflight=4
COMPLETE 512 bytes: SEND=32 KB/s (1925 msgs) RECV=31 KB/s (1925 msgs)
Starting buffer size 1024 test
DISCOVERED: "PerfPartner" at 10.188.1.59:7354
BUF 1024: sent=43 KB/s (8 msgs) recv=32 KB/s (8 msgs) inflight=4
BUF 1024: sent=49 KB/s (258 msgs) recv=49 KB/s (258 msgs) inflight=4
DISCOVERED: "PerfPartner" at 10.188.1.59:7354
BUF 1024: sent=54 KB/s (559 msgs) recv=54 KB/s (559 msgs) inflight=4
BUF 1024: sent=57 KB/s (877 msgs) recv=57 KB/s (877 msgs) inflight=4
DISCOVERED: "PerfPartner" at 10.188.1.59:7354
BUF 1024: sent=57 KB/s (1172 msgs) recv=57 KB/s (1172 msgs) inflight=4
BUF 1024: sent=57 KB/s (1450 msgs) recv=57 KB/s (1450 msgs) inflight=4
COMPLETE 1024 bytes: SEND=58 KB/s (1748 msgs) RECV=58 KB/s (1748 msgs)
Starting buffer size 2048 test
DISCOVERED: "PerfPartner" at 10.188.1.59:7354
BUF 2048: sent=100 KB/s (10 msgs) recv=80 KB/s (10 msgs) inflight=4
BUF 2048: sent=85 KB/s (225 msgs) recv=85 KB/s (225 msgs) inflight=4
DISCOVERED: "PerfPartner" at 10.188.1.59:7354
BUF 2048: sent=81 KB/s (415 msgs) recv=81 KB/s (417 msgs) inflight=2
BUF 2048: sent=76 KB/s (578 msgs) recv=75 KB/s (578 msgs) inflight=4
DISCOVERED: "PerfPartner" at 10.188.1.59:7354
BUF 2048: sent=68 KB/s (691 msgs) recv=68 KB/s (691 msgs) inflight=4
BUF 2048: sent=72 KB/s (916 msgs) recv=72 KB/s (916 msgs) inflight=4
COMPLETE 2048 bytes: SEND=76 KB/s (1149 msgs) RECV=76 KB/s (1149 msgs)
Starting buffer size 4096 test
DISCOVERED: "PerfPartner" at 10.188.1.59:7354
BUF 4096: sent=120 KB/s (5 msgs) recv=12 KB/s (1 msgs) inflight=4
BUF 4096: sent=21 KB/s (29 msgs) recv=18 KB/s (26 msgs) inflight=4
DISCOVERED: "PerfPartner" at 10.188.1.59:7354
BUF 4096: sent=21 KB/s (57 msgs) recv=19 KB/s (54 msgs) inflight=4
BUF 4096: sent=22 KB/s (90 msgs) recv=21 KB/s (87 msgs) inflight=4
DISCOVERED: "PerfPartner" at 10.188.1.59:7354
BUF 4096: sent=29 KB/s (156 msgs) recv=28 KB/s (153 msgs) inflight=4
BUF 4096: sent=30 KB/s (202 msgs) recv=30 KB/s (199 msgs) inflight=4
COMPLETE 4096 bytes: SEND=35 KB/s (269 msgs) RECV=35 KB/s (266 msgs)
All throughput tests complete
========================================
THROUGHPUT TEST RESULTS
========================================
 256 bytes: SEND   16 KB/s  RECV   16 KB/s  (errs=0)
 512 bytes: SEND   32 KB/s  RECV   31 KB/s  (errs=0)
1024 bytes: SEND   58 KB/s  RECV   58 KB/s  (errs=0)
2048 bytes: SEND   76 KB/s  RECV   76 KB/s  (errs=0)
4096 bytes: SEND   35 KB/s  RECV   35 KB/s  (errs=0)
========================================
Memory: FreeMem=2573632 MaxBlock=2572144
Streaming 4292 bytes of logs to partner...
