========================================
PeerTalk Throughput Test
Version: 1.0.0
========================================
Memory after pool alloc: FreeMem=2784368 MaxBlock=2782608
Buffer pool: 4 buffers × 32KB (25% threshold=8192B)
Initializing PeerTalk...
Waiting for peer...
Press any key to exit.
DISCOVERED: "PerfPartner" at 10.188.1.59:7354
Connecting to peer...
CONNECTED to peer 1
Peer capabilities: max_msg=4096 chunk=1024 pressure=0
Peer buffer info: recv_buf=8192 optimal_chunk=2048
Effective max message size: 4096 bytes
Optimal chunk for peer: 1024 bytes
Starting throughput test with buffer size 256 (window=4)
BUF 256: sent=17 KB/s (356 msgs) recv=17 KB/s (352 msgs) inflight=4
DISCOVERED: "PerfPartner" at 10.188.1.59:7354
BUF 256: sent=17 KB/s (697 msgs) recv=17 KB/s (693 msgs) inflight=4
BUF 256: sent=17 KB/s (1048 msgs) recv=17 KB/s (1044 msgs) inflight=4
DISCOVERED: "PerfPartner" at 10.188.1.59:7354
BUF 256: sent=17 KB/s (1396 msgs) recv=17 KB/s (1392 msgs) inflight=4
BUF 256: sent=17 KB/s (1742 msgs) recv=17 KB/s (1738 msgs) inflight=4
DISCOVERED: "PerfPartner" at 10.188.1.59:7354
COMPLETE 256 bytes: SEND=17 KB/s (2071 msgs) RECV=17 KB/s (2067 msgs)
Starting buffer size 512 test
BUF 512: sent=34 KB/s (8 msgs) recv=25 KB/s (8 msgs) inflight=4
BUF 512: sent=34 KB/s (352 msgs) recv=33 KB/s (352 msgs) inflight=4
DISCOVERED: "PerfPartner" at 10.188.1.59:7354
BUF 512: sent=33 KB/s (691 msgs) recv=33 KB/s (691 msgs) inflight=4
BUF 512: sent=34 KB/s (1036 msgs) recv=34 KB/s (1036 msgs) inflight=4
DISCOVERED: "PerfPartner" at 10.188.1.59:7354
BUF 512: sent=33 KB/s (1371 msgs) recv=33 KB/s (1371 msgs) inflight=4
BUF 512: sent=33 KB/s (1711 msgs) recv=33 KB/s (1712 msgs) inflight=3
DISCOVERED: "PerfPartner" at 10.188.1.59:7354
COMPLETE 512 bytes: SEND=33 KB/s (2041 msgs) RECV=33 KB/s (2042 msgs)
Starting buffer size 1024 test
BUF 1024: sent=51 KB/s (12 msgs) recv=36 KB/s (10 msgs) inflight=4
BUF 1024: sent=58 KB/s (304 msgs) recv=57 KB/s (303 msgs) inflight=4
DISCOVERED: "PerfPartner" at 10.188.1.59:7354
BUF 1024: sent=61 KB/s (627 msgs) recv=60 KB/s (626 msgs) inflight=4
BUF 1024: sent=62 KB/s (956 msgs) recv=62 KB/s (955 msgs) inflight=4
DISCOVERED: "PerfPartner" at 10.188.1.59:7354
BUF 1024: sent=63 KB/s (1282 msgs) recv=62 KB/s (1281 msgs) inflight=4
BUF 1024: sent=63 KB/s (1610 msgs) recv=63 KB/s (1609 msgs) inflight=4
COMPLETE 1024 bytes: SEND=63 KB/s (1917 msgs) RECV=63 KB/s (1916 msgs)
Starting buffer size 2048 test
DISCOVERED: "PerfPartner" at 10.188.1.59:7354
BUF 2048: sent=73 KB/s (11 msgs) recv=60 KB/s (11 msgs) inflight=4
BUF 2048: sent=84 KB/s (224 msgs) recv=83 KB/s (224 msgs) inflight=4
DISCOVERED: "PerfPartner" at 10.188.1.59:7354
BUF 2048: sent=92 KB/s (478 msgs) recv=91 KB/s (478 msgs) inflight=4
BUF 2048: sent=95 KB/s (734 msgs) recv=95 KB/s (734 msgs) inflight=4
DISCOVERED: "PerfPartner" at 10.188.1.59:7354
BUF 2048: sent=96 KB/s (987 msgs) recv=96 KB/s (987 msgs) inflight=4
BUF 2048: sent=96 KB/s (1231 msgs) recv=96 KB/s (1232 msgs) inflight=3
DISCOVERED: "PerfPartner" at 10.188.1.59:7354
COMPLETE 2048 bytes: SEND=96 KB/s (1456 msgs) RECV=96 KB/s (1456 msgs)
Starting buffer size 4096 test
BUF 4096: sent=132 KB/s (11 msgs) recv=96 KB/s (10 msgs) inflight=4
BUF 4096: sent=26 KB/s (35 msgs) recv=24 KB/s (34 msgs) inflight=4
DISCOVERED: "PerfPartner" at 10.188.1.59:7354
BUF 4096: sent=13 KB/s (35 msgs) recv=12 KB/s (34 msgs) inflight=4
BUF 4096: sent=9 KB/s (35 msgs) recv=8 KB/s (34 msgs) inflight=4
DISCOVERED: "PerfPartner" at 10.188.1.59:7354
BUF 4096: sent=6 KB/s (35 msgs) recv=6 KB/s (34 msgs) inflight=4
BUF 4096: sent=5 KB/s (35 msgs) recv=5 KB/s (34 msgs) inflight=4
DISCOVERED: "PerfPartner" at 10.188.1.59:7354
COMPLETE 4096 bytes: SEND=4 KB/s (35 msgs) RECV=4 KB/s (34 msgs)
All throughput tests complete
========================================
THROUGHPUT TEST RESULTS
========================================
 256 bytes: SEND   17 KB/s  RECV   17 KB/s  (errs=0)
 512 bytes: SEND   33 KB/s  RECV   33 KB/s  (errs=0)
1024 bytes: SEND   63 KB/s  RECV   63 KB/s  (errs=0)
2048 bytes: SEND   96 KB/s  RECV   96 KB/s  (errs=0)
4096 bytes: SEND    4 KB/s  RECV    4 KB/s  (errs=0)
========================================
Memory: FreeMem=2573984 MaxBlock=2572496
Streaming 4332 bytes of logs to partner...
