========================================
PeerTalk Throughput Test
Version: 1.0.0
========================================
Memory after pool alloc: FreeMem=2794368 MaxBlock=2792160
Buffer pool: 4 buffers × 32KB (25% threshold=8192B)
Initializing PeerTalk...
Waiting for peer...
Press any key to exit.
DISCOVERED: "PerfPartner" at 10.188.1.173:7354
Connecting to peer...
CONNECTED to peer 1
Peer capabilities: max_msg=4096 chunk=1024 pressure=0
Effective max message size: 4096 bytes
Starting throughput test with buffer size 256
BUF 256: sent=13 KB/s (266 msgs) recv=12 KB/s (261 msgs) errs=0
DISCOVERED: "PerfPartner" at 10.188.1.173:7354
BUF 256: sent=13 KB/s (528 msgs) recv=13 KB/s (523 msgs) errs=0
BUF 256: sent=13 KB/s (790 msgs) recv=13 KB/s (785 msgs) errs=0
BUF 256: sent=13 KB/s (1049 msgs) recv=12 KB/s (1044 msgs) errs=0
BUF 256: sent=13 KB/s (1312 msgs) recv=12 KB/s (1307 msgs) errs=0
DISCOVERED: "PerfPartner" at 10.188.1.173:7354
COMPLETE 256 bytes: SEND=13 KB/s (1563 msgs) RECV=12 KB/s (1558 msgs)
Starting buffer size 512 test
BUF 512: sent=25 KB/s (12 msgs) recv=20 KB/s (12 msgs) errs=0
BUF 512: sent=23 KB/s (251 msgs) recv=23 KB/s (251 msgs) errs=0
DISCOVERED: "PerfPartner" at 10.188.1.173:7354
BUF 512: sent=25 KB/s (516 msgs) recv=24 KB/s (515 msgs) errs=0
BUF 512: sent=25 KB/s (776 msgs) recv=25 KB/s (776 msgs) errs=0
DISCOVERED: "PerfPartner" at 10.188.1.173:7354
BUF 512: sent=24 KB/s (1011 msgs) recv=24 KB/s (1011 msgs) errs=0
BUF 512: sent=24 KB/s (1262 msgs) recv=24 KB/s (1262 msgs) errs=0
DISCOVERED: "PerfPartner" at 10.188.1.173:7354
COMPLETE 512 bytes: SEND=24 KB/s (1482 msgs) RECV=24 KB/s (1482 msgs)
Starting buffer size 1024 test
BUF 1024: sent=50 KB/s (21 msgs) recv=44 KB/s (21 msgs) errs=0
BUF 1024: sent=44 KB/s (240 msgs) recv=43 KB/s (237 msgs) errs=0
DISCOVERED: "PerfPartner" at 10.188.1.173:7354
BUF 1024: sent=46 KB/s (490 msgs) recv=46 KB/s (488 msgs) errs=0
BUF 1024: sent=47 KB/s (740 msgs) recv=47 KB/s (738 msgs) errs=0
DISCOVERED: "PerfPartner" at 10.188.1.173:7354
BUF 1024: sent=48 KB/s (1001 msgs) recv=48 KB/s (999 msgs) errs=0
BUF 1024: sent=48 KB/s (1252 msgs) recv=48 KB/s (1250 msgs) errs=0
DISCOVERED: "PerfPartner" at 10.188.1.173:7354
COMPLETE 1024 bytes: SEND=48 KB/s (1471 msgs) RECV=48 KB/s (1469 msgs)
Starting buffer size 2048 test
BUF 2048: sent=86 KB/s (28 msgs) recv=50 KB/s (19 msgs) errs=0
BUF 2048: sent=85 KB/s (245 msgs) recv=45 KB/s (133 msgs) errs=0
DISCOVERED: "PerfPartner" at 10.188.1.173:7354
BUF 2048: sent=85 KB/s (460 msgs) recv=42 KB/s (229 msgs) errs=0
BUF 2048: sent=85 KB/s (672 msgs) recv=42 KB/s (339 msgs) errs=0
DISCOVERED: "PerfPartner" at 10.188.1.173:7354
BUF 2048: sent=84 KB/s (883 msgs) recv=42 KB/s (448 msgs) errs=0
BUF 2048: sent=86 KB/s (1114 msgs) recv=41 KB/s (543 msgs) errs=0
DISCOVERED: "PerfPartner" at 10.188.1.173:7354
COMPLETE 2048 bytes: SEND=85 KB/s (1288 msgs) RECV=42 KB/s (639 msgs)
Starting buffer size 4096 test
BUF 4096: sent=167 KB/s (32 msgs) recv=31 KB/s (8 msgs) errs=0
BUF 4096: sent=154 KB/s (223 msgs) recv=21 KB/s (33 msgs) errs=0
DISCOVERED: "PerfPartner" at 10.188.1.173:7354
BUF 4096: sent=162 KB/s (438 msgs) recv=21 KB/s (59 msgs) errs=0
BUF 4096: sent=166 KB/s (661 msgs) recv=17 KB/s (71 msgs) errs=0
DISCOVERED: "PerfPartner" at 10.188.1.173:7354
BUF 4096: sent=164 KB/s (860 msgs) recv=13 KB/s (71 msgs) errs=0
BUF 4096: sent=2 KB/s (1063 msgs) recv=10 KB/s (71 msgs) errs=0
DISCOVERED: "PerfPartner" at 10.188.1.173:7354
COMPLETE 4096 bytes: SEND=22 KB/s (1215 msgs) RECV=9 KB/s (71 msgs)
All throughput tests complete
========================================
THROUGHPUT TEST RESULTS
========================================
 256 bytes: SEND   13 KB/s  RECV   12 KB/s  (errs=0)
 512 bytes: SEND   24 KB/s  RECV   24 KB/s  (errs=0)
1024 bytes: SEND   48 KB/s  RECV   48 KB/s  (errs=0)
2048 bytes: SEND   85 KB/s  RECV   42 KB/s  (errs=0)
4096 bytes: SEND   22 KB/s  RECV    9 KB/s  (errs=0)
========================================
Memory: FreeMem=2649344 MaxBlock=2647936
Streaming 4097 bytes of logs to partner...
