========================================
PeerTalk Throughput Test
Version: 1.0.0
========================================
Memory after pool alloc: FreeMem=2791344 MaxBlock=2789440
Buffer pool: 4 buffers × 32KB (25% threshold=8192B)
Initializing PeerTalk...
Waiting for peer...
Press any key to exit.
DISCOVERED: "PerfPartner" at 10.188.1.173:7354
Connecting to peer...
CONNECTED to peer 1
Peer capabilities: max_msg=4096 chunk=1024 pressure=0
Peer buffer info: recv_buf=8192 optimal_chunk=2048
Effective max message size: 4096 bytes
Optimal chunk for peer: 1024 bytes
Starting throughput test with buffer size 256 (window=4)
BUF 256: sent=17 KB/s (360 msgs) recv=17 KB/s (356 msgs) inflight=4
DISCOVERED: "PerfPartner" at 10.188.1.173:7354
BUF 256: sent=17 KB/s (711 msgs) recv=17 KB/s (707 msgs) inflight=4
BUF 256: sent=17 KB/s (1057 msgs) recv=17 KB/s (1053 msgs) inflight=4
DISCOVERED: "PerfPartner" at 10.188.1.173:7354
BUF 256: sent=17 KB/s (1407 msgs) recv=17 KB/s (1403 msgs) inflight=4
BUF 256: sent=17 KB/s (1760 msgs) recv=17 KB/s (1756 msgs) inflight=4
COMPLETE 256 bytes: SEND=17 KB/s (2094 msgs) RECV=17 KB/s (2090 msgs)
Starting buffer size 512 test
BUF 512: sent=34 KB/s (8 msgs) recv=25 KB/s (8 msgs) inflight=4
BUF 512: sent=34 KB/s (355 msgs) recv=34 KB/s (355 msgs) inflight=4
DISCOVERED: "PerfPartner" at 10.188.1.173:7354
BUF 512: sent=34 KB/s (699 msgs) recv=34 KB/s (699 msgs) inflight=4
BUF 512: sent=34 KB/s (1044 msgs) recv=34 KB/s (1044 msgs) inflight=4
DISCOVERED: "PerfPartner" at 10.188.1.173:7354
BUF 512: sent=34 KB/s (1392 msgs) recv=34 KB/s (1392 msgs) inflight=4
BUF 512: sent=34 KB/s (1739 msgs) recv=34 KB/s (1739 msgs) inflight=4
DISCOVERED: "PerfPartner" at 10.188.1.173:7354
COMPLETE 512 bytes: SEND=34 KB/s (2071 msgs) RECV=34 KB/s (2071 msgs)
Starting buffer size 1024 test
BUF 1024: sent=72 KB/s (12 msgs) recv=60 KB/s (12 msgs) inflight=4
BUF 1024: sent=66 KB/s (341 msgs) recv=66 KB/s (343 msgs) inflight=2
DISCOVERED: "PerfPartner" at 10.188.1.173:7354
BUF 1024: sent=66 KB/s (671 msgs) recv=66 KB/s (671 msgs) inflight=4
BUF 1024: sent=66 KB/s (1001 msgs) recv=65 KB/s (1001 msgs) inflight=4
DISCOVERED: "PerfPartner" at 10.188.1.173:7354
BUF 1024: sent=66 KB/s (1332 msgs) recv=65 KB/s (1332 msgs) inflight=4
BUF 1024: sent=65 KB/s (1663 msgs) recv=65 KB/s (1663 msgs) inflight=4
DISCOVERED: "PerfPartner" at 10.188.1.173:7354
COMPLETE 1024 bytes: SEND=65 KB/s (1981 msgs) RECV=65 KB/s (1981 msgs)
Starting buffer size 2048 test
BUF 2048: sent=96 KB/s (8 msgs) recv=72 KB/s (8 msgs) inflight=4
BUF 2048: sent=74 KB/s (192 msgs) recv=73 KB/s (192 msgs) inflight=4
DISCOVERED: "PerfPartner" at 10.188.1.173:7354
BUF 2048: sent=73 KB/s (378 msgs) recv=73 KB/s (378 msgs) inflight=4
BUF 2048: sent=74 KB/s (564 msgs) recv=73 KB/s (564 msgs) inflight=4
DISCOVERED: "PerfPartner" at 10.188.1.173:7354
BUF 2048: sent=73 KB/s (747 msgs) recv=73 KB/s (747 msgs) inflight=4
BUF 2048: sent=73 KB/s (933 msgs) recv=73 KB/s (933 msgs) inflight=4
DISCOVERED: "PerfPartner" at 10.188.1.173:7354
COMPLETE 2048 bytes: SEND=73 KB/s (1109 msgs) RECV=73 KB/s (1109 msgs)
Starting buffer size 4096 test
BUF 4096: sent=112 KB/s (7 msgs) recv=56 KB/s (4 msgs) inflight=4
BUF 4096: sent=126 KB/s (166 msgs) recv=124 KB/s (163 msgs) inflight=4
DISCOVERED: "PerfPartner" at 10.188.1.173:7354
BUF 4096: sent=127 KB/s (325 msgs) recv=125 KB/s (322 msgs) inflight=4
BUF 4096: sent=125 KB/s (478 msgs) recv=124 KB/s (475 msgs) inflight=4
DISCOVERED: "PerfPartner" at 10.188.1.173:7354
BUF 4096: sent=120 KB/s (612 msgs) recv=120 KB/s (609 msgs) inflight=4
BUF 4096: sent=122 KB/s (772 msgs) recv=121 KB/s (769 msgs) inflight=4
COMPLETE 4096 bytes: SEND=122 KB/s (919 msgs) RECV=122 KB/s (916 msgs)
All throughput tests complete
========================================
THROUGHPUT TEST RESULTS
========================================
 256 bytes: SEND   17 KB/s  RECV   17 KB/s  (errs=0)
 512 bytes: SEND   34 KB/s  RECV   34 KB/s  (errs=0)
1024 bytes: SEND   65 KB/s  RECV   65 KB/s  (errs=0)
2048 bytes: SEND   73 KB/s  RECV   73 KB/s  (errs=0)
4096 bytes: SEND  122 KB/s  RECV  122 KB/s  (errs=0)
========================================
Memory: FreeMem=2646320 MaxBlock=2645088
Streaming 4280 bytes of logs to partner...
