[00000016][INF] ========================================
[00000033][INF] PeerTalk Stress Test
[00000033][INF] Version: 1.0.0
[00000033][INF] Target: 5 cycles
[00000033][INF] ========================================
[00000033][INF] Buffer pool: 4 buffers × 32KB (25% threshold=8192B)
[00000050][INF] Initializing PeerTalk...
[00000200][INF] Waiting for peer...
[00000200][INF] Press any key to abort.
[00002800][INF] DISCOVERED: "PerfPartner" at 10.188.1.59:7354
[00002800][INF] Selected peer 1 as stress test target
[00002800][INF] Initial: MaxBlock=2266320 (+0) FreeMem=2266320 (+0)
[00002800][INF] Cycle 1: Connecting to peer 1...
[00002800][DBG] State: DISCOVERING -> CONNECTING
[00002833][INF] CONNECTED to peer 1 (cycle 1)
[00002833][DBG] State: CONNECTING -> CONNECTED
[00002850][DBG] Sent test message
[00002850][INF] Cycle 1: Disconnecting...
[00002850][DBG] State: CONNECTED -> DISCONNECTING
[00003866][DBG] State: DISCONNECTING -> WAITING
[00004383][INF] Cycle 2: Connecting to peer 1...
[00004383][DBG] State: WAITING -> CONNECTING
[00004433][INF] CONNECTED to peer 1 (cycle 2)
[00004433][DBG] State: CONNECTING -> CONNECTED
[00004433][DBG] Sent test message
[00004433][INF] Cycle 2: Disconnecting...
[00004450][DBG] State: CONNECTED -> DISCONNECTING
[00005466][DBG] State: DISCONNECTING -> WAITING
[00005983][INF] Cycle 3: Connecting to peer 1...
[00005983][DBG] State: WAITING -> CONNECTING
[00006016][INF] CONNECTED to peer 1 (cycle 3)
[00006016][DBG] State: CONNECTING -> CONNECTED
[00006016][DBG] Sent test message
[00006016][INF] Cycle 3: Disconnecting...
[00006016][DBG] State: CONNECTED -> DISCONNECTING
[00007050][DBG] State: DISCONNECTING -> WAITING
[00007566][INF] Cycle 4: Connecting to peer 1...
[00007566][DBG] State: WAITING -> CONNECTING
[00007733][INF] CONNECTED to peer 1 (cycle 4)
[00007733][DBG] State: CONNECTING -> CONNECTED
[00007733][DBG] Sent test message
[00007733][INF] Cycle 4: Disconnecting...
[00007733][DBG] State: CONNECTED -> DISCONNECTING
[00008750][DBG] State: DISCONNECTING -> WAITING
[00009266][INF] Cycle 5: Connecting to peer 1...
[00009283][DBG] State: WAITING -> CONNECTING
[00009366][INF] CONNECTED to peer 1 (cycle 5)
[00009366][DBG] State: CONNECTING -> CONNECTED
[00009366][DBG] Sent test message
[00009366][INF] Cycle 5: Disconnecting...
[00009366][DBG] State: CONNECTED -> DISCONNECTING
[00010383][DBG] State: DISCONNECTING -> COMPLETE
[00010383][INF] ========================================
[00010383][INF] STRESS TEST RESULTS
[00010383][INF] ========================================
[00010383][INF] Connection Cycles: 5
[00010383][INF]   Successes: 5
[00010383][INF]   Failures: 0
[00010383][INF]   Disconnects: 5
[00010383][INF]   Success rate: 100%
[00010383][INF] Messages: sent=5 recv=0
[00010400][INF] 
[00010400][INF] Memory Analysis:
[00010400][INF]   Initial MaxBlock: 2266320
[00010400][INF]   Final MaxBlock:   2266320 (+0)
[00010400][INF]   Min MaxBlock:     2266320
[00010400][INF]   Initial FreeMem:  2266320
[00010400][INF]   Final FreeMem:    2266320 (+0)
[00010400][INF]   Min FreeMem:      2266320
[00010400][INF] 
[00010400][INF] VERDICT: PASS - No significant memory leaks detected
[00010400][INF] ========================================
[00010400][INF] Reconnecting to peer 1 for log streaming...
[00010800][INF] CONNECTED to peer 1 for log streaming
[00010800][INF] Streaming 2224 bytes of logs to partner...
[00010833][INF] DISCONNECTED from peer 1 (reason=0)
[00012850][INF] DISCOVERED: "PerfPartner" at 10.188.1.59:7354
[00020816][INF] Log streaming complete: 2276 bytes sent
[00020816][INF] ========================================
[00020816][INF] TEST EXITING - cleaning up...
[00020816][INF] ========================================
