[00000083][INF] ========================================
[00000116][INF] PeerTalk Throughput Test
[00000116][INF] Version: 1.0.0
[00000116][INF] ========================================
[00000116][INF] Memory after pool alloc: FreeMem=2952880 MaxBlock=2952880
[00000116][INF] Buffer pool: 4 buffers × 32KB (25% threshold=8192B)
[00000116][INF] Initializing PeerTalk...
[00000333][INF] Waiting for peer...
[00000333][INF] Press any key to exit.
[00000800][INF] DISCOVERED: "PerfPartner" at 10.188.1.59:7354
[00000800][INF] Connecting to peer...
[00002033][INF] CONNECTED to peer 1
[00002033][INF] Peer capabilities: max_msg=4096 chunk=1024 pressure=0
[00002033][INF] Peer buffer info: recv_buf=8192 optimal_chunk=2048
[00002050][INF] Effective max message size: 4096 bytes
[00002050][INF] Optimal chunk for peer: 1024 bytes
[00002050][INF] Starting throughput test with buffer size 256 (window=4)
[00007050][INF] BUF 256: sent=2 KB/s (59 msgs) recv=2 KB/s (55 msgs) inflight=4
[00010850][INF] DISCOVERED: "PerfPartner" at 10.188.1.59:7354
[00012050][INF] BUF 256: sent=3 KB/s (122 msgs) recv=2 KB/s (118 msgs) inflight=4
[00017050][INF] BUF 256: sent=3 KB/s (180 msgs) recv=2 KB/s (176 msgs) inflight=4
[00020700][INF] DISCOVERED: "PerfPartner" at 10.188.1.59:7354
[00022050][INF] BUF 256: sent=3 KB/s (240 msgs) recv=2 KB/s (236 msgs) inflight=4
[00027050][INF] BUF 256: sent=2 KB/s (299 msgs) recv=2 KB/s (295 msgs) inflight=4
[00030766][INF] DISCOVERED: "PerfPartner" at 10.188.1.59:7354
[00032050][INF] BUF 256: sent=3 KB/s (360 msgs) recv=2 KB/s (356 msgs) inflight=4
[00032050][INF] COMPLETE 256 bytes: SEND=3 KB/s (360 msgs) RECV=2 KB/s (356 msgs)
[00032050][INF] Starting buffer size 512 test
[00037050][INF] BUF 512: sent=4 KB/s (46 msgs) recv=4 KB/s (42 msgs) inflight=4
[00040816][INF] DISCOVERED: "PerfPartner" at 10.188.1.59:7354
[00042050][INF] BUF 512: sent=3 KB/s (76 msgs) recv=3 KB/s (72 msgs) inflight=4
[00047050][INF] BUF 512: sent=3 KB/s (118 msgs) recv=3 KB/s (114 msgs) inflight=4
[00050883][INF] DISCOVERED: "PerfPartner" at 10.188.1.59:7354
[00052050][INF] BUF 512: sent=3 KB/s (158 msgs) recv=3 KB/s (154 msgs) inflight=4
[00057050][INF] BUF 512: sent=3 KB/s (170 msgs) recv=3 KB/s (166 msgs) inflight=4
[00060933][INF] DISCOVERED: "PerfPartner" at 10.188.1.59:7354
[00062050][INF] BUF 512: sent=3 KB/s (209 msgs) recv=3 KB/s (205 msgs) inflight=4
[00062050][INF] COMPLETE 512 bytes: SEND=3 KB/s (209 msgs) RECV=3 KB/s (205 msgs)
[00062050][INF] Starting buffer size 1024 test
[00067050][INF] BUF 1024: sent=6 KB/s (32 msgs) recv=4 KB/s (28 msgs) inflight=4
[00071000][INF] DISCOVERED: "PerfPartner" at 10.188.1.59:7354
[00072050][INF] BUF 1024: sent=5 KB/s (59 msgs) recv=5 KB/s (55 msgs) inflight=4
[00077050][INF] BUF 1024: sent=5 KB/s (83 msgs) recv=5 KB/s (79 msgs) inflight=4
[00081050][INF] DISCOVERED: "PerfPartner" at 10.188.1.59:7354
[00082050][INF] BUF 1024: sent=5 KB/s (105 msgs) recv=4 KB/s (101 msgs) inflight=4
[00087050][INF] BUF 1024: sent=5 KB/s (132 msgs) recv=4 KB/s (128 msgs) inflight=4
[00090916][INF] DISCOVERED: "PerfPartner" at 10.188.1.59:7354
[00092050][INF] BUF 1024: sent=5 KB/s (160 msgs) recv=5 KB/s (156 msgs) inflight=4
[00092050][INF] COMPLETE 1024 bytes: SEND=5 KB/s (160 msgs) RECV=5 KB/s (156 msgs)
[00092050][INF] Starting buffer size 2048 test
[00097050][INF] BUF 2048: sent=6 KB/s (16 msgs) recv=2 KB/s (12 msgs) inflight=4
[00100966][INF] DISCOVERED: "PerfPartner" at 10.188.1.59:7354
[00102050][INF] BUF 2048: sent=3 KB/s (16 msgs) recv=1 KB/s (12 msgs) inflight=4
[00107050][INF] BUF 2048: sent=2 KB/s (16 msgs) recv=0 KB/s (12 msgs) inflight=4
[00111033][INF] DISCOVERED: "PerfPartner" at 10.188.1.59:7354
[00112050][INF] BUF 2048: sent=1 KB/s (16 msgs) recv=0 KB/s (12 msgs) inflight=4
[00117050][INF] BUF 2048: sent=1 KB/s (16 msgs) recv=0 KB/s (12 msgs) inflight=4
[00121083][INF] DISCOVERED: "PerfPartner" at 10.188.1.59:7354
[00122050][INF] BUF 2048: sent=1 KB/s (16 msgs) recv=0 KB/s (12 msgs) inflight=4
[00122050][INF] COMPLETE 2048 bytes: SEND=1 KB/s (16 msgs) RECV=0 KB/s (12 msgs)
[00122050][INF] Starting buffer size 4096 test
[00127050][INF] BUF 4096: sent=7 KB/s (9 msgs) recv=3 KB/s (6 msgs) inflight=4
[00131150][INF] DISCOVERED: "PerfPartner" at 10.188.1.59:7354
[00132050][INF] BUF 4096: sent=3 KB/s (9 msgs) recv=1 KB/s (6 msgs) inflight=4
[00137050][INF] BUF 4096: sent=2 KB/s (9 msgs) recv=1 KB/s (6 msgs) inflight=4
[00141216][INF] DISCOVERED: "PerfPartner" at 10.188.1.59:7354
[00142050][INF] BUF 4096: sent=1 KB/s (9 msgs) recv=0 KB/s (6 msgs) inflight=4
[00147050][INF] BUF 4096: sent=1 KB/s (9 msgs) recv=0 KB/s (6 msgs) inflight=4
[00151066][INF] DISCOVERED: "PerfPartner" at 10.188.1.59:7354
[00152050][INF] BUF 4096: sent=1 KB/s (9 msgs) recv=0 KB/s (6 msgs) inflight=4
[00152050][INF] COMPLETE 4096 bytes: SEND=1 KB/s (9 msgs) RECV=0 KB/s (6 msgs)
[00152050][INF] All throughput tests complete
[00152050][INF] ========================================
[00152050][INF] THROUGHPUT TEST RESULTS
[00152050][INF] ========================================
[00152050][INF]  256 bytes: SEND    3 KB/s  RECV    2 KB/s  (errs=0)
[00152050][INF]  512 bytes: SEND    3 KB/s  RECV    3 KB/s  (errs=0)
[00152050][INF] 1024 bytes: SEND    5 KB/s  RECV    5 KB/s  (errs=0)
[00152050][INF] 2048 bytes: SEND    1 KB/s  RECV    0 KB/s  (errs=0)
[00152066][INF] 4096 bytes: SEND    1 KB/s  RECV    0 KB/s  (errs=0)
[00152066][INF] ========================================
[00152066][INF] Memory: FreeMem=2775248 MaxBlock=2775248
[00152066][INF] Streaming 4280 bytes of logs to partner...
[00152100][INF] DISCONNECTED from peer 1 (reason=0)
[00161116][INF] DISCOVERED: "PerfPartner" at 10.188.1.59:7354
[00161116][INF] Connecting to peer...
[00161133][ERR] Connect failed: -10 (attempt 1/5)
[00162083][INF] Log streaming complete: 4332 bytes sent
[00162083][INF] ========================================
[00162083][INF] TEST EXITING - cleaning up...
[00162083][INF] ========================================
