========================================
PeerTalk One-Way Stream Test
Version: 1.0.0
Tick rate: 60 Hz (calibrated)
Phase duration: 1800 ticks (30 sec)
========================================
Memory after pool alloc: FreeMem=2780560 MaxBlock=2778992
Buffer pool: 4 buffers × 32KB
Initializing PeerTalk...
Waiting for peer...
Press any key to exit.
DISCOVERED: "PerfPartner" at 10.188.1.59:7354
Connecting to peer...
CONNECTED to peer 1
Peer capabilities (pre-exchange): max_msg=4096 recv_buf=8192
=== SEND PHASE: 256 bytes ===
Sent control: cmd=1 size=256 duration=30000
MSG during ACK wait: len=12 bytes=[53 54 52 4D ...]
Control msg: cmd=4 size=0 duration=0
Received ACK from partner
SEND 256: 4 KB/s (121 msgs) errs=0
DISCOVERED: "PerfPartner" at 10.188.1.59:7354
SEND 256: 4 KB/s (222 msgs) errs=0
SEND 256: 4 KB/s (319 msgs) errs=0
DISCOVERED: "PerfPartner" at 10.188.1.59:7354
SEND 256: 4 KB/s (416 msgs) errs=0
SEND 256: 4 KB/s (514 msgs) errs=0
SEND COMPLETE 256 bytes: 4 KB/s (514 msgs, 0 errors)
DIAG: ok=514 wb=131 bf=0 rl=0 err=0 bursts=131 max_burst=7
Sent control: cmd=3 size=0 duration=0
Draining for 2 seconds...
DISCOVERED: "PerfPartner" at 10.188.1.59:7354
Control msg: cmd=4 size=0 duration=0
Received ACK from partner
DISCOVERED: "PerfPartner" at 10.188.1.59:7354
=== RECV PHASE: 256 bytes ===
Sent control: cmd=2 size=256 duration=30000
MSG during ACK wait: len=12 bytes=[53 54 52 4D ...]
Control msg: cmd=4 size=0 duration=0
Received ACK from partner
RECV 256: 24 KB/s (489 msgs)
DISCOVERED: "PerfPartner" at 10.188.1.59:7354
RECV 256: 24 KB/s (977 msgs)
RECV 256: 24 KB/s (1461 msgs)
DISCOVERED: "PerfPartner" at 10.188.1.59:7354
RECV 256: 24 KB/s (1947 msgs)
RECV 256: 24 KB/s (2431 msgs)
DISCOVERED: "PerfPartner" at 10.188.1.59:7354
RECV 256: 24 KB/s (2913 msgs)
RECV COMPLETE 256 bytes: 24 KB/s (2913 msgs)
Sent control: cmd=3 size=0 duration=0
Draining for 10 seconds...
Control msg: cmd=4 size=0 duration=0
Received ACK from partner
DISCOVERED: "PerfPartner" at 10.188.1.59:7354
=== SEND PHASE: 512 bytes ===
Sent control: cmd=1 size=512 duration=30000
MSG during ACK wait: len=12 bytes=[53 54 52 4D ...]
Control msg: cmd=4 size=0 duration=0
Received ACK from partner
SEND 512: 5 KB/s (64 msgs) errs=0
DISCOVERED: "PerfPartner" at 10.188.1.59:7354
SEND 512: 4 KB/s (113 msgs) errs=0
SEND 512: 4 KB/s (162 msgs) errs=0
DISCOVERED: "PerfPartner" at 10.188.1.59:7354
SEND 512: 4 KB/s (212 msgs) errs=0
SEND 512: 4 KB/s (262 msgs) errs=0
DISCOVERED: "PerfPartner" at 10.188.1.59:7354
SEND COMPLETE 512 bytes: 4 KB/s (287 msgs, 0 errors)
DIAG: ok=287 wb=81 bf=0 rl=0 err=0 bursts=81 max_burst=5
Sent control: cmd=3 size=0 duration=0
Draining for 2 seconds...
Control msg: cmd=4 size=0 duration=0
Received ACK from partner
DISCOVERED: "PerfPartner" at 10.188.1.59:7354
=== RECV PHASE: 512 bytes ===
Sent control: cmd=2 size=512 duration=30000
MSG during ACK wait: len=12 bytes=[53 54 52 4D ...]
Control msg: cmd=4 size=0 duration=0
Received ACK from partner
RECV 512: 24 KB/s (243 msgs)
DISCOVERED: "PerfPartner" at 10.188.1.59:7354
RECV 512: 24 KB/s (486 msgs)
RECV 512: 24 KB/s (728 msgs)
DISCOVERED: "PerfPartner" at 10.188.1.59:7354
RECV 512: 24 KB/s (971 msgs)
RECV 512: 24 KB/s (1213 msgs)
DISCOVERED: "PerfPartner" at 10.188.1.59:7354
RECV 512: 24 KB/s (1456 msgs)
RECV COMPLETE 512 bytes: 24 KB/s (1456 msgs)
Sent control: cmd=3 size=0 duration=0
Draining for 15 seconds...
Control msg: cmd=4 size=0 duration=0
Received ACK from partner
DISCOVERED: "PerfPartner" at 10.188.1.59:7354
DISCOVERED: "PerfPartner" at 10.188.1.59:7354
=== SEND PHASE: 1024 bytes ===
Sent control: cmd=1 size=1024 duration=30000
MSG during ACK wait: len=12 bytes=[53 54 52 4D ...]
Control msg: cmd=4 size=0 duration=0
Received ACK from partner
SEND 1024: 5 KB/s (36 msgs) errs=0
DISCOVERED: "PerfPartner" at 10.188.1.59:7354
SEND 1024: 5 KB/s (62 msgs) errs=0
SEND 1024: 4 KB/s (88 msgs) errs=0
DISCOVERED: "PerfPartner" at 10.188.1.59:7354
SEND 1024: 4 KB/s (114 msgs) errs=0
DISCOVERED: "PerfPartner" at 10.188.1.59:7354
SEND 1024: 4 KB/s (140 msgs) errs=0
SEND COMPLETE 1024 bytes: 4 KB/s (152 msgs, 0 errors)
DIAG: ok=152 wb=47 bf=0 rl=0 err=0 bursts=47 max_burst=5
Sent control: cmd=3 size=0 duration=0
Draining for 2 seconds...
Control msg: cmd=4 size=0 duration=0
Received ACK from partner
DISCOVERED: "PerfPartner" at 10.188.1.59:7354
=== RECV PHASE: 1024 bytes ===
Sent control: cmd=2 size=1024 duration=30000
MSG during ACK wait: len=12 bytes=[53 54 52 4D ...]
Control msg: cmd=4 size=0 duration=0
Received ACK from partner
DISCOVERED: "PerfPartner" at 10.188.1.59:7354
RECV 1024: 48 KB/s (244 msgs)
RECV 1024: 48 KB/s (487 msgs)
DISCOVERED: "PerfPartner" at 10.188.1.59:7354
RECV 1024: 48 KB/s (730 msgs)
RECV 1024: 48 KB/s (973 msgs)
DISCOVERED: "PerfPartner" at 10.188.1.59:7354
RECV 1024: 48 KB/s (1214 msgs)
RECV 1024: 48 KB/s (1456 msgs)
RECV COMPLETE 1024 bytes: 48 KB/s (1456 msgs)
Sent control: cmd=3 size=0 duration=0
Draining for 15 seconds...
Control msg: cmd=4 size=0 duration=0
Received ACK from partner
DISCOVERED: "PerfPartner" at 10.188.1.59:7354
DISCOVERED: "PerfPartner" at 10.188.1.59:7354
=== SEND PHASE: 2048 bytes ===
Sent control: cmd=1 size=2048 duration=30000
MSG during ACK wait: len=12 bytes=[53 54 52 4D ...]
Control msg: cmd=4 size=0 duration=0
Received ACK from partner
DISCOVERED: "PerfPartner" at 10.188.1.59:7354
SEND 2048: 3 KB/s (22 msgs) errs=0
DISCOVERED: "PerfPartner" at 10.188.1.59:7354
SEND 2048: 4 KB/s (36 msgs) errs=0
SEND 2048: 4 KB/s (50 msgs) errs=0
DISCOVERED: "PerfPartner" at 10.188.1.59:7354
SEND 2048: 4 KB/s (64 msgs) errs=0
SEND COMPLETE 2048 bytes: 4 KB/s (64 msgs, 0 errors)
DIAG: ok=64 wb=26 bf=0 rl=0 err=0 bursts=26 max_burst=5
Sent control: cmd=3 size=0 duration=0
Draining for 2 seconds...
DISCOVERED: "PerfPartner" at 10.188.1.59:7354
Control msg: cmd=4 size=0 duration=0
Received ACK from partner
=== RECV PHASE: 2048 bytes ===
Sent control: cmd=2 size=2048 duration=30000
MSG during ACK wait: len=12 bytes=[53 54 52 4D ...]
Control msg: cmd=4 size=0 duration=0
Received ACK from partner
DISCOVERED: "PerfPartner" at 10.188.1.59:7354
RECV 2048: 78 KB/s (196 msgs)
RECV 2048: 78 KB/s (390 msgs)
DISCOVERED: "PerfPartner" at 10.188.1.59:7354
RECV 2048: 78 KB/s (586 msgs)
RECV 2048: 78 KB/s (781 msgs)
DISCOVERED: "PerfPartner" at 10.188.1.59:7354
RECV 2048: 78 KB/s (976 msgs)
RECV 2048: 78 KB/s (1171 msgs)
RECV COMPLETE 2048 bytes: 78 KB/s (1171 msgs)
Sent control: cmd=3 size=0 duration=0
Draining for 15 seconds...
Control msg: cmd=4 size=0 duration=0
Received ACK from partner
DISCOVERED: "PerfPartner" at 10.188.1.59:7354
=== SEND PHASE: 4096 bytes ===
Sent control: cmd=1 size=4096 duration=30000
MSG during ACK wait: len=12 bytes=[53 54 52 4D ...]
Control msg: cmd=4 size=0 duration=0
Received ACK from partner
SEND 4096: 5 KB/s (11 msgs) errs=0
DISCOVERED: "PerfPartner" at 10.188.1.59:7354
SEND 4096: 5 KB/s (19 msgs) errs=0
DISCOVERED: "PerfPartner" at 10.188.1.59:7354
SEND 4096: 4 KB/s (27 msgs) errs=0
SEND 4096: 4 KB/s (35 msgs) errs=0
DISCOVERED: "PerfPartner" at 10.188.1.59:7354
SEND 4096: 4 KB/s (43 msgs) errs=0
SEND COMPLETE 4096 bytes: 4 KB/s (43 msgs, 0 errors)
DIAG: ok=43 wb=16 bf=0 rl=0 err=0 bursts=16 max_burst=5
Sent control: cmd=3 size=0 duration=0
Draining for 2 seconds...
DISCOVERED: "PerfPartner" at 10.188.1.59:7354
Control msg: cmd=4 size=0 duration=0
Received ACK from partner
DISCOVERED: "PerfPartner" at 10.188.1.59:7354
=== RECV PHASE: 4096 bytes ===
Sent control: cmd=2 size=4096 duration=30000
MSG during ACK wait: len=12 bytes=[53 54 52 4D ...]
Control msg: cmd=4 size=0 duration=0
Received ACK from partner
RECV 4096: 131 KB/s (164 msgs)
DISCOVERED: "PerfPartner" at 10.188.1.59:7354
RECV 4096: 118 KB/s (295 msgs)
RECV 4096: 78 KB/s (295 msgs)
DISCOVERED: "PerfPartner" at 10.188.1.59:7354
RECV 4096: 59 KB/s (295 msgs)
RECV 4096: 47 KB/s (295 msgs)
DISCOVERED: "PerfPartner" at 10.188.1.59:7354
RECV 4096: 39 KB/s (295 msgs)
RECV COMPLETE 4096 bytes: 39 KB/s (295 msgs)
Sent control: cmd=3 size=0 duration=0
All stream tests complete
Draining TCP buffers for 20s before log streaming...
DISCOVERED: "PerfPartner" at 10.188.1.59:7354
========================================
ONE-WAY STREAMING TEST RESULTS
========================================
 256 bytes: SEND    4 KB/s  RECV   24 KB/s
 512 bytes: SEND    4 KB/s  RECV   24 KB/s
1024 bytes: SEND    4 KB/s  RECV   48 KB/s
2048 bytes: SEND    4 KB/s  RECV   78 KB/s
4096 bytes: SEND    4 KB/s  RECV   39 KB/s
========================================
Memory: FreeMem=2570080 MaxBlock=2568592
Streaming 8796 bytes of logs to partner...
