[00000033][INF] ========================================
[00000050][INF] PeerTalk One-Way Stream Test
[00000050][INF] Version: 1.0.0
[00000050][INF] Tick rate: 60 Hz (calibrated)
[00000050][INF] Phase duration: 1800 ticks (30 sec)
[00000050][INF] ========================================
[00000066][INF] Memory after pool alloc: FreeMem=2952688 MaxBlock=2952688
[00000066][INF] Buffer pool: 4 buffers × 32KB
[00000066][INF] Initializing PeerTalk...
[00000233][INF] Waiting for peer...
[00000233][INF] Press any key to exit.
[00004650][INF] DISCOVERED: "PerfPartner" at 10.188.1.59:7354
[00004650][INF] Connecting to peer...
[00004866][INF] CONNECTED to peer 1
[00004866][INF] Peer capabilities (pre-exchange): max_msg=4096 recv_buf=8192
[00004866][INF] === SEND PHASE: 256 bytes ===
[00004883][DBG] Sent control: cmd=1 size=256 duration=30000
[00004900][DBG] MSG during ACK wait: len=12 bytes=[53 54 52 4D ...]
[00004900][DBG] Control msg: cmd=4 size=0 duration=0
[00004900][INF] Received ACK from partner
[00010000][INF] SEND 256: 16 KB/s (331 msgs) errs=0
[00014566][INF] DISCOVERED: "PerfPartner" at 10.188.1.59:7354
[00015133][INF] SEND 256: 8 KB/s (331 msgs) errs=0
[00020300][INF] SEND 256: 9 KB/s (582 msgs) errs=0
[00024550][INF] DISCOVERED: "PerfPartner" at 10.188.1.59:7354
[00025350][INF] SEND 256: 7 KB/s (582 msgs) errs=0
[00030400][INF] SEND 256: 5 KB/s (582 msgs) errs=0
[00034733][INF] DISCOVERED: "PerfPartner" at 10.188.1.59:7354
[00035166][INF] SEND COMPLETE 256 bytes: 4 KB/s (582 msgs, 0 errors)
[00035166][INF] DIAG: ok=582 wb=7306 bf=0 rl=0 err=0 bursts=2 max_burst=331
[00035166][DBG] Sent control: cmd=3 size=0 duration=0
[00035166][DBG] Draining for 2 seconds...
[00039900][DBG] Control msg: cmd=4 size=0 duration=0
[00039900][INF] Received ACK from partner
[00044666][INF] DISCOVERED: "PerfPartner" at 10.188.1.59:7354
[00045050][INF] === RECV PHASE: 256 bytes ===
[00045050][DBG] Sent control: cmd=2 size=256 duration=30000
[00045083][DBG] MSG during ACK wait: len=12 bytes=[53 54 52 4D ...]
[00045083][DBG] Control msg: cmd=4 size=0 duration=0
[00045083][INF] Received ACK from partner
[00050083][INF] RECV 256: 37 KB/s (747 msgs)
[00054733][INF] DISCOVERED: "PerfPartner" at 10.188.1.59:7354
[00055083][INF] RECV 256: 36 KB/s (1479 msgs)
[00060083][INF] RECV 256: 36 KB/s (2211 msgs)
[00064783][INF] DISCOVERED: "PerfPartner" at 10.188.1.59:7354
[00065083][INF] RECV 256: 36 KB/s (2943 msgs)
[00070083][INF] RECV 256: 36 KB/s (3675 msgs)
[00075083][INF] RECV 256: 36 KB/s (4407 msgs)
[00075083][INF] RECV COMPLETE 256 bytes: 36 KB/s (4407 msgs)
[00075083][DBG] Sent control: cmd=3 size=0 duration=0
[00075100][INF] Draining for 10 seconds...
[00075100][DBG] Control msg: cmd=4 size=0 duration=0
[00075100][INF] Received ACK from partner
[00084700][INF] DISCOVERED: "PerfPartner" at 10.188.1.59:7354
[00085083][INF] === SEND PHASE: 512 bytes ===
[00085083][DBG] Sent control: cmd=1 size=512 duration=30000
[00085316][DBG] MSG during ACK wait: len=12 bytes=[53 54 52 4D ...]
[00085316][DBG] Control msg: cmd=4 size=0 duration=0
[00085316][INF] Received ACK from partner
[00090383][INF] SEND 512: 15 KB/s (160 msgs) errs=0
[00094766][INF] DISCOVERED: "PerfPartner" at 10.188.1.59:7354
[00095400][INF] SEND 512: 7 KB/s (160 msgs) errs=0
[00100433][INF] SEND 512: 9 KB/s (288 msgs) errs=0
[00104816][INF] DISCOVERED: "PerfPartner" at 10.188.1.59:7354
[00105566][INF] SEND 512: 7 KB/s (288 msgs) errs=0
[00110600][INF] SEND 512: 5 KB/s (288 msgs) errs=0
[00114900][INF] DISCOVERED: "PerfPartner" at 10.188.1.59:7354
[00115433][INF] SEND COMPLETE 512 bytes: 6 KB/s (416 msgs, 0 errors)
[00115433][INF] DIAG: ok=416 wb=10126 bf=0 rl=0 err=0 bursts=3 max_burst=160
[00115433][DBG] Sent control: cmd=3 size=0 duration=0
[00115433][DBG] Draining for 2 seconds...
[00124933][INF] DISCOVERED: "PerfPartner" at 10.188.1.59:7354
[00125366][INF] === RECV PHASE: 512 bytes ===
[00125366][DBG] Sent control: cmd=2 size=512 duration=30000
[00125833][DBG] MSG during ACK wait: len=12 bytes=[53 54 52 4D ...]
[00125833][DBG] Control msg: cmd=4 size=0 duration=0
[00125833][INF] Received ACK from partner
[00125916][DBG] Control msg: cmd=4 size=0 duration=0
[00125916][INF] Received ACK from partner
[00130916][INF] RECV 512: 24 KB/s (245 msgs)
[00134800][INF] DISCOVERED: "PerfPartner" at 10.188.1.59:7354
[00135916][INF] RECV 512: 24 KB/s (489 msgs)
[00140916][INF] RECV 512: 24 KB/s (732 msgs)
[00144850][INF] DISCOVERED: "PerfPartner" at 10.188.1.59:7354
[00145916][INF] RECV 512: 24 KB/s (975 msgs)
[00150916][INF] RECV 512: 24 KB/s (1218 msgs)
[00154916][INF] DISCOVERED: "PerfPartner" at 10.188.1.59:7354
[00155916][INF] RECV 512: 24 KB/s (1461 msgs)
[00155916][INF] RECV COMPLETE 512 bytes: 24 KB/s (1461 msgs)
[00155916][DBG] Sent control: cmd=3 size=0 duration=0
[00155933][INF] Draining for 15 seconds...
[00155950][DBG] Control msg: cmd=4 size=0 duration=0
[00155950][INF] Received ACK from partner
[00175033][INF] DISCOVERED: "PerfPartner" at 10.188.1.59:7354
[00175916][INF] === SEND PHASE: 1024 bytes ===
[00175916][DBG] Sent control: cmd=1 size=1024 duration=30000
[00176066][DBG] MSG during ACK wait: len=12 bytes=[53 54 52 4D ...]
[00176066][DBG] Control msg: cmd=4 size=0 duration=0
[00176066][INF] Received ACK from partner
[00181150][INF] SEND 1024: 17 KB/s (88 msgs) errs=0
[00185133][INF] DISCOVERED: "PerfPartner" at 10.188.1.59:7354
[00186166][INF] SEND 1024: 8 KB/s (88 msgs) errs=0
[00191300][INF] SEND 1024: 9 KB/s (152 msgs) errs=0
[00195000][INF] DISCOVERED: "PerfPartner" at 10.188.1.59:7354
[00196350][INF] SEND 1024: 7 KB/s (152 msgs) errs=0
[00201366][INF] SEND 1024: 6 KB/s (152 msgs) errs=0
[00205216][INF] DISCOVERED: "PerfPartner" at 10.188.1.59:7354
[00206150][INF] SEND COMPLETE 1024 bytes: 5 KB/s (152 msgs, 0 errors)
[00206150][INF] DIAG: ok=152 wb=10585 bf=0 rl=0 err=0 bursts=2 max_burst=88
[00206150][DBG] Sent control: cmd=3 size=0 duration=0
[00206150][DBG] Draining for 2 seconds...
[00211316][DBG] Control msg: cmd=4 size=0 duration=0
[00211316][INF] Received ACK from partner
[00215066][INF] DISCOVERED: "PerfPartner" at 10.188.1.59:7354
[00216083][INF] === RECV PHASE: 1024 bytes ===
[00216083][DBG] Sent control: cmd=2 size=1024 duration=30000
[00216483][DBG] MSG during ACK wait: len=12 bytes=[53 54 52 4D ...]
[00216483][DBG] Control msg: cmd=4 size=0 duration=0
[00216483][INF] Received ACK from partner
[00221483][INF] RECV 1024: 48 KB/s (244 msgs)
[00225116][INF] DISCOVERED: "PerfPartner" at 10.188.1.59:7354
[00226483][INF] RECV 1024: 48 KB/s (487 msgs)
[00231483][INF] RECV 1024: 48 KB/s (730 msgs)
[00235183][INF] DISCOVERED: "PerfPartner" at 10.188.1.59:7354
[00236483][INF] RECV 1024: 48 KB/s (973 msgs)
[00241483][INF] RECV 1024: 48 KB/s (1216 msgs)
[00245233][INF] DISCOVERED: "PerfPartner" at 10.188.1.59:7354
[00246483][INF] RECV 1024: 48 KB/s (1459 msgs)
[00246483][INF] RECV COMPLETE 1024 bytes: 48 KB/s (1459 msgs)
[00246483][DBG] Sent control: cmd=3 size=0 duration=0
[00246500][INF] Draining for 15 seconds...
[00246500][DBG] Control msg: cmd=4 size=0 duration=0
[00246516][INF] Received ACK from partner
[00255100][INF] DISCOVERED: "PerfPartner" at 10.188.1.59:7354
[00265166][INF] DISCOVERED: "PerfPartner" at 10.188.1.59:7354
[00266483][INF] === SEND PHASE: 2048 bytes ===
[00266483][DBG] Sent control: cmd=1 size=2048 duration=30000
[00266600][DBG] MSG during ACK wait: len=12 bytes=[53 54 52 4D ...]
[00266600][DBG] Control msg: cmd=4 size=0 duration=0
[00266600][INF] Received ACK from partner
[00271716][INF] SEND 2048: 17 KB/s (44 msgs) errs=0
[00275216][INF] DISCOVERED: "PerfPartner" at 10.188.1.59:7354
[00276750][INF] SEND 2048: 8 KB/s (44 msgs) errs=0
[00281850][INF] SEND 2048: 9 KB/s (76 msgs) errs=0
[00285283][INF] DISCOVERED: "PerfPartner" at 10.188.1.59:7354
[00286850][INF] SEND 2048: 7 KB/s (76 msgs) errs=0
[00291983][INF] SEND 2048: 8 KB/s (108 msgs) errs=0
[00295366][INF] DISCOVERED: "PerfPartner" at 10.188.1.59:7354
[00296700][INF] SEND COMPLETE 2048 bytes: 7 KB/s (108 msgs, 0 errors)
[00296700][INF] DIAG: ok=108 wb=9847 bf=0 rl=0 err=0 bursts=3 max_burst=44
[00296700][DBG] Sent control: cmd=3 size=0 duration=0
[00296700][DBG] Draining for 2 seconds...
[00303866][DBG] Control msg: cmd=4 size=0 duration=0
[00303866][INF] Received ACK from partner
[00305183][INF] DISCOVERED: "PerfPartner" at 10.188.1.59:7354
[00306650][INF] === RECV PHASE: 2048 bytes ===
[00306650][DBG] Sent control: cmd=2 size=2048 duration=30000
[00306766][DBG] MSG during ACK wait: len=12 bytes=[53 54 52 4D ...]
[00306766][DBG] Control msg: cmd=4 size=0 duration=0
[00306766][INF] Received ACK from partner
[00311766][INF] RECV 2048: 78 KB/s (196 msgs)
[00315250][INF] DISCOVERED: "PerfPartner" at 10.188.1.59:7354
[00316766][INF] RECV 2048: 78 KB/s (391 msgs)
[00321766][INF] RECV 2048: 78 KB/s (586 msgs)
[00325300][INF] DISCOVERED: "PerfPartner" at 10.188.1.59:7354
[00326766][INF] RECV 2048: 78 KB/s (780 msgs)
[00331766][INF] RECV 2048: 78 KB/s (975 msgs)
[00335366][INF] DISCOVERED: "PerfPartner" at 10.188.1.59:7354
[00336766][INF] RECV 2048: 78 KB/s (1170 msgs)
[00336766][INF] RECV COMPLETE 2048 bytes: 78 KB/s (1170 msgs)
[00336766][DBG] Sent control: cmd=3 size=0 duration=0
[00336783][INF] Draining for 15 seconds...
[00336800][DBG] Control msg: cmd=4 size=0 duration=0
[00336800][INF] Received ACK from partner
[00345416][INF] DISCOVERED: "PerfPartner" at 10.188.1.59:7354
[00355483][INF] DISCOVERED: "PerfPartner" at 10.188.1.59:7354
[00356766][INF] === SEND PHASE: 4096 bytes ===
[00356766][DBG] Sent control: cmd=1 size=4096 duration=30000
[00356933][DBG] MSG during ACK wait: len=12 bytes=[53 54 52 4D ...]
[00356933][DBG] Control msg: cmd=4 size=0 duration=0
[00356933][INF] Received ACK from partner
[00362016][INF] SEND 4096: 15 KB/s (20 msgs) errs=0
[00365333][INF] DISCOVERED: "PerfPartner" at 10.188.1.59:7354
[00367066][INF] SEND 4096: 7 KB/s (20 msgs) errs=0
[00372133][INF] SEND 4096: 9 KB/s (36 msgs) errs=0
[00375433][INF] DISCOVERED: "PerfPartner" at 10.188.1.59:7354
[00377150][INF] SEND 4096: 7 KB/s (36 msgs) errs=0
[00382183][INF] SEND 4096: 8 KB/s (52 msgs) errs=0
[00385466][INF] DISCOVERED: "PerfPartner" at 10.188.1.59:7354
[00387016][INF] SEND COMPLETE 4096 bytes: 6 KB/s (52 msgs, 0 errors)
[00387016][INF] DIAG: ok=52 wb=9817 bf=0 rl=0 err=0 bursts=3 max_burst=20
[00387016][DBG] Sent control: cmd=3 size=0 duration=0
[00387016][DBG] Draining for 2 seconds...
[00392700][DBG] Control msg: cmd=4 size=0 duration=0
[00392700][INF] Received ACK from partner
[00395516][INF] DISCOVERED: "PerfPartner" at 10.188.1.59:7354
[00396950][INF] === RECV PHASE: 4096 bytes ===
[00396950][DBG] Sent control: cmd=2 size=4096 duration=30000
[00397083][DBG] MSG during ACK wait: len=12 bytes=[53 54 52 4D ...]
[00397100][DBG] Control msg: cmd=4 size=0 duration=0
[00397100][INF] Received ACK from partner
[00402100][INF] RECV 4096: 132 KB/s (165 msgs)
[00405583][INF] DISCOVERED: "PerfPartner" at 10.188.1.59:7354
[00407100][INF] RECV 4096: 131 KB/s (328 msgs)
[00412100][INF] RECV 4096: 130 KB/s (491 msgs)
[00415633][INF] DISCOVERED: "PerfPartner" at 10.188.1.59:7354
[00417100][INF] RECV 4096: 131 KB/s (655 msgs)
[00422100][INF] RECV 4096: 130 KB/s (818 msgs)
[00425483][INF] DISCOVERED: "PerfPartner" at 10.188.1.59:7354
[00427100][INF] RECV 4096: 130 KB/s (981 msgs)
[00427100][INF] RECV COMPLETE 4096 bytes: 130 KB/s (981 msgs)
[00427100][DBG] Sent control: cmd=3 size=0 duration=0
[00427100][INF] All stream tests complete
[00427116][INF] Draining TCP buffers for 20s before log streaming...
[00427133][DBG] Control msg: cmd=4 size=0 duration=0
[00427133][INF] Received ACK from partner
[00435550][INF] DISCOVERED: "PerfPartner" at 10.188.1.59:7354
[00445616][INF] DISCOVERED: "PerfPartner" at 10.188.1.59:7354
[00447100][INF] ========================================
[00447100][INF] ONE-WAY STREAMING TEST RESULTS
[00447100][INF] ========================================
[00447100][INF]  256 bytes: SEND    4 KB/s  RECV   36 KB/s
[00447100][INF]  512 bytes: SEND    6 KB/s  RECV   24 KB/s
[00447100][INF] 1024 bytes: SEND    5 KB/s  RECV   48 KB/s
[00447100][INF] 2048 bytes: SEND    7 KB/s  RECV   78 KB/s
[00447100][INF] 4096 bytes: SEND    6 KB/s  RECV  130 KB/s
[00447100][INF] ========================================
[00447100][INF] Memory: FreeMem=2775056 MaxBlock=2775056
[00447100][INF] Streaming 8878 bytes of logs to partner...
[00447666][INF] DISCONNECTED from peer 1 (reason=0)
[00455666][INF] DISCOVERED: "PerfPartner" at 10.188.1.59:7354
[00455666][INF] Connecting to peer...
[00455700][INF] CONNECTED to peer 1
[00455700][INF] Peer capabilities (pre-exchange): max_msg=8192 recv_buf=65535
[00455700][INF] === SEND PHASE: 65536 bytes ===
[00455700][DBG] Sent control: cmd=1 size=0 duration=30000
[00455733][DBG] MSG during ACK wait: len=12 bytes=[53 54 52 4D ...]
[00455733][DBG] Control msg: cmd=4 size=0 duration=0
[00455733][INF] Received ACK from partner
[00457116][INF] Log streaming complete: 8930 bytes sent
[00457116][INF] ========================================
[00457116][INF] TEST EXITING - cleaning up...
[00457116][INF] ========================================
