========================================
PeerTalk Throughput Test
Version: 1.0.0
========================================
Memory after pool alloc: FreeMem=171736 MaxBlock=170950
Buffer pool: 4 buffers × 32KB (25% threshold=8192B)
Initializing PeerTalk...
Waiting for peer...
Press any key to exit.
DISCOVERED: "PerfPartner" at 10.188.1.173:7354
Connecting to peer...
CONNECTED to peer 1
Peer capabilities: max_msg=4096 chunk=1024 pressure=0
Peer buffer info: recv_buf=8192 optimal_chunk=2048
Effective max message size: 4096 bytes
Optimal chunk for peer: 1024 bytes
Starting throughput test with buffer size 256 (window=4)
BUF 256: sent=4 KB/s (96 msgs) recv=4 KB/s (92 msgs) inflight=4
DISCOVERED: "PerfPartner" at 10.188.1.173:7354
BUF 256: sent=4 KB/s (188 msgs) recv=4 KB/s (184 msgs) inflight=4
BUF 256: sent=4 KB/s (280 msgs) recv=4 KB/s (276 msgs) inflight=4
DISCOVERED: "PerfPartner" at 10.188.1.173:7354
BUF 256: sent=4 KB/s (368 msgs) recv=4 KB/s (364 msgs) inflight=4
BUF 256: sent=4 KB/s (460 msgs) recv=4 KB/s (456 msgs) inflight=4
DISCOVERED: "PerfPartner" at 10.188.1.173:7354
COMPLETE 256 bytes: SEND=4 KB/s (512 msgs) RECV=4 KB/s (508 msgs)
Starting buffer size 512 test
BUF 512: sent=9 KB/s (12 msgs) recv=7 KB/s (12 msgs) inflight=4
BUF 512: sent=8 KB/s (96 msgs) recv=8 KB/s (96 msgs) inflight=4
DISCOVERED: "PerfPartner" at 10.188.1.173:7354
BUF 512: sent=8 KB/s (180 msgs) recv=8 KB/s (180 msgs) inflight=4
BUF 512: sent=8 KB/s (268 msgs) recv=8 KB/s (268 msgs) inflight=4
DISCOVERED: "PerfPartner" at 10.188.1.173:7354
BUF 512: sent=8 KB/s (336 msgs) recv=7 KB/s (336 msgs) inflight=4
BUF 512: sent=7 KB/s (411 msgs) recv=7 KB/s (411 msgs) inflight=4
DISCOVERED: "PerfPartner" at 10.188.1.173:7354
COMPLETE 512 bytes: SEND=7 KB/s (478 msgs) RECV=7 KB/s (478 msgs)
Starting buffer size 1024 test
BUF 1024: sent=16 KB/s (16 msgs) recv=14 KB/s (16 msgs) inflight=4
BUF 1024: sent=13 KB/s (83 msgs) recv=13 KB/s (83 msgs) inflight=4
DISCOVERED: "PerfPartner" at 10.188.1.173:7354
BUF 1024: sent=14 KB/s (159 msgs) recv=14 KB/s (159 msgs) inflight=4
BUF 1024: sent=14 KB/s (239 msgs) recv=14 KB/s (239 msgs) inflight=4
BUF 1024: sent=14 KB/s (315 msgs) recv=14 KB/s (315 msgs) inflight=4
BUF 1024: sent=14 KB/s (378 msgs) recv=14 KB/s (378 msgs) inflight=4
DISCOVERED: "PerfPartner" at 10.188.1.173:7354
COMPLETE 1024 bytes: SEND=14 KB/s (434 msgs) RECV=14 KB/s (434 msgs)
Starting buffer size 2048 test
BUF 2048: sent=19 KB/s (12 msgs) recv=16 KB/s (12 msgs) inflight=4
BUF 2048: sent=18 KB/s (58 msgs) recv=17 KB/s (58 msgs) inflight=4
BUF 2048: sent=18 KB/s (104 msgs) recv=18 KB/s (104 msgs) inflight=4
BUF 2048: sent=18 KB/s (150 msgs) recv=18 KB/s (150 msgs) inflight=4
DISCOVERED: "PerfPartner" at 10.188.1.173:7354
BUF 2048: sent=18 KB/s (195 msgs) recv=18 KB/s (195 msgs) inflight=4
BUF 2048: sent=18 KB/s (241 msgs) recv=18 KB/s (241 msgs) inflight=4
DISCOVERED: "PerfPartner" at 10.188.1.173:7354
COMPLETE 2048 bytes: SEND=18 KB/s (275 msgs) RECV=18 KB/s (275 msgs)
Starting buffer size 4096 test
BUF 4096: sent=33 KB/s (11 msgs) recv=23 KB/s (8 msgs) inflight=4
BUF 4096: sent=26 KB/s (41 msgs) recv=23 KB/s (38 msgs) inflight=4
DISCOVERED: "PerfPartner" at 10.188.1.173:7354
BUF 4096: sent=28 KB/s (82 msgs) recv=27 KB/s (79 msgs) inflight=4
BUF 4096: sent=29 KB/s (124 msgs) recv=29 KB/s (121 msgs) inflight=4
DISCOVERED: "PerfPartner" at 10.188.1.173:7354
BUF 4096: sent=30 KB/s (165 msgs) recv=29 KB/s (162 msgs) inflight=4
DISCOVERED: "PerfPartner" at 10.188.1.173:7354
BUF 4096: sent=31 KB/s (206 msgs) recv=30 KB/s (203 msgs) inflight=4
COMPLETE 4096 bytes: SEND=31 KB/s (236 msgs) RECV=30 KB/s (233 msgs)
All throughput tests complete
========================================
THROUGHPUT TEST RESULTS
========================================
 256 bytes: SEND    4 KB/s  RECV    4 KB/s  (errs=0)
 512 bytes: SEND    7 KB/s  RECV    7 KB/s  (errs=0)
1024 bytes: SEND   14 KB/s  RECV   14 KB/s  (errs=0)
2048 bytes: SEND   18 KB/s  RECV   18 KB/s  (errs=0)
4096 bytes: SEND   31 KB/s  RECV   30 KB/s  (errs=0)
========================================
Memory: FreeMem=27270 MaxBlock=25930
Streaming 4202 bytes of logs to partner...
