========================================
PeerTalk Throughput Test
Version: 1.0.0
========================================
Memory after pool alloc: FreeMem=231664 MaxBlock=230814
Buffer pool: 2 buffers × 32KB (25% threshold=8192B)
Initializing PeerTalk...
Waiting for peer...
Press any key to exit.
DISCOVERED: "PerfPartner" at 10.188.1.59:7354
Connecting to peer...
CONNECTED to peer 1
Peer capabilities: max_msg=4096 chunk=1024 pressure=0
Peer buffer info: recv_buf=8192 optimal_chunk=2048
Effective max message size: 4096 bytes
Optimal chunk for peer: 1024 bytes
Starting throughput test with buffer size 256 (window=4)
BUF 256: sent=4 KB/s (88 msgs) recv=4 KB/s (84 msgs) inflight=4
DISCOVERED: "PerfPartner" at 10.188.1.59:7354
BUF 256: sent=3 KB/s (160 msgs) recv=3 KB/s (156 msgs) inflight=4
BUF 256: sent=4 KB/s (248 msgs) recv=3 KB/s (244 msgs) inflight=4
DISCOVERED: "PerfPartner" at 10.188.1.59:7354
BUF 256: sent=4 KB/s (332 msgs) recv=4 KB/s (328 msgs) inflight=4
BUF 256: sent=4 KB/s (415 msgs) recv=4 KB/s (411 msgs) inflight=4
DISCOVERED: "PerfPartner" at 10.188.1.59:7354
COMPLETE 256 bytes: SEND=4 KB/s (494 msgs) RECV=4 KB/s (490 msgs)
Starting buffer size 512 test
BUF 512: sent=2 KB/s (8 msgs) recv=1 KB/s (8 msgs) inflight=4
BUF 512: sent=5 KB/s (62 msgs) recv=5 KB/s (62 msgs) inflight=4
DISCOVERED: "PerfPartner" at 10.188.1.59:7354
BUF 512: sent=6 KB/s (146 msgs) recv=6 KB/s (146 msgs) inflight=4
BUF 512: sent=7 KB/s (224 msgs) recv=7 KB/s (224 msgs) inflight=4
DISCOVERED: "PerfPartner" at 10.188.1.59:7354
BUF 512: sent=7 KB/s (308 msgs) recv=7 KB/s (308 msgs) inflight=4
BUF 512: sent=7 KB/s (375 msgs) recv=7 KB/s (375 msgs) inflight=4
DISCOVERED: "PerfPartner" at 10.188.1.59:7354
COMPLETE 512 bytes: SEND=7 KB/s (447 msgs) RECV=7 KB/s (447 msgs)
Starting buffer size 1024 test
BUF 1024: sent=14 KB/s (10 msgs) recv=11 KB/s (10 msgs) inflight=4
BUF 1024: sent=12 KB/s (68 msgs) recv=11 KB/s (68 msgs) inflight=4
DISCOVERED: "PerfPartner" at 10.188.1.59:7354
BUF 1024: sent=12 KB/s (141 msgs) recv=12 KB/s (141 msgs) inflight=4
BUF 1024: sent=13 KB/s (213 msgs) recv=13 KB/s (213 msgs) inflight=4
DISCOVERED: "PerfPartner" at 10.188.1.59:7354
BUF 1024: sent=13 KB/s (284 msgs) recv=13 KB/s (284 msgs) inflight=4
BUF 1024: sent=13 KB/s (356 msgs) recv=13 KB/s (356 msgs) inflight=4
DISCOVERED: "PerfPartner" at 10.188.1.59:7354
COMPLETE 1024 bytes: SEND=13 KB/s (412 msgs) RECV=13 KB/s (412 msgs)
Starting buffer size 2048 test
BUF 2048: sent=21 KB/s (14 msgs) recv=16 KB/s (13 msgs) inflight=4
BUF 2048: sent=18 KB/s (58 msgs) recv=17 KB/s (57 msgs) inflight=4
DISCOVERED: "PerfPartner" at 10.188.1.59:7354
BUF 2048: sent=13 KB/s (75 msgs) recv=12 KB/s (74 msgs) inflight=4
BUF 2048: sent=16 KB/s (135 msgs) recv=15 KB/s (135 msgs) inflight=4
DISCOVERED: "PerfPartner" at 10.188.1.59:7354
BUF 2048: sent=17 KB/s (193 msgs) recv=17 KB/s (193 msgs) inflight=4
BUF 2048: sent=18 KB/s (253 msgs) recv=18 KB/s (253 msgs) inflight=4
DISCOVERED: "PerfPartner" at 10.188.1.59:7354
COMPLETE 2048 bytes: SEND=18 KB/s (289 msgs) RECV=18 KB/s (289 msgs)
Starting buffer size 4096 test
BUF 4096: sent=31 KB/s (15 msgs) recv=27 KB/s (15 msgs) inflight=4
BUF 4096: sent=23 KB/s (49 msgs) recv=22 KB/s (49 msgs) inflight=4
DISCOVERED: "PerfPartner" at 10.188.1.59:7354
BUF 4096: sent=19 KB/s (72 msgs) recv=19 KB/s (72 msgs) inflight=4
DISCOVERED: "PerfPartner" at 10.188.1.59:7354
BUF 4096: sent=13 KB/s (72 msgs) recv=12 KB/s (72 msgs) inflight=4
DISCOVERED: "PerfPartner" at 10.188.1.59:7354
BUF 4096: sent=11 KB/s (79 msgs) recv=11 KB/s (79 msgs) inflight=4
COMPLETE 4096 bytes: SEND=12 KB/s (94 msgs) RECV=12 KB/s (94 msgs)
All throughput tests complete
========================================
THROUGHPUT TEST RESULTS
========================================
 256 bytes: SEND    4 KB/s  RECV    4 KB/s  (errs=0)
 512 bytes: SEND    7 KB/s  RECV    7 KB/s  (errs=0)
1024 bytes: SEND   13 KB/s  RECV   13 KB/s  (errs=0)
2048 bytes: SEND   18 KB/s  RECV   18 KB/s  (errs=0)
4096 bytes: SEND   12 KB/s  RECV   12 KB/s  (errs=0)
========================================
Memory: FreeMem=21532 MaxBlock=20444
Streaming 4203 bytes of logs to partner...
