[STATUS] 12910 sec: peers=22, msgs=65730, connected=no
[STATUS] 12920 sec: peers=22, msgs=65730, connected=no
[STATUS] 12930 sec: peers=22, msgs=65730, connected=no
[STATUS] 12940 sec: peers=22, msgs=65730, connected=no
[DISCOVERED] Peer 1: "MacThroughput" at 10.188.1.55:7354
[STATUS] 12950 sec: peers=23, msgs=65730, connected=no
[CONNECTED] Peer 2
[CAPS] Peer 2: max_msg=4096 chunk=1024 pressure=0 [FRAG]
[CAPS] Peer buffer: recv_buf=8192 optimal_chunk=2048
[CAPS] Effective max message: 4096 bytes
[CAPS] Optimal chunk for peer: 1024 bytes
[MESSAGE] From peer 2: 256 bytes
[MESSAGE] From peer 2: 256 bytes
[MESSAGE] From peer 2: 256 bytes
[MESSAGE] From peer 2: 256 bytes
[MESSAGE] From peer 2: 256 bytes
[MESSAGE] From peer 2: 256 bytes
[MESSAGE] From peer 2: 256 bytes
[MESSAGE] From peer 2: 256 bytes
[MESSAGE] From peer 2: 256 bytes
[MESSAGE] From peer 2: 256 bytes
[MESSAGE] From peer 2: 256 bytes
[MESSAGE] From peer 2: 256 bytes
[MESSAGE] From peer 2: 256 bytes
[MESSAGE] From peer 2: 256 bytes
[MESSAGE] From peer 2: 256 bytes
[MESSAGE] From peer 2: 256 bytes
[MESSAGE] From peer 2: 256 bytes
[MESSAGE] From peer 2: 256 bytes
[MESSAGE] From peer 2: 256 bytes
[MESSAGE] From peer 2: 256 bytes
[STATUS] 12960 sec: peers=23, msgs=65750, connected=yes
[MESSAGE] From peer 2: 256 bytes
[MESSAGE] From peer 2: 256 bytes
[MESSAGE] From peer 2: 256 bytes
[MESSAGE] From peer 2: 256 bytes
[MESSAGE] From peer 2: 256 bytes
[MESSAGE] From peer 2: 256 bytes
[MESSAGE] From peer 2: 256 bytes
[MESSAGE] From peer 2: 256 bytes
[MESSAGE] From peer 2: 256 bytes
[MESSAGE] From peer 2: 256 bytes
[MESSAGE] From peer 2: 256 bytes
[MESSAGE] From peer 2: 256 bytes
[MESSAGE] From peer 2: 256 bytes
[MESSAGE] From peer 2: 256 bytes
[MESSAGE] From peer 2: 256 bytes
[MESSAGE] From peer 2: 256 bytes
[MESSAGE] From peer 2: 256 bytes
[ECHO] 18800 messages echoed
[MESSAGE] From peer 2: 256 bytes
[MESSAGE] From peer 2: 256 bytes
[MESSAGE] From peer 2: 256 bytes
[MESSAGE] From peer 2: 256 bytes
[MESSAGE] From peer 2: 256 bytes
[MESSAGE] From peer 2: 256 bytes
[MESSAGE] From peer 2: 256 bytes
[MESSAGE] From peer 2: 256 bytes
[MESSAGE] From peer 2: 256 bytes
[MESSAGE] From peer 2: 256 bytes
[MESSAGE] From peer 2: 256 bytes
[MESSAGE] From peer 2: 256 bytes
[MESSAGE] From peer 2: 256 bytes
[MESSAGE] From peer 2: 256 bytes
[MESSAGE] From peer 2: 256 bytes
[MESSAGE] From peer 2: 256 bytes
[MESSAGE] From peer 2: 256 bytes
[MESSAGE] From peer 2: 256 bytes
[MESSAGE] From peer 2: 256 bytes
[MESSAGE] From peer 2: 256 bytes
[MESSAGE] From peer 2: 256 bytes
[MESSAGE] From peer 2: 256 bytes
[MESSAGE] From peer 2: 256 bytes
[MESSAGE] From peer 2: 256 bytes
[MESSAGE] From peer 2: 256 bytes
[MESSAGE] From peer 2: 256 bytes
[MESSAGE] From peer 2: 256 bytes
[MESSAGE] From peer 2: 256 bytes
[MESSAGE] From peer 2: 256 bytes
[MESSAGE] From peer 2: 256 bytes
[MESSAGE] From peer 2: 256 bytes
[MESSAGE] From peer 2: 256 bytes
[MESSAGE] From peer 2: 256 bytes
[MESSAGE] From peer 2: 256 bytes
[MESSAGE] From peer 2: 256 bytes
[MESSAGE] From peer 2: 256 bytes
[MESSAGE] From peer 2: 256 bytes
[MESSAGE] From peer 2: 256 bytes
[MESSAGE] From peer 2: 256 bytes
[MESSAGE] From peer 2: 256 bytes
[MESSAGE] From peer 2: 256 bytes
[MESSAGE] From peer 2: 256 bytes
[MESSAGE] From peer 2: 256 bytes
[MESSAGE] From peer 2: 256 bytes
[MESSAGE] From peer 2: 256 bytes
[MESSAGE] From peer 2: 256 bytes
[MESSAGE] From peer 2: 256 bytes
[MESSAGE] From peer 2: 256 bytes
[MESSAGE] From peer 2: 256 bytes
[MESSAGE] From peer 2: 256 bytes
[MESSAGE] From peer 2: 256 bytes
[MESSAGE] From peer 2: 256 bytes
[MESSAGE] From peer 2: 256 bytes
[MESSAGE] From peer 2: 256 bytes
[MESSAGE] From peer 2: 256 bytes
[MESSAGE] From peer 2: 256 bytes
[MESSAGE] From peer 2: 256 bytes
[MESSAGE] From peer 2: 256 bytes
[MESSAGE] From peer 2: 256 bytes
[MESSAGE] From peer 2: 256 bytes
[MESSAGE] From peer 2: 256 bytes
[MESSAGE] From peer 2: 256 bytes
[MESSAGE] From peer 2: 256 bytes
[MESSAGE] From peer 2: 256 bytes
[MESSAGE] From peer 2: 256 bytes
[MESSAGE] From peer 2: 256 bytes
[MESSAGE] From peer 2: 256 bytes
[MESSAGE] From peer 2: 256 bytes
[MESSAGE] From peer 2: 256 bytes
[MESSAGE] From peer 2: 256 bytes
[MESSAGE] From peer 2: 256 bytes
[MESSAGE] From peer 2: 256 bytes
[MESSAGE] From peer 2: 256 bytes
[MESSAGE] From peer 2: 256 bytes
[MESSAGE] From peer 2: 256 bytes
[MESSAGE] From peer 2: 256 bytes
[MESSAGE] From peer 2: 256 bytes
[MESSAGE] From peer 2: 256 bytes
[MESSAGE] From peer 2: 256 bytes
[MESSAGE] From peer 2: 256 bytes
[MESSAGE] From peer 2: 256 bytes
[MESSAGE] From peer 2: 256 bytes
[MESSAGE] From peer 2: 256 bytes
[MESSAGE] From peer 2: 256 bytes
[MESSAGE] From peer 2: 256 bytes
[MESSAGE] From peer 2: 256 bytes
[MESSAGE] From peer 2: 256 bytes
[MESSAGE] From peer 2: 256 bytes
[MESSAGE] From peer 2: 256 bytes
[MESSAGE] From peer 2: 256 bytes
[MESSAGE] From peer 2: 256 bytes
[MESSAGE] From peer 2: 256 bytes
[MESSAGE] From peer 2: 256 bytes
[MESSAGE] From peer 2: 256 bytes
[MESSAGE] From peer 2: 256 bytes
[MESSAGE] From peer 2: 256 bytes
[MESSAGE] From peer 2: 256 bytes
[MESSAGE] From peer 2: 256 bytes
[MESSAGE] From peer 2: 256 bytes
[MESSAGE] From peer 2: 256 bytes
[ECHO] 18900 messages echoed
[MESSAGE] From peer 2: 256 bytes
[MESSAGE] From peer 2: 256 bytes
[MESSAGE] From peer 2: 256 bytes
[MESSAGE] From peer 2: 256 bytes
[MESSAGE] From peer 2: 256 bytes
[MESSAGE] From peer 2: 256 bytes
[MESSAGE] From peer 2: 256 bytes
[MESSAGE] From peer 2: 256 bytes
[MESSAGE] From peer 2: 256 bytes
[MESSAGE] From peer 2: 256 bytes
[MESSAGE] From peer 2: 256 bytes
[MESSAGE] From peer 2: 256 bytes
[MESSAGE] From peer 2: 256 bytes
[MESSAGE] From peer 2: 256 bytes
[MESSAGE] From peer 2: 256 bytes
[MESSAGE] From peer 2: 256 bytes
[MESSAGE] From peer 2: 256 bytes
[MESSAGE] From peer 2: 256 bytes
[MESSAGE] From peer 2: 256 bytes
[MESSAGE] From peer 2: 256 bytes
[MESSAGE] From peer 2: 256 bytes
[MESSAGE] From peer 2: 256 bytes
[MESSAGE] From peer 2: 256 bytes
[MESSAGE] From peer 2: 256 bytes
[MESSAGE] From peer 2: 256 bytes
[MESSAGE] From peer 2: 256 bytes
[MESSAGE] From peer 2: 256 bytes
[MESSAGE] From peer 2: 256 bytes
[MESSAGE] From peer 2: 256 bytes
[MESSAGE] From peer 2: 256 bytes
[MESSAGE] From peer 2: 256 bytes
[MESSAGE] From peer 2: 256 bytes
[MESSAGE] From peer 2: 256 bytes
[MESSAGE] From peer 2: 256 bytes
[MESSAGE] From peer 2: 256 bytes
[MESSAGE] From peer 2: 256 bytes
[MESSAGE] From peer 2: 256 bytes
[MESSAGE] From peer 2: 256 bytes
[MESSAGE] From peer 2: 256 bytes
[MESSAGE] From peer 2: 256 bytes
[MESSAGE] From peer 2: 256 bytes
[MESSAGE] From peer 2: 256 bytes
[MESSAGE] From peer 2: 256 bytes
[MESSAGE] From peer 2: 256 bytes
[MESSAGE] From peer 2: 256 bytes
[MESSAGE] From peer 2: 256 bytes
[MESSAGE] From peer 2: 256 bytes
[MESSAGE] From peer 2: 256 bytes
[MESSAGE] From peer 2: 256 bytes
[MESSAGE] From peer 2: 256 bytes
[STATUS] 12970 sec: peers=23, msgs=65917, connected=yes
[MESSAGE] From peer 2: 256 bytes
[MESSAGE] From peer 2: 256 bytes
[MESSAGE] From peer 2: 256 bytes
[MESSAGE] From peer 2: 256 bytes
[MESSAGE] From peer 2: 256 bytes
[MESSAGE] From peer 2: 256 bytes
[MESSAGE] From peer 2: 256 bytes
[MESSAGE] From peer 2: 256 bytes
[MESSAGE] From peer 2: 256 bytes
[MESSAGE] From peer 2: 256 bytes
[MESSAGE] From peer 2: 256 bytes
[MESSAGE] From peer 2: 256 bytes
[MESSAGE] From peer 2: 256 bytes
[MESSAGE] From peer 2: 256 bytes
[MESSAGE] From peer 2: 256 bytes
[MESSAGE] From peer 2: 256 bytes
[MESSAGE] From peer 2: 256 bytes
[MESSAGE] From peer 2: 256 bytes
[MESSAGE] From peer 2: 256 bytes
[MESSAGE] From peer 2: 256 bytes
[MESSAGE] From peer 2: 256 bytes
[MESSAGE] From peer 2: 256 bytes
[MESSAGE] From peer 2: 256 bytes
[MESSAGE] From peer 2: 256 bytes
[MESSAGE] From peer 2: 256 bytes
[MESSAGE] From peer 2: 256 bytes
[MESSAGE] From peer 2: 256 bytes
[MESSAGE] From peer 2: 256 bytes
[MESSAGE] From peer 2: 256 bytes
[MESSAGE] From peer 2: 256 bytes
[MESSAGE] From peer 2: 256 bytes
[MESSAGE] From peer 2: 256 bytes
[MESSAGE] From peer 2: 256 bytes
[MESSAGE] From peer 2: 256 bytes
[MESSAGE] From peer 2: 256 bytes
[MESSAGE] From peer 2: 256 bytes
[MESSAGE] From peer 2: 256 bytes
[MESSAGE] From peer 2: 256 bytes
[MESSAGE] From peer 2: 256 bytes
[MESSAGE] From peer 2: 256 bytes
[MESSAGE] From peer 2: 256 bytes
[MESSAGE] From peer 2: 256 bytes
[MESSAGE] From peer 2: 256 bytes
[MESSAGE] From peer 2: 256 bytes
[MESSAGE] From peer 2: 256 bytes
[MESSAGE] From peer 2: 256 bytes
[MESSAGE] From peer 2: 256 bytes
[MESSAGE] From peer 2: 256 bytes
[MESSAGE] From peer 2: 256 bytes
[MESSAGE] From peer 2: 256 bytes
[ECHO] 19000 messages echoed
[MESSAGE] From peer 2: 256 bytes
[MESSAGE] From peer 2: 256 bytes
[MESSAGE] From peer 2: 256 bytes
[MESSAGE] From peer 2: 256 bytes
[MESSAGE] From peer 2: 256 bytes
[MESSAGE] From peer 2: 256 bytes
[MESSAGE] From peer 2: 256 bytes
[MESSAGE] From peer 2: 256 bytes
[MESSAGE] From peer 2: 256 bytes
[MESSAGE] From peer 2: 256 bytes
[MESSAGE] From peer 2: 256 bytes
[MESSAGE] From peer 2: 256 bytes
[MESSAGE] From peer 2: 256 bytes
[MESSAGE] From peer 2: 256 bytes
[MESSAGE] From peer 2: 256 bytes
[MESSAGE] From peer 2: 256 bytes
[MESSAGE] From peer 2: 256 bytes
[MESSAGE] From peer 2: 256 bytes
[MESSAGE] From peer 2: 256 bytes
[MESSAGE] From peer 2: 256 bytes
[MESSAGE] From peer 2: 256 bytes
[MESSAGE] From peer 2: 256 bytes
[MESSAGE] From peer 2: 256 bytes
[MESSAGE] From peer 2: 256 bytes
[MESSAGE] From peer 2: 256 bytes
[MESSAGE] From peer 2: 256 bytes
[MESSAGE] From peer 2: 256 bytes
[MESSAGE] From peer 2: 256 bytes
[MESSAGE] From peer 2: 256 bytes
[MESSAGE] From peer 2: 256 bytes
[MESSAGE] From peer 2: 256 bytes
[MESSAGE] From peer 2: 256 bytes
[MESSAGE] From peer 2: 256 bytes
[MESSAGE] From peer 2: 256 bytes
[MESSAGE] From peer 2: 256 bytes
[MESSAGE] From peer 2: 256 bytes
[MESSAGE] From peer 2: 256 bytes
[MESSAGE] From peer 2: 256 bytes
[MESSAGE] From peer 2: 256 bytes
[MESSAGE] From peer 2: 256 bytes
[MESSAGE] From peer 2: 256 bytes
[MESSAGE] From peer 2: 256 bytes
[MESSAGE] From peer 2: 256 bytes
[MESSAGE] From peer 2: 256 bytes
[MESSAGE] From peer 2: 256 bytes
[MESSAGE] From peer 2: 256 bytes
[MESSAGE] From peer 2: 256 bytes
[MESSAGE] From peer 2: 256 bytes
[MESSAGE] From peer 2: 256 bytes
[MESSAGE] From peer 2: 256 bytes
[MESSAGE] From peer 2: 256 bytes
[MESSAGE] From peer 2: 256 bytes
[MESSAGE] From peer 2: 256 bytes
[MESSAGE] From peer 2: 256 bytes
[MESSAGE] From peer 2: 256 bytes
[MESSAGE] From peer 2: 256 bytes
[MESSAGE] From peer 2: 256 bytes
[MESSAGE] From peer 2: 256 bytes
[MESSAGE] From peer 2: 256 bytes
[MESSAGE] From peer 2: 256 bytes
[MESSAGE] From peer 2: 256 bytes
[MESSAGE] From peer 2: 256 bytes
[MESSAGE] From peer 2: 256 bytes
[MESSAGE] From peer 2: 256 bytes
[MESSAGE] From peer 2: 256 bytes
[MESSAGE] From peer 2: 256 bytes
[MESSAGE] From peer 2: 256 bytes
[MESSAGE] From peer 2: 256 bytes
[MESSAGE] From peer 2: 256 bytes
[MESSAGE] From peer 2: 256 bytes
[MESSAGE] From peer 2: 256 bytes
[MESSAGE] From peer 2: 256 bytes
[MESSAGE] From peer 2: 256 bytes
[MESSAGE] From peer 2: 256 bytes
[MESSAGE] From peer 2: 256 bytes
[MESSAGE] From peer 2: 256 bytes
[MESSAGE] From peer 2: 256 bytes
[MESSAGE] From peer 2: 256 bytes
[MESSAGE] From peer 2: 256 bytes
[MESSAGE] From peer 2: 256 bytes
[MESSAGE] From peer 2: 256 bytes
[MESSAGE] From peer 2: 256 bytes
[MESSAGE] From peer 2: 256 bytes
[MESSAGE] From peer 2: 256 bytes
[MESSAGE] From peer 2: 256 bytes
[MESSAGE] From peer 2: 256 bytes
[MESSAGE] From peer 2: 256 bytes
[MESSAGE] From peer 2: 256 bytes
[MESSAGE] From peer 2: 256 bytes
[MESSAGE] From peer 2: 256 bytes
[MESSAGE] From peer 2: 256 bytes
[MESSAGE] From peer 2: 256 bytes
[MESSAGE] From peer 2: 256 bytes
[MESSAGE] From peer 2: 256 bytes
[MESSAGE] From peer 2: 256 bytes
[MESSAGE] From peer 2: 256 bytes
[MESSAGE] From peer 2: 256 bytes
[MESSAGE] From peer 2: 256 bytes
[MESSAGE] From peer 2: 256 bytes
[MESSAGE] From peer 2: 256 bytes
[ECHO] 19100 messages echoed
[MESSAGE] From peer 2: 256 bytes
[MESSAGE] From peer 2: 256 bytes
[MESSAGE] From peer 2: 256 bytes
[MESSAGE] From peer 2: 256 bytes
[MESSAGE] From peer 2: 256 bytes
[MESSAGE] From peer 2: 256 bytes
[MESSAGE] From peer 2: 256 bytes
[MESSAGE] From peer 2: 256 bytes
[MESSAGE] From peer 2: 256 bytes
[MESSAGE] From peer 2: 256 bytes
[MESSAGE] From peer 2: 256 bytes
[MESSAGE] From peer 2: 256 bytes
[MESSAGE] From peer 2: 256 bytes
[MESSAGE] From peer 2: 256 bytes
[MESSAGE] From peer 2: 256 bytes
[MESSAGE] From peer 2: 256 bytes
[MESSAGE] From peer 2: 256 bytes
[MESSAGE] From peer 2: 256 bytes
[MESSAGE] From peer 2: 256 bytes
[MESSAGE] From peer 2: 256 bytes
[MESSAGE] From peer 2: 256 bytes
[MESSAGE] From peer 2: 256 bytes
[MESSAGE] From peer 2: 256 bytes
[MESSAGE] From peer 2: 256 bytes
[MESSAGE] From peer 2: 256 bytes
[STATUS] 12980 sec: peers=23, msgs=66092, connected=yes
[MESSAGE] From peer 2: 256 bytes
[MESSAGE] From peer 2: 256 bytes
[MESSAGE] From peer 2: 256 bytes
[MESSAGE] From peer 2: 256 bytes
[MESSAGE] From peer 2: 256 bytes
[MESSAGE] From peer 2: 256 bytes
[MESSAGE] From peer 2: 256 bytes
[MESSAGE] From peer 2: 256 bytes
[MESSAGE] From peer 2: 256 bytes
[MESSAGE] From peer 2: 256 bytes
[MESSAGE] From peer 2: 256 bytes
[MESSAGE] From peer 2: 256 bytes
[MESSAGE] From peer 2: 256 bytes
[MESSAGE] From peer 2: 256 bytes
[MESSAGE] From peer 2: 256 bytes
[MESSAGE] From peer 2: 256 bytes
[MESSAGE] From peer 2: 256 bytes
[MESSAGE] From peer 2: 256 bytes
[MESSAGE] From peer 2: 256 bytes
[MESSAGE] From peer 2: 256 bytes
[MESSAGE] From peer 2: 256 bytes
[MESSAGE] From peer 2: 256 bytes
[MESSAGE] From peer 2: 256 bytes
[MESSAGE] From peer 2: 256 bytes
[MESSAGE] From peer 2: 256 bytes
[MESSAGE] From peer 2: 256 bytes
[MESSAGE] From peer 2: 256 bytes
[MESSAGE] From peer 2: 256 bytes
[MESSAGE] From peer 2: 256 bytes
[MESSAGE] From peer 2: 256 bytes
[MESSAGE] From peer 2: 256 bytes
[MESSAGE] From peer 2: 256 bytes
[MESSAGE] From peer 2: 256 bytes
[MESSAGE] From peer 2: 256 bytes
[MESSAGE] From peer 2: 256 bytes
[MESSAGE] From peer 2: 256 bytes
[MESSAGE] From peer 2: 256 bytes
[MESSAGE] From peer 2: 256 bytes
[MESSAGE] From peer 2: 256 bytes
[MESSAGE] From peer 2: 256 bytes
[MESSAGE] From peer 2: 256 bytes
[MESSAGE] From peer 2: 256 bytes
[MESSAGE] From peer 2: 256 bytes
[MESSAGE] From peer 2: 256 bytes
[MESSAGE] From peer 2: 256 bytes
[MESSAGE] From peer 2: 256 bytes
[MESSAGE] From peer 2: 256 bytes
[MESSAGE] From peer 2: 256 bytes
[MESSAGE] From peer 2: 256 bytes
[MESSAGE] From peer 2: 256 bytes
[MESSAGE] From peer 2: 256 bytes
[MESSAGE] From peer 2: 256 bytes
[MESSAGE] From peer 2: 256 bytes
[MESSAGE] From peer 2: 256 bytes
[MESSAGE] From peer 2: 256 bytes
[MESSAGE] From peer 2: 256 bytes
[MESSAGE] From peer 2: 256 bytes
[MESSAGE] From peer 2: 256 bytes
[MESSAGE] From peer 2: 256 bytes
[MESSAGE] From peer 2: 256 bytes
[MESSAGE] From peer 2: 256 bytes
[MESSAGE] From peer 2: 256 bytes
[MESSAGE] From peer 2: 256 bytes
[MESSAGE] From peer 2: 256 bytes
[MESSAGE] From peer 2: 256 bytes
[MESSAGE] From peer 2: 256 bytes
[MESSAGE] From peer 2: 256 bytes
[MESSAGE] From peer 2: 256 bytes
[MESSAGE] From peer 2: 256 bytes
[MESSAGE] From peer 2: 256 bytes
[MESSAGE] From peer 2: 256 bytes
[MESSAGE] From peer 2: 256 bytes
[MESSAGE] From peer 2: 256 bytes
[MESSAGE] From peer 2: 256 bytes
[MESSAGE] From peer 2: 256 bytes
[ECHO] 19200 messages echoed
[MESSAGE] From peer 2: 256 bytes
[MESSAGE] From peer 2: 256 bytes
[MESSAGE] From peer 2: 256 bytes
[MESSAGE] From peer 2: 256 bytes
[MESSAGE] From peer 2: 256 bytes
[MESSAGE] From peer 2: 256 bytes
[MESSAGE] From peer 2: 256 bytes
[MESSAGE] From peer 2: 256 bytes
[MESSAGE] From peer 2: 256 bytes
[MESSAGE] From peer 2: 256 bytes
[MESSAGE] From peer 2: 256 bytes
[MESSAGE] From peer 2: 256 bytes
[MESSAGE] From peer 2: 256 bytes
[MESSAGE] From peer 2: 256 bytes
[MESSAGE] From peer 2: 256 bytes
[MESSAGE] From peer 2: 256 bytes
[MESSAGE] From peer 2: 256 bytes
[MESSAGE] From peer 2: 256 bytes
[MESSAGE] From peer 2: 256 bytes
[MESSAGE] From peer 2: 256 bytes
[MESSAGE] From peer 2: 256 bytes
[MESSAGE] From peer 2: 256 bytes
[MESSAGE] From peer 2: 256 bytes
[MESSAGE] From peer 2: 256 bytes
[MESSAGE] From peer 2: 256 bytes
[MESSAGE] From peer 2: 256 bytes
[MESSAGE] From peer 2: 256 bytes
[MESSAGE] From peer 2: 256 bytes
[MESSAGE] From peer 2: 256 bytes
[MESSAGE] From peer 2: 256 bytes
[MESSAGE] From peer 2: 256 bytes
[MESSAGE] From peer 2: 256 bytes
[MESSAGE] From peer 2: 256 bytes
[MESSAGE] From peer 2: 256 bytes
[MESSAGE] From peer 2: 256 bytes
[MESSAGE] From peer 2: 256 bytes
[MESSAGE] From peer 2: 256 bytes
[MESSAGE] From peer 2: 256 bytes
[MESSAGE] From peer 2: 256 bytes
[MESSAGE] From peer 2: 256 bytes
[MESSAGE] From peer 2: 256 bytes
[MESSAGE] From peer 2: 256 bytes
[MESSAGE] From peer 2: 256 bytes
[MESSAGE] From peer 2: 256 bytes
[MESSAGE] From peer 2: 256 bytes
[MESSAGE] From peer 2: 256 bytes
[MESSAGE] From peer 2: 256 bytes
[MESSAGE] From peer 2: 256 bytes
[MESSAGE] From peer 2: 256 bytes
[MESSAGE] From peer 2: 256 bytes
[MESSAGE] From peer 2: 256 bytes
[MESSAGE] From peer 2: 256 bytes
[MESSAGE] From peer 2: 256 bytes
[MESSAGE] From peer 2: 256 bytes
[MESSAGE] From peer 2: 256 bytes
[MESSAGE] From peer 2: 256 bytes
[MESSAGE] From peer 2: 256 bytes
[MESSAGE] From peer 2: 256 bytes
[MESSAGE] From peer 2: 256 bytes
[MESSAGE] From peer 2: 256 bytes
[MESSAGE] From peer 2: 256 bytes
[MESSAGE] From peer 2: 256 bytes
[MESSAGE] From peer 2: 512 bytes
[MESSAGE] From peer 2: 512 bytes
[MESSAGE] From peer 2: 512 bytes
[MESSAGE] From peer 2: 512 bytes
[MESSAGE] From peer 2: 512 bytes
[MESSAGE] From peer 2: 512 bytes
[MESSAGE] From peer 2: 512 bytes
[MESSAGE] From peer 2: 512 bytes
[STATUS] 12990 sec: peers=23, msgs=66237, connected=yes
[MESSAGE] From peer 2: 512 bytes
[MESSAGE] From peer 2: 512 bytes
[MESSAGE] From peer 2: 512 bytes
[MESSAGE] From peer 2: 512 bytes
[MESSAGE] From peer 2: 512 bytes
[MESSAGE] From peer 2: 512 bytes
[MESSAGE] From peer 2: 512 bytes
[MESSAGE] From peer 2: 512 bytes
[MESSAGE] From peer 2: 512 bytes
[MESSAGE] From peer 2: 512 bytes
[MESSAGE] From peer 2: 512 bytes
[MESSAGE] From peer 2: 512 bytes
[MESSAGE] From peer 2: 512 bytes
[MESSAGE] From peer 2: 512 bytes
[MESSAGE] From peer 2: 512 bytes
[MESSAGE] From peer 2: 512 bytes
[MESSAGE] From peer 2: 512 bytes
[MESSAGE] From peer 2: 512 bytes
[MESSAGE] From peer 2: 512 bytes
[MESSAGE] From peer 2: 512 bytes
[MESSAGE] From peer 2: 512 bytes
[MESSAGE] From peer 2: 512 bytes
[MESSAGE] From peer 2: 512 bytes
[MESSAGE] From peer 2: 512 bytes
[MESSAGE] From peer 2: 512 bytes
[MESSAGE] From peer 2: 512 bytes
[MESSAGE] From peer 2: 512 bytes
[MESSAGE] From peer 2: 512 bytes
[MESSAGE] From peer 2: 512 bytes
[MESSAGE] From peer 2: 512 bytes
[ECHO] 19300 messages echoed
[MESSAGE] From peer 2: 512 bytes
[MESSAGE] From peer 2: 512 bytes
[MESSAGE] From peer 2: 512 bytes
[MESSAGE] From peer 2: 512 bytes
[MESSAGE] From peer 2: 512 bytes
[MESSAGE] From peer 2: 512 bytes
[MESSAGE] From peer 2: 512 bytes
[MESSAGE] From peer 2: 512 bytes
[MESSAGE] From peer 2: 512 bytes
[MESSAGE] From peer 2: 512 bytes
[MESSAGE] From peer 2: 512 bytes
[MESSAGE] From peer 2: 512 bytes
[MESSAGE] From peer 2: 512 bytes
[MESSAGE] From peer 2: 512 bytes
[MESSAGE] From peer 2: 512 bytes
[MESSAGE] From peer 2: 512 bytes
[MESSAGE] From peer 2: 512 bytes
[MESSAGE] From peer 2: 512 bytes
[MESSAGE] From peer 2: 512 bytes
[MESSAGE] From peer 2: 512 bytes
[MESSAGE] From peer 2: 512 bytes
[MESSAGE] From peer 2: 512 bytes
[MESSAGE] From peer 2: 512 bytes
[MESSAGE] From peer 2: 512 bytes
[MESSAGE] From peer 2: 512 bytes
[MESSAGE] From peer 2: 512 bytes
[MESSAGE] From peer 2: 512 bytes
[MESSAGE] From peer 2: 512 bytes
[MESSAGE] From peer 2: 512 bytes
[MESSAGE] From peer 2: 512 bytes
[MESSAGE] From peer 2: 512 bytes
[MESSAGE] From peer 2: 512 bytes
[MESSAGE] From peer 2: 512 bytes
[MESSAGE] From peer 2: 512 bytes
[MESSAGE] From peer 2: 512 bytes
[MESSAGE] From peer 2: 512 bytes
[MESSAGE] From peer 2: 512 bytes
[MESSAGE] From peer 2: 512 bytes
[MESSAGE] From peer 2: 512 bytes
[MESSAGE] From peer 2: 512 bytes
[MESSAGE] From peer 2: 512 bytes
[MESSAGE] From peer 2: 512 bytes
[MESSAGE] From peer 2: 512 bytes
[MESSAGE] From peer 2: 512 bytes
[MESSAGE] From peer 2: 512 bytes
[MESSAGE] From peer 2: 512 bytes
[MESSAGE] From peer 2: 512 bytes
[MESSAGE] From peer 2: 512 bytes
[MESSAGE] From peer 2: 512 bytes
[MESSAGE] From peer 2: 512 bytes
[MESSAGE] From peer 2: 512 bytes
[MESSAGE] From peer 2: 512 bytes
[MESSAGE] From peer 2: 512 bytes
[MESSAGE] From peer 2: 512 bytes
[MESSAGE] From peer 2: 512 bytes
[MESSAGE] From peer 2: 512 bytes
[MESSAGE] From peer 2: 512 bytes
[MESSAGE] From peer 2: 512 bytes
[MESSAGE] From peer 2: 512 bytes
[MESSAGE] From peer 2: 512 bytes
[MESSAGE] From peer 2: 512 bytes
[MESSAGE] From peer 2: 512 bytes
[MESSAGE] From peer 2: 512 bytes
[MESSAGE] From peer 2: 512 bytes
[MESSAGE] From peer 2: 512 bytes
[MESSAGE] From peer 2: 512 bytes
[MESSAGE] From peer 2: 512 bytes
[MESSAGE] From peer 2: 512 bytes
[MESSAGE] From peer 2: 512 bytes
[MESSAGE] From peer 2: 512 bytes
[MESSAGE] From peer 2: 512 bytes
[MESSAGE] From peer 2: 512 bytes
[MESSAGE] From peer 2: 512 bytes
[MESSAGE] From peer 2: 512 bytes
[MESSAGE] From peer 2: 512 bytes
[MESSAGE] From peer 2: 512 bytes
[MESSAGE] From peer 2: 512 bytes
[MESSAGE] From peer 2: 512 bytes
[MESSAGE] From peer 2: 512 bytes
[MESSAGE] From peer 2: 512 bytes
[MESSAGE] From peer 2: 512 bytes
[MESSAGE] From peer 2: 512 bytes
[MESSAGE] From peer 2: 512 bytes
[MESSAGE] From peer 2: 512 bytes
[MESSAGE] From peer 2: 512 bytes
[MESSAGE] From peer 2: 512 bytes
[MESSAGE] From peer 2: 512 bytes
[MESSAGE] From peer 2: 512 bytes
[MESSAGE] From peer 2: 512 bytes
[MESSAGE] From peer 2: 512 bytes
[MESSAGE] From peer 2: 512 bytes
[MESSAGE] From peer 2: 512 bytes
[MESSAGE] From peer 2: 512 bytes
[MESSAGE] From peer 2: 512 bytes
[MESSAGE] From peer 2: 512 bytes
[MESSAGE] From peer 2: 512 bytes
[MESSAGE] From peer 2: 512 bytes
[MESSAGE] From peer 2: 512 bytes
[MESSAGE] From peer 2: 512 bytes
[MESSAGE] From peer 2: 512 bytes
[ECHO] 19400 messages echoed
[MESSAGE] From peer 2: 512 bytes
[MESSAGE] From peer 2: 512 bytes
[MESSAGE] From peer 2: 512 bytes
[MESSAGE] From peer 2: 512 bytes
[MESSAGE] From peer 2: 512 bytes
[MESSAGE] From peer 2: 512 bytes
[MESSAGE] From peer 2: 512 bytes
[MESSAGE] From peer 2: 512 bytes
[MESSAGE] From peer 2: 512 bytes
[MESSAGE] From peer 2: 512 bytes
[MESSAGE] From peer 2: 512 bytes
[MESSAGE] From peer 2: 512 bytes
[MESSAGE] From peer 2: 512 bytes
[MESSAGE] From peer 2: 512 bytes
[MESSAGE] From peer 2: 512 bytes
[MESSAGE] From peer 2: 512 bytes
[MESSAGE] From peer 2: 512 bytes
[MESSAGE] From peer 2: 512 bytes
[MESSAGE] From peer 2: 512 bytes
[MESSAGE] From peer 2: 512 bytes
[MESSAGE] From peer 2: 512 bytes
[MESSAGE] From peer 2: 512 bytes
[MESSAGE] From peer 2: 512 bytes
[MESSAGE] From peer 2: 512 bytes
[MESSAGE] From peer 2: 512 bytes
[MESSAGE] From peer 2: 512 bytes
[MESSAGE] From peer 2: 512 bytes
[MESSAGE] From peer 2: 512 bytes
[MESSAGE] From peer 2: 512 bytes
[MESSAGE] From peer 2: 512 bytes
[MESSAGE] From peer 2: 512 bytes
[MESSAGE] From peer 2: 512 bytes
[STATUS] 13000 sec: peers=23, msgs=66399, connected=yes
[MESSAGE] From peer 2: 512 bytes
[MESSAGE] From peer 2: 512 bytes
[MESSAGE] From peer 2: 512 bytes
[MESSAGE] From peer 2: 512 bytes
[MESSAGE] From peer 2: 512 bytes
[MESSAGE] From peer 2: 512 bytes
[MESSAGE] From peer 2: 512 bytes
[MESSAGE] From peer 2: 512 bytes
[MESSAGE] From peer 2: 512 bytes
[MESSAGE] From peer 2: 512 bytes
[MESSAGE] From peer 2: 512 bytes
[MESSAGE] From peer 2: 512 bytes
[MESSAGE] From peer 2: 512 bytes
[MESSAGE] From peer 2: 512 bytes
[MESSAGE] From peer 2: 512 bytes
[MESSAGE] From peer 2: 512 bytes
[MESSAGE] From peer 2: 512 bytes
[MESSAGE] From peer 2: 512 bytes
[MESSAGE] From peer 2: 512 bytes
[MESSAGE] From peer 2: 512 bytes
[MESSAGE] From peer 2: 512 bytes
[MESSAGE] From peer 2: 512 bytes
[MESSAGE] From peer 2: 512 bytes
[MESSAGE] From peer 2: 512 bytes
[MESSAGE] From peer 2: 512 bytes
[MESSAGE] From peer 2: 512 bytes
[MESSAGE] From peer 2: 512 bytes
[MESSAGE] From peer 2: 512 bytes
[MESSAGE] From peer 2: 512 bytes
[MESSAGE] From peer 2: 512 bytes
[MESSAGE] From peer 2: 512 bytes
[MESSAGE] From peer 2: 512 bytes
[MESSAGE] From peer 2: 512 bytes
[MESSAGE] From peer 2: 512 bytes
[MESSAGE] From peer 2: 512 bytes
[MESSAGE] From peer 2: 512 bytes
[MESSAGE] From peer 2: 512 bytes
[MESSAGE] From peer 2: 512 bytes
[MESSAGE] From peer 2: 512 bytes
[MESSAGE] From peer 2: 512 bytes
[MESSAGE] From peer 2: 512 bytes
[MESSAGE] From peer 2: 512 bytes
[MESSAGE] From peer 2: 512 bytes
[MESSAGE] From peer 2: 512 bytes
[MESSAGE] From peer 2: 512 bytes
[MESSAGE] From peer 2: 512 bytes
[MESSAGE] From peer 2: 512 bytes
[MESSAGE] From peer 2: 512 bytes
[MESSAGE] From peer 2: 512 bytes
[MESSAGE] From peer 2: 512 bytes
[MESSAGE] From peer 2: 512 bytes
[MESSAGE] From peer 2: 512 bytes
[MESSAGE] From peer 2: 512 bytes
[MESSAGE] From peer 2: 512 bytes
[MESSAGE] From peer 2: 512 bytes
[MESSAGE] From peer 2: 512 bytes
[MESSAGE] From peer 2: 512 bytes
[MESSAGE] From peer 2: 512 bytes
[MESSAGE] From peer 2: 512 bytes
[MESSAGE] From peer 2: 512 bytes
[MESSAGE] From peer 2: 512 bytes
[MESSAGE] From peer 2: 512 bytes
[MESSAGE] From peer 2: 512 bytes
[MESSAGE] From peer 2: 512 bytes
[MESSAGE] From peer 2: 512 bytes
[MESSAGE] From peer 2: 512 bytes
[MESSAGE] From peer 2: 512 bytes
[MESSAGE] From peer 2: 512 bytes
[ECHO] 19500 messages echoed
[MESSAGE] From peer 2: 512 bytes
[MESSAGE] From peer 2: 512 bytes
[MESSAGE] From peer 2: 512 bytes
[MESSAGE] From peer 2: 512 bytes
[MESSAGE] From peer 2: 512 bytes
[MESSAGE] From peer 2: 512 bytes
[MESSAGE] From peer 2: 512 bytes
[MESSAGE] From peer 2: 512 bytes
[MESSAGE] From peer 2: 512 bytes
[MESSAGE] From peer 2: 512 bytes
[MESSAGE] From peer 2: 512 bytes
[MESSAGE] From peer 2: 512 bytes
[MESSAGE] From peer 2: 512 bytes
[MESSAGE] From peer 2: 512 bytes
[MESSAGE] From peer 2: 512 bytes
[MESSAGE] From peer 2: 512 bytes
[MESSAGE] From peer 2: 512 bytes
[MESSAGE] From peer 2: 512 bytes
[MESSAGE] From peer 2: 512 bytes
[MESSAGE] From peer 2: 512 bytes
[MESSAGE] From peer 2: 512 bytes
[MESSAGE] From peer 2: 512 bytes
[MESSAGE] From peer 2: 512 bytes
[MESSAGE] From peer 2: 512 bytes
[MESSAGE] From peer 2: 512 bytes
[MESSAGE] From peer 2: 512 bytes
[MESSAGE] From peer 2: 512 bytes
[MESSAGE] From peer 2: 512 bytes
[MESSAGE] From peer 2: 512 bytes
[MESSAGE] From peer 2: 512 bytes
[MESSAGE] From peer 2: 512 bytes
[MESSAGE] From peer 2: 512 bytes
[MESSAGE] From peer 2: 512 bytes
[MESSAGE] From peer 2: 512 bytes
[MESSAGE] From peer 2: 512 bytes
[MESSAGE] From peer 2: 512 bytes
[MESSAGE] From peer 2: 512 bytes
[MESSAGE] From peer 2: 512 bytes
[MESSAGE] From peer 2: 512 bytes
[MESSAGE] From peer 2: 512 bytes
[MESSAGE] From peer 2: 512 bytes
[MESSAGE] From peer 2: 512 bytes
[MESSAGE] From peer 2: 512 bytes
[MESSAGE] From peer 2: 512 bytes
[MESSAGE] From peer 2: 512 bytes
[MESSAGE] From peer 2: 512 bytes
[MESSAGE] From peer 2: 512 bytes
[MESSAGE] From peer 2: 512 bytes
[MESSAGE] From peer 2: 512 bytes
[MESSAGE] From peer 2: 512 bytes
[MESSAGE] From peer 2: 512 bytes
[MESSAGE] From peer 2: 512 bytes
[MESSAGE] From peer 2: 512 bytes
[MESSAGE] From peer 2: 512 bytes
[MESSAGE] From peer 2: 512 bytes
[MESSAGE] From peer 2: 512 bytes
[MESSAGE] From peer 2: 512 bytes
[MESSAGE] From peer 2: 512 bytes
[MESSAGE] From peer 2: 512 bytes
[MESSAGE] From peer 2: 512 bytes
[MESSAGE] From peer 2: 512 bytes
[MESSAGE] From peer 2: 512 bytes
[MESSAGE] From peer 2: 512 bytes
[MESSAGE] From peer 2: 512 bytes
[MESSAGE] From peer 2: 512 bytes
[MESSAGE] From peer 2: 512 bytes
[MESSAGE] From peer 2: 512 bytes
[MESSAGE] From peer 2: 512 bytes
[MESSAGE] From peer 2: 512 bytes
[MESSAGE] From peer 2: 512 bytes
[MESSAGE] From peer 2: 512 bytes
[MESSAGE] From peer 2: 512 bytes
[MESSAGE] From peer 2: 512 bytes
[MESSAGE] From peer 2: 512 bytes
[MESSAGE] From peer 2: 512 bytes
[MESSAGE] From peer 2: 512 bytes
[MESSAGE] From peer 2: 512 bytes
[MESSAGE] From peer 2: 512 bytes
[MESSAGE] From peer 2: 512 bytes
[MESSAGE] From peer 2: 512 bytes
[MESSAGE] From peer 2: 512 bytes
[MESSAGE] From peer 2: 512 bytes
[MESSAGE] From peer 2: 512 bytes
[MESSAGE] From peer 2: 512 bytes
[MESSAGE] From peer 2: 512 bytes
[MESSAGE] From peer 2: 512 bytes
[MESSAGE] From peer 2: 512 bytes
[STATUS] 13010 sec: peers=23, msgs=66554, connected=yes
[MESSAGE] From peer 2: 512 bytes
[MESSAGE] From peer 2: 512 bytes
[MESSAGE] From peer 2: 512 bytes
[MESSAGE] From peer 2: 512 bytes
[MESSAGE] From peer 2: 512 bytes
[MESSAGE] From peer 2: 512 bytes
[MESSAGE] From peer 2: 512 bytes
[MESSAGE] From peer 2: 512 bytes
[MESSAGE] From peer 2: 512 bytes
[MESSAGE] From peer 2: 512 bytes
[MESSAGE] From peer 2: 512 bytes
[MESSAGE] From peer 2: 512 bytes
[MESSAGE] From peer 2: 512 bytes
[ECHO] 19600 messages echoed
[MESSAGE] From peer 2: 512 bytes
[MESSAGE] From peer 2: 512 bytes
[MESSAGE] From peer 2: 512 bytes
[MESSAGE] From peer 2: 512 bytes
[MESSAGE] From peer 2: 512 bytes
[MESSAGE] From peer 2: 512 bytes
[MESSAGE] From peer 2: 512 bytes
[MESSAGE] From peer 2: 512 bytes
[MESSAGE] From peer 2: 512 bytes
[MESSAGE] From peer 2: 512 bytes
[MESSAGE] From peer 2: 512 bytes
[MESSAGE] From peer 2: 512 bytes
[MESSAGE] From peer 2: 512 bytes
[MESSAGE] From peer 2: 512 bytes
[MESSAGE] From peer 2: 512 bytes
[MESSAGE] From peer 2: 512 bytes
[MESSAGE] From peer 2: 512 bytes
[MESSAGE] From peer 2: 512 bytes
[MESSAGE] From peer 2: 512 bytes
[MESSAGE] From peer 2: 512 bytes
[MESSAGE] From peer 2: 512 bytes
[MESSAGE] From peer 2: 512 bytes
[MESSAGE] From peer 2: 512 bytes
[MESSAGE] From peer 2: 512 bytes
[MESSAGE] From peer 2: 512 bytes
[MESSAGE] From peer 2: 512 bytes
[MESSAGE] From peer 2: 512 bytes
[MESSAGE] From peer 2: 512 bytes
[MESSAGE] From peer 2: 512 bytes
[MESSAGE] From peer 2: 512 bytes
[MESSAGE] From peer 2: 512 bytes
[MESSAGE] From peer 2: 512 bytes
[MESSAGE] From peer 2: 512 bytes
[MESSAGE] From peer 2: 512 bytes
[MESSAGE] From peer 2: 512 bytes
[MESSAGE] From peer 2: 512 bytes
[MESSAGE] From peer 2: 512 bytes
[MESSAGE] From peer 2: 512 bytes
[MESSAGE] From peer 2: 512 bytes
[MESSAGE] From peer 2: 512 bytes
[MESSAGE] From peer 2: 512 bytes
[MESSAGE] From peer 2: 512 bytes
[MESSAGE] From peer 2: 512 bytes
[MESSAGE] From peer 2: 512 bytes
[MESSAGE] From peer 2: 512 bytes
[MESSAGE] From peer 2: 512 bytes
[MESSAGE] From peer 2: 512 bytes
[MESSAGE] From peer 2: 512 bytes
[MESSAGE] From peer 2: 512 bytes
[MESSAGE] From peer 2: 512 bytes
[MESSAGE] From peer 2: 512 bytes
[MESSAGE] From peer 2: 512 bytes
[MESSAGE] From peer 2: 512 bytes
[MESSAGE] From peer 2: 512 bytes
[MESSAGE] From peer 2: 512 bytes
[MESSAGE] From peer 2: 512 bytes
[MESSAGE] From peer 2: 512 bytes
[MESSAGE] From peer 2: 512 bytes
[MESSAGE] From peer 2: 512 bytes
[MESSAGE] From peer 2: 512 bytes
[MESSAGE] From peer 2: 512 bytes
[MESSAGE] From peer 2: 512 bytes
[MESSAGE] From peer 2: 512 bytes
[MESSAGE] From peer 2: 512 bytes
[MESSAGE] From peer 2: 512 bytes
[MESSAGE] From peer 2: 512 bytes
[MESSAGE] From peer 2: 512 bytes
[MESSAGE] From peer 2: 512 bytes
[MESSAGE] From peer 2: 512 bytes
[MESSAGE] From peer 2: 512 bytes
[MESSAGE] From peer 2: 512 bytes
[MESSAGE] From peer 2: 512 bytes
[MESSAGE] From peer 2: 512 bytes
[MESSAGE] From peer 2: 512 bytes
[MESSAGE] From peer 2: 512 bytes
[MESSAGE] From peer 2: 512 bytes
[MESSAGE] From peer 2: 512 bytes
[MESSAGE] From peer 2: 512 bytes
[MESSAGE] From peer 2: 512 bytes
[MESSAGE] From peer 2: 512 bytes
[MESSAGE] From peer 2: 512 bytes
[MESSAGE] From peer 2: 512 bytes
[MESSAGE] From peer 2: 512 bytes
[MESSAGE] From peer 2: 512 bytes
[MESSAGE] From peer 2: 512 bytes
[MESSAGE] From peer 2: 512 bytes
[MESSAGE] From peer 2: 512 bytes
[MESSAGE] From peer 2: 512 bytes
[MESSAGE] From peer 2: 512 bytes
[MESSAGE] From peer 2: 512 bytes
[MESSAGE] From peer 2: 512 bytes
[MESSAGE] From peer 2: 512 bytes
[MESSAGE] From peer 2: 512 bytes
[MESSAGE] From peer 2: 512 bytes
[MESSAGE] From peer 2: 512 bytes
[MESSAGE] From peer 2: 512 bytes
[MESSAGE] From peer 2: 512 bytes
[MESSAGE] From peer 2: 512 bytes
[MESSAGE] From peer 2: 512 bytes
[MESSAGE] From peer 2: 512 bytes
[ECHO] 19700 messages echoed
[MESSAGE] From peer 2: 512 bytes
[MESSAGE] From peer 2: 512 bytes
[MESSAGE] From peer 2: 512 bytes
[MESSAGE] From peer 2: 512 bytes
[MESSAGE] From peer 2: 512 bytes
[MESSAGE] From peer 2: 512 bytes
[MESSAGE] From peer 2: 512 bytes
[MESSAGE] From peer 2: 512 bytes
[MESSAGE] From peer 2: 512 bytes
[MESSAGE] From peer 2: 512 bytes
[MESSAGE] From peer 2: 512 bytes
[MESSAGE] From peer 2: 512 bytes
[MESSAGE] From peer 2: 512 bytes
[MESSAGE] From peer 2: 512 bytes
[MESSAGE] From peer 2: 512 bytes
[MESSAGE] From peer 2: 512 bytes
[MESSAGE] From peer 2: 512 bytes
[MESSAGE] From peer 2: 512 bytes
[MESSAGE] From peer 2: 512 bytes
[MESSAGE] From peer 2: 512 bytes
[MESSAGE] From peer 2: 512 bytes
[MESSAGE] From peer 2: 512 bytes
[MESSAGE] From peer 2: 512 bytes
[MESSAGE] From peer 2: 512 bytes
[MESSAGE] From peer 2: 512 bytes
[MESSAGE] From peer 2: 512 bytes
[MESSAGE] From peer 2: 512 bytes
[MESSAGE] From peer 2: 512 bytes
[MESSAGE] From peer 2: 512 bytes
[MESSAGE] From peer 2: 512 bytes
[MESSAGE] From peer 2: 512 bytes
[MESSAGE] From peer 2: 512 bytes
[MESSAGE] From peer 2: 512 bytes
[MESSAGE] From peer 2: 512 bytes
[MESSAGE] From peer 2: 512 bytes
[MESSAGE] From peer 2: 512 bytes
[MESSAGE] From peer 2: 512 bytes
[MESSAGE] From peer 2: 512 bytes
[MESSAGE] From peer 2: 512 bytes
[MESSAGE] From peer 2: 512 bytes
[MESSAGE] From peer 2: 512 bytes
[MESSAGE] From peer 2: 512 bytes
[MESSAGE] From peer 2: 512 bytes
[MESSAGE] From peer 2: 1024 bytes
[MESSAGE] From peer 2: 1024 bytes
[MESSAGE] From peer 2: 1024 bytes
[MESSAGE] From peer 2: 1024 bytes
[STATUS] 13020 sec: peers=23, msgs=66714, connected=yes
[MESSAGE] From peer 2: 1024 bytes
[MESSAGE] From peer 2: 1024 bytes
[MESSAGE] From peer 2: 1024 bytes
[MESSAGE] From peer 2: 1024 bytes
[MESSAGE] From peer 2: 1024 bytes
[MESSAGE] From peer 2: 1024 bytes
[MESSAGE] From peer 2: 1024 bytes
[MESSAGE] From peer 2: 1024 bytes
[MESSAGE] From peer 2: 1024 bytes
[MESSAGE] From peer 2: 1024 bytes
[MESSAGE] From peer 2: 1024 bytes
[MESSAGE] From peer 2: 1024 bytes
[MESSAGE] From peer 2: 1024 bytes
[MESSAGE] From peer 2: 1024 bytes
[MESSAGE] From peer 2: 1024 bytes
[MESSAGE] From peer 2: 1024 bytes
[MESSAGE] From peer 2: 1024 bytes
[MESSAGE] From peer 2: 1024 bytes
[MESSAGE] From peer 2: 1024 bytes
[MESSAGE] From peer 2: 1024 bytes
[MESSAGE] From peer 2: 1024 bytes
[MESSAGE] From peer 2: 1024 bytes
[MESSAGE] From peer 2: 1024 bytes
[MESSAGE] From peer 2: 1024 bytes
[MESSAGE] From peer 2: 1024 bytes
[MESSAGE] From peer 2: 1024 bytes
[MESSAGE] From peer 2: 1024 bytes
[MESSAGE] From peer 2: 1024 bytes
[MESSAGE] From peer 2: 1024 bytes
[MESSAGE] From peer 2: 1024 bytes
[MESSAGE] From peer 2: 1024 bytes
[MESSAGE] From peer 2: 1024 bytes
[MESSAGE] From peer 2: 1024 bytes
[MESSAGE] From peer 2: 1024 bytes
[MESSAGE] From peer 2: 1024 bytes
[MESSAGE] From peer 2: 1024 bytes
[MESSAGE] From peer 2: 1024 bytes
[MESSAGE] From peer 2: 1024 bytes
[MESSAGE] From peer 2: 1024 bytes
[MESSAGE] From peer 2: 1024 bytes
[MESSAGE] From peer 2: 1024 bytes
[MESSAGE] From peer 2: 1024 bytes
[MESSAGE] From peer 2: 1024 bytes
[MESSAGE] From peer 2: 1024 bytes
[MESSAGE] From peer 2: 1024 bytes
[MESSAGE] From peer 2: 1024 bytes
[MESSAGE] From peer 2: 1024 bytes
[MESSAGE] From peer 2: 1024 bytes
[MESSAGE] From peer 2: 1024 bytes
[MESSAGE] From peer 2: 1024 bytes
[MESSAGE] From peer 2: 1024 bytes
[MESSAGE] From peer 2: 1024 bytes
[MESSAGE] From peer 2: 1024 bytes
[ECHO] 19800 messages echoed
[MESSAGE] From peer 2: 1024 bytes
[MESSAGE] From peer 2: 1024 bytes
[MESSAGE] From peer 2: 1024 bytes
[MESSAGE] From peer 2: 1024 bytes
[MESSAGE] From peer 2: 1024 bytes
[MESSAGE] From peer 2: 1024 bytes
[MESSAGE] From peer 2: 1024 bytes
[MESSAGE] From peer 2: 1024 bytes
[MESSAGE] From peer 2: 1024 bytes
[MESSAGE] From peer 2: 1024 bytes
[MESSAGE] From peer 2: 1024 bytes
[MESSAGE] From peer 2: 1024 bytes
[MESSAGE] From peer 2: 1024 bytes
[MESSAGE] From peer 2: 1024 bytes
[MESSAGE] From peer 2: 1024 bytes
[MESSAGE] From peer 2: 1024 bytes
[MESSAGE] From peer 2: 1024 bytes
[MESSAGE] From peer 2: 1024 bytes
[MESSAGE] From peer 2: 1024 bytes
[MESSAGE] From peer 2: 1024 bytes
[MESSAGE] From peer 2: 1024 bytes
[MESSAGE] From peer 2: 1024 bytes
[MESSAGE] From peer 2: 1024 bytes
[MESSAGE] From peer 2: 1024 bytes
[MESSAGE] From peer 2: 1024 bytes
[MESSAGE] From peer 2: 1024 bytes
[MESSAGE] From peer 2: 1024 bytes
[MESSAGE] From peer 2: 1024 bytes
[MESSAGE] From peer 2: 1024 bytes
[MESSAGE] From peer 2: 1024 bytes
[MESSAGE] From peer 2: 1024 bytes
[MESSAGE] From peer 2: 1024 bytes
[MESSAGE] From peer 2: 1024 bytes
[MESSAGE] From peer 2: 1024 bytes
[MESSAGE] From peer 2: 1024 bytes
[MESSAGE] From peer 2: 1024 bytes
[MESSAGE] From peer 2: 1024 bytes
[STATUS] 13030 sec: peers=23, msgs=66804, connected=yes
[MESSAGE] From peer 2: 1024 bytes
[MESSAGE] From peer 2: 1024 bytes
[MESSAGE] From peer 2: 1024 bytes
[MESSAGE] From peer 2: 1024 bytes
[MESSAGE] From peer 2: 1024 bytes
[MESSAGE] From peer 2: 1024 bytes
[MESSAGE] From peer 2: 1024 bytes
[MESSAGE] From peer 2: 1024 bytes
[MESSAGE] From peer 2: 1024 bytes
[MESSAGE] From peer 2: 1024 bytes
[MESSAGE] From peer 2: 1024 bytes
[MESSAGE] From peer 2: 1024 bytes
[MESSAGE] From peer 2: 1024 bytes
[MESSAGE] From peer 2: 1024 bytes
[MESSAGE] From peer 2: 1024 bytes
[MESSAGE] From peer 2: 1024 bytes
[MESSAGE] From peer 2: 1024 bytes
[MESSAGE] From peer 2: 1024 bytes
[MESSAGE] From peer 2: 1024 bytes
[MESSAGE] From peer 2: 1024 bytes
[MESSAGE] From peer 2: 1024 bytes
[MESSAGE] From peer 2: 1024 bytes
[MESSAGE] From peer 2: 1024 bytes
[MESSAGE] From peer 2: 1024 bytes
[MESSAGE] From peer 2: 1024 bytes
[MESSAGE] From peer 2: 1024 bytes
[MESSAGE] From peer 2: 1024 bytes
[MESSAGE] From peer 2: 1024 bytes
[MESSAGE] From peer 2: 1024 bytes
[MESSAGE] From peer 2: 1024 bytes
[MESSAGE] From peer 2: 1024 bytes
[MESSAGE] From peer 2: 1024 bytes
[MESSAGE] From peer 2: 1024 bytes
[MESSAGE] From peer 2: 1024 bytes
[MESSAGE] From peer 2: 1024 bytes
[MESSAGE] From peer 2: 1024 bytes
[MESSAGE] From peer 2: 1024 bytes
[MESSAGE] From peer 2: 1024 bytes
[MESSAGE] From peer 2: 1024 bytes
[MESSAGE] From peer 2: 1024 bytes
[MESSAGE] From peer 2: 1024 bytes
[MESSAGE] From peer 2: 1024 bytes
[MESSAGE] From peer 2: 1024 bytes
[MESSAGE] From peer 2: 1024 bytes
[MESSAGE] From peer 2: 1024 bytes
[MESSAGE] From peer 2: 1024 bytes
[MESSAGE] From peer 2: 1024 bytes
[MESSAGE] From peer 2: 1024 bytes
[MESSAGE] From peer 2: 1024 bytes
[MESSAGE] From peer 2: 1024 bytes
[MESSAGE] From peer 2: 1024 bytes
[MESSAGE] From peer 2: 1024 bytes
[MESSAGE] From peer 2: 1024 bytes
[MESSAGE] From peer 2: 1024 bytes
[MESSAGE] From peer 2: 1024 bytes
[MESSAGE] From peer 2: 1024 bytes
[MESSAGE] From peer 2: 1024 bytes
[MESSAGE] From peer 2: 1024 bytes
[MESSAGE] From peer 2: 1024 bytes
[MESSAGE] From peer 2: 1024 bytes
[MESSAGE] From peer 2: 1024 bytes
[MESSAGE] From peer 2: 1024 bytes
[MESSAGE] From peer 2: 1024 bytes
[ECHO] 19900 messages echoed
[MESSAGE] From peer 2: 1024 bytes
[MESSAGE] From peer 2: 1024 bytes
[MESSAGE] From peer 2: 1024 bytes
[MESSAGE] From peer 2: 1024 bytes
[MESSAGE] From peer 2: 1024 bytes
[MESSAGE] From peer 2: 1024 bytes
[MESSAGE] From peer 2: 1024 bytes
[MESSAGE] From peer 2: 1024 bytes
[MESSAGE] From peer 2: 1024 bytes
[MESSAGE] From peer 2: 1024 bytes
[MESSAGE] From peer 2: 1024 bytes
[MESSAGE] From peer 2: 1024 bytes
[MESSAGE] From peer 2: 1024 bytes
[MESSAGE] From peer 2: 1024 bytes
[MESSAGE] From peer 2: 1024 bytes
[MESSAGE] From peer 2: 1024 bytes
[MESSAGE] From peer 2: 1024 bytes
[MESSAGE] From peer 2: 1024 bytes
[MESSAGE] From peer 2: 1024 bytes
[MESSAGE] From peer 2: 1024 bytes
[MESSAGE] From peer 2: 1024 bytes
[MESSAGE] From peer 2: 1024 bytes
[MESSAGE] From peer 2: 1024 bytes
[MESSAGE] From peer 2: 1024 bytes
[MESSAGE] From peer 2: 1024 bytes
[MESSAGE] From peer 2: 1024 bytes
[MESSAGE] From peer 2: 1024 bytes
[MESSAGE] From peer 2: 1024 bytes
[MESSAGE] From peer 2: 1024 bytes
[MESSAGE] From peer 2: 1024 bytes
[MESSAGE] From peer 2: 1024 bytes
[MESSAGE] From peer 2: 1024 bytes
[MESSAGE] From peer 2: 1024 bytes
[MESSAGE] From peer 2: 1024 bytes
[MESSAGE] From peer 2: 1024 bytes
[STATUS] 13040 sec: peers=23, msgs=66902, connected=yes
[MESSAGE] From peer 2: 1024 bytes
[MESSAGE] From peer 2: 1024 bytes
[MESSAGE] From peer 2: 1024 bytes
[MESSAGE] From peer 2: 1024 bytes
[MESSAGE] From peer 2: 1024 bytes
[MESSAGE] From peer 2: 1024 bytes
[MESSAGE] From peer 2: 1024 bytes
[MESSAGE] From peer 2: 1024 bytes
[MESSAGE] From peer 2: 1024 bytes
[MESSAGE] From peer 2: 1024 bytes
[MESSAGE] From peer 2: 1024 bytes
[MESSAGE] From peer 2: 1024 bytes
[MESSAGE] From peer 2: 1024 bytes
[MESSAGE] From peer 2: 1024 bytes
[MESSAGE] From peer 2: 1024 bytes
[MESSAGE] From peer 2: 1024 bytes
[MESSAGE] From peer 2: 1024 bytes
[MESSAGE] From peer 2: 1024 bytes
[MESSAGE] From peer 2: 1024 bytes
[MESSAGE] From peer 2: 1024 bytes
[MESSAGE] From peer 2: 1024 bytes
[MESSAGE] From peer 2: 1024 bytes
[MESSAGE] From peer 2: 1024 bytes
[MESSAGE] From peer 2: 1024 bytes
[MESSAGE] From peer 2: 1024 bytes
[MESSAGE] From peer 2: 1024 bytes
[MESSAGE] From peer 2: 1024 bytes
[MESSAGE] From peer 2: 1024 bytes
[MESSAGE] From peer 2: 1024 bytes
[MESSAGE] From peer 2: 1024 bytes
[MESSAGE] From peer 2: 1024 bytes
[MESSAGE] From peer 2: 1024 bytes
[MESSAGE] From peer 2: 1024 bytes
[MESSAGE] From peer 2: 1024 bytes
[MESSAGE] From peer 2: 1024 bytes
[MESSAGE] From peer 2: 1024 bytes
[MESSAGE] From peer 2: 1024 bytes
[MESSAGE] From peer 2: 1024 bytes
[MESSAGE] From peer 2: 1024 bytes
[MESSAGE] From peer 2: 1024 bytes
[MESSAGE] From peer 2: 1024 bytes
[MESSAGE] From peer 2: 1024 bytes
[MESSAGE] From peer 2: 1024 bytes
[MESSAGE] From peer 2: 1024 bytes
[MESSAGE] From peer 2: 1024 bytes
[MESSAGE] From peer 2: 1024 bytes
[MESSAGE] From peer 2: 1024 bytes
[MESSAGE] From peer 2: 1024 bytes
[MESSAGE] From peer 2: 1024 bytes
[MESSAGE] From peer 2: 1024 bytes
[MESSAGE] From peer 2: 1024 bytes
[MESSAGE] From peer 2: 1024 bytes
[MESSAGE] From peer 2: 1024 bytes
[MESSAGE] From peer 2: 1024 bytes
[MESSAGE] From peer 2: 1024 bytes
[MESSAGE] From peer 2: 1024 bytes
[MESSAGE] From peer 2: 1024 bytes
[MESSAGE] From peer 2: 1024 bytes
[MESSAGE] From peer 2: 1024 bytes
[MESSAGE] From peer 2: 1024 bytes
[MESSAGE] From peer 2: 1024 bytes
[MESSAGE] From peer 2: 1024 bytes
[MESSAGE] From peer 2: 1024 bytes
[MESSAGE] From peer 2: 1024 bytes
[MESSAGE] From peer 2: 1024 bytes
[ECHO] 20000 messages echoed
[MESSAGE] From peer 2: 1024 bytes
[MESSAGE] From peer 2: 1024 bytes
[MESSAGE] From peer 2: 1024 bytes
[MESSAGE] From peer 2: 1024 bytes
[MESSAGE] From peer 2: 1024 bytes
[MESSAGE] From peer 2: 1024 bytes
[MESSAGE] From peer 2: 1024 bytes
[MESSAGE] From peer 2: 1024 bytes
[MESSAGE] From peer 2: 1024 bytes
[MESSAGE] From peer 2: 1024 bytes
[MESSAGE] From peer 2: 1024 bytes
[MESSAGE] From peer 2: 1024 bytes
[MESSAGE] From peer 2: 1024 bytes
[MESSAGE] From peer 2: 1024 bytes
[MESSAGE] From peer 2: 1024 bytes
[MESSAGE] From peer 2: 1024 bytes
[MESSAGE] From peer 2: 1024 bytes
[MESSAGE] From peer 2: 1024 bytes
[MESSAGE] From peer 2: 1024 bytes
[MESSAGE] From peer 2: 1024 bytes
[MESSAGE] From peer 2: 1024 bytes
[MESSAGE] From peer 2: 1024 bytes
[MESSAGE] From peer 2: 1024 bytes
[MESSAGE] From peer 2: 1024 bytes
[MESSAGE] From peer 2: 1024 bytes
[MESSAGE] From peer 2: 1024 bytes
[MESSAGE] From peer 2: 1024 bytes
[MESSAGE] From peer 2: 1024 bytes
[MESSAGE] From peer 2: 1024 bytes
[MESSAGE] From peer 2: 1024 bytes
[MESSAGE] From peer 2: 1024 bytes
[MESSAGE] From peer 2: 1024 bytes
[MESSAGE] From peer 2: 1024 bytes
[MESSAGE] From peer 2: 1024 bytes
[MESSAGE] From peer 2: 1024 bytes
[STATUS] 13050 sec: peers=23, msgs=67002, connected=yes
[MESSAGE] From peer 2: 2048 bytes
[MESSAGE] From peer 2: 2048 bytes
[MESSAGE] From peer 2: 2048 bytes
[MESSAGE] From peer 2: 2048 bytes
[MESSAGE] From peer 2: 2048 bytes
[MESSAGE] From peer 2: 2048 bytes
[MESSAGE] From peer 2: 2048 bytes
[MESSAGE] From peer 2: 2048 bytes
[MESSAGE] From peer 2: 2048 bytes
[MESSAGE] From peer 2: 2048 bytes
[MESSAGE] From peer 2: 2048 bytes
[MESSAGE] From peer 2: 2048 bytes
[MESSAGE] From peer 2: 2048 bytes
[MESSAGE] From peer 2: 2048 bytes
[MESSAGE] From peer 2: 2048 bytes
[MESSAGE] From peer 2: 2048 bytes
[MESSAGE] From peer 2: 2048 bytes
[MESSAGE] From peer 2: 2048 bytes
[MESSAGE] From peer 2: 2048 bytes
[MESSAGE] From peer 2: 2048 bytes
[MESSAGE] From peer 2: 2048 bytes
[MESSAGE] From peer 2: 2048 bytes
[MESSAGE] From peer 2: 2048 bytes
[MESSAGE] From peer 2: 2048 bytes
[MESSAGE] From peer 2: 2048 bytes
[MESSAGE] From peer 2: 2048 bytes
[MESSAGE] From peer 2: 2048 bytes
[MESSAGE] From peer 2: 2048 bytes
[MESSAGE] From peer 2: 2048 bytes
[MESSAGE] From peer 2: 2048 bytes
[MESSAGE] From peer 2: 2048 bytes
[MESSAGE] From peer 2: 2048 bytes
[MESSAGE] From peer 2: 2048 bytes
[MESSAGE] From peer 2: 2048 bytes
[MESSAGE] From peer 2: 2048 bytes
[MESSAGE] From peer 2: 2048 bytes
[MESSAGE] From peer 2: 2048 bytes
[MESSAGE] From peer 2: 2048 bytes
[MESSAGE] From peer 2: 2048 bytes
[MESSAGE] From peer 2: 2048 bytes
[MESSAGE] From peer 2: 2048 bytes
[MESSAGE] From peer 2: 2048 bytes
[MESSAGE] From peer 2: 2048 bytes
[MESSAGE] From peer 2: 2048 bytes
[MESSAGE] From peer 2: 2048 bytes
[MESSAGE] From peer 2: 2048 bytes
[MESSAGE] From peer 2: 2048 bytes
[MESSAGE] From peer 2: 2048 bytes
[MESSAGE] From peer 2: 2048 bytes
[MESSAGE] From peer 2: 2048 bytes
[MESSAGE] From peer 2: 2048 bytes
[MESSAGE] From peer 2: 2048 bytes
[MESSAGE] From peer 2: 2048 bytes
[MESSAGE] From peer 2: 2048 bytes
[MESSAGE] From peer 2: 2048 bytes
[MESSAGE] From peer 2: 2048 bytes
[MESSAGE] From peer 2: 2048 bytes
[MESSAGE] From peer 2: 2048 bytes
[MESSAGE] From peer 2: 2048 bytes
[MESSAGE] From peer 2: 2048 bytes
[MESSAGE] From peer 2: 2048 bytes
[MESSAGE] From peer 2: 2048 bytes
[MESSAGE] From peer 2: 2048 bytes
[MESSAGE] From peer 2: 2048 bytes
[MESSAGE] From peer 2: 2048 bytes
[ECHO] 20100 messages echoed
[MESSAGE] From peer 2: 2048 bytes
[MESSAGE] From peer 2: 2048 bytes
[MESSAGE] From peer 2: 2048 bytes
[MESSAGE] From peer 2: 2048 bytes
[MESSAGE] From peer 2: 2048 bytes
[MESSAGE] From peer 2: 2048 bytes
[MESSAGE] From peer 2: 2048 bytes
[MESSAGE] From peer 2: 2048 bytes
[MESSAGE] From peer 2: 2048 bytes
[MESSAGE] From peer 2: 2048 bytes
[MESSAGE] From peer 2: 2048 bytes
[MESSAGE] From peer 2: 2048 bytes
[MESSAGE] From peer 2: 2048 bytes
[MESSAGE] From peer 2: 2048 bytes
[MESSAGE] From peer 2: 2048 bytes
[MESSAGE] From peer 2: 2048 bytes
[MESSAGE] From peer 2: 2048 bytes
[MESSAGE] From peer 2: 2048 bytes
[MESSAGE] From peer 2: 2048 bytes
[MESSAGE] From peer 2: 2048 bytes
[MESSAGE] From peer 2: 2048 bytes
[MESSAGE] From peer 2: 2048 bytes
[MESSAGE] From peer 2: 2048 bytes
[MESSAGE] From peer 2: 2048 bytes
[MESSAGE] From peer 2: 2048 bytes
[STATUS] 13060 sec: peers=23, msgs=67092, connected=yes
[MESSAGE] From peer 2: 2048 bytes
[MESSAGE] From peer 2: 2048 bytes
[MESSAGE] From peer 2: 2048 bytes
[MESSAGE] From peer 2: 2048 bytes
[MESSAGE] From peer 2: 2048 bytes
[MESSAGE] From peer 2: 2048 bytes
[MESSAGE] From peer 2: 2048 bytes
[MESSAGE] From peer 2: 2048 bytes
[MESSAGE] From peer 2: 2048 bytes
[MESSAGE] From peer 2: 2048 bytes
[MESSAGE] From peer 2: 2048 bytes
[MESSAGE] From peer 2: 2048 bytes
[MESSAGE] From peer 2: 2048 bytes
[MESSAGE] From peer 2: 2048 bytes
[MESSAGE] From peer 2: 2048 bytes
[MESSAGE] From peer 2: 2048 bytes
[MESSAGE] From peer 2: 2048 bytes
[MESSAGE] From peer 2: 2048 bytes
[MESSAGE] From peer 2: 2048 bytes
[MESSAGE] From peer 2: 2048 bytes
[MESSAGE] From peer 2: 2048 bytes
[MESSAGE] From peer 2: 2048 bytes
[MESSAGE] From peer 2: 2048 bytes
[MESSAGE] From peer 2: 2048 bytes
[MESSAGE] From peer 2: 2048 bytes
[MESSAGE] From peer 2: 2048 bytes
[MESSAGE] From peer 2: 2048 bytes
[MESSAGE] From peer 2: 2048 bytes
[MESSAGE] From peer 2: 2048 bytes
[MESSAGE] From peer 2: 2048 bytes
[MESSAGE] From peer 2: 2048 bytes
[MESSAGE] From peer 2: 2048 bytes
[MESSAGE] From peer 2: 2048 bytes
[MESSAGE] From peer 2: 2048 bytes
[MESSAGE] From peer 2: 2048 bytes
[MESSAGE] From peer 2: 2048 bytes
[MESSAGE] From peer 2: 2048 bytes
[MESSAGE] From peer 2: 2048 bytes
[MESSAGE] From peer 2: 2048 bytes
[MESSAGE] From peer 2: 2048 bytes
[MESSAGE] From peer 2: 2048 bytes
[MESSAGE] From peer 2: 2048 bytes
[MESSAGE] From peer 2: 2048 bytes
[MESSAGE] From peer 2: 2048 bytes
[MESSAGE] From peer 2: 2048 bytes
[MESSAGE] From peer 2: 2048 bytes
[MESSAGE] From peer 2: 2048 bytes
[MESSAGE] From peer 2: 2048 bytes
[MESSAGE] From peer 2: 2048 bytes
[MESSAGE] From peer 2: 2048 bytes
[MESSAGE] From peer 2: 2048 bytes
[MESSAGE] From peer 2: 2048 bytes
[MESSAGE] From peer 2: 2048 bytes
[MESSAGE] From peer 2: 2048 bytes
[MESSAGE] From peer 2: 2048 bytes
[MESSAGE] From peer 2: 2048 bytes
[MESSAGE] From peer 2: 2048 bytes
[MESSAGE] From peer 2: 2048 bytes
[MESSAGE] From peer 2: 2048 bytes
[MESSAGE] From peer 2: 2048 bytes
[MESSAGE] From peer 2: 2048 bytes
[MESSAGE] From peer 2: 2048 bytes
[MESSAGE] From peer 2: 2048 bytes
[MESSAGE] From peer 2: 2048 bytes
[MESSAGE] From peer 2: 2048 bytes
[MESSAGE] From peer 2: 2048 bytes
[MESSAGE] From peer 2: 2048 bytes
[MESSAGE] From peer 2: 2048 bytes
[MESSAGE] From peer 2: 2048 bytes
[MESSAGE] From peer 2: 2048 bytes
[MESSAGE] From peer 2: 2048 bytes
[MESSAGE] From peer 2: 2048 bytes
[MESSAGE] From peer 2: 2048 bytes
[MESSAGE] From peer 2: 2048 bytes
[MESSAGE] From peer 2: 2048 bytes
[ECHO] 20200 messages echoed
[MESSAGE] From peer 2: 2048 bytes
[MESSAGE] From peer 2: 2048 bytes
[MESSAGE] From peer 2: 2048 bytes
[MESSAGE] From peer 2: 2048 bytes
[MESSAGE] From peer 2: 2048 bytes
[MESSAGE] From peer 2: 2048 bytes
[STATUS] 13070 sec: peers=23, msgs=67173, connected=yes
[MESSAGE] From peer 2: 2048 bytes
[MESSAGE] From peer 2: 2048 bytes
[MESSAGE] From peer 2: 2048 bytes
[MESSAGE] From peer 2: 2048 bytes
[MESSAGE] From peer 2: 2048 bytes
[MESSAGE] From peer 2: 2048 bytes
[MESSAGE] From peer 2: 2048 bytes
[MESSAGE] From peer 2: 2048 bytes
[MESSAGE] From peer 2: 2048 bytes
[MESSAGE] From peer 2: 2048 bytes
[MESSAGE] From peer 2: 2048 bytes
[MESSAGE] From peer 2: 2048 bytes
[MESSAGE] From peer 2: 2048 bytes
[MESSAGE] From peer 2: 2048 bytes
[MESSAGE] From peer 2: 2048 bytes
[MESSAGE] From peer 2: 2048 bytes
[MESSAGE] From peer 2: 2048 bytes
[MESSAGE] From peer 2: 2048 bytes
[MESSAGE] From peer 2: 2048 bytes
[MESSAGE] From peer 2: 2048 bytes
[MESSAGE] From peer 2: 2048 bytes
[MESSAGE] From peer 2: 2048 bytes
[MESSAGE] From peer 2: 2048 bytes
[MESSAGE] From peer 2: 2048 bytes
[MESSAGE] From peer 2: 2048 bytes
[MESSAGE] From peer 2: 2048 bytes
[MESSAGE] From peer 2: 2048 bytes
[MESSAGE] From peer 2: 2048 bytes
[MESSAGE] From peer 2: 2048 bytes
[MESSAGE] From peer 2: 2048 bytes
[MESSAGE] From peer 2: 2048 bytes
[MESSAGE] From peer 2: 2048 bytes
[MESSAGE] From peer 2: 2048 bytes
[MESSAGE] From peer 2: 2048 bytes
[MESSAGE] From peer 2: 2048 bytes
[MESSAGE] From peer 2: 2048 bytes
[MESSAGE] From peer 2: 2048 bytes
[MESSAGE] From peer 2: 2048 bytes
[MESSAGE] From peer 2: 2048 bytes
[MESSAGE] From peer 2: 2048 bytes
[MESSAGE] From peer 2: 2048 bytes
[MESSAGE] From peer 2: 2048 bytes
[MESSAGE] From peer 2: 2048 bytes
[MESSAGE] From peer 2: 2048 bytes
[MESSAGE] From peer 2: 2048 bytes
[MESSAGE] From peer 2: 2048 bytes
[MESSAGE] From peer 2: 2048 bytes
[MESSAGE] From peer 2: 2048 bytes
[MESSAGE] From peer 2: 2048 bytes
[MESSAGE] From peer 2: 2048 bytes
[MESSAGE] From peer 2: 2048 bytes
[MESSAGE] From peer 2: 2048 bytes
[MESSAGE] From peer 2: 2048 bytes
[MESSAGE] From peer 2: 2048 bytes
[MESSAGE] From peer 2: 2048 bytes
[MESSAGE] From peer 2: 2048 bytes
[MESSAGE] From peer 2: 2048 bytes
[MESSAGE] From peer 2: 2048 bytes
[MESSAGE] From peer 2: 2048 bytes
[MESSAGE] From peer 2: 2048 bytes
[MESSAGE] From peer 2: 2048 bytes
[MESSAGE] From peer 2: 2048 bytes
[MESSAGE] From peer 2: 2048 bytes
[MESSAGE] From peer 2: 2048 bytes
[MESSAGE] From peer 2: 2048 bytes
[MESSAGE] From peer 2: 2048 bytes
[MESSAGE] From peer 2: 2048 bytes
[MESSAGE] From peer 2: 2048 bytes
[MESSAGE] From peer 2: 2048 bytes
[MESSAGE] From peer 2: 2048 bytes
[MESSAGE] From peer 2: 2048 bytes
[MESSAGE] From peer 2: 2048 bytes
[MESSAGE] From peer 2: 2048 bytes
[MESSAGE] From peer 2: 2048 bytes
[MESSAGE] From peer 2: 2048 bytes
[MESSAGE] From peer 2: 2048 bytes
[MESSAGE] From peer 2: 2048 bytes
[MESSAGE] From peer 2: 2048 bytes
[MESSAGE] From peer 2: 2048 bytes
[MESSAGE] From peer 2: 2048 bytes
[MESSAGE] From peer 2: 2048 bytes
[MESSAGE] From peer 2: 2048 bytes
[MESSAGE] From peer 2: 2048 bytes
[MESSAGE] From peer 2: 2048 bytes
[MESSAGE] From peer 2: 2048 bytes
[MESSAGE] From peer 2: 2048 bytes
[MESSAGE] From peer 2: 2048 bytes
[STATUS] 13080 sec: peers=23, msgs=67260, connected=yes
[MESSAGE] From peer 2: 2048 bytes
[MESSAGE] From peer 2: 2048 bytes
[MESSAGE] From peer 2: 2048 bytes
[MESSAGE] From peer 2: 2048 bytes
[MESSAGE] From peer 2: 2048 bytes
[MESSAGE] From peer 2: 2048 bytes
[MESSAGE] From peer 2: 2048 bytes
[ECHO] 20300 messages echoed
[MESSAGE] From peer 2: 2048 bytes
[MESSAGE] From peer 2: 2048 bytes
[MESSAGE] From peer 2: 2048 bytes
[MESSAGE] From peer 2: 4096 bytes
[MESSAGE] From peer 2: 4096 bytes
[MESSAGE] From peer 2: 4096 bytes
[MESSAGE] From peer 2: 4096 bytes
[MESSAGE] From peer 2: 4096 bytes
[MESSAGE] From peer 2: 4096 bytes
[MESSAGE] From peer 2: 4096 bytes
[MESSAGE] From peer 2: 4096 bytes
[MESSAGE] From peer 2: 4096 bytes
[MESSAGE] From peer 2: 4096 bytes
[MESSAGE] From peer 2: 4096 bytes
[MESSAGE] From peer 2: 4096 bytes
[MESSAGE] From peer 2: 4096 bytes
[MESSAGE] From peer 2: 4096 bytes
[MESSAGE] From peer 2: 4096 bytes
[MESSAGE] From peer 2: 4096 bytes
[MESSAGE] From peer 2: 4096 bytes
[MESSAGE] From peer 2: 4096 bytes
[MESSAGE] From peer 2: 4096 bytes
[MESSAGE] From peer 2: 4096 bytes
[MESSAGE] From peer 2: 4096 bytes
[MESSAGE] From peer 2: 4096 bytes
[MESSAGE] From peer 2: 4096 bytes
[MESSAGE] From peer 2: 4096 bytes
[MESSAGE] From peer 2: 4096 bytes
[MESSAGE] From peer 2: 4096 bytes
[MESSAGE] From peer 2: 4096 bytes
[MESSAGE] From peer 2: 4096 bytes
[MESSAGE] From peer 2: 4096 bytes
[MESSAGE] From peer 2: 4096 bytes
[MESSAGE] From peer 2: 4096 bytes
[MESSAGE] From peer 2: 4096 bytes
[MESSAGE] From peer 2: 4096 bytes
[MESSAGE] From peer 2: 4096 bytes
[MESSAGE] From peer 2: 4096 bytes
[MESSAGE] From peer 2: 4096 bytes
[MESSAGE] From peer 2: 4096 bytes
[MESSAGE] From peer 2: 4096 bytes
[MESSAGE] From peer 2: 4096 bytes
[MESSAGE] From peer 2: 4096 bytes
[MESSAGE] From peer 2: 4096 bytes
[MESSAGE] From peer 2: 4096 bytes
[MESSAGE] From peer 2: 4096 bytes
[MESSAGE] From peer 2: 4096 bytes
[MESSAGE] From peer 2: 4096 bytes
[MESSAGE] From peer 2: 4096 bytes
[MESSAGE] From peer 2: 4096 bytes
[MESSAGE] From peer 2: 4096 bytes
[MESSAGE] From peer 2: 4096 bytes
[MESSAGE] From peer 2: 4096 bytes
[MESSAGE] From peer 2: 4096 bytes
[STATUS] 13090 sec: peers=23, msgs=67321, connected=yes
[MESSAGE] From peer 2: 4096 bytes
[MESSAGE] From peer 2: 4096 bytes
[MESSAGE] From peer 2: 4096 bytes
[MESSAGE] From peer 2: 4096 bytes
[MESSAGE] From peer 2: 4096 bytes
[MESSAGE] From peer 2: 4096 bytes
[MESSAGE] From peer 2: 4096 bytes
[MESSAGE] From peer 2: 4096 bytes
[MESSAGE] From peer 2: 4096 bytes
[MESSAGE] From peer 2: 4096 bytes
[MESSAGE] From peer 2: 4096 bytes
[MESSAGE] From peer 2: 4096 bytes
[MESSAGE] From peer 2: 4096 bytes
[MESSAGE] From peer 2: 4096 bytes
[MESSAGE] From peer 2: 4096 bytes
[MESSAGE] From peer 2: 4096 bytes
[MESSAGE] From peer 2: 4096 bytes
[MESSAGE] From peer 2: 4096 bytes
[MESSAGE] From peer 2: 4096 bytes
[MESSAGE] From peer 2: 4096 bytes
[MESSAGE] From peer 2: 4096 bytes
[MESSAGE] From peer 2: 4096 bytes
[MESSAGE] From peer 2: 4096 bytes
[MESSAGE] From peer 2: 4096 bytes
[MESSAGE] From peer 2: 4096 bytes
[MESSAGE] From peer 2: 4096 bytes
[MESSAGE] From peer 2: 4096 bytes
[MESSAGE] From peer 2: 4096 bytes
[MESSAGE] From peer 2: 4096 bytes
[MESSAGE] From peer 2: 4096 bytes
[MESSAGE] From peer 2: 4096 bytes
[MESSAGE] From peer 2: 4096 bytes
[MESSAGE] From peer 2: 4096 bytes
[MESSAGE] From peer 2: 4096 bytes
[MESSAGE] From peer 2: 4096 bytes
[MESSAGE] From peer 2: 4096 bytes
[MESSAGE] From peer 2: 4096 bytes
[MESSAGE] From peer 2: 4096 bytes
[MESSAGE] From peer 2: 4096 bytes
[MESSAGE] From peer 2: 4096 bytes
[MESSAGE] From peer 2: 4096 bytes
[MESSAGE] From peer 2: 4096 bytes
[MESSAGE] From peer 2: 4096 bytes
[MESSAGE] From peer 2: 4096 bytes
[MESSAGE] From peer 2: 4096 bytes
[MESSAGE] From peer 2: 4096 bytes
[ECHO] 20400 messages echoed
[MESSAGE] From peer 2: 4096 bytes
[MESSAGE] From peer 2: 4096 bytes
[MESSAGE] From peer 2: 4096 bytes
[MESSAGE] From peer 2: 4096 bytes
[MESSAGE] From peer 2: 4096 bytes
[MESSAGE] From peer 2: 4096 bytes
[MESSAGE] From peer 2: 4096 bytes
[STATUS] 13100 sec: peers=23, msgs=67374, connected=yes
[MESSAGE] From peer 2: 4096 bytes
[MESSAGE] From peer 2: 4096 bytes
[MESSAGE] From peer 2: 4096 bytes
[MESSAGE] From peer 2: 4096 bytes
[MESSAGE] From peer 2: 4096 bytes
[MESSAGE] From peer 2: 4096 bytes
[MESSAGE] From peer 2: 4096 bytes
[MESSAGE] From peer 2: 4096 bytes
[MESSAGE] From peer 2: 4096 bytes
[MESSAGE] From peer 2: 4096 bytes
[MESSAGE] From peer 2: 4096 bytes
[MESSAGE] From peer 2: 4096 bytes
[MESSAGE] From peer 2: 4096 bytes
[MESSAGE] From peer 2: 4096 bytes
[MESSAGE] From peer 2: 4096 bytes
[MESSAGE] From peer 2: 4096 bytes
[MESSAGE] From peer 2: 4096 bytes
[MESSAGE] From peer 2: 4096 bytes
[STATUS] 13110 sec: peers=23, msgs=67392, connected=yes, echo_queue=4
[MESSAGE] From peer 2: 1024 bytes
[LOG] Detected log stream marker from peer 2 (IP 0x0ABC0137)
[LOG] Started receiving logs from MacThroughput (IP 0x0ABC0137, 4319 bytes expected)
[MESSAGE] From peer 2: 1024 bytes
[LOG] Received 2048/4319 bytes
[MESSAGE] From peer 2: 1024 bytes
[LOG] Received 3072/4319 bytes
[MESSAGE] From peer 2: 1024 bytes
[LOG] Received 4096/4319 bytes
[MESSAGE] From peer 2: 223 bytes
[LOG] Received 4319/4319 bytes
[LOG] Saved 4311 bytes to plan/performance/mactcp/macse/throughput_20260221_172336.log

========== throughput METRICS ==========
=====================================

[STATUS] 13120 sec: peers=23, msgs=67397, connected=yes
[DISCONNECTED] Peer 2 (reason=0)
[STATUS] 13130 sec: peers=23, msgs=67397, connected=no
