========================================
PeerTalk Throughput Test
Version: 1.0.0
========================================
Memory after pool alloc: FreeMem=230212 MaxBlock=229806
Buffer pool: 2 buffers × 32KB (25% threshold=8192B)
Initializing PeerTalk...
Waiting for peer...
Press any key to exit.
DISCOVERED: "PerfPartner" at 10.188.1.59:7354
Connecting to peer...
CONNECTED to peer 1
Peer capabilities: max_msg=4096 chunk=1024 pressure=0
Peer buffer info: recv_buf=8192 optimal_chunk=2048
Effective max message size: 4096 bytes
Optimal chunk for peer: 1024 bytes
Starting throughput test with buffer size 256 (window=4)
BUF 256: sent=3 KB/s (79 msgs) recv=3 KB/s (75 msgs) inflight=4
DISCOVERED: "PerfPartner" at 10.188.1.59:7354
BUF 256: sent=3 KB/s (163 msgs) recv=3 KB/s (159 msgs) inflight=4
BUF 256: sent=4 KB/s (251 msgs) recv=4 KB/s (247 msgs) inflight=4
DISCOVERED: "PerfPartner" at 10.188.1.59:7354
BUF 256: sent=4 KB/s (338 msgs) recv=4 KB/s (334 msgs) inflight=4
BUF 256: sent=4 KB/s (425 msgs) recv=4 KB/s (421 msgs) inflight=4
DISCOVERED: "PerfPartner" at 10.188.1.59:7354
BUF 256: sent=3 KB/s (499 msgs) recv=3 KB/s (495 msgs) inflight=4
COMPLETE 256 bytes: SEND=3 KB/s (499 msgs) RECV=3 KB/s (495 msgs)
Starting buffer size 512 test
BUF 512: sent=8 KB/s (84 msgs) recv=8 KB/s (84 msgs) inflight=4
DISCOVERED: "PerfPartner" at 10.188.1.59:7354
BUF 512: sent=8 KB/s (164 msgs) recv=8 KB/s (164 msgs) inflight=4
BUF 512: sent=7 KB/s (241 msgs) recv=7 KB/s (241 msgs) inflight=4
DISCOVERED: "PerfPartner" at 10.188.1.59:7354
BUF 512: sent=7 KB/s (325 msgs) recv=7 KB/s (325 msgs) inflight=4
BUF 512: sent=7 KB/s (405 msgs) recv=7 KB/s (405 msgs) inflight=4
DISCOVERED: "PerfPartner" at 10.188.1.59:7354
COMPLETE 512 bytes: SEND=7 KB/s (481 msgs) RECV=7 KB/s (481 msgs)
Starting buffer size 1024 test
BUF 1024: sent=13 KB/s (8 msgs) recv=10 KB/s (8 msgs) inflight=4
BUF 1024: sent=8 KB/s (48 msgs) recv=8 KB/s (48 msgs) inflight=4
DISCOVERED: "PerfPartner" at 10.188.1.59:7354
BUF 1024: sent=9 KB/s (100 msgs) recv=9 KB/s (100 msgs) inflight=4
BUF 1024: sent=9 KB/s (152 msgs) recv=9 KB/s (152 msgs) inflight=4
DISCOVERED: "PerfPartner" at 10.188.1.59:7354
BUF 1024: sent=9 KB/s (200 msgs) recv=9 KB/s (200 msgs) inflight=4
BUF 1024: sent=9 KB/s (252 msgs) recv=9 KB/s (252 msgs) inflight=4
DISCOVERED: "PerfPartner" at 10.188.1.59:7354
COMPLETE 1024 bytes: SEND=9 KB/s (292 msgs) RECV=9 KB/s (292 msgs)
Starting buffer size 2048 test
BUF 2048: sent=18 KB/s (8 msgs) recv=13 KB/s (8 msgs) inflight=4
BUF 2048: sent=18 KB/s (56 msgs) recv=17 KB/s (56 msgs) inflight=4
DISCOVERED: "PerfPartner" at 10.188.1.59:7354
BUF 2048: sent=16 KB/s (104 msgs) recv=16 KB/s (104 msgs) inflight=4
BUF 2048: sent=17 KB/s (140 msgs) recv=16 KB/s (140 msgs) inflight=4
DISCOVERED: "PerfPartner" at 10.188.1.59:7354
BUF 2048: sent=17 KB/s (184 msgs) recv=17 KB/s (184 msgs) inflight=4
BUF 2048: sent=17 KB/s (232 msgs) recv=17 KB/s (232 msgs) inflight=4
DISCOVERED: "PerfPartner" at 10.188.1.59:7354
COMPLETE 2048 bytes: SEND=17 KB/s (268 msgs) RECV=17 KB/s (268 msgs)
Starting buffer size 4096 test
BUF 4096: sent=31 KB/s (8 msgs) recv=23 KB/s (8 msgs) inflight=4
DISCOVERED: "PerfPartner" at 10.188.1.59:7354
BUF 4096: sent=26 KB/s (42 msgs) recv=25 KB/s (42 msgs) inflight=4
BUF 4096: sent=24 KB/s (68 msgs) recv=23 KB/s (68 msgs) inflight=4
DISCOVERED: "PerfPartner" at 10.188.1.59:7354
BUF 4096: sent=25 KB/s (104 msgs) recv=25 KB/s (104 msgs) inflight=4
BUF 4096: sent=20 KB/s (122 msgs) recv=20 KB/s (122 msgs) inflight=4
DISCOVERED: "PerfPartner" at 10.188.1.59:7354
BUF 4096: sent=17 KB/s (122 msgs) recv=16 KB/s (122 msgs) inflight=4
COMPLETE 4096 bytes: SEND=15 KB/s (122 msgs) RECV=15 KB/s (122 msgs)
All throughput tests complete
========================================
THROUGHPUT TEST RESULTS
========================================
 256 bytes: SEND    3 KB/s  RECV    3 KB/s  (errs=0)
 512 bytes: SEND    7 KB/s  RECV    7 KB/s  (errs=0)
1024 bytes: SEND    9 KB/s  RECV    9 KB/s  (errs=0)
2048 bytes: SEND   17 KB/s  RECV   17 KB/s  (errs=0)
4096 bytes: SEND   15 KB/s  RECV   15 KB/s  (errs=0)
========================================
Memory: FreeMem=20132 MaxBlock=18886
Streaming 4267 bytes of logs to partner...
