========================================
PeerTalk Throughput Test
Version: 1.0.0
========================================
Memory after pool alloc: FreeMem=171700 MaxBlock=170950
Buffer pool: 4 buffers × 32KB (25% threshold=8192B)
Initializing PeerTalk...
Waiting for peer...
Press any key to exit.
DISCOVERED: "PerfPartner" at 10.188.1.173:7354
Connecting to peer...
CONNECTED to peer 1
Peer capabilities: max_msg=4096 chunk=1024 pressure=0
Peer buffer info: recv_buf=8192 optimal_chunk=2048
Effective max message size: 4096 bytes
Optimal chunk for peer: 1024 bytes
Starting throughput test with buffer size 256 (window=4)
BUF 256: sent=4 KB/s (92 msgs) recv=4 KB/s (88 msgs) inflight=4
DISCOVERED: "PerfPartner" at 10.188.1.173:7354
BUF 256: sent=4 KB/s (180 msgs) recv=4 KB/s (176 msgs) inflight=4
BUF 256: sent=4 KB/s (272 msgs) recv=4 KB/s (268 msgs) inflight=4
DISCOVERED: "PerfPartner" at 10.188.1.173:7354
BUF 256: sent=4 KB/s (364 msgs) recv=4 KB/s (360 msgs) inflight=4
BUF 256: sent=4 KB/s (455 msgs) recv=4 KB/s (451 msgs) inflight=4
DISCOVERED: "PerfPartner" at 10.188.1.173:7354
COMPLETE 256 bytes: SEND=4 KB/s (507 msgs) RECV=4 KB/s (503 msgs)
Starting buffer size 512 test
BUF 512: sent=9 KB/s (12 msgs) recv=7 KB/s (12 msgs) inflight=4
BUF 512: sent=8 KB/s (100 msgs) recv=8 KB/s (100 msgs) inflight=4
DISCOVERED: "PerfPartner" at 10.188.1.173:7354
BUF 512: sent=8 KB/s (184 msgs) recv=8 KB/s (184 msgs) inflight=4
BUF 512: sent=8 KB/s (272 msgs) recv=8 KB/s (272 msgs) inflight=4
DISCOVERED: "PerfPartner" at 10.188.1.173:7354
BUF 512: sent=8 KB/s (339 msgs) recv=7 KB/s (339 msgs) inflight=4
BUF 512: sent=8 KB/s (427 msgs) recv=8 KB/s (427 msgs) inflight=4
DISCOVERED: "PerfPartner" at 10.188.1.173:7354
COMPLETE 512 bytes: SEND=8 KB/s (491 msgs) RECV=8 KB/s (491 msgs)
Starting buffer size 1024 test
BUF 1024: sent=15 KB/s (20 msgs) recv=13 KB/s (20 msgs) inflight=4
BUF 1024: sent=15 KB/s (100 msgs) recv=15 KB/s (100 msgs) inflight=4
DISCOVERED: "PerfPartner" at 10.188.1.173:7354
BUF 1024: sent=15 KB/s (176 msgs) recv=15 KB/s (176 msgs) inflight=4
BUF 1024: sent=15 KB/s (256 msgs) recv=15 KB/s (256 msgs) inflight=4
DISCOVERED: "PerfPartner" at 10.188.1.173:7354
BUF 1024: sent=14 KB/s (324 msgs) recv=14 KB/s (324 msgs) inflight=4
BUF 1024: sent=14 KB/s (404 msgs) recv=14 KB/s (404 msgs) inflight=4
DISCOVERED: "PerfPartner" at 10.188.1.173:7354
COMPLETE 1024 bytes: SEND=14 KB/s (440 msgs) RECV=14 KB/s (440 msgs)
Starting buffer size 2048 test
BUF 2048: sent=19 KB/s (24 msgs) recv=17 KB/s (24 msgs) inflight=4
BUF 2048: sent=18 KB/s (70 msgs) recv=18 KB/s (70 msgs) inflight=4
DISCOVERED: "PerfPartner" at 10.188.1.173:7354
BUF 2048: sent=18 KB/s (114 msgs) recv=17 KB/s (114 msgs) inflight=4
BUF 2048: sent=18 KB/s (161 msgs) recv=17 KB/s (161 msgs) inflight=4
DISCOVERED: "PerfPartner" at 10.188.1.173:7354
BUF 2048: sent=18 KB/s (207 msgs) recv=18 KB/s (207 msgs) inflight=4
BUF 2048: sent=18 KB/s (253 msgs) recv=18 KB/s (253 msgs) inflight=4
DISCOVERED: "PerfPartner" at 10.188.1.173:7354
COMPLETE 2048 bytes: SEND=17 KB/s (265 msgs) RECV=17 KB/s (265 msgs)
Starting buffer size 4096 test
BUF 4096: sent=34 KB/s (20 msgs) recv=28 KB/s (17 msgs) inflight=4
DISCOVERED: "PerfPartner" at 10.188.1.173:7354
BUF 4096: sent=33 KB/s (62 msgs) recv=31 KB/s (59 msgs) inflight=4
BUF 4096: sent=33 KB/s (104 msgs) recv=32 KB/s (101 msgs) inflight=4
DISCOVERED: "PerfPartner" at 10.188.1.173:7354
BUF 4096: sent=33 KB/s (146 msgs) recv=32 KB/s (143 msgs) inflight=4
BUF 4096: sent=33 KB/s (189 msgs) recv=32 KB/s (186 msgs) inflight=4
DISCOVERED: "PerfPartner" at 10.188.1.173:7354
BUF 4096: sent=33 KB/s (230 msgs) recv=32 KB/s (227 msgs) inflight=4
COMPLETE 4096 bytes: SEND=33 KB/s (251 msgs) RECV=32 KB/s (248 msgs)
All throughput tests complete
========================================
THROUGHPUT TEST RESULTS
========================================
 256 bytes: SEND    4 KB/s  RECV    4 KB/s  (errs=0)
 512 bytes: SEND    8 KB/s  RECV    8 KB/s  (errs=0)
1024 bytes: SEND   14 KB/s  RECV   14 KB/s  (errs=0)
2048 bytes: SEND   17 KB/s  RECV   17 KB/s  (errs=0)
4096 bytes: SEND   33 KB/s  RECV   32 KB/s  (errs=0)
========================================
Memory: FreeMem=27266 MaxBlock=26000
Streaming 4305 bytes of logs to partner...
