[STATUS] 970 sec: peers=3, msgs=7945, connected=no
[STATUS] 980 sec: peers=3, msgs=7945, connected=no
[DISCOVERED] Peer 1: "MacThroughput" at 10.188.1.55:7354
[STATUS] 990 sec: peers=4, msgs=7945, connected=no
[CONNECTED] Peer 2
[CAPS] Peer 2: max_msg=4096 chunk=1024 pressure=0 [FRAG]
[CAPS] Peer buffer: recv_buf=8192 optimal_chunk=2048
[CAPS] Effective max message: 4096 bytes
[CAPS] Optimal chunk for peer: 1024 bytes
[MESSAGE] From peer 2: 256 bytes
[MESSAGE] From peer 2: 256 bytes
[MESSAGE] From peer 2: 256 bytes
[MESSAGE] From peer 2: 256 bytes
[MESSAGE] From peer 2: 256 bytes
[MESSAGE] From peer 2: 256 bytes
[MESSAGE] From peer 2: 256 bytes
[MESSAGE] From peer 2: 256 bytes
[MESSAGE] From peer 2: 256 bytes
[MESSAGE] From peer 2: 256 bytes
[MESSAGE] From peer 2: 256 bytes
[MESSAGE] From peer 2: 256 bytes
[MESSAGE] From peer 2: 256 bytes
[MESSAGE] From peer 2: 256 bytes
[MESSAGE] From peer 2: 256 bytes
[MESSAGE] From peer 2: 256 bytes
[MESSAGE] From peer 2: 256 bytes
[MESSAGE] From peer 2: 256 bytes
[MESSAGE] From peer 2: 256 bytes
[MESSAGE] From peer 2: 256 bytes
[MESSAGE] From peer 2: 256 bytes
[MESSAGE] From peer 2: 256 bytes
[MESSAGE] From peer 2: 256 bytes
[MESSAGE] From peer 2: 256 bytes
[MESSAGE] From peer 2: 256 bytes
[MESSAGE] From peer 2: 256 bytes
[MESSAGE] From peer 2: 256 bytes
[MESSAGE] From peer 2: 256 bytes
[MESSAGE] From peer 2: 256 bytes
[MESSAGE] From peer 2: 256 bytes
[MESSAGE] From peer 2: 256 bytes
[MESSAGE] From peer 2: 256 bytes
[MESSAGE] From peer 2: 256 bytes
[MESSAGE] From peer 2: 256 bytes
[MESSAGE] From peer 2: 256 bytes
[MESSAGE] From peer 2: 256 bytes
[MESSAGE] From peer 2: 256 bytes
[MESSAGE] From peer 2: 256 bytes
[MESSAGE] From peer 2: 256 bytes
[MESSAGE] From peer 2: 256 bytes
[MESSAGE] From peer 2: 256 bytes
[MESSAGE] From peer 2: 256 bytes
[MESSAGE] From peer 2: 256 bytes
[MESSAGE] From peer 2: 256 bytes
[MESSAGE] From peer 2: 256 bytes
[MESSAGE] From peer 2: 256 bytes
[MESSAGE] From peer 2: 256 bytes
[MESSAGE] From peer 2: 256 bytes
[MESSAGE] From peer 2: 256 bytes
[MESSAGE] From peer 2: 256 bytes
[MESSAGE] From peer 2: 256 bytes
[MESSAGE] From peer 2: 256 bytes
[MESSAGE] From peer 2: 256 bytes
[MESSAGE] From peer 2: 256 bytes
[MESSAGE] From peer 2: 256 bytes
[MESSAGE] From peer 2: 256 bytes
[MESSAGE] From peer 2: 256 bytes
[MESSAGE] From peer 2: 256 bytes
[MESSAGE] From peer 2: 256 bytes
[MESSAGE] From peer 2: 256 bytes
[MESSAGE] From peer 2: 256 bytes
[MESSAGE] From peer 2: 256 bytes
[MESSAGE] From peer 2: 256 bytes
[MESSAGE] From peer 2: 256 bytes
[MESSAGE] From peer 2: 256 bytes
[MESSAGE] From peer 2: 256 bytes
[MESSAGE] From peer 2: 256 bytes
[MESSAGE] From peer 2: 256 bytes
[MESSAGE] From peer 2: 256 bytes
[MESSAGE] From peer 2: 256 bytes
[MESSAGE] From peer 2: 256 bytes
[MESSAGE] From peer 2: 256 bytes
[MESSAGE] From peer 2: 256 bytes
[MESSAGE] From peer 2: 256 bytes
[MESSAGE] From peer 2: 256 bytes
[MESSAGE] From peer 2: 256 bytes
[MESSAGE] From peer 2: 256 bytes
[MESSAGE] From peer 2: 256 bytes
[MESSAGE] From peer 2: 256 bytes
[MESSAGE] From peer 2: 256 bytes
[MESSAGE] From peer 2: 256 bytes
[MESSAGE] From peer 2: 256 bytes
[MESSAGE] From peer 2: 256 bytes
[MESSAGE] From peer 2: 256 bytes
[MESSAGE] From peer 2: 256 bytes
[MESSAGE] From peer 2: 256 bytes
[MESSAGE] From peer 2: 256 bytes
[MESSAGE] From peer 2: 256 bytes
[MESSAGE] From peer 2: 256 bytes
[MESSAGE] From peer 2: 256 bytes
[MESSAGE] From peer 2: 256 bytes
[MESSAGE] From peer 2: 256 bytes
[ECHO] 8000 messages echoed
[MESSAGE] From peer 2: 256 bytes
[MESSAGE] From peer 2: 256 bytes
[MESSAGE] From peer 2: 256 bytes
[MESSAGE] From peer 2: 256 bytes
[STATUS] 1000 sec: peers=4, msgs=8041, connected=yes
[MESSAGE] From peer 2: 256 bytes
[MESSAGE] From peer 2: 256 bytes
[MESSAGE] From peer 2: 256 bytes
[MESSAGE] From peer 2: 256 bytes
[MESSAGE] From peer 2: 256 bytes
[MESSAGE] From peer 2: 256 bytes
[MESSAGE] From peer 2: 256 bytes
[MESSAGE] From peer 2: 256 bytes
[MESSAGE] From peer 2: 256 bytes
[MESSAGE] From peer 2: 256 bytes
[MESSAGE] From peer 2: 256 bytes
[MESSAGE] From peer 2: 256 bytes
[MESSAGE] From peer 2: 256 bytes
[MESSAGE] From peer 2: 256 bytes
[MESSAGE] From peer 2: 256 bytes
[MESSAGE] From peer 2: 256 bytes
[MESSAGE] From peer 2: 256 bytes
[MESSAGE] From peer 2: 256 bytes
[MESSAGE] From peer 2: 256 bytes
[MESSAGE] From peer 2: 256 bytes
[MESSAGE] From peer 2: 256 bytes
[MESSAGE] From peer 2: 256 bytes
[MESSAGE] From peer 2: 256 bytes
[MESSAGE] From peer 2: 256 bytes
[MESSAGE] From peer 2: 256 bytes
[MESSAGE] From peer 2: 256 bytes
[MESSAGE] From peer 2: 256 bytes
[MESSAGE] From peer 2: 256 bytes
[MESSAGE] From peer 2: 256 bytes
[MESSAGE] From peer 2: 256 bytes
[MESSAGE] From peer 2: 256 bytes
[MESSAGE] From peer 2: 256 bytes
[MESSAGE] From peer 2: 256 bytes
[MESSAGE] From peer 2: 256 bytes
[MESSAGE] From peer 2: 256 bytes
[MESSAGE] From peer 2: 256 bytes
[MESSAGE] From peer 2: 256 bytes
[MESSAGE] From peer 2: 256 bytes
[MESSAGE] From peer 2: 256 bytes
[MESSAGE] From peer 2: 256 bytes
[MESSAGE] From peer 2: 256 bytes
[MESSAGE] From peer 2: 256 bytes
[MESSAGE] From peer 2: 256 bytes
[MESSAGE] From peer 2: 256 bytes
[MESSAGE] From peer 2: 256 bytes
[MESSAGE] From peer 2: 256 bytes
[MESSAGE] From peer 2: 256 bytes
[MESSAGE] From peer 2: 256 bytes
[MESSAGE] From peer 2: 256 bytes
[MESSAGE] From peer 2: 256 bytes
[MESSAGE] From peer 2: 256 bytes
[MESSAGE] From peer 2: 256 bytes
[MESSAGE] From peer 2: 256 bytes
[MESSAGE] From peer 2: 256 bytes
[MESSAGE] From peer 2: 256 bytes
[MESSAGE] From peer 2: 256 bytes
[MESSAGE] From peer 2: 256 bytes
[MESSAGE] From peer 2: 256 bytes
[MESSAGE] From peer 2: 256 bytes
[MESSAGE] From peer 2: 256 bytes
[MESSAGE] From peer 2: 256 bytes
[MESSAGE] From peer 2: 256 bytes
[MESSAGE] From peer 2: 256 bytes
[MESSAGE] From peer 2: 256 bytes
[MESSAGE] From peer 2: 256 bytes
[MESSAGE] From peer 2: 256 bytes
[MESSAGE] From peer 2: 256 bytes
[MESSAGE] From peer 2: 256 bytes
[MESSAGE] From peer 2: 256 bytes
[MESSAGE] From peer 2: 256 bytes
[MESSAGE] From peer 2: 256 bytes
[MESSAGE] From peer 2: 256 bytes
[MESSAGE] From peer 2: 256 bytes
[MESSAGE] From peer 2: 256 bytes
[MESSAGE] From peer 2: 256 bytes
[MESSAGE] From peer 2: 256 bytes
[MESSAGE] From peer 2: 256 bytes
[MESSAGE] From peer 2: 256 bytes
[MESSAGE] From peer 2: 256 bytes
[MESSAGE] From peer 2: 256 bytes
[MESSAGE] From peer 2: 256 bytes
[MESSAGE] From peer 2: 256 bytes
[MESSAGE] From peer 2: 256 bytes
[MESSAGE] From peer 2: 256 bytes
[MESSAGE] From peer 2: 256 bytes
[MESSAGE] From peer 2: 256 bytes
[MESSAGE] From peer 2: 256 bytes
[MESSAGE] From peer 2: 256 bytes
[MESSAGE] From peer 2: 256 bytes
[MESSAGE] From peer 2: 256 bytes
[MESSAGE] From peer 2: 256 bytes
[MESSAGE] From peer 2: 256 bytes
[MESSAGE] From peer 2: 256 bytes
[MESSAGE] From peer 2: 256 bytes
[MESSAGE] From peer 2: 256 bytes
[MESSAGE] From peer 2: 256 bytes
[ECHO] 8100 messages echoed
[MESSAGE] From peer 2: 256 bytes
[MESSAGE] From peer 2: 256 bytes
[MESSAGE] From peer 2: 256 bytes
[MESSAGE] From peer 2: 256 bytes
[MESSAGE] From peer 2: 256 bytes
[MESSAGE] From peer 2: 256 bytes
[MESSAGE] From peer 2: 256 bytes
[MESSAGE] From peer 2: 256 bytes
[MESSAGE] From peer 2: 256 bytes
[MESSAGE] From peer 2: 256 bytes
[MESSAGE] From peer 2: 256 bytes
[MESSAGE] From peer 2: 256 bytes
[MESSAGE] From peer 2: 256 bytes
[MESSAGE] From peer 2: 256 bytes
[MESSAGE] From peer 2: 256 bytes
[MESSAGE] From peer 2: 256 bytes
[MESSAGE] From peer 2: 256 bytes
[MESSAGE] From peer 2: 256 bytes
[MESSAGE] From peer 2: 256 bytes
[MESSAGE] From peer 2: 256 bytes
[MESSAGE] From peer 2: 256 bytes
[MESSAGE] From peer 2: 256 bytes
[MESSAGE] From peer 2: 256 bytes
[MESSAGE] From peer 2: 256 bytes
[MESSAGE] From peer 2: 256 bytes
[MESSAGE] From peer 2: 256 bytes
[MESSAGE] From peer 2: 256 bytes
[MESSAGE] From peer 2: 256 bytes
[MESSAGE] From peer 2: 256 bytes
[MESSAGE] From peer 2: 256 bytes
[MESSAGE] From peer 2: 256 bytes
[MESSAGE] From peer 2: 256 bytes
[MESSAGE] From peer 2: 256 bytes
[MESSAGE] From peer 2: 256 bytes
[MESSAGE] From peer 2: 256 bytes
[MESSAGE] From peer 2: 256 bytes
[MESSAGE] From peer 2: 256 bytes
[MESSAGE] From peer 2: 256 bytes
[MESSAGE] From peer 2: 256 bytes
[MESSAGE] From peer 2: 256 bytes
[MESSAGE] From peer 2: 256 bytes
[MESSAGE] From peer 2: 256 bytes
[MESSAGE] From peer 2: 256 bytes
[MESSAGE] From peer 2: 256 bytes
[MESSAGE] From peer 2: 256 bytes
[MESSAGE] From peer 2: 256 bytes
[MESSAGE] From peer 2: 256 bytes
[MESSAGE] From peer 2: 256 bytes
[MESSAGE] From peer 2: 256 bytes
[MESSAGE] From peer 2: 256 bytes
[MESSAGE] From peer 2: 256 bytes
[MESSAGE] From peer 2: 256 bytes
[MESSAGE] From peer 2: 256 bytes
[MESSAGE] From peer 2: 256 bytes
[MESSAGE] From peer 2: 256 bytes
[MESSAGE] From peer 2: 256 bytes
[MESSAGE] From peer 2: 256 bytes
[MESSAGE] From peer 2: 256 bytes
[MESSAGE] From peer 2: 256 bytes
[MESSAGE] From peer 2: 256 bytes
[MESSAGE] From peer 2: 256 bytes
[MESSAGE] From peer 2: 256 bytes
[MESSAGE] From peer 2: 256 bytes
[MESSAGE] From peer 2: 256 bytes
[MESSAGE] From peer 2: 256 bytes
[MESSAGE] From peer 2: 256 bytes
[MESSAGE] From peer 2: 256 bytes
[MESSAGE] From peer 2: 256 bytes
[MESSAGE] From peer 2: 256 bytes
[MESSAGE] From peer 2: 256 bytes
[MESSAGE] From peer 2: 256 bytes
[MESSAGE] From peer 2: 256 bytes
[MESSAGE] From peer 2: 256 bytes
[MESSAGE] From peer 2: 256 bytes
[STATUS] 1010 sec: peers=4, msgs=8211, connected=yes
[MESSAGE] From peer 2: 256 bytes
[MESSAGE] From peer 2: 256 bytes
[MESSAGE] From peer 2: 256 bytes
[MESSAGE] From peer 2: 256 bytes
[MESSAGE] From peer 2: 256 bytes
[MESSAGE] From peer 2: 256 bytes
[MESSAGE] From peer 2: 256 bytes
[MESSAGE] From peer 2: 256 bytes
[MESSAGE] From peer 2: 256 bytes
[MESSAGE] From peer 2: 256 bytes
[MESSAGE] From peer 2: 256 bytes
[MESSAGE] From peer 2: 256 bytes
[MESSAGE] From peer 2: 256 bytes
[MESSAGE] From peer 2: 256 bytes
[MESSAGE] From peer 2: 256 bytes
[MESSAGE] From peer 2: 256 bytes
[MESSAGE] From peer 2: 256 bytes
[MESSAGE] From peer 2: 256 bytes
[MESSAGE] From peer 2: 256 bytes
[MESSAGE] From peer 2: 256 bytes
[MESSAGE] From peer 2: 256 bytes
[MESSAGE] From peer 2: 256 bytes
[MESSAGE] From peer 2: 256 bytes
[MESSAGE] From peer 2: 256 bytes
[MESSAGE] From peer 2: 256 bytes
[MESSAGE] From peer 2: 256 bytes
[ECHO] 8200 messages echoed
[MESSAGE] From peer 2: 256 bytes
[MESSAGE] From peer 2: 256 bytes
[MESSAGE] From peer 2: 256 bytes
[MESSAGE] From peer 2: 256 bytes
[MESSAGE] From peer 2: 256 bytes
[MESSAGE] From peer 2: 256 bytes
[MESSAGE] From peer 2: 256 bytes
[MESSAGE] From peer 2: 256 bytes
[MESSAGE] From peer 2: 256 bytes
[MESSAGE] From peer 2: 256 bytes
[MESSAGE] From peer 2: 256 bytes
[MESSAGE] From peer 2: 256 bytes
[MESSAGE] From peer 2: 256 bytes
[MESSAGE] From peer 2: 256 bytes
[MESSAGE] From peer 2: 256 bytes
[MESSAGE] From peer 2: 256 bytes
[MESSAGE] From peer 2: 256 bytes
[MESSAGE] From peer 2: 256 bytes
[MESSAGE] From peer 2: 256 bytes
[MESSAGE] From peer 2: 256 bytes
[MESSAGE] From peer 2: 256 bytes
[MESSAGE] From peer 2: 256 bytes
[MESSAGE] From peer 2: 256 bytes
[MESSAGE] From peer 2: 256 bytes
[MESSAGE] From peer 2: 256 bytes
[MESSAGE] From peer 2: 256 bytes
[MESSAGE] From peer 2: 256 bytes
[MESSAGE] From peer 2: 256 bytes
[MESSAGE] From peer 2: 256 bytes
[MESSAGE] From peer 2: 256 bytes
[MESSAGE] From peer 2: 256 bytes
[MESSAGE] From peer 2: 256 bytes
[MESSAGE] From peer 2: 256 bytes
[MESSAGE] From peer 2: 256 bytes
[MESSAGE] From peer 2: 256 bytes
[MESSAGE] From peer 2: 256 bytes
[MESSAGE] From peer 2: 256 bytes
[MESSAGE] From peer 2: 256 bytes
[MESSAGE] From peer 2: 256 bytes
[MESSAGE] From peer 2: 256 bytes
[MESSAGE] From peer 2: 256 bytes
[MESSAGE] From peer 2: 256 bytes
[MESSAGE] From peer 2: 256 bytes
[MESSAGE] From peer 2: 256 bytes
[MESSAGE] From peer 2: 256 bytes
[MESSAGE] From peer 2: 256 bytes
[MESSAGE] From peer 2: 256 bytes
[MESSAGE] From peer 2: 256 bytes
[MESSAGE] From peer 2: 256 bytes
[MESSAGE] From peer 2: 256 bytes
[MESSAGE] From peer 2: 256 bytes
[MESSAGE] From peer 2: 256 bytes
[MESSAGE] From peer 2: 256 bytes
[MESSAGE] From peer 2: 256 bytes
[MESSAGE] From peer 2: 256 bytes
[MESSAGE] From peer 2: 256 bytes
[MESSAGE] From peer 2: 256 bytes
[MESSAGE] From peer 2: 256 bytes
[MESSAGE] From peer 2: 256 bytes
[MESSAGE] From peer 2: 256 bytes
[MESSAGE] From peer 2: 256 bytes
[MESSAGE] From peer 2: 256 bytes
[MESSAGE] From peer 2: 256 bytes
[MESSAGE] From peer 2: 256 bytes
[MESSAGE] From peer 2: 256 bytes
[MESSAGE] From peer 2: 256 bytes
[MESSAGE] From peer 2: 256 bytes
[MESSAGE] From peer 2: 256 bytes
[MESSAGE] From peer 2: 256 bytes
[MESSAGE] From peer 2: 256 bytes
[MESSAGE] From peer 2: 256 bytes
[MESSAGE] From peer 2: 256 bytes
[MESSAGE] From peer 2: 256 bytes
[MESSAGE] From peer 2: 256 bytes
[MESSAGE] From peer 2: 256 bytes
[MESSAGE] From peer 2: 256 bytes
[MESSAGE] From peer 2: 256 bytes
[MESSAGE] From peer 2: 256 bytes
[MESSAGE] From peer 2: 256 bytes
[MESSAGE] From peer 2: 256 bytes
[MESSAGE] From peer 2: 256 bytes
[MESSAGE] From peer 2: 256 bytes
[MESSAGE] From peer 2: 256 bytes
[MESSAGE] From peer 2: 256 bytes
[MESSAGE] From peer 2: 256 bytes
[MESSAGE] From peer 2: 256 bytes
[MESSAGE] From peer 2: 256 bytes
[MESSAGE] From peer 2: 256 bytes
[MESSAGE] From peer 2: 256 bytes
[MESSAGE] From peer 2: 256 bytes
[MESSAGE] From peer 2: 256 bytes
[MESSAGE] From peer 2: 256 bytes
[MESSAGE] From peer 2: 256 bytes
[MESSAGE] From peer 2: 256 bytes
[MESSAGE] From peer 2: 256 bytes
[MESSAGE] From peer 2: 256 bytes
[MESSAGE] From peer 2: 256 bytes
[MESSAGE] From peer 2: 256 bytes
[MESSAGE] From peer 2: 256 bytes
[MESSAGE] From peer 2: 256 bytes
[ECHO] 8300 messages echoed
[MESSAGE] From peer 2: 256 bytes
[MESSAGE] From peer 2: 256 bytes
[MESSAGE] From peer 2: 256 bytes
[MESSAGE] From peer 2: 256 bytes
[MESSAGE] From peer 2: 256 bytes
[MESSAGE] From peer 2: 256 bytes
[MESSAGE] From peer 2: 256 bytes
[MESSAGE] From peer 2: 256 bytes
[MESSAGE] From peer 2: 256 bytes
[MESSAGE] From peer 2: 256 bytes
[MESSAGE] From peer 2: 256 bytes
[MESSAGE] From peer 2: 256 bytes
[MESSAGE] From peer 2: 256 bytes
[MESSAGE] From peer 2: 256 bytes
[MESSAGE] From peer 2: 256 bytes
[MESSAGE] From peer 2: 256 bytes
[MESSAGE] From peer 2: 256 bytes
[MESSAGE] From peer 2: 256 bytes
[MESSAGE] From peer 2: 256 bytes
[MESSAGE] From peer 2: 256 bytes
[MESSAGE] From peer 2: 256 bytes
[MESSAGE] From peer 2: 256 bytes
[MESSAGE] From peer 2: 256 bytes
[MESSAGE] From peer 2: 256 bytes
[MESSAGE] From peer 2: 256 bytes
[MESSAGE] From peer 2: 256 bytes
[MESSAGE] From peer 2: 256 bytes
[MESSAGE] From peer 2: 256 bytes
[MESSAGE] From peer 2: 256 bytes
[MESSAGE] From peer 2: 256 bytes
[MESSAGE] From peer 2: 256 bytes
[MESSAGE] From peer 2: 256 bytes
[MESSAGE] From peer 2: 256 bytes
[MESSAGE] From peer 2: 256 bytes
[MESSAGE] From peer 2: 256 bytes
[MESSAGE] From peer 2: 256 bytes
[MESSAGE] From peer 2: 256 bytes
[MESSAGE] From peer 2: 256 bytes
[MESSAGE] From peer 2: 256 bytes
[MESSAGE] From peer 2: 256 bytes
[MESSAGE] From peer 2: 256 bytes
[MESSAGE] From peer 2: 256 bytes
[MESSAGE] From peer 2: 256 bytes
[MESSAGE] From peer 2: 256 bytes
[MESSAGE] From peer 2: 256 bytes
[MESSAGE] From peer 2: 256 bytes
[STATUS] 1020 sec: peers=4, msgs=8383, connected=yes
[MESSAGE] From peer 2: 256 bytes
[MESSAGE] From peer 2: 256 bytes
[MESSAGE] From peer 2: 256 bytes
[MESSAGE] From peer 2: 256 bytes
[MESSAGE] From peer 2: 256 bytes
[MESSAGE] From peer 2: 256 bytes
[MESSAGE] From peer 2: 256 bytes
[MESSAGE] From peer 2: 256 bytes
[MESSAGE] From peer 2: 256 bytes
[MESSAGE] From peer 2: 256 bytes
[MESSAGE] From peer 2: 256 bytes
[MESSAGE] From peer 2: 256 bytes
[MESSAGE] From peer 2: 256 bytes
[MESSAGE] From peer 2: 256 bytes
[MESSAGE] From peer 2: 256 bytes
[MESSAGE] From peer 2: 256 bytes
[MESSAGE] From peer 2: 256 bytes
[MESSAGE] From peer 2: 256 bytes
[MESSAGE] From peer 2: 256 bytes
[MESSAGE] From peer 2: 256 bytes
[MESSAGE] From peer 2: 256 bytes
[MESSAGE] From peer 2: 256 bytes
[MESSAGE] From peer 2: 256 bytes
[MESSAGE] From peer 2: 256 bytes
[MESSAGE] From peer 2: 256 bytes
[MESSAGE] From peer 2: 256 bytes
[MESSAGE] From peer 2: 256 bytes
[MESSAGE] From peer 2: 256 bytes
[MESSAGE] From peer 2: 256 bytes
[MESSAGE] From peer 2: 256 bytes
[MESSAGE] From peer 2: 256 bytes
[MESSAGE] From peer 2: 256 bytes
[MESSAGE] From peer 2: 256 bytes
[MESSAGE] From peer 2: 256 bytes
[MESSAGE] From peer 2: 256 bytes
[MESSAGE] From peer 2: 256 bytes
[MESSAGE] From peer 2: 256 bytes
[MESSAGE] From peer 2: 256 bytes
[MESSAGE] From peer 2: 256 bytes
[MESSAGE] From peer 2: 256 bytes
[MESSAGE] From peer 2: 256 bytes
[MESSAGE] From peer 2: 256 bytes
[MESSAGE] From peer 2: 256 bytes
[MESSAGE] From peer 2: 256 bytes
[MESSAGE] From peer 2: 512 bytes
[MESSAGE] From peer 2: 512 bytes
[MESSAGE] From peer 2: 512 bytes
[MESSAGE] From peer 2: 512 bytes
[MESSAGE] From peer 2: 512 bytes
[MESSAGE] From peer 2: 512 bytes
[MESSAGE] From peer 2: 512 bytes
[MESSAGE] From peer 2: 512 bytes
[MESSAGE] From peer 2: 512 bytes
[MESSAGE] From peer 2: 512 bytes
[ECHO] 8400 messages echoed
[MESSAGE] From peer 2: 512 bytes
[MESSAGE] From peer 2: 512 bytes
[MESSAGE] From peer 2: 512 bytes
[MESSAGE] From peer 2: 512 bytes
[MESSAGE] From peer 2: 512 bytes
[MESSAGE] From peer 2: 512 bytes
[MESSAGE] From peer 2: 512 bytes
[MESSAGE] From peer 2: 512 bytes
[MESSAGE] From peer 2: 512 bytes
[MESSAGE] From peer 2: 512 bytes
[MESSAGE] From peer 2: 512 bytes
[MESSAGE] From peer 2: 512 bytes
[MESSAGE] From peer 2: 512 bytes
[MESSAGE] From peer 2: 512 bytes
[MESSAGE] From peer 2: 512 bytes
[MESSAGE] From peer 2: 512 bytes
[MESSAGE] From peer 2: 512 bytes
[MESSAGE] From peer 2: 512 bytes
[MESSAGE] From peer 2: 512 bytes
[MESSAGE] From peer 2: 512 bytes
[MESSAGE] From peer 2: 512 bytes
[MESSAGE] From peer 2: 512 bytes
[MESSAGE] From peer 2: 512 bytes
[MESSAGE] From peer 2: 512 bytes
[MESSAGE] From peer 2: 512 bytes
[MESSAGE] From peer 2: 512 bytes
[MESSAGE] From peer 2: 512 bytes
[MESSAGE] From peer 2: 512 bytes
[MESSAGE] From peer 2: 512 bytes
[MESSAGE] From peer 2: 512 bytes
[MESSAGE] From peer 2: 512 bytes
[MESSAGE] From peer 2: 512 bytes
[MESSAGE] From peer 2: 512 bytes
[MESSAGE] From peer 2: 512 bytes
[MESSAGE] From peer 2: 512 bytes
[MESSAGE] From peer 2: 512 bytes
[MESSAGE] From peer 2: 512 bytes
[MESSAGE] From peer 2: 512 bytes
[MESSAGE] From peer 2: 512 bytes
[MESSAGE] From peer 2: 512 bytes
[MESSAGE] From peer 2: 512 bytes
[MESSAGE] From peer 2: 512 bytes
[MESSAGE] From peer 2: 512 bytes
[MESSAGE] From peer 2: 512 bytes
[MESSAGE] From peer 2: 512 bytes
[MESSAGE] From peer 2: 512 bytes
[MESSAGE] From peer 2: 512 bytes
[MESSAGE] From peer 2: 512 bytes
[MESSAGE] From peer 2: 512 bytes
[MESSAGE] From peer 2: 512 bytes
[MESSAGE] From peer 2: 512 bytes
[MESSAGE] From peer 2: 512 bytes
[MESSAGE] From peer 2: 512 bytes
[MESSAGE] From peer 2: 512 bytes
[MESSAGE] From peer 2: 512 bytes
[MESSAGE] From peer 2: 512 bytes
[MESSAGE] From peer 2: 512 bytes
[MESSAGE] From peer 2: 512 bytes
[MESSAGE] From peer 2: 512 bytes
[MESSAGE] From peer 2: 512 bytes
[MESSAGE] From peer 2: 512 bytes
[MESSAGE] From peer 2: 512 bytes
[MESSAGE] From peer 2: 512 bytes
[MESSAGE] From peer 2: 512 bytes
[MESSAGE] From peer 2: 512 bytes
[MESSAGE] From peer 2: 512 bytes
[MESSAGE] From peer 2: 512 bytes
[MESSAGE] From peer 2: 512 bytes
[MESSAGE] From peer 2: 512 bytes
[MESSAGE] From peer 2: 512 bytes
[MESSAGE] From peer 2: 512 bytes
[MESSAGE] From peer 2: 512 bytes
[MESSAGE] From peer 2: 512 bytes
[MESSAGE] From peer 2: 512 bytes
[MESSAGE] From peer 2: 512 bytes
[MESSAGE] From peer 2: 512 bytes
[MESSAGE] From peer 2: 512 bytes
[MESSAGE] From peer 2: 512 bytes
[MESSAGE] From peer 2: 512 bytes
[MESSAGE] From peer 2: 512 bytes
[MESSAGE] From peer 2: 512 bytes
[MESSAGE] From peer 2: 512 bytes
[MESSAGE] From peer 2: 512 bytes
[MESSAGE] From peer 2: 512 bytes
[MESSAGE] From peer 2: 512 bytes
[STATUS] 1030 sec: peers=4, msgs=8522, connected=yes
[MESSAGE] From peer 2: 512 bytes
[MESSAGE] From peer 2: 512 bytes
[MESSAGE] From peer 2: 512 bytes
[MESSAGE] From peer 2: 512 bytes
[MESSAGE] From peer 2: 512 bytes
[MESSAGE] From peer 2: 512 bytes
[MESSAGE] From peer 2: 512 bytes
[MESSAGE] From peer 2: 512 bytes
[MESSAGE] From peer 2: 512 bytes
[MESSAGE] From peer 2: 512 bytes
[MESSAGE] From peer 2: 512 bytes
[MESSAGE] From peer 2: 512 bytes
[MESSAGE] From peer 2: 512 bytes
[MESSAGE] From peer 2: 512 bytes
[MESSAGE] From peer 2: 512 bytes
[ECHO] 8500 messages echoed
[MESSAGE] From peer 2: 512 bytes
[MESSAGE] From peer 2: 512 bytes
[MESSAGE] From peer 2: 512 bytes
[MESSAGE] From peer 2: 512 bytes
[MESSAGE] From peer 2: 512 bytes
[MESSAGE] From peer 2: 512 bytes
[MESSAGE] From peer 2: 512 bytes
[MESSAGE] From peer 2: 512 bytes
[MESSAGE] From peer 2: 512 bytes
[MESSAGE] From peer 2: 512 bytes
[MESSAGE] From peer 2: 512 bytes
[MESSAGE] From peer 2: 512 bytes
[MESSAGE] From peer 2: 512 bytes
[MESSAGE] From peer 2: 512 bytes
[MESSAGE] From peer 2: 512 bytes
[MESSAGE] From peer 2: 512 bytes
[MESSAGE] From peer 2: 512 bytes
[MESSAGE] From peer 2: 512 bytes
[MESSAGE] From peer 2: 512 bytes
[MESSAGE] From peer 2: 512 bytes
[MESSAGE] From peer 2: 512 bytes
[MESSAGE] From peer 2: 512 bytes
[MESSAGE] From peer 2: 512 bytes
[MESSAGE] From peer 2: 512 bytes
[MESSAGE] From peer 2: 512 bytes
[MESSAGE] From peer 2: 512 bytes
[MESSAGE] From peer 2: 512 bytes
[MESSAGE] From peer 2: 512 bytes
[MESSAGE] From peer 2: 512 bytes
[MESSAGE] From peer 2: 512 bytes
[MESSAGE] From peer 2: 512 bytes
[MESSAGE] From peer 2: 512 bytes
[MESSAGE] From peer 2: 512 bytes
[MESSAGE] From peer 2: 512 bytes
[MESSAGE] From peer 2: 512 bytes
[MESSAGE] From peer 2: 512 bytes
[MESSAGE] From peer 2: 512 bytes
[MESSAGE] From peer 2: 512 bytes
[MESSAGE] From peer 2: 512 bytes
[MESSAGE] From peer 2: 512 bytes
[MESSAGE] From peer 2: 512 bytes
[MESSAGE] From peer 2: 512 bytes
[MESSAGE] From peer 2: 512 bytes
[MESSAGE] From peer 2: 512 bytes
[MESSAGE] From peer 2: 512 bytes
[MESSAGE] From peer 2: 512 bytes
[MESSAGE] From peer 2: 512 bytes
[MESSAGE] From peer 2: 512 bytes
[MESSAGE] From peer 2: 512 bytes
[MESSAGE] From peer 2: 512 bytes
[MESSAGE] From peer 2: 512 bytes
[MESSAGE] From peer 2: 512 bytes
[MESSAGE] From peer 2: 512 bytes
[MESSAGE] From peer 2: 512 bytes
[MESSAGE] From peer 2: 512 bytes
[MESSAGE] From peer 2: 512 bytes
[MESSAGE] From peer 2: 512 bytes
[MESSAGE] From peer 2: 512 bytes
[MESSAGE] From peer 2: 512 bytes
[MESSAGE] From peer 2: 512 bytes
[MESSAGE] From peer 2: 512 bytes
[MESSAGE] From peer 2: 512 bytes
[MESSAGE] From peer 2: 512 bytes
[MESSAGE] From peer 2: 512 bytes
[MESSAGE] From peer 2: 512 bytes
[MESSAGE] From peer 2: 512 bytes
[MESSAGE] From peer 2: 512 bytes
[MESSAGE] From peer 2: 512 bytes
[MESSAGE] From peer 2: 512 bytes
[MESSAGE] From peer 2: 512 bytes
[MESSAGE] From peer 2: 512 bytes
[MESSAGE] From peer 2: 512 bytes
[MESSAGE] From peer 2: 512 bytes
[MESSAGE] From peer 2: 512 bytes
[MESSAGE] From peer 2: 512 bytes
[MESSAGE] From peer 2: 512 bytes
[MESSAGE] From peer 2: 512 bytes
[MESSAGE] From peer 2: 512 bytes
[MESSAGE] From peer 2: 512 bytes
[MESSAGE] From peer 2: 512 bytes
[MESSAGE] From peer 2: 512 bytes
[MESSAGE] From peer 2: 512 bytes
[MESSAGE] From peer 2: 512 bytes
[MESSAGE] From peer 2: 512 bytes
[MESSAGE] From peer 2: 512 bytes
[MESSAGE] From peer 2: 512 bytes
[MESSAGE] From peer 2: 512 bytes
[MESSAGE] From peer 2: 512 bytes
[MESSAGE] From peer 2: 512 bytes
[MESSAGE] From peer 2: 512 bytes
[MESSAGE] From peer 2: 512 bytes
[MESSAGE] From peer 2: 512 bytes
[MESSAGE] From peer 2: 512 bytes
[MESSAGE] From peer 2: 512 bytes
[MESSAGE] From peer 2: 512 bytes
[MESSAGE] From peer 2: 512 bytes
[MESSAGE] From peer 2: 512 bytes
[MESSAGE] From peer 2: 512 bytes
[MESSAGE] From peer 2: 512 bytes
[MESSAGE] From peer 2: 512 bytes
[ECHO] 8600 messages echoed
[MESSAGE] From peer 2: 512 bytes
[MESSAGE] From peer 2: 512 bytes
[MESSAGE] From peer 2: 512 bytes
[MESSAGE] From peer 2: 512 bytes
[MESSAGE] From peer 2: 512 bytes
[MESSAGE] From peer 2: 512 bytes
[MESSAGE] From peer 2: 512 bytes
[MESSAGE] From peer 2: 512 bytes
[MESSAGE] From peer 2: 512 bytes
[MESSAGE] From peer 2: 512 bytes
[MESSAGE] From peer 2: 512 bytes
[MESSAGE] From peer 2: 512 bytes
[MESSAGE] From peer 2: 512 bytes
[MESSAGE] From peer 2: 512 bytes
[MESSAGE] From peer 2: 512 bytes
[MESSAGE] From peer 2: 512 bytes
[MESSAGE] From peer 2: 512 bytes
[MESSAGE] From peer 2: 512 bytes
[MESSAGE] From peer 2: 512 bytes
[MESSAGE] From peer 2: 512 bytes
[MESSAGE] From peer 2: 512 bytes
[MESSAGE] From peer 2: 512 bytes
[MESSAGE] From peer 2: 512 bytes
[MESSAGE] From peer 2: 512 bytes
[MESSAGE] From peer 2: 512 bytes
[MESSAGE] From peer 2: 512 bytes
[MESSAGE] From peer 2: 512 bytes
[MESSAGE] From peer 2: 512 bytes
[MESSAGE] From peer 2: 512 bytes
[MESSAGE] From peer 2: 512 bytes
[MESSAGE] From peer 2: 512 bytes
[MESSAGE] From peer 2: 512 bytes
[MESSAGE] From peer 2: 512 bytes
[MESSAGE] From peer 2: 512 bytes
[MESSAGE] From peer 2: 512 bytes
[MESSAGE] From peer 2: 512 bytes
[MESSAGE] From peer 2: 512 bytes
[MESSAGE] From peer 2: 512 bytes
[MESSAGE] From peer 2: 512 bytes
[MESSAGE] From peer 2: 512 bytes
[MESSAGE] From peer 2: 512 bytes
[STATUS] 1040 sec: peers=4, msgs=8678, connected=yes
[MESSAGE] From peer 2: 512 bytes
[MESSAGE] From peer 2: 512 bytes
[MESSAGE] From peer 2: 512 bytes
[MESSAGE] From peer 2: 512 bytes
[MESSAGE] From peer 2: 512 bytes
[MESSAGE] From peer 2: 512 bytes
[MESSAGE] From peer 2: 512 bytes
[MESSAGE] From peer 2: 512 bytes
[MESSAGE] From peer 2: 512 bytes
[MESSAGE] From peer 2: 512 bytes
[MESSAGE] From peer 2: 512 bytes
[MESSAGE] From peer 2: 512 bytes
[MESSAGE] From peer 2: 512 bytes
[MESSAGE] From peer 2: 512 bytes
[MESSAGE] From peer 2: 512 bytes
[MESSAGE] From peer 2: 512 bytes
[MESSAGE] From peer 2: 512 bytes
[MESSAGE] From peer 2: 512 bytes
[MESSAGE] From peer 2: 512 bytes
[MESSAGE] From peer 2: 512 bytes
[MESSAGE] From peer 2: 512 bytes
[MESSAGE] From peer 2: 512 bytes
[MESSAGE] From peer 2: 512 bytes
[MESSAGE] From peer 2: 512 bytes
[MESSAGE] From peer 2: 512 bytes
[MESSAGE] From peer 2: 512 bytes
[MESSAGE] From peer 2: 512 bytes
[MESSAGE] From peer 2: 512 bytes
[MESSAGE] From peer 2: 512 bytes
[MESSAGE] From peer 2: 512 bytes
[MESSAGE] From peer 2: 512 bytes
[MESSAGE] From peer 2: 512 bytes
[MESSAGE] From peer 2: 512 bytes
[MESSAGE] From peer 2: 512 bytes
[MESSAGE] From peer 2: 512 bytes
[MESSAGE] From peer 2: 512 bytes
[MESSAGE] From peer 2: 512 bytes
[MESSAGE] From peer 2: 512 bytes
[MESSAGE] From peer 2: 512 bytes
[MESSAGE] From peer 2: 512 bytes
[MESSAGE] From peer 2: 512 bytes
[MESSAGE] From peer 2: 512 bytes
[MESSAGE] From peer 2: 512 bytes
[MESSAGE] From peer 2: 512 bytes
[MESSAGE] From peer 2: 512 bytes
[MESSAGE] From peer 2: 512 bytes
[MESSAGE] From peer 2: 512 bytes
[MESSAGE] From peer 2: 512 bytes
[MESSAGE] From peer 2: 512 bytes
[MESSAGE] From peer 2: 512 bytes
[MESSAGE] From peer 2: 512 bytes
[MESSAGE] From peer 2: 512 bytes
[MESSAGE] From peer 2: 512 bytes
[MESSAGE] From peer 2: 512 bytes
[MESSAGE] From peer 2: 512 bytes
[MESSAGE] From peer 2: 512 bytes
[MESSAGE] From peer 2: 512 bytes
[MESSAGE] From peer 2: 512 bytes
[MESSAGE] From peer 2: 512 bytes
[ECHO] 8700 messages echoed
[MESSAGE] From peer 2: 512 bytes
[MESSAGE] From peer 2: 512 bytes
[MESSAGE] From peer 2: 512 bytes
[MESSAGE] From peer 2: 512 bytes
[MESSAGE] From peer 2: 512 bytes
[MESSAGE] From peer 2: 512 bytes
[MESSAGE] From peer 2: 512 bytes
[MESSAGE] From peer 2: 512 bytes
[MESSAGE] From peer 2: 512 bytes
[MESSAGE] From peer 2: 512 bytes
[MESSAGE] From peer 2: 512 bytes
[MESSAGE] From peer 2: 512 bytes
[MESSAGE] From peer 2: 512 bytes
[MESSAGE] From peer 2: 512 bytes
[MESSAGE] From peer 2: 512 bytes
[MESSAGE] From peer 2: 512 bytes
[MESSAGE] From peer 2: 512 bytes
[MESSAGE] From peer 2: 512 bytes
[MESSAGE] From peer 2: 512 bytes
[MESSAGE] From peer 2: 512 bytes
[MESSAGE] From peer 2: 512 bytes
[MESSAGE] From peer 2: 512 bytes
[MESSAGE] From peer 2: 512 bytes
[MESSAGE] From peer 2: 512 bytes
[MESSAGE] From peer 2: 512 bytes
[MESSAGE] From peer 2: 512 bytes
[MESSAGE] From peer 2: 512 bytes
[MESSAGE] From peer 2: 512 bytes
[MESSAGE] From peer 2: 512 bytes
[MESSAGE] From peer 2: 512 bytes
[MESSAGE] From peer 2: 512 bytes
[MESSAGE] From peer 2: 512 bytes
[MESSAGE] From peer 2: 512 bytes
[MESSAGE] From peer 2: 512 bytes
[MESSAGE] From peer 2: 512 bytes
[MESSAGE] From peer 2: 512 bytes
[MESSAGE] From peer 2: 512 bytes
[MESSAGE] From peer 2: 512 bytes
[MESSAGE] From peer 2: 512 bytes
[MESSAGE] From peer 2: 512 bytes
[MESSAGE] From peer 2: 512 bytes
[MESSAGE] From peer 2: 512 bytes
[MESSAGE] From peer 2: 512 bytes
[MESSAGE] From peer 2: 512 bytes
[MESSAGE] From peer 2: 512 bytes
[MESSAGE] From peer 2: 512 bytes
[MESSAGE] From peer 2: 512 bytes
[MESSAGE] From peer 2: 512 bytes
[MESSAGE] From peer 2: 512 bytes
[MESSAGE] From peer 2: 512 bytes
[MESSAGE] From peer 2: 512 bytes
[MESSAGE] From peer 2: 512 bytes
[MESSAGE] From peer 2: 512 bytes
[MESSAGE] From peer 2: 512 bytes
[MESSAGE] From peer 2: 512 bytes
[MESSAGE] From peer 2: 512 bytes
[MESSAGE] From peer 2: 512 bytes
[MESSAGE] From peer 2: 512 bytes
[MESSAGE] From peer 2: 512 bytes
[MESSAGE] From peer 2: 512 bytes
[MESSAGE] From peer 2: 512 bytes
[MESSAGE] From peer 2: 512 bytes
[MESSAGE] From peer 2: 512 bytes
[MESSAGE] From peer 2: 512 bytes
[MESSAGE] From peer 2: 512 bytes
[MESSAGE] From peer 2: 512 bytes
[MESSAGE] From peer 2: 512 bytes
[MESSAGE] From peer 2: 512 bytes
[MESSAGE] From peer 2: 512 bytes
[MESSAGE] From peer 2: 512 bytes
[MESSAGE] From peer 2: 512 bytes
[MESSAGE] From peer 2: 512 bytes
[MESSAGE] From peer 2: 512 bytes
[MESSAGE] From peer 2: 512 bytes
[MESSAGE] From peer 2: 512 bytes
[MESSAGE] From peer 2: 512 bytes
[MESSAGE] From peer 2: 512 bytes
[MESSAGE] From peer 2: 512 bytes
[MESSAGE] From peer 2: 512 bytes
[MESSAGE] From peer 2: 512 bytes
[MESSAGE] From peer 2: 512 bytes
[STATUS] 1050 sec: peers=4, msgs=8818, connected=yes
[MESSAGE] From peer 2: 512 bytes
[MESSAGE] From peer 2: 512 bytes
[MESSAGE] From peer 2: 512 bytes
[MESSAGE] From peer 2: 512 bytes
[MESSAGE] From peer 2: 512 bytes
[MESSAGE] From peer 2: 512 bytes
[MESSAGE] From peer 2: 512 bytes
[MESSAGE] From peer 2: 512 bytes
[MESSAGE] From peer 2: 512 bytes
[MESSAGE] From peer 2: 512 bytes
[MESSAGE] From peer 2: 512 bytes
[MESSAGE] From peer 2: 512 bytes
[MESSAGE] From peer 2: 512 bytes
[MESSAGE] From peer 2: 512 bytes
[MESSAGE] From peer 2: 512 bytes
[MESSAGE] From peer 2: 512 bytes
[MESSAGE] From peer 2: 512 bytes
[MESSAGE] From peer 2: 512 bytes
[MESSAGE] From peer 2: 512 bytes
[ECHO] 8800 messages echoed
[MESSAGE] From peer 2: 512 bytes
[MESSAGE] From peer 2: 512 bytes
[MESSAGE] From peer 2: 512 bytes
[MESSAGE] From peer 2: 512 bytes
[MESSAGE] From peer 2: 512 bytes
[MESSAGE] From peer 2: 512 bytes
[MESSAGE] From peer 2: 512 bytes
[MESSAGE] From peer 2: 512 bytes
[MESSAGE] From peer 2: 512 bytes
[MESSAGE] From peer 2: 512 bytes
[MESSAGE] From peer 2: 512 bytes
[MESSAGE] From peer 2: 512 bytes
[MESSAGE] From peer 2: 512 bytes
[MESSAGE] From peer 2: 512 bytes
[MESSAGE] From peer 2: 512 bytes
[MESSAGE] From peer 2: 512 bytes
[MESSAGE] From peer 2: 512 bytes
[MESSAGE] From peer 2: 512 bytes
[MESSAGE] From peer 2: 512 bytes
[MESSAGE] From peer 2: 512 bytes
[MESSAGE] From peer 2: 512 bytes
[MESSAGE] From peer 2: 512 bytes
[MESSAGE] From peer 2: 512 bytes
[MESSAGE] From peer 2: 512 bytes
[MESSAGE] From peer 2: 512 bytes
[MESSAGE] From peer 2: 1024 bytes
[MESSAGE] From peer 2: 1024 bytes
[MESSAGE] From peer 2: 1024 bytes
[MESSAGE] From peer 2: 1024 bytes
[MESSAGE] From peer 2: 1024 bytes
[MESSAGE] From peer 2: 1024 bytes
[MESSAGE] From peer 2: 1024 bytes
[MESSAGE] From peer 2: 1024 bytes
[MESSAGE] From peer 2: 1024 bytes
[MESSAGE] From peer 2: 1024 bytes
[MESSAGE] From peer 2: 1024 bytes
[MESSAGE] From peer 2: 1024 bytes
[MESSAGE] From peer 2: 1024 bytes
[MESSAGE] From peer 2: 1024 bytes
[MESSAGE] From peer 2: 1024 bytes
[MESSAGE] From peer 2: 1024 bytes
[MESSAGE] From peer 2: 1024 bytes
[MESSAGE] From peer 2: 1024 bytes
[MESSAGE] From peer 2: 1024 bytes
[MESSAGE] From peer 2: 1024 bytes
[MESSAGE] From peer 2: 1024 bytes
[MESSAGE] From peer 2: 1024 bytes
[MESSAGE] From peer 2: 1024 bytes
[MESSAGE] From peer 2: 1024 bytes
[MESSAGE] From peer 2: 1024 bytes
[MESSAGE] From peer 2: 1024 bytes
[MESSAGE] From peer 2: 1024 bytes
[MESSAGE] From peer 2: 1024 bytes
[MESSAGE] From peer 2: 1024 bytes
[MESSAGE] From peer 2: 1024 bytes
[MESSAGE] From peer 2: 1024 bytes
[MESSAGE] From peer 2: 1024 bytes
[MESSAGE] From peer 2: 1024 bytes
[MESSAGE] From peer 2: 1024 bytes
[MESSAGE] From peer 2: 1024 bytes
[MESSAGE] From peer 2: 1024 bytes
[MESSAGE] From peer 2: 1024 bytes
[MESSAGE] From peer 2: 1024 bytes
[MESSAGE] From peer 2: 1024 bytes
[MESSAGE] From peer 2: 1024 bytes
[MESSAGE] From peer 2: 1024 bytes
[MESSAGE] From peer 2: 1024 bytes
[MESSAGE] From peer 2: 1024 bytes
[MESSAGE] From peer 2: 1024 bytes
[MESSAGE] From peer 2: 1024 bytes
[MESSAGE] From peer 2: 1024 bytes
[MESSAGE] From peer 2: 1024 bytes
[MESSAGE] From peer 2: 1024 bytes
[MESSAGE] From peer 2: 1024 bytes
[MESSAGE] From peer 2: 1024 bytes
[MESSAGE] From peer 2: 1024 bytes
[MESSAGE] From peer 2: 1024 bytes
[MESSAGE] From peer 2: 1024 bytes
[MESSAGE] From peer 2: 1024 bytes
[MESSAGE] From peer 2: 1024 bytes
[MESSAGE] From peer 2: 1024 bytes
[MESSAGE] From peer 2: 1024 bytes
[MESSAGE] From peer 2: 1024 bytes
[MESSAGE] From peer 2: 1024 bytes
[MESSAGE] From peer 2: 1024 bytes
[MESSAGE] From peer 2: 1024 bytes
[MESSAGE] From peer 2: 1024 bytes
[MESSAGE] From peer 2: 1024 bytes
[MESSAGE] From peer 2: 1024 bytes
[MESSAGE] From peer 2: 1024 bytes
[MESSAGE] From peer 2: 1024 bytes
[MESSAGE] From peer 2: 1024 bytes
[MESSAGE] From peer 2: 1024 bytes
[MESSAGE] From peer 2: 1024 bytes
[MESSAGE] From peer 2: 1024 bytes
[MESSAGE] From peer 2: 1024 bytes
[MESSAGE] From peer 2: 1024 bytes
[STATUS] 1060 sec: peers=4, msgs=8934, connected=yes
[MESSAGE] From peer 2: 1024 bytes
[MESSAGE] From peer 2: 1024 bytes
[MESSAGE] From peer 2: 1024 bytes
[ECHO] 8900 messages echoed
[MESSAGE] From peer 2: 1024 bytes
[MESSAGE] From peer 2: 1024 bytes
[MESSAGE] From peer 2: 1024 bytes
[MESSAGE] From peer 2: 1024 bytes
[MESSAGE] From peer 2: 1024 bytes
[MESSAGE] From peer 2: 1024 bytes
[MESSAGE] From peer 2: 1024 bytes
[MESSAGE] From peer 2: 1024 bytes
[MESSAGE] From peer 2: 1024 bytes
[MESSAGE] From peer 2: 1024 bytes
[MESSAGE] From peer 2: 1024 bytes
[MESSAGE] From peer 2: 1024 bytes
[MESSAGE] From peer 2: 1024 bytes
[MESSAGE] From peer 2: 1024 bytes
[MESSAGE] From peer 2: 1024 bytes
[MESSAGE] From peer 2: 1024 bytes
[MESSAGE] From peer 2: 1024 bytes
[MESSAGE] From peer 2: 1024 bytes
[MESSAGE] From peer 2: 1024 bytes
[MESSAGE] From peer 2: 1024 bytes
[MESSAGE] From peer 2: 1024 bytes
[MESSAGE] From peer 2: 1024 bytes
[MESSAGE] From peer 2: 1024 bytes
[MESSAGE] From peer 2: 1024 bytes
[MESSAGE] From peer 2: 1024 bytes
[MESSAGE] From peer 2: 1024 bytes
[MESSAGE] From peer 2: 1024 bytes
[MESSAGE] From peer 2: 1024 bytes
[MESSAGE] From peer 2: 1024 bytes
[MESSAGE] From peer 2: 1024 bytes
[MESSAGE] From peer 2: 1024 bytes
[MESSAGE] From peer 2: 1024 bytes
[MESSAGE] From peer 2: 1024 bytes
[MESSAGE] From peer 2: 1024 bytes
[MESSAGE] From peer 2: 1024 bytes
[MESSAGE] From peer 2: 1024 bytes
[MESSAGE] From peer 2: 1024 bytes
[MESSAGE] From peer 2: 1024 bytes
[MESSAGE] From peer 2: 1024 bytes
[MESSAGE] From peer 2: 1024 bytes
[MESSAGE] From peer 2: 1024 bytes
[MESSAGE] From peer 2: 1024 bytes
[MESSAGE] From peer 2: 1024 bytes
[MESSAGE] From peer 2: 1024 bytes
[MESSAGE] From peer 2: 1024 bytes
[MESSAGE] From peer 2: 1024 bytes
[MESSAGE] From peer 2: 1024 bytes
[MESSAGE] From peer 2: 1024 bytes
[MESSAGE] From peer 2: 1024 bytes
[MESSAGE] From peer 2: 1024 bytes
[MESSAGE] From peer 2: 1024 bytes
[MESSAGE] From peer 2: 1024 bytes
[MESSAGE] From peer 2: 1024 bytes
[MESSAGE] From peer 2: 1024 bytes
[MESSAGE] From peer 2: 1024 bytes
[MESSAGE] From peer 2: 1024 bytes
[MESSAGE] From peer 2: 1024 bytes
[MESSAGE] From peer 2: 1024 bytes
[MESSAGE] From peer 2: 1024 bytes
[MESSAGE] From peer 2: 1024 bytes
[MESSAGE] From peer 2: 1024 bytes
[MESSAGE] From peer 2: 1024 bytes
[MESSAGE] From peer 2: 1024 bytes
[MESSAGE] From peer 2: 1024 bytes
[MESSAGE] From peer 2: 1024 bytes
[MESSAGE] From peer 2: 1024 bytes
[MESSAGE] From peer 2: 1024 bytes
[MESSAGE] From peer 2: 1024 bytes
[MESSAGE] From peer 2: 1024 bytes
[MESSAGE] From peer 2: 1024 bytes
[MESSAGE] From peer 2: 1024 bytes
[MESSAGE] From peer 2: 1024 bytes
[MESSAGE] From peer 2: 1024 bytes
[MESSAGE] From peer 2: 1024 bytes
[MESSAGE] From peer 2: 1024 bytes
[MESSAGE] From peer 2: 1024 bytes
[MESSAGE] From peer 2: 1024 bytes
[MESSAGE] From peer 2: 1024 bytes
[MESSAGE] From peer 2: 1024 bytes
[MESSAGE] From peer 2: 1024 bytes
[MESSAGE] From peer 2: 1024 bytes
[MESSAGE] From peer 2: 1024 bytes
[MESSAGE] From peer 2: 1024 bytes
[STATUS] 1070 sec: peers=4, msgs=9020, connected=yes
[MESSAGE] From peer 2: 1024 bytes
[MESSAGE] From peer 2: 1024 bytes
[MESSAGE] From peer 2: 1024 bytes
[MESSAGE] From peer 2: 1024 bytes
[MESSAGE] From peer 2: 1024 bytes
[MESSAGE] From peer 2: 1024 bytes
[MESSAGE] From peer 2: 1024 bytes
[MESSAGE] From peer 2: 1024 bytes
[MESSAGE] From peer 2: 1024 bytes
[MESSAGE] From peer 2: 1024 bytes
[MESSAGE] From peer 2: 1024 bytes
[MESSAGE] From peer 2: 1024 bytes
[MESSAGE] From peer 2: 1024 bytes
[MESSAGE] From peer 2: 1024 bytes
[MESSAGE] From peer 2: 1024 bytes
[MESSAGE] From peer 2: 1024 bytes
[MESSAGE] From peer 2: 1024 bytes
[ECHO] 9000 messages echoed
[MESSAGE] From peer 2: 1024 bytes
[MESSAGE] From peer 2: 1024 bytes
[MESSAGE] From peer 2: 1024 bytes
[MESSAGE] From peer 2: 1024 bytes
[MESSAGE] From peer 2: 1024 bytes
[MESSAGE] From peer 2: 1024 bytes
[MESSAGE] From peer 2: 1024 bytes
[MESSAGE] From peer 2: 1024 bytes
[MESSAGE] From peer 2: 1024 bytes
[MESSAGE] From peer 2: 1024 bytes
[MESSAGE] From peer 2: 1024 bytes
[MESSAGE] From peer 2: 1024 bytes
[MESSAGE] From peer 2: 1024 bytes
[MESSAGE] From peer 2: 1024 bytes
[MESSAGE] From peer 2: 1024 bytes
[MESSAGE] From peer 2: 1024 bytes
[MESSAGE] From peer 2: 1024 bytes
[MESSAGE] From peer 2: 1024 bytes
[MESSAGE] From peer 2: 1024 bytes
[MESSAGE] From peer 2: 1024 bytes
[MESSAGE] From peer 2: 1024 bytes
[MESSAGE] From peer 2: 1024 bytes
[MESSAGE] From peer 2: 1024 bytes
[MESSAGE] From peer 2: 1024 bytes
[MESSAGE] From peer 2: 1024 bytes
[MESSAGE] From peer 2: 1024 bytes
[MESSAGE] From peer 2: 1024 bytes
[MESSAGE] From peer 2: 1024 bytes
[MESSAGE] From peer 2: 1024 bytes
[MESSAGE] From peer 2: 1024 bytes
[MESSAGE] From peer 2: 1024 bytes
[MESSAGE] From peer 2: 1024 bytes
[MESSAGE] From peer 2: 1024 bytes
[MESSAGE] From peer 2: 1024 bytes
[MESSAGE] From peer 2: 1024 bytes
[MESSAGE] From peer 2: 1024 bytes
[MESSAGE] From peer 2: 1024 bytes
[MESSAGE] From peer 2: 1024 bytes
[MESSAGE] From peer 2: 1024 bytes
[MESSAGE] From peer 2: 1024 bytes
[MESSAGE] From peer 2: 1024 bytes
[MESSAGE] From peer 2: 1024 bytes
[MESSAGE] From peer 2: 1024 bytes
[MESSAGE] From peer 2: 1024 bytes
[MESSAGE] From peer 2: 1024 bytes
[MESSAGE] From peer 2: 1024 bytes
[MESSAGE] From peer 2: 1024 bytes
[MESSAGE] From peer 2: 1024 bytes
[MESSAGE] From peer 2: 1024 bytes
[MESSAGE] From peer 2: 1024 bytes
[MESSAGE] From peer 2: 1024 bytes
[MESSAGE] From peer 2: 1024 bytes
[MESSAGE] From peer 2: 1024 bytes
[MESSAGE] From peer 2: 1024 bytes
[MESSAGE] From peer 2: 1024 bytes
[MESSAGE] From peer 2: 1024 bytes
[MESSAGE] From peer 2: 1024 bytes
[MESSAGE] From peer 2: 1024 bytes
[MESSAGE] From peer 2: 1024 bytes
[MESSAGE] From peer 2: 1024 bytes
[MESSAGE] From peer 2: 1024 bytes
[MESSAGE] From peer 2: 1024 bytes
[MESSAGE] From peer 2: 1024 bytes
[MESSAGE] From peer 2: 1024 bytes
[MESSAGE] From peer 2: 1024 bytes
[MESSAGE] From peer 2: 1024 bytes
[MESSAGE] From peer 2: 1024 bytes
[MESSAGE] From peer 2: 1024 bytes
[MESSAGE] From peer 2: 1024 bytes
[MESSAGE] From peer 2: 1024 bytes
[MESSAGE] From peer 2: 1024 bytes
[MESSAGE] From peer 2: 1024 bytes
[MESSAGE] From peer 2: 1024 bytes
[MESSAGE] From peer 2: 1024 bytes
[MESSAGE] From peer 2: 1024 bytes
[MESSAGE] From peer 2: 1024 bytes
[MESSAGE] From peer 2: 1024 bytes
[MESSAGE] From peer 2: 1024 bytes
[MESSAGE] From peer 2: 1024 bytes
[MESSAGE] From peer 2: 1024 bytes
[MESSAGE] From peer 2: 1024 bytes
[MESSAGE] From peer 2: 1024 bytes
[MESSAGE] From peer 2: 1024 bytes
[MESSAGE] From peer 2: 1024 bytes
[STATUS] 1080 sec: peers=4, msgs=9121, connected=yes
[MESSAGE] From peer 2: 1024 bytes
[MESSAGE] From peer 2: 1024 bytes
[MESSAGE] From peer 2: 1024 bytes
[MESSAGE] From peer 2: 1024 bytes
[MESSAGE] From peer 2: 1024 bytes
[MESSAGE] From peer 2: 1024 bytes
[MESSAGE] From peer 2: 1024 bytes
[MESSAGE] From peer 2: 1024 bytes
[MESSAGE] From peer 2: 1024 bytes
[MESSAGE] From peer 2: 1024 bytes
[MESSAGE] From peer 2: 1024 bytes
[MESSAGE] From peer 2: 1024 bytes
[MESSAGE] From peer 2: 1024 bytes
[MESSAGE] From peer 2: 1024 bytes
[MESSAGE] From peer 2: 1024 bytes
[MESSAGE] From peer 2: 1024 bytes
[ECHO] 9100 messages echoed
[MESSAGE] From peer 2: 1024 bytes
[MESSAGE] From peer 2: 1024 bytes
[MESSAGE] From peer 2: 1024 bytes
[MESSAGE] From peer 2: 1024 bytes
[MESSAGE] From peer 2: 1024 bytes
[MESSAGE] From peer 2: 1024 bytes
[MESSAGE] From peer 2: 1024 bytes
[MESSAGE] From peer 2: 1024 bytes
[MESSAGE] From peer 2: 1024 bytes
[MESSAGE] From peer 2: 1024 bytes
[MESSAGE] From peer 2: 1024 bytes
[MESSAGE] From peer 2: 1024 bytes
[MESSAGE] From peer 2: 1024 bytes
[MESSAGE] From peer 2: 1024 bytes
[MESSAGE] From peer 2: 1024 bytes
[MESSAGE] From peer 2: 2048 bytes
[MESSAGE] From peer 2: 2048 bytes
[MESSAGE] From peer 2: 2048 bytes
[MESSAGE] From peer 2: 2048 bytes
[MESSAGE] From peer 2: 2048 bytes
[MESSAGE] From peer 2: 2048 bytes
[MESSAGE] From peer 2: 2048 bytes
[MESSAGE] From peer 2: 2048 bytes
[MESSAGE] From peer 2: 2048 bytes
[MESSAGE] From peer 2: 2048 bytes
[MESSAGE] From peer 2: 2048 bytes
[MESSAGE] From peer 2: 2048 bytes
[MESSAGE] From peer 2: 2048 bytes
[MESSAGE] From peer 2: 2048 bytes
[MESSAGE] From peer 2: 2048 bytes
[MESSAGE] From peer 2: 2048 bytes
[MESSAGE] From peer 2: 2048 bytes
[MESSAGE] From peer 2: 2048 bytes
[MESSAGE] From peer 2: 2048 bytes
[MESSAGE] From peer 2: 2048 bytes
[MESSAGE] From peer 2: 2048 bytes
[MESSAGE] From peer 2: 2048 bytes
[MESSAGE] From peer 2: 2048 bytes
[MESSAGE] From peer 2: 2048 bytes
[MESSAGE] From peer 2: 2048 bytes
[MESSAGE] From peer 2: 2048 bytes
[MESSAGE] From peer 2: 2048 bytes
[MESSAGE] From peer 2: 2048 bytes
[MESSAGE] From peer 2: 2048 bytes
[MESSAGE] From peer 2: 2048 bytes
[MESSAGE] From peer 2: 2048 bytes
[MESSAGE] From peer 2: 2048 bytes
[MESSAGE] From peer 2: 2048 bytes
[MESSAGE] From peer 2: 2048 bytes
[MESSAGE] From peer 2: 2048 bytes
[MESSAGE] From peer 2: 2048 bytes
[MESSAGE] From peer 2: 2048 bytes
[MESSAGE] From peer 2: 2048 bytes
[MESSAGE] From peer 2: 2048 bytes
[MESSAGE] From peer 2: 2048 bytes
[MESSAGE] From peer 2: 2048 bytes
[MESSAGE] From peer 2: 2048 bytes
[MESSAGE] From peer 2: 2048 bytes
[MESSAGE] From peer 2: 2048 bytes
[MESSAGE] From peer 2: 2048 bytes
[MESSAGE] From peer 2: 2048 bytes
[MESSAGE] From peer 2: 2048 bytes
[MESSAGE] From peer 2: 2048 bytes
[MESSAGE] From peer 2: 2048 bytes
[MESSAGE] From peer 2: 2048 bytes
[MESSAGE] From peer 2: 2048 bytes
[MESSAGE] From peer 2: 2048 bytes
[MESSAGE] From peer 2: 2048 bytes
[MESSAGE] From peer 2: 2048 bytes
[MESSAGE] From peer 2: 2048 bytes
[MESSAGE] From peer 2: 2048 bytes
[MESSAGE] From peer 2: 2048 bytes
[MESSAGE] From peer 2: 2048 bytes
[MESSAGE] From peer 2: 2048 bytes
[MESSAGE] From peer 2: 2048 bytes
[STATUS] 1090 sec: peers=4, msgs=9212, connected=yes
[MESSAGE] From peer 2: 2048 bytes
[MESSAGE] From peer 2: 2048 bytes
[MESSAGE] From peer 2: 2048 bytes
[MESSAGE] From peer 2: 2048 bytes
[MESSAGE] From peer 2: 2048 bytes
[MESSAGE] From peer 2: 2048 bytes
[MESSAGE] From peer 2: 2048 bytes
[MESSAGE] From peer 2: 2048 bytes
[MESSAGE] From peer 2: 2048 bytes
[MESSAGE] From peer 2: 2048 bytes
[MESSAGE] From peer 2: 2048 bytes
[MESSAGE] From peer 2: 2048 bytes
[MESSAGE] From peer 2: 2048 bytes
[MESSAGE] From peer 2: 2048 bytes
[MESSAGE] From peer 2: 2048 bytes
[MESSAGE] From peer 2: 2048 bytes
[MESSAGE] From peer 2: 2048 bytes
[MESSAGE] From peer 2: 2048 bytes
[MESSAGE] From peer 2: 2048 bytes
[MESSAGE] From peer 2: 2048 bytes
[MESSAGE] From peer 2: 2048 bytes
[MESSAGE] From peer 2: 2048 bytes
[MESSAGE] From peer 2: 2048 bytes
[MESSAGE] From peer 2: 2048 bytes
[MESSAGE] From peer 2: 2048 bytes
[ECHO] 9200 messages echoed
[MESSAGE] From peer 2: 2048 bytes
[MESSAGE] From peer 2: 2048 bytes
[MESSAGE] From peer 2: 2048 bytes
[MESSAGE] From peer 2: 2048 bytes
[MESSAGE] From peer 2: 2048 bytes
[MESSAGE] From peer 2: 2048 bytes
[MESSAGE] From peer 2: 2048 bytes
[MESSAGE] From peer 2: 2048 bytes
[MESSAGE] From peer 2: 2048 bytes
[MESSAGE] From peer 2: 2048 bytes
[MESSAGE] From peer 2: 2048 bytes
[MESSAGE] From peer 2: 2048 bytes
[MESSAGE] From peer 2: 2048 bytes
[MESSAGE] From peer 2: 2048 bytes
[MESSAGE] From peer 2: 2048 bytes
[MESSAGE] From peer 2: 2048 bytes
[MESSAGE] From peer 2: 2048 bytes
[MESSAGE] From peer 2: 2048 bytes
[MESSAGE] From peer 2: 2048 bytes
[MESSAGE] From peer 2: 2048 bytes
[MESSAGE] From peer 2: 2048 bytes
[MESSAGE] From peer 2: 2048 bytes
[MESSAGE] From peer 2: 2048 bytes
[MESSAGE] From peer 2: 2048 bytes
[MESSAGE] From peer 2: 2048 bytes
[MESSAGE] From peer 2: 2048 bytes
[MESSAGE] From peer 2: 2048 bytes
[MESSAGE] From peer 2: 2048 bytes
[MESSAGE] From peer 2: 2048 bytes
[MESSAGE] From peer 2: 2048 bytes
[MESSAGE] From peer 2: 2048 bytes
[MESSAGE] From peer 2: 2048 bytes
[MESSAGE] From peer 2: 2048 bytes
[MESSAGE] From peer 2: 2048 bytes
[MESSAGE] From peer 2: 2048 bytes
[MESSAGE] From peer 2: 2048 bytes
[MESSAGE] From peer 2: 2048 bytes
[MESSAGE] From peer 2: 2048 bytes
[MESSAGE] From peer 2: 2048 bytes
[MESSAGE] From peer 2: 2048 bytes
[MESSAGE] From peer 2: 2048 bytes
[MESSAGE] From peer 2: 2048 bytes
[MESSAGE] From peer 2: 2048 bytes
[MESSAGE] From peer 2: 2048 bytes
[MESSAGE] From peer 2: 2048 bytes
[MESSAGE] From peer 2: 2048 bytes
[MESSAGE] From peer 2: 2048 bytes
[MESSAGE] From peer 2: 2048 bytes
[MESSAGE] From peer 2: 2048 bytes
[MESSAGE] From peer 2: 2048 bytes
[MESSAGE] From peer 2: 2048 bytes
[MESSAGE] From peer 2: 2048 bytes
[MESSAGE] From peer 2: 2048 bytes
[STATUS] 1100 sec: peers=4, msgs=9290, connected=yes
[MESSAGE] From peer 2: 2048 bytes
[MESSAGE] From peer 2: 2048 bytes
[MESSAGE] From peer 2: 2048 bytes
[MESSAGE] From peer 2: 2048 bytes
[MESSAGE] From peer 2: 2048 bytes
[MESSAGE] From peer 2: 2048 bytes
[MESSAGE] From peer 2: 2048 bytes
[MESSAGE] From peer 2: 2048 bytes
[MESSAGE] From peer 2: 2048 bytes
[MESSAGE] From peer 2: 2048 bytes
[MESSAGE] From peer 2: 2048 bytes
[MESSAGE] From peer 2: 2048 bytes
[MESSAGE] From peer 2: 2048 bytes
[MESSAGE] From peer 2: 2048 bytes
[MESSAGE] From peer 2: 2048 bytes
[MESSAGE] From peer 2: 2048 bytes
[MESSAGE] From peer 2: 2048 bytes
[MESSAGE] From peer 2: 2048 bytes
[MESSAGE] From peer 2: 2048 bytes
[MESSAGE] From peer 2: 2048 bytes
[MESSAGE] From peer 2: 2048 bytes
[MESSAGE] From peer 2: 2048 bytes
[MESSAGE] From peer 2: 2048 bytes
[MESSAGE] From peer 2: 2048 bytes
[MESSAGE] From peer 2: 2048 bytes
[MESSAGE] From peer 2: 2048 bytes
[MESSAGE] From peer 2: 2048 bytes
[MESSAGE] From peer 2: 2048 bytes
[MESSAGE] From peer 2: 2048 bytes
[MESSAGE] From peer 2: 2048 bytes
[MESSAGE] From peer 2: 2048 bytes
[MESSAGE] From peer 2: 2048 bytes
[MESSAGE] From peer 2: 2048 bytes
[MESSAGE] From peer 2: 2048 bytes
[MESSAGE] From peer 2: 2048 bytes
[MESSAGE] From peer 2: 2048 bytes
[MESSAGE] From peer 2: 2048 bytes
[MESSAGE] From peer 2: 2048 bytes
[MESSAGE] From peer 2: 2048 bytes
[MESSAGE] From peer 2: 2048 bytes
[MESSAGE] From peer 2: 2048 bytes
[MESSAGE] From peer 2: 2048 bytes
[MESSAGE] From peer 2: 2048 bytes
[MESSAGE] From peer 2: 2048 bytes
[MESSAGE] From peer 2: 2048 bytes
[MESSAGE] From peer 2: 2048 bytes
[MESSAGE] From peer 2: 2048 bytes
[ECHO] 9300 messages echoed
[MESSAGE] From peer 2: 2048 bytes
[MESSAGE] From peer 2: 2048 bytes
[MESSAGE] From peer 2: 2048 bytes
[MESSAGE] From peer 2: 2048 bytes
[MESSAGE] From peer 2: 2048 bytes
[MESSAGE] From peer 2: 2048 bytes
[MESSAGE] From peer 2: 2048 bytes
[MESSAGE] From peer 2: 2048 bytes
[MESSAGE] From peer 2: 2048 bytes
[MESSAGE] From peer 2: 2048 bytes
[MESSAGE] From peer 2: 2048 bytes
[MESSAGE] From peer 2: 2048 bytes
[MESSAGE] From peer 2: 2048 bytes
[MESSAGE] From peer 2: 2048 bytes
[MESSAGE] From peer 2: 2048 bytes
[MESSAGE] From peer 2: 2048 bytes
[MESSAGE] From peer 2: 2048 bytes
[MESSAGE] From peer 2: 2048 bytes
[MESSAGE] From peer 2: 2048 bytes
[MESSAGE] From peer 2: 2048 bytes
[MESSAGE] From peer 2: 2048 bytes
[MESSAGE] From peer 2: 2048 bytes
[MESSAGE] From peer 2: 2048 bytes
[MESSAGE] From peer 2: 2048 bytes
[MESSAGE] From peer 2: 2048 bytes
[MESSAGE] From peer 2: 2048 bytes
[MESSAGE] From peer 2: 2048 bytes
[MESSAGE] From peer 2: 2048 bytes
[MESSAGE] From peer 2: 2048 bytes
[MESSAGE] From peer 2: 2048 bytes
[MESSAGE] From peer 2: 2048 bytes
[MESSAGE] From peer 2: 2048 bytes
[MESSAGE] From peer 2: 2048 bytes
[MESSAGE] From peer 2: 2048 bytes
[MESSAGE] From peer 2: 2048 bytes
[MESSAGE] From peer 2: 2048 bytes
[STATUS] 1110 sec: peers=4, msgs=9373, connected=yes
[MESSAGE] From peer 2: 2048 bytes
[MESSAGE] From peer 2: 2048 bytes
[MESSAGE] From peer 2: 2048 bytes
[MESSAGE] From peer 2: 2048 bytes
[MESSAGE] From peer 2: 2048 bytes
[MESSAGE] From peer 2: 2048 bytes
[MESSAGE] From peer 2: 2048 bytes
[MESSAGE] From peer 2: 2048 bytes
[MESSAGE] From peer 2: 2048 bytes
[MESSAGE] From peer 2: 2048 bytes
[MESSAGE] From peer 2: 2048 bytes
[MESSAGE] From peer 2: 2048 bytes
[MESSAGE] From peer 2: 2048 bytes
[MESSAGE] From peer 2: 2048 bytes
[MESSAGE] From peer 2: 2048 bytes
[MESSAGE] From peer 2: 2048 bytes
[MESSAGE] From peer 2: 2048 bytes
[MESSAGE] From peer 2: 2048 bytes
[MESSAGE] From peer 2: 2048 bytes
[MESSAGE] From peer 2: 2048 bytes
[MESSAGE] From peer 2: 2048 bytes
[MESSAGE] From peer 2: 2048 bytes
[MESSAGE] From peer 2: 2048 bytes
[MESSAGE] From peer 2: 2048 bytes
[MESSAGE] From peer 2: 2048 bytes
[MESSAGE] From peer 2: 2048 bytes
[MESSAGE] From peer 2: 2048 bytes
[MESSAGE] From peer 2: 2048 bytes
[MESSAGE] From peer 2: 2048 bytes
[MESSAGE] From peer 2: 2048 bytes
[MESSAGE] From peer 2: 2048 bytes
[MESSAGE] From peer 2: 2048 bytes
[MESSAGE] From peer 2: 2048 bytes
[MESSAGE] From peer 2: 2048 bytes
[MESSAGE] From peer 2: 2048 bytes
[MESSAGE] From peer 2: 4096 bytes
[MESSAGE] From peer 2: 4096 bytes
[MESSAGE] From peer 2: 4096 bytes
[MESSAGE] From peer 2: 4096 bytes
[MESSAGE] From peer 2: 4096 bytes
[MESSAGE] From peer 2: 4096 bytes
[MESSAGE] From peer 2: 4096 bytes
[MESSAGE] From peer 2: 4096 bytes
[MESSAGE] From peer 2: 4096 bytes
[MESSAGE] From peer 2: 4096 bytes
[MESSAGE] From peer 2: 4096 bytes
[MESSAGE] From peer 2: 4096 bytes
[MESSAGE] From peer 2: 4096 bytes
[MESSAGE] From peer 2: 4096 bytes
[MESSAGE] From peer 2: 4096 bytes
[MESSAGE] From peer 2: 4096 bytes
[MESSAGE] From peer 2: 4096 bytes
[MESSAGE] From peer 2: 4096 bytes
[MESSAGE] From peer 2: 4096 bytes
[MESSAGE] From peer 2: 4096 bytes
[MESSAGE] From peer 2: 4096 bytes
[MESSAGE] From peer 2: 4096 bytes
[MESSAGE] From peer 2: 4096 bytes
[MESSAGE] From peer 2: 4096 bytes
[MESSAGE] From peer 2: 4096 bytes
[MESSAGE] From peer 2: 4096 bytes
[MESSAGE] From peer 2: 4096 bytes
[MESSAGE] From peer 2: 4096 bytes
[MESSAGE] From peer 2: 4096 bytes
[MESSAGE] From peer 2: 4096 bytes
[MESSAGE] From peer 2: 4096 bytes
[MESSAGE] From peer 2: 4096 bytes
[MESSAGE] From peer 2: 4096 bytes
[MESSAGE] From peer 2: 4096 bytes
[STATUS] 1120 sec: peers=4, msgs=9442, connected=yes, echo_queue=2
[MESSAGE] From peer 2: 4096 bytes
[MESSAGE] From peer 2: 4096 bytes
[MESSAGE] From peer 2: 4096 bytes
[MESSAGE] From peer 2: 4096 bytes
[MESSAGE] From peer 2: 4096 bytes
[MESSAGE] From peer 2: 4096 bytes
[MESSAGE] From peer 2: 4096 bytes
[MESSAGE] From peer 2: 4096 bytes
[MESSAGE] From peer 2: 4096 bytes
[MESSAGE] From peer 2: 4096 bytes
[MESSAGE] From peer 2: 4096 bytes
[MESSAGE] From peer 2: 4096 bytes
[MESSAGE] From peer 2: 4096 bytes
[MESSAGE] From peer 2: 4096 bytes
[MESSAGE] From peer 2: 4096 bytes
[MESSAGE] From peer 2: 4096 bytes
[MESSAGE] From peer 2: 4096 bytes
[MESSAGE] From peer 2: 4096 bytes
[MESSAGE] From peer 2: 4096 bytes
[MESSAGE] From peer 2: 4096 bytes
[MESSAGE] From peer 2: 4096 bytes
[MESSAGE] From peer 2: 4096 bytes
[MESSAGE] From peer 2: 4096 bytes
[MESSAGE] From peer 2: 4096 bytes
[MESSAGE] From peer 2: 4096 bytes
[MESSAGE] From peer 2: 4096 bytes
[MESSAGE] From peer 2: 4096 bytes
[STATUS] 1130 sec: peers=4, msgs=9469, connected=yes
[MESSAGE] From peer 2: 4096 bytes
[MESSAGE] From peer 2: 4096 bytes
[MESSAGE] From peer 2: 4096 bytes
[MESSAGE] From peer 2: 4096 bytes
[MESSAGE] From peer 2: 4096 bytes
[MESSAGE] From peer 2: 4096 bytes
[MESSAGE] From peer 2: 4096 bytes
[MESSAGE] From peer 2: 4096 bytes
[MESSAGE] From peer 2: 4096 bytes
[MESSAGE] From peer 2: 4096 bytes
[MESSAGE] From peer 2: 4096 bytes
[MESSAGE] From peer 2: 4096 bytes
[MESSAGE] From peer 2: 4096 bytes
[MESSAGE] From peer 2: 4096 bytes
[MESSAGE] From peer 2: 4096 bytes
[MESSAGE] From peer 2: 4096 bytes
[MESSAGE] From peer 2: 4096 bytes
[MESSAGE] From peer 2: 4096 bytes
[MESSAGE] From peer 2: 4096 bytes
[MESSAGE] From peer 2: 4096 bytes
[MESSAGE] From peer 2: 4096 bytes
[MESSAGE] From peer 2: 4096 bytes
[MESSAGE] From peer 2: 4096 bytes
[MESSAGE] From peer 2: 4096 bytes
[MESSAGE] From peer 2: 4096 bytes
[MESSAGE] From peer 2: 4096 bytes
[MESSAGE] From peer 2: 4096 bytes
[MESSAGE] From peer 2: 4096 bytes
[MESSAGE] From peer 2: 4096 bytes
[MESSAGE] From peer 2: 4096 bytes
[MESSAGE] From peer 2: 4096 bytes
[MESSAGE] From peer 2: 4096 bytes
[MESSAGE] From peer 2: 4096 bytes
[MESSAGE] From peer 2: 4096 bytes
[MESSAGE] From peer 2: 4096 bytes
[MESSAGE] From peer 2: 4096 bytes
[MESSAGE] From peer 2: 4096 bytes
[MESSAGE] From peer 2: 4096 bytes
[MESSAGE] From peer 2: 4096 bytes
[MESSAGE] From peer 2: 4096 bytes
[MESSAGE] From peer 2: 4096 bytes
[MESSAGE] From peer 2: 4096 bytes
[MESSAGE] From peer 2: 4096 bytes
[MESSAGE] From peer 2: 4096 bytes
[MESSAGE] From peer 2: 4096 bytes
[MESSAGE] From peer 2: 4096 bytes
[MESSAGE] From peer 2: 4096 bytes
[MESSAGE] From peer 2: 4096 bytes
[MESSAGE] From peer 2: 4096 bytes
[MESSAGE] From peer 2: 4096 bytes
[MESSAGE] From peer 2: 4096 bytes
[MESSAGE] From peer 2: 4096 bytes
[MESSAGE] From peer 2: 4096 bytes
[MESSAGE] From peer 2: 4096 bytes
[MESSAGE] From peer 2: 4096 bytes
[MESSAGE] From peer 2: 4096 bytes
[MESSAGE] From peer 2: 4096 bytes
[MESSAGE] From peer 2: 4096 bytes
[MESSAGE] From peer 2: 4096 bytes
[MESSAGE] From peer 2: 4096 bytes
[MESSAGE] From peer 2: 4096 bytes
[MESSAGE] From peer 2: 4096 bytes
[MESSAGE] From peer 2: 4096 bytes
[MESSAGE] From peer 2: 4096 bytes
[MESSAGE] From peer 2: 4096 bytes
[MESSAGE] From peer 2: 4096 bytes
[STATUS] 1140 sec: peers=4, msgs=9535, connected=yes
[MESSAGE] From peer 2: 4096 bytes
[MESSAGE] From peer 2: 4096 bytes
[ECHO] 9500 messages echoed
[MESSAGE] From peer 2: 4096 bytes
[MESSAGE] From peer 2: 4096 bytes
[MESSAGE] From peer 2: 4096 bytes
[MESSAGE] From peer 2: 4096 bytes
[MESSAGE] From peer 2: 4096 bytes
[MESSAGE] From peer 2: 4096 bytes
[MESSAGE] From peer 2: 4096 bytes
[MESSAGE] From peer 2: 4096 bytes
[MESSAGE] From peer 2: 4096 bytes
[MESSAGE] From peer 2: 4096 bytes
[MESSAGE] From peer 2: 4096 bytes
[MESSAGE] From peer 2: 4096 bytes
[MESSAGE] From peer 2: 4096 bytes
[MESSAGE] From peer 2: 4096 bytes
[MESSAGE] From peer 2: 4096 bytes
[MESSAGE] From peer 2: 4096 bytes
[MESSAGE] From peer 2: 4096 bytes
[MESSAGE] From peer 2: 4096 bytes
[MESSAGE] From peer 2: 4096 bytes
[MESSAGE] From peer 2: 4096 bytes
[MESSAGE] From peer 2: 4096 bytes
[MESSAGE] From peer 2: 4096 bytes
[MESSAGE] From peer 2: 4096 bytes
[MESSAGE] From peer 2: 4096 bytes
[MESSAGE] From peer 2: 4096 bytes
[MESSAGE] From peer 2: 4096 bytes
[MESSAGE] From peer 2: 4096 bytes
[MESSAGE] From peer 2: 4096 bytes
[MESSAGE] From peer 2: 4096 bytes
[MESSAGE] From peer 2: 4096 bytes
[MESSAGE] From peer 2: 4096 bytes
[MESSAGE] From peer 2: 4096 bytes
[MESSAGE] From peer 2: 4096 bytes
[MESSAGE] From peer 2: 4096 bytes
[MESSAGE] From peer 2: 4096 bytes
[MESSAGE] From peer 2: 4096 bytes
[MESSAGE] From peer 2: 4096 bytes
[MESSAGE] From peer 2: 4096 bytes
[MESSAGE] From peer 2: 4096 bytes
[MESSAGE] From peer 2: 4096 bytes
[MESSAGE] From peer 2: 4096 bytes
[MESSAGE] From peer 2: 4096 bytes
[MESSAGE] From peer 2: 4096 bytes
[MESSAGE] From peer 2: 4096 bytes
[MESSAGE] From peer 2: 4096 bytes
[MESSAGE] From peer 2: 4096 bytes
[MESSAGE] From peer 2: 4096 bytes
[MESSAGE] From peer 2: 4096 bytes
[MESSAGE] From peer 2: 4096 bytes
[MESSAGE] From peer 2: 4096 bytes
[MESSAGE] From peer 2: 4096 bytes
[MESSAGE] From peer 2: 4096 bytes
[MESSAGE] From peer 2: 4096 bytes
[MESSAGE] From peer 2: 4096 bytes
[MESSAGE] From peer 2: 4096 bytes
[MESSAGE] From peer 2: 1024 bytes
[LOG] Detected log stream marker from peer 2 (IP 0x0ABC0137)
[LOG] Started receiving logs from MacThroughput (IP 0x0ABC0137, 4252 bytes expected)
[MESSAGE] From peer 2: 1024 bytes
[LOG] Received 2048/4252 bytes
[MESSAGE] From peer 2: 1024 bytes
[LOG] Received 3072/4252 bytes
[MESSAGE] From peer 2: 1024 bytes
[LOG] Received 4096/4252 bytes
[MESSAGE] From peer 2: 156 bytes
[LOG] Received 4252/4252 bytes
[LOG] Saved 4244 bytes to plan/performance/mactcp/macse/throughput_20260221_180753.log

========== throughput METRICS ==========
=====================================

[STATUS] 1150 sec: peers=4, msgs=9597, connected=yes
[DISCONNECTED] Peer 2 (reason=0)
[STATUS] 1160 sec: peers=4, msgs=9597, connected=no
